****************************************
Report : Averaged Power
	-hierarchy
Design : RS_dec
Version: V-2023.12
Date   : Mon Jun 22 17:51:09 2026
****************************************



                                      Int      Switch   Leak     Total
Hierarchy                             Power    Power    Power    Power    %
----------------------------------------------------------------------------------
RS_dec                                8.07e-03 8.05e-04 3.01e-03 1.19e-02 100.0
  transport_in2out_unit (transport_in2out)
                                      2.16e-05 2.80e-06 6.67e-06 3.10e-05   0.3
  out_stage_unit (out_stage)          2.54e-05 2.48e-06 6.83e-06 3.47e-05   0.3
  rom_instant_1 (GF_matrix_dec_5)     8.45e-07    0.000 3.27e-07 1.17e-06   0.0
  rom_instant_2 (GF_matrix_dec_4)     8.41e-07    0.000 2.92e-07 1.13e-06   0.0
  rom_instant_3 (GF_matrix_dec_3)     8.45e-07    0.000 3.27e-07 1.17e-06   0.0
  rom_instant_4 (GF_matrix_dec_2)     8.41e-07    0.000 2.92e-07 1.13e-06   0.0
  mem_out_1 (DP_RAM_address_width8_data_width8_num_words188_1)
                                      1.31e-03 1.27e-04 4.98e-04 1.93e-03  16.2
  mem_out_2 (DP_RAM_address_width8_data_width8_num_words188_0)
                                      1.31e-03 1.26e-04 4.98e-04 1.93e-03  16.2
  BM_lamda_unit (BM_lamda)            3.73e-04 3.65e-05 1.28e-04 5.38e-04   4.5
  power_rom_instant1 (GF_matrix_ascending_binary_4)
                                      8.45e-07    0.000 3.27e-07 1.17e-06   0.0
  power_rom_instant2 (GF_matrix_ascending_binary_3)
                                      8.45e-07    0.000 3.27e-07 1.17e-06   0.0
  power_rom_instant3 (GF_matrix_ascending_binary_2)
                                      8.45e-07    0.000 3.27e-07 1.17e-06   0.0
  power_rom_instant4 (GF_matrix_ascending_binary_1)
                                      8.45e-07    0.000 3.27e-07 1.17e-06   0.0
  error_correction_unit (error_correction)
                                      5.86e-04 5.58e-05 2.35e-04 8.77e-04   7.4
  lamda_roots_unit (lamda_roots)      3.34e-04 3.14e-05 1.23e-04 4.88e-04   4.1
  Omega_Phy_unit (Omega_Phy)          4.09e-04 3.82e-05 1.50e-04 5.97e-04   5.0
  input_syndromes_unit (input_syndromes)
                                      3.63e-03 3.67e-04 1.34e-03 5.34e-03  44.9
    mem_in_0 (DP_RAM_address_width8_data_width8_num_words205_1)
                                      1.43e-03 1.40e-04 5.44e-04 2.11e-03  17.7
    mem_in_1 (DP_RAM_address_width8_data_width8_num_words205_0)
                                      1.43e-03 1.40e-04 5.44e-04 2.11e-03  17.7
    unit0 (GF_mult_add_syndromes_1)   1.78e-04 1.82e-05 5.68e-05 2.53e-04   2.1
      rom_instant (GF_matrix_dec_1)   8.46e-07    0.000 3.72e-07 1.22e-06   0.0
    unit1 (GF_mult_add_syndromes_0)   1.79e-04 1.87e-05 5.68e-05 2.54e-04   2.1
      rom_instant (GF_matrix_dec_0)   8.46e-07    0.000 3.72e-07 1.22e-06   0.0
    rom_instant (GF_matrix_ascending_binary_0)
                                      8.45e-07    0.000 3.27e-07 1.17e-06   0.0
1
