****************************************
Report : Averaged Power
	-verbose
Design : simple_spi_top
Version: V-2023.12
Date   : Mon Jun 22 17:18:13 2026
****************************************

Library(s) Used:

    tcbn28hpcplusbwp12t30p140ssg0p81v125c (File: /process/course_lib/t28hpc+/tcbn28hpcplusbwp12t30p140ssg0p81v125c.db)


Operating Conditions: ssg0p81v125c   Library: tcbn28hpcplusbwp12t30p140ssg0p81v125c
Wire Load Model Mode: segmented

Cell               Design       Wire_model  Library       Selection_type
--------------------------------------------------------------------------------
                   simple_spi_top
                                ZeroWireload
                                            tcbn28hpcplusbwp12t30p140ssg0p81v125c
                                                          automatic-by-area
wfifo              fifo4_dw8_0  ZeroWireload
                                            tcbn28hpcplusbwp12t30p140ssg0p81v125c
                                                          automatic-by-area
rfifo              fifo4_dw8_1  ZeroWireload
                                            tcbn28hpcplusbwp12t30p140ssg0p81v125c
                                                          automatic-by-area

Power-specific unit information :
    Voltage Units = 1 V
    Capacitance Units = 1 pf
    Time Units = 1 ns
    Dynamic Power Units = 1 W
    Leakage Power Units = 1 W



  Attributes
  ----------
      i  -  Including register clock pin internal power
      u  -  User defined power group

                        Internal  Switching  Leakage    Total
Power Group             Power     Power      Power      Power   (     %)  Attrs
--------------------------------------------------------------------------------
clock_network              0.0000    0.0000    0.0000    0.0000 ( 0.00%)  i
register                   0.0000    0.0000    0.0000    0.0000 ( 0.00%)  
combinational           1.629e-06 3.942e-06 1.490e-05 2.047e-05 (29.10%)  
sequential              2.281e-05 5.206e-09 2.707e-05 4.989e-05 (70.90%)  
memory                     0.0000    0.0000    0.0000    0.0000 ( 0.00%)  
io_pad                     0.0000    0.0000    0.0000    0.0000 ( 0.00%)  
black_box                  0.0000    0.0000    0.0000    0.0000 ( 0.00%)  

  Net Switching Power  = 3.948e-06   ( 5.61%)
  Cell Internal Power  = 2.444e-05   (34.74%)
  Cell Leakage Power   = 4.197e-05   (59.65%)
                         ---------
Total Power            = 7.036e-05  (100.00%)

1
