****************************************
Report : Averaged Power
	-hierarchy
Design : ac97
Version: V-2023.12
Date   : Mon Jun 22 16:54:09 2026
****************************************



                                      Int      Switch   Leak     Total
Hierarchy                             Power    Power    Power    Power    %
----------------------------------------------------------------------------------
ac97                                  1.28e-04 2.12e-05 2.20e-04 3.69e-04 100.0
  transceiver (ac97_transceiver)      5.22e-05 7.56e-06 9.47e-05 1.54e-04  41.9
    down_fifo (asfifo_data_width2_address_width6_0)
                                      2.55e-05 3.41e-06 4.69e-05 7.58e-05  20.6
    up_fifo (asfifo_data_width2_address_width6_1)
                                      2.58e-05 3.48e-06 4.69e-05 7.62e-05  20.7
  ctlif (ac97_ctlif_0)                4.36e-05 9.11e-06 6.67e-05 1.19e-04  32.4
  framer (ac97_framer)                2.98e-06 6.09e-07 6.42e-06 1.00e-05   2.7
  dma (ac97_dma)                      1.18e-05 1.10e-06 2.52e-05 3.81e-05  10.3
  deframer (ac97_deframer)            1.71e-05 2.22e-06 2.66e-05 4.59e-05  12.4
1
