****************************************
Report : Averaged Power
	-hierarchy
Design : divider_dshift
Version: V-2023.12
Date   : Mon Jun 22 17:50:16 2026
****************************************



                                      Int      Switch   Leak     Total
Hierarchy                             Power    Power    Power    Power    %
----------------------------------------------------------------------------------
divider_dshift                        9.23e-05 3.26e-05 1.55e-04 2.80e-04 100.0
  adder_0 (adder_32bit_1)             2.46e-06 1.51e-06 1.29e-05 1.69e-05   6.0
    operator_B_stage_1_13 (operator_B_85)
                                      1.95e-08 1.06e-08 9.71e-08 1.27e-07   0.0
    operator_B_stage_1_14 (operator_B_84)
                                      1.91e-08 1.03e-08 9.74e-08 1.27e-07   0.0
    operator_B_stage_1_15 (operator_B_83)
                                      3.10e-08 1.14e-08 9.71e-08 1.40e-07   0.0
    operator_A_10 (operator_A_53)     3.45e-08 2.44e-08 1.14e-07 1.73e-07   0.1
    operator_A_11 (operator_A_52)     3.39e-08 2.41e-08 1.14e-07 1.72e-07   0.1
    operator_A_12 (operator_A_51)     3.35e-08 2.37e-08 1.14e-07 1.71e-07   0.1
    operator_A_13 (operator_A_50)     3.31e-08 2.36e-08 1.14e-07 1.71e-07   0.1
    operator_A_14 (operator_A_49)     3.21e-08 2.27e-08 1.14e-07 1.68e-07   0.1
    operator_A_15 (operator_A_48)     3.21e-08 2.29e-08 1.14e-07 1.69e-07   0.1
    operator_A_16 (operator_A_47)     3.14e-08 2.22e-08 1.14e-07 1.67e-07   0.1
    operator_A_17 (operator_A_46)     3.20e-08 2.31e-08 1.14e-07 1.69e-07   0.1
    operator_A_18 (operator_A_45)     3.29e-08 2.32e-08 1.14e-07 1.70e-07   0.1
    operator_A_19 (operator_A_44)     3.26e-08 2.35e-08 1.14e-07 1.70e-07   0.1
    operator_B_stage_4_8 (operator_B_56)
                                      1.76e-11    0.000 8.31e-08 8.31e-08   0.0
    operator_B_stage_4_9 (operator_B_55)
                                      1.84e-11    0.000 8.31e-08 8.31e-08   0.0
    operator_B_stage_3_4 (operator_B_68)
                                      9.35e-10 2.00e-10 8.37e-08 8.49e-08   0.0
    operator_B_stage_3_5 (operator_B_67)
                                      7.78e-10 1.37e-10 8.37e-08 8.46e-08   0.0
    operator_B_stage_3_6 (operator_B_66)
                                      3.50e-10 4.99e-11 8.35e-08 8.39e-08   0.0
    operator_B_stage_3_7 (operator_B_65)
                                      6.49e-10 6.24e-11 8.37e-08 8.44e-08   0.0
    operator_B_stage_3_8 (operator_B_64)
                                      5.59e-10 7.47e-11 8.36e-08 8.42e-08   0.0
    operator_B_stage_3_9 (operator_B_63)
                                      5.81e-10 9.34e-11 8.37e-08 8.44e-08   0.0
    operator_B_stage_4_10 (operator_B_54)
                                      6.91e-11    0.000 8.31e-08 8.32e-08   0.0
    operator_B_stage_4_11 (operator_B_53)
                                      5.82e-11    0.000 8.31e-08 8.32e-08   0.0
    operator_B_stage_4_12 (operator_B_52)
                                      2.97e-11    0.000 8.31e-08 8.31e-08   0.0
    operator_A_20 (operator_A_43)     3.26e-08 2.30e-08 1.14e-07 1.69e-07   0.1
    operator_B_stage_4_13 (operator_B_51)
                                      2.44e-11    0.000 8.31e-08 8.31e-08   0.0
    operator_A_21 (operator_A_42)     3.23e-08 2.33e-08 1.13e-07 1.69e-07   0.1
    operator_B_stage_4_14 (operator_B_50)
                                      2.87e-11    0.000 8.31e-08 8.31e-08   0.0
    operator_A_22 (operator_A_41)     3.33e-08 2.36e-08 1.14e-07 1.70e-07   0.1
    operator_B_stage_4_15 (operator_B_49)
                                      1.37e-10    0.000 8.32e-08 8.33e-08   0.0
    operator_A_23 (operator_A_40)     3.37e-08 2.43e-08 1.14e-07 1.72e-07   0.1
    operator_A_24 (operator_A_39)     3.27e-08 2.31e-08 1.14e-07 1.70e-07   0.1
    operator_A_25 (operator_A_38)     3.31e-08 2.39e-08 1.14e-07 1.71e-07   0.1
    operator_A_26 (operator_A_37)     3.39e-08 2.39e-08 1.14e-07 1.71e-07   0.1
    operator_B_stage_2_2 (operator_B_82)
                                      6.09e-09 1.87e-09 8.72e-08 9.52e-08   0.0
    operator_A_27 (operator_A_36)     3.27e-08 2.36e-08 1.14e-07 1.70e-07   0.1
    operator_C_stage_6_10 (operator_C_37)
                                      3.51e-10    0.000 6.91e-08 6.94e-08   0.0
    operator_B_stage_2_3 (operator_B_81)
                                      5.71e-09 1.73e-09 8.73e-08 9.47e-08   0.0
    operator_A_28 (operator_A_35)     3.36e-08 2.38e-08 1.14e-07 1.71e-07   0.1
    operator_C_stage_6_11 (operator_C_36)
                                      3.67e-10    0.000 7.00e-08 7.03e-08   0.0
    operator_B_stage_2_4 (operator_B_80)
                                      5.88e-09 2.67e-09 8.74e-08 9.59e-08   0.0
    operator_A_29 (operator_A_34)     3.36e-08 2.43e-08 1.14e-07 1.72e-07   0.1
    operator_C_stage_6_12 (operator_C_35)
                                      3.60e-10    0.000 6.98e-08 7.02e-08   0.0
    operator_B_stage_2_5 (operator_B_79)
                                      5.97e-09 2.65e-09 8.77e-08 9.63e-08   0.0
    operator_C_stage_6_13 (operator_C_34)
                                      3.56e-10    0.000 7.00e-08 7.04e-08   0.0
    operator_B_stage_2_6 (operator_B_78)
                                      3.74e-09 1.20e-09 8.82e-08 9.31e-08   0.0
    operator_C_stage_6_14 (operator_C_33)
                                      3.66e-10    0.000 6.96e-08 6.99e-08   0.0
    operator_B_stage_2_7 (operator_B_77)
                                      6.48e-09 2.99e-09 8.80e-08 9.75e-08   0.0
    operator_C_stage_6_15 (operator_C_32)
                                      3.78e-10    0.000 6.96e-08 7.00e-08   0.0
    operator_B_stage_2_8 (operator_B_76)
                                      5.97e-09 2.76e-09 8.75e-08 9.62e-08   0.0
    operator_B_stage_2_9 (operator_B_75)
                                      5.66e-09 2.48e-09 8.74e-08 9.55e-08   0.0
    operator_B_stage_1_1 (operator_B_97)
                                      1.76e-08 6.32e-09 9.73e-08 1.21e-07   0.0
    operator_C_stage_6_0 (operator_C_47)
                                      5.28e-09 1.98e-09 6.96e-08 7.69e-08   0.0
    operator_B_stage_1_2 (operator_B_96)
                                      1.83e-08 9.93e-09 9.72e-08 1.25e-07   0.0
    operator_C_stage_6_1 (operator_C_46)
                                      1.51e-09 4.78e-10 6.98e-08 7.18e-08   0.0
    operator_B_stage_1_3 (operator_B_95)
                                      1.78e-08 9.61e-09 9.66e-08 1.24e-07   0.0
    operator_C_stage_6_2 (operator_C_45)
                                      7.32e-10 1.55e-10 6.97e-08 7.06e-08   0.0
    operator_B_stage_1_4 (operator_B_94)
                                      1.82e-08 9.82e-09 9.69e-08 1.25e-07   0.0
    operator_C_stage_6_3 (operator_C_44)
                                      7.28e-10 1.55e-10 6.96e-08 7.05e-08   0.0
    operator_B_stage_1_5 (operator_B_93)
                                      1.97e-08 1.07e-08 9.76e-08 1.28e-07   0.0
    operator_C_stage_6_4 (operator_C_43)
                                      4.34e-10 3.88e-11 6.99e-08 7.04e-08   0.0
    operator_B_stage_1_6 (operator_B_92)
                                      2.05e-08 1.12e-08 9.81e-08 1.30e-07   0.0
    operator_C_stage_6_5 (operator_C_42)
                                      4.02e-10 1.29e-11 6.98e-08 7.03e-08   0.0
    operator_B_stage_1_7 (operator_B_91)
                                      1.92e-08 1.04e-08 9.75e-08 1.27e-07   0.0
    operator_C_stage_6_6 (operator_C_41)
                                      3.92e-10 1.29e-11 6.99e-08 7.03e-08   0.0
    operator_B_stage_1_8 (operator_B_90)
                                      1.75e-08 9.40e-09 9.70e-08 1.24e-07   0.0
    operator_A_30 (operator_A_33)     3.36e-08 2.38e-08 1.14e-07 1.71e-07   0.1
    operator_C_stage_6_7 (operator_C_40)
                                      3.51e-10    0.000 6.97e-08 7.01e-08   0.0
    operator_B_stage_1_9 (operator_B_89)
                                      1.93e-08 1.05e-08 9.75e-08 1.27e-07   0.0
    operator_A_0 (operator_A_63)      3.34e-08 1.78e-08 1.14e-07 1.65e-07   0.1
    operator_A_31 (operator_A_32)     3.36e-08 1.79e-08 1.14e-07 1.65e-07   0.1
    operator_C_stage_6_8 (operator_C_39)
                                      3.49e-10    0.000 6.95e-08 6.99e-08   0.0
    operator_A_1 (operator_A_62)      3.14e-08 2.23e-08 1.13e-07 1.67e-07   0.1
    operator_C_stage_6_9 (operator_C_38)
                                      3.55e-10    0.000 6.95e-08 6.98e-08   0.0
    operator_A_2 (operator_A_61)      3.16e-08 2.23e-08 1.14e-07 1.68e-07   0.1
    operator_A_3 (operator_A_60)      3.25e-08 2.31e-08 1.14e-07 1.69e-07   0.1
    operator_A_4 (operator_A_59)      3.19e-08 2.26e-08 1.14e-07 1.68e-07   0.1
    operator_B_stage_3_10 (operator_B_62)
                                      1.58e-09 4.48e-10 8.42e-08 8.63e-08   0.0
    operator_A_5 (operator_A_58)      3.31e-08 2.36e-08 1.14e-07 1.70e-07   0.1
    operator_B_stage_3_11 (operator_B_61)
                                      1.46e-09 3.74e-10 8.44e-08 8.62e-08   0.0
    operator_A_6 (operator_A_57)      3.14e-08 2.22e-08 1.13e-07 1.67e-07   0.1
    operator_B_stage_3_12 (operator_B_60)
                                      6.31e-10 1.19e-10 8.38e-08 8.45e-08   0.0
    operator_A_7 (operator_A_56)      3.36e-08 2.39e-08 1.14e-07 1.71e-07   0.1
    operator_B_stage_3_13 (operator_B_59)
                                      7.97e-10 9.55e-11 8.42e-08 8.51e-08   0.0
    operator_A_8 (operator_A_55)      3.25e-08 2.30e-08 1.13e-07 1.69e-07   0.1
    operator_B_stage_3_14 (operator_B_58)
                                      6.61e-10 8.36e-11 8.35e-08 8.43e-08   0.0
    operator_A_9 (operator_A_54)      3.16e-08 2.25e-08 1.14e-07 1.68e-07   0.1
    operator_B_stage_3_15 (operator_B_57)
                                      2.99e-09 5.49e-10 8.61e-08 8.96e-08   0.0
    operator_C_stage_5_10 (operator_C_53)
                                      2.83e-11    0.000 6.30e-08 6.31e-08   0.0
    operator_C_stage_5_11 (operator_C_52)
                                      1.70e-11    0.000 6.30e-08 6.30e-08   0.0
    operator_C_stage_5_12 (operator_C_51)
                                      4.25e-12    0.000 6.30e-08 6.30e-08   0.0
    operator_C_stage_5_13 (operator_C_50)
                                      4.25e-12    0.000 6.30e-08 6.30e-08   0.0
    operator_C_stage_5_8 (operator_C_55)
                                      4.99e-10    0.000 6.38e-08 6.43e-08   0.0
    operator_C_stage_5_14 (operator_C_49)
                                      1.42e-12    0.000 6.30e-08 6.30e-08   0.0
    operator_C_stage_5_9 (operator_C_54)
                                      9.32e-11    0.000 6.31e-08 6.32e-08   0.0
    operator_C_stage_5_15 (operator_C_48)
                                         0.000    0.000 6.30e-08 6.30e-08   0.0
    operator_C_stage_4_4 (operator_C_59)
                                      5.99e-10 7.34e-11 6.39e-08 6.45e-08   0.0
    operator_C_stage_4_5 (operator_C_58)
                                      1.90e-10 7.34e-11 6.31e-08 6.34e-08   0.0
    operator_C_stage_4_6 (operator_C_57)
                                      5.98e-11 2.45e-11 6.30e-08 6.31e-08   0.0
    operator_C_stage_4_7 (operator_C_56)
                                      1.92e-11    0.000 6.30e-08 6.30e-08   0.0
    operator_B_stage_2_10 (operator_B_74)
                                      1.14e-08 5.39e-09 9.36e-08 1.10e-07   0.0
    operator_B_stage_2_11 (operator_B_73)
                                      1.02e-08 5.43e-09 9.08e-08 1.06e-07   0.0
    operator_B_stage_2_12 (operator_B_72)
                                      4.19e-09 1.55e-09 8.75e-08 9.33e-08   0.0
    operator_C_stage_3_2 (operator_C_61)
                                      1.18e-09 6.08e-10 6.41e-08 6.59e-08   0.0
    operator_B_stage_2_13 (operator_B_71)
                                      6.60e-09 3.05e-09 8.77e-08 9.73e-08   0.0
    operator_C_stage_3_3 (operator_C_60)
                                      5.17e-10 3.65e-10 6.34e-08 6.42e-08   0.0
    operator_B_stage_2_14 (operator_B_70)
                                      6.14e-09 1.79e-09 8.74e-08 9.54e-08   0.0
    operator_B_stage_2_15 (operator_B_69)
                                      1.95e-08 6.61e-09 9.37e-08 1.20e-07   0.0
    operator_C_stage_2_1 (operator_C_62)
                                      2.70e-09 2.40e-09 6.56e-08 7.07e-08   0.0
    operator_C_stage_1_0 (operator_C_63)
                                      1.21e-08 1.49e-08 7.21e-08 9.92e-08   0.0
    operator_B_stage_1_10 (operator_B_88)
                                      3.02e-08 1.73e-08 9.68e-08 1.44e-07   0.1
    operator_B_stage_1_11 (operator_B_87)
                                      1.91e-08 1.03e-08 9.66e-08 1.26e-07   0.0
    operator_B_stage_1_12 (operator_B_86)
                                      1.92e-08 1.04e-08 9.77e-08 1.27e-07   0.0
  adder_1 (adder_32bit_0)             1.79e-06 9.82e-07 9.93e-06 1.27e-05   4.5
    operator_B_stage_1_13 (operator_B_36)
                                      1.34e-08 5.75e-09 5.82e-08 7.73e-08   0.0
    operator_B_stage_1_14 (operator_B_35)
                                      1.34e-08 5.75e-09 5.82e-08 7.73e-08   0.0
    operator_B_stage_1_15 (operator_B_34)
                                      1.33e-08 2.71e-09 5.82e-08 7.42e-08   0.0
    operator_A_10 (operator_A_21)     1.44e-08 2.92e-09 5.25e-08 6.99e-08   0.0
    operator_A_11 (operator_A_20)     1.45e-08 1.16e-08 5.25e-08 7.86e-08   0.0
    operator_A_12 (operator_A_19)     1.44e-08 2.92e-09 5.25e-08 6.99e-08   0.0
    operator_A_13 (operator_A_18)     1.45e-08 1.16e-08 5.25e-08 7.86e-08   0.0
    operator_A_14 (operator_A_17)     1.44e-08 2.92e-09 5.25e-08 6.99e-08   0.0
    operator_A_15 (operator_A_16)     1.45e-08 1.16e-08 5.25e-08 7.86e-08   0.0
    operator_A_16 (operator_A_15)     1.44e-08 2.92e-09 5.25e-08 6.99e-08   0.0
    operator_A_17 (operator_A_14)     1.44e-08 2.92e-09 5.25e-08 6.99e-08   0.0
    operator_A_18 (operator_A_13)     1.51e-08 2.92e-09 5.25e-08 7.06e-08   0.0
    operator_A_19 (operator_A_12)     1.51e-08 2.92e-09 5.25e-08 7.06e-08   0.0
    operator_B_stage_4_8 (operator_B_7)
                                      1.40e-08 2.70e-09 1.03e-07 1.20e-07   0.0
    operator_B_stage_4_9 (operator_B_6)
                                      1.40e-08 2.70e-09 1.03e-07 1.20e-07   0.0
    operator_B_stage_3_4 (operator_B_19)
                                      1.41e-08 5.62e-09 1.42e-07 1.61e-07   0.1
    operator_B_stage_3_5 (operator_B_18)
                                      1.41e-08 5.62e-09 1.03e-07 1.23e-07   0.0
    operator_B_stage_3_6 (operator_B_17)
                                      1.40e-08 5.62e-09 1.03e-07 1.23e-07   0.0
    operator_B_stage_3_7 (operator_B_16)
                                      1.34e-08 6.07e-09 5.82e-08 7.77e-08   0.0
    operator_B_stage_3_8 (operator_B_15)
                                      1.35e-08 8.46e-09 5.82e-08 8.01e-08   0.0
    operator_B_stage_3_9 (operator_B_14)
                                      1.35e-08 8.46e-09 5.82e-08 8.01e-08   0.0
    operator_B_stage_4_10 (operator_B_5)
                                      1.40e-08 2.70e-09 1.03e-07 1.20e-07   0.0
    operator_B_stage_4_11 (operator_B_4)
                                      1.34e-08 3.03e-09 5.82e-08 7.46e-08   0.0
    operator_B_stage_4_12 (operator_B_3)
                                      1.34e-08 3.03e-09 5.82e-08 7.46e-08   0.0
    operator_A_20 (operator_A_11)     1.51e-08 2.92e-09 5.25e-08 7.06e-08   0.0
    operator_B_stage_4_13 (operator_B_2)
                                      1.34e-08 3.03e-09 5.82e-08 7.46e-08   0.0
    operator_A_21 (operator_A_10)     1.51e-08 2.92e-09 5.25e-08 7.06e-08   0.0
    operator_B_stage_4_14 (operator_B_1)
                                      1.34e-08 3.03e-09 5.82e-08 7.46e-08   0.0
    operator_A_22 (operator_A_9)      1.51e-08 2.92e-09 5.25e-08 7.06e-08   0.0
    operator_B_stage_4_15 (operator_B_0)
                                      1.34e-08 3.03e-09 5.82e-08 7.46e-08   0.0
    operator_A_23 (operator_A_8)      1.51e-08 2.92e-09 5.25e-08 7.06e-08   0.0
    operator_A_24 (operator_A_7)      1.51e-08 2.92e-09 5.25e-08 7.06e-08   0.0
    operator_A_25 (operator_A_6)      1.51e-08 2.92e-09 5.25e-08 7.06e-08   0.0
    operator_A_26 (operator_A_5)      1.51e-08 8.51e-09 5.25e-08 7.61e-08   0.0
    operator_B_stage_2_2 (operator_B_33)
                                      1.41e-08 5.62e-09 1.42e-07 1.61e-07   0.1
    operator_A_27 (operator_A_4)      1.51e-08 2.92e-09 5.25e-08 7.06e-08   0.0
    operator_C_stage_6_10 (operator_C_5)
                                      1.34e-08 5.82e-09 5.82e-08 7.74e-08   0.0
    operator_B_stage_2_3 (operator_B_32)
                                      1.40e-08 5.62e-09 1.42e-07 1.61e-07   0.1
    operator_A_28 (operator_A_3)      1.45e-08 8.51e-09 5.25e-08 7.55e-08   0.0
    operator_C_stage_6_11 (operator_C_4)
                                      1.34e-08 5.82e-09 5.82e-08 7.74e-08   0.0
    operator_B_stage_2_4 (operator_B_31)
                                      1.41e-08 8.41e-09 1.03e-07 1.26e-07   0.0
    operator_A_29 (operator_A_2)      1.44e-08 2.92e-09 5.25e-08 6.99e-08   0.0
    operator_C_stage_6_12 (operator_C_3)
                                      1.34e-08 5.82e-09 5.82e-08 7.74e-08   0.0
    operator_B_stage_2_5 (operator_B_30)
                                      1.35e-08 8.46e-09 5.82e-08 8.01e-08   0.0
    operator_C_stage_6_13 (operator_C_2)
                                      1.34e-08 5.82e-09 5.82e-08 7.74e-08   0.0
    operator_B_stage_2_6 (operator_B_29)
                                      1.35e-08 8.46e-09 5.82e-08 8.01e-08   0.0
    operator_C_stage_6_14 (operator_C_1)
                                      1.34e-08 5.82e-09 5.82e-08 7.74e-08   0.0
    operator_B_stage_2_7 (operator_B_28)
                                      1.35e-08 5.75e-09 5.82e-08 7.74e-08   0.0
    operator_C_stage_6_15 (operator_C_0)
                                      1.33e-08    0.000 5.82e-08 7.14e-08   0.0
    operator_B_stage_2_8 (operator_B_27)
                                      1.35e-08 5.75e-09 5.82e-08 7.74e-08   0.0
    operator_B_stage_2_9 (operator_B_26)
                                      1.35e-08 5.75e-09 5.82e-08 7.74e-08   0.0
    operator_B_stage_1_1 (operator_B_48)
                                      1.40e-08 5.62e-09 1.42e-07 1.61e-07   0.1
    operator_C_stage_6_0 (operator_C_15)
                                      1.36e-08 5.82e-09 6.59e-08 8.53e-08   0.0
    operator_B_stage_1_2 (operator_B_47)
                                      1.41e-08 8.41e-09 1.42e-07 1.64e-07   0.1
    operator_C_stage_6_1 (operator_C_14)
                                      1.36e-08 5.82e-09 6.59e-08 8.53e-08   0.0
    operator_B_stage_1_3 (operator_B_46)
                                      1.41e-08 8.41e-09 1.03e-07 1.26e-07   0.0
    operator_C_stage_6_2 (operator_C_13)
                                      1.36e-08 5.82e-09 6.59e-08 8.53e-08   0.0
    operator_B_stage_1_4 (operator_B_45)
                                      1.35e-08 8.46e-09 5.82e-08 8.01e-08   0.0
    operator_C_stage_6_3 (operator_C_12)
                                      1.34e-08 5.82e-09 5.82e-08 7.74e-08   0.0
    operator_B_stage_1_5 (operator_B_44)
                                      1.34e-08 5.75e-09 5.82e-08 7.73e-08   0.0
    operator_C_stage_6_4 (operator_C_11)
                                      1.34e-08 5.82e-09 5.82e-08 7.74e-08   0.0
    operator_B_stage_1_6 (operator_B_43)
                                      1.34e-08 5.75e-09 5.82e-08 7.73e-08   0.0
    operator_C_stage_6_5 (operator_C_10)
                                      1.34e-08 5.82e-09 5.82e-08 7.74e-08   0.0
    operator_B_stage_1_7 (operator_B_42)
                                      1.34e-08 5.75e-09 5.82e-08 7.73e-08   0.0
    operator_C_stage_6_6 (operator_C_9)
                                      1.34e-08 5.82e-09 5.82e-08 7.74e-08   0.0
    operator_B_stage_1_8 (operator_B_41)
                                      1.34e-08 5.75e-09 5.82e-08 7.73e-08   0.0
    operator_A_30 (operator_A_1)      1.51e-08 8.51e-09 5.25e-08 7.61e-08   0.0
    operator_C_stage_6_7 (operator_C_8)
                                      1.34e-08 5.82e-09 5.82e-08 7.74e-08   0.0
    operator_B_stage_1_9 (operator_B_40)
                                      1.34e-08 5.75e-09 5.82e-08 7.73e-08   0.0
    operator_A_0 (operator_A_31)      1.46e-08 8.41e-09 1.36e-07 1.59e-07   0.1
    operator_A_31 (operator_A_0)      1.45e-08 8.86e-09 5.25e-08 7.58e-08   0.0
    operator_C_stage_6_8 (operator_C_7)
                                      1.34e-08 5.82e-09 5.82e-08 7.74e-08   0.0
    operator_A_1 (operator_A_30)      1.46e-08 1.13e-08 1.36e-07 1.62e-07   0.1
    operator_C_stage_6_9 (operator_C_6)
                                      1.34e-08 5.82e-09 5.82e-08 7.74e-08   0.0
    operator_A_2 (operator_A_29)      1.47e-08 1.12e-08 1.36e-07 1.62e-07   0.1
    operator_A_3 (operator_A_28)      1.46e-08 1.13e-08 1.36e-07 1.62e-07   0.1
    operator_A_4 (operator_A_27)      1.47e-08 1.12e-08 1.36e-07 1.62e-07   0.1
    operator_B_stage_3_10 (operator_B_13)
                                      1.35e-08 8.46e-09 5.82e-08 8.01e-08   0.0
    operator_A_5 (operator_A_26)      1.59e-08 1.13e-08 1.36e-07 1.63e-07   0.1
    operator_B_stage_3_11 (operator_B_12)
                                      1.35e-08 5.75e-09 5.82e-08 7.74e-08   0.0
    operator_A_6 (operator_A_25)      1.44e-08 2.92e-09 5.25e-08 6.99e-08   0.0
    operator_B_stage_3_12 (operator_B_11)
                                      1.34e-08 2.71e-09 5.82e-08 7.42e-08   0.0
    operator_A_7 (operator_A_24)      1.45e-08 1.16e-08 5.25e-08 7.86e-08   0.0
    operator_B_stage_3_13 (operator_B_10)
                                      1.34e-08 2.71e-09 5.82e-08 7.42e-08   0.0
    operator_A_8 (operator_A_23)      1.44e-08 2.92e-09 5.25e-08 6.99e-08   0.0
    operator_B_stage_3_14 (operator_B_9)
                                      1.34e-08 2.71e-09 5.82e-08 7.43e-08   0.0
    operator_A_9 (operator_A_22)      1.51e-08 1.16e-08 5.25e-08 7.92e-08   0.0
    operator_B_stage_3_15 (operator_B_8)
                                      1.34e-08 2.71e-09 5.82e-08 7.43e-08   0.0
    operator_C_stage_5_10 (operator_C_21)
                                      1.37e-08 8.53e-09 6.59e-08 8.81e-08   0.0
    operator_C_stage_5_11 (operator_C_20)
                                      1.36e-08 8.53e-09 5.82e-08 8.03e-08   0.0
    operator_C_stage_5_12 (operator_C_19)
                                      1.35e-08 8.53e-09 5.82e-08 8.02e-08   0.0
    operator_C_stage_5_13 (operator_C_18)
                                      1.35e-08 8.53e-09 5.82e-08 8.02e-08   0.0
    operator_C_stage_5_8 (operator_C_23)
                                      1.37e-08 8.53e-09 6.59e-08 8.81e-08   0.0
    operator_C_stage_5_14 (operator_C_17)
                                      1.35e-08 8.53e-09 5.82e-08 8.02e-08   0.0
    operator_C_stage_5_9 (operator_C_22)
                                      1.37e-08 8.53e-09 6.59e-08 8.81e-08   0.0
    operator_C_stage_5_15 (operator_C_16)
                                      1.35e-08 8.51e-09 5.82e-08 8.02e-08   0.0
    operator_C_stage_4_4 (operator_C_27)
                                      1.37e-08 1.11e-08 6.59e-08 9.07e-08   0.0
    operator_C_stage_4_5 (operator_C_26)
                                      1.37e-08 1.11e-08 6.59e-08 9.07e-08   0.0
    operator_C_stage_4_6 (operator_C_25)
                                      1.37e-08 1.11e-08 6.59e-08 9.07e-08   0.0
    operator_C_stage_4_7 (operator_C_24)
                                      1.35e-08 1.11e-08 5.82e-08 8.28e-08   0.0
    operator_B_stage_2_10 (operator_B_25)
                                      1.35e-08 5.75e-09 5.82e-08 7.74e-08   0.0
    operator_B_stage_2_11 (operator_B_24)
                                      1.35e-08 5.75e-09 5.82e-08 7.74e-08   0.0
    operator_B_stage_2_12 (operator_B_23)
                                      1.35e-08 5.75e-09 5.82e-08 7.74e-08   0.0
    operator_C_stage_3_2 (operator_C_29)
                                      1.38e-08 1.37e-08 6.59e-08 9.33e-08   0.0
    operator_B_stage_2_13 (operator_B_22)
                                      1.35e-08 5.75e-09 5.82e-08 7.74e-08   0.0
    operator_C_stage_3_3 (operator_C_28)
                                      1.37e-08 1.38e-08 6.59e-08 9.35e-08   0.0
    operator_B_stage_2_14 (operator_B_21)
                                      1.34e-08 2.71e-09 5.82e-08 7.42e-08   0.0
    operator_B_stage_2_15 (operator_B_20)
                                      1.34e-08 2.71e-09 5.82e-08 7.43e-08   0.0
    operator_C_stage_2_1 (operator_C_30)
                                      1.38e-08 1.64e-08 6.59e-08 9.60e-08   0.0
    operator_C_stage_1_0 (operator_C_31)
                                      1.38e-08 1.90e-08 6.59e-08 9.87e-08   0.0
    operator_B_stage_1_10 (operator_B_39)
                                      1.34e-08 5.75e-09 5.82e-08 7.73e-08   0.0
    operator_B_stage_1_11 (operator_B_38)
                                      1.34e-08 5.75e-09 5.82e-08 7.73e-08   0.0
    operator_B_stage_1_12 (operator_B_37)
                                      1.34e-08 5.75e-09 5.82e-08 7.73e-08   0.0
  shifter_0 (shifter)                 7.10e-06 2.91e-06 2.42e-05 3.42e-05  12.2
    shift_3b_0 (shift_3b_2)           1.47e-06 4.74e-07 5.71e-06 7.66e-06   2.7
      shift_1b_0 (shift_1b_2)         4.38e-07 1.37e-07 3.17e-06 3.75e-06   1.3
    shift_7b_0 (shift_7b)             2.80e-06 9.60e-07 8.90e-06 1.27e-05   4.5
      shift_3b_0 (shift_3b_0)         1.34e-06 4.32e-07 6.29e-06 8.06e-06   2.9
        shift_1b_0 (shift_1b_0)       6.31e-07 1.70e-07 3.16e-06 3.96e-06   1.4
    shift_3b_1 (shift_3b_1)           1.80e-06 5.75e-07 5.73e-06 8.10e-06   2.9
      shift_1b_0 (shift_1b_1)         5.89e-07 1.63e-07 3.16e-06 3.91e-06   1.4
    shift_1b_0 (shift_1b_3)           7.00e-07 2.02e-07 2.54e-06 3.44e-06   1.2
1
