****************************************
Report : Averaged Power
	-hierarchy
Design : aes_ip
Version: V-2023.12
Date   : Mon Jun 22 17:48:09 2026
****************************************



                                      Int      Switch   Leak     Total
Hierarchy                             Power    Power    Power    Power    %
----------------------------------------------------------------------------------
aes_ip                                2.00e-04 3.70e-05 4.32e-04 6.69e-04 100.0
  AES_CORE (aes_core)                 1.96e-04 3.65e-05 4.21e-04 6.53e-04  97.7
    AES_CORE_DATAPATH (datapath)      1.94e-04 3.60e-05 4.14e-04 6.44e-04  96.3
      SBOX (sBox)                     1.98e-05 7.51e-06 4.86e-05 7.59e-05  11.4
        SBOX_3_ (sBox_8_3)            4.68e-06 1.69e-06 1.21e-05 1.85e-05   2.8
        SBOX_0_ (sBox_8_0)            4.99e-06 1.92e-06 1.21e-05 1.90e-05   2.8
        SBOX_1_ (sBox_8_1)            5.05e-06 1.95e-06 1.21e-05 1.91e-05   2.9
        SBOX_2_ (sBox_8_2)            5.08e-06 1.96e-06 1.22e-05 1.92e-05   2.9
      SWAP_OUT (data_swap_0)          4.27e-07 1.73e-07 4.09e-06 4.69e-06   0.7
      KEY_EXPANDER (key_expander)     1.36e-06 4.85e-07 1.55e-05 1.74e-05   2.6
      MIX_COL (mix_columns)           3.41e-06 2.38e-06 1.63e-05 2.21e-05   3.3
      SHIFT_ROW (shift_rows)          1.61e-06 3.52e-07 1.32e-05 1.51e-05   2.3
      SWAP_IN (data_swap_1)           5.77e-08 8.11e-08 4.03e-06 4.17e-06   0.6
    AES_CORE_CONTROL_UNIT (control_unit)
                                      2.18e-06 4.98e-07 6.56e-06 9.24e-06   1.4
  HOST_INTERFACE (host_interface)     3.96e-06 3.02e-07 1.08e-05 1.51e-05   2.3
1
