****************************************
Report : Averaged Power
	-hierarchy
Design : RS_dec
Version: V-2023.12
Date   : Mon Jun 22 17:17:48 2026
****************************************



                                      Int      Switch   Leak     Total
Hierarchy                             Power    Power    Power    Power    %
----------------------------------------------------------------------------------
RS_dec                                5.38e-04 5.36e-05 3.01e-03 3.60e-03 100.0
  transport_in2out_unit (transport_in2out)
                                      1.33e-06 1.42e-07 6.31e-06 7.78e-06   0.2
  out_stage_unit (out_stage)          1.68e-06 1.63e-07 6.82e-06 8.66e-06   0.2
  rom_instant_1 (GF_matrix_dec_5)     5.63e-08    0.000 3.27e-07 3.83e-07   0.0
  rom_instant_2 (GF_matrix_dec_4)     5.61e-08    0.000 2.92e-07 3.48e-07   0.0
  rom_instant_3 (GF_matrix_dec_3)     5.63e-08    0.000 3.27e-07 3.83e-07   0.0
  rom_instant_4 (GF_matrix_dec_2)     5.61e-08    0.000 2.92e-07 3.48e-07   0.0
  mem_out_1 (DP_RAM_address_width8_data_width8_num_words188_1)
                                      8.72e-05 8.42e-06 4.98e-04 5.93e-04  16.5
  mem_out_2 (DP_RAM_address_width8_data_width8_num_words188_0)
                                      8.72e-05 8.41e-06 4.98e-04 5.93e-04  16.5
  BM_lamda_unit (BM_lamda)            2.50e-05 2.51e-06 1.26e-04 1.54e-04   4.3
  power_rom_instant1 (GF_matrix_ascending_binary_4)
                                      5.63e-08    0.000 3.27e-07 3.83e-07   0.0
  power_rom_instant2 (GF_matrix_ascending_binary_3)
                                      5.63e-08    0.000 3.27e-07 3.83e-07   0.0
  power_rom_instant3 (GF_matrix_ascending_binary_2)
                                      5.63e-08    0.000 3.27e-07 3.83e-07   0.0
  power_rom_instant4 (GF_matrix_ascending_binary_1)
                                      5.63e-08    0.000 3.27e-07 3.83e-07   0.0
  error_correction_unit (error_correction)
                                      3.92e-05 3.77e-06 2.35e-04 2.78e-04   7.7
  lamda_roots_unit (lamda_roots)      2.22e-05 2.06e-06 1.22e-04 1.47e-04   4.1
  Omega_Phy_unit (Omega_Phy)          2.73e-05 2.58e-06 1.50e-04 1.80e-04   5.0
  input_syndromes_unit (input_syndromes)
                                      2.42e-04 2.44e-05 1.34e-03 1.61e-03  44.6
    mem_in_0 (DP_RAM_address_width8_data_width8_num_words205_1)
                                      9.51e-05 9.28e-06 5.44e-04 6.49e-04  18.0
    mem_in_1 (DP_RAM_address_width8_data_width8_num_words205_0)
                                      9.51e-05 9.27e-06 5.44e-04 6.49e-04  18.0
    unit0 (GF_mult_add_syndromes_1)   1.17e-05 1.19e-06 5.77e-05 7.06e-05   2.0
      rom_instant (GF_matrix_dec_1)   5.64e-08    0.000 3.73e-07 4.30e-07   0.0
    unit1 (GF_mult_add_syndromes_0)   1.17e-05 1.23e-06 5.77e-05 7.07e-05   2.0
      rom_instant (GF_matrix_dec_0)   5.64e-08    0.000 3.73e-07 4.30e-07   0.0
    rom_instant (GF_matrix_ascending_binary_0)
                                      5.63e-08    0.000 3.27e-07 3.83e-07   0.0
1
