****************************************
Report : Averaged Power
	-hierarchy
Design : aes_decrypt128
Version: V-2023.12
Date   : Mon Jun 22 16:56:23 2026
****************************************



                                      Int      Switch   Leak     Total
Hierarchy                             Power    Power    Power    Power    %
----------------------------------------------------------------------------------
aes_decrypt128                        8.11e-04 8.35e-05 1.32e-03 2.21e-03 100.0
  KeyExpand128_u (KeyExpand128)       4.84e-05 4.57e-06 1.45e-04 1.98e-04   9.0
    RotWord_u (RotWord)               5.11e-09 2.17e-08 1.69e-06 1.72e-06   0.1
    SubWord_u (SubWord)               8.21e-08 6.58e-08 7.57e-05 7.59e-05   3.4
      genblk1_0__Sbox_u (Sbox_3)      2.05e-08 1.64e-08 1.89e-05 1.90e-05   0.9
        genblk1_4__muxf8_u (MUXF8_155)
                                      3.18e-10 6.89e-11 6.01e-08 6.05e-08   0.0
        genblk1_3__muxf7_hi (MUXF7_312)
                                      2.72e-10 3.74e-11 1.17e-07 1.17e-07   0.0
        genblk1_0__muxf7_lo (MUXF7_319)
                                      2.72e-10 4.11e-11 1.17e-07 1.17e-07   0.0
        genblk1_4__muxf7_hi (MUXF7_310)
                                      3.17e-10 3.74e-11 7.67e-08 7.71e-08   0.0
        genblk1_1__muxf7_lo (MUXF7_317)
                                      4.08e-12    0.000 7.67e-08 7.67e-08   0.0
        genblk1_6__muxf8_u (MUXF8_153)
                                      2.61e-10 6.89e-11 1.17e-07 1.17e-07   0.0
        genblk1_2__muxf7_lo (MUXF7_315)
                                      3.68e-12    0.000 1.17e-07 1.17e-07   0.0
        genblk1_5__muxf7_lo (MUXF7_309)
                                      3.41e-10 4.11e-11 1.17e-07 1.17e-07   0.0
        genblk1_1__muxf8_u (MUXF8_158)
                                      1.09e-10    0.000 6.01e-08 6.02e-08   0.0
        genblk1_6__muxf7_lo (MUXF7_307)
                                      1.34e-10    0.000 6.01e-08 6.02e-08   0.0
        t0 (Sbox_table0_3)            3.55e-09 3.80e-09 4.17e-06 4.18e-06   0.2
        genblk1_7__muxf7_lo (MUXF7_305)
                                      2.60e-10 4.11e-11 7.67e-08 7.70e-08   0.0
        genblk1_0__muxf7_hi (MUXF7_318)
                                      1.46e-10 3.74e-11 7.57e-08 7.59e-08   0.0
        t1 (Sbox_table1_3)            2.73e-09 2.94e-09 4.03e-06 4.03e-06   0.2
        genblk1_3__muxf8_u (MUXF8_156)
                                      1.18e-10    0.000 7.57e-08 7.58e-08   0.0
        t2 (Sbox_table2_3)            4.59e-09 4.15e-09 4.27e-06 4.28e-06   0.2
        genblk1_1__muxf7_hi (MUXF7_316)
                                      3.17e-10 3.74e-11 7.67e-08 7.71e-08   0.0
        genblk1_2__muxf7_hi (MUXF7_314)
                                      4.78e-12    0.000 7.67e-08 7.67e-08   0.0
        t3 (Sbox_table3_3)            4.94e-09 4.82e-09 4.45e-06 4.46e-06   0.2
        genblk1_5__muxf8_u (MUXF8_154)
                                      1.22e-10 6.89e-11 7.57e-08 7.59e-08   0.0
        genblk1_5__muxf7_hi (MUXF7_308)
                                      1.43e-10    0.000 7.57e-08 7.58e-08   0.0
        genblk1_7__muxf8_u (MUXF8_152)
                                      3.50e-12    0.000 1.17e-07 1.17e-07   0.0
        genblk1_6__muxf7_hi (MUXF7_306)
                                      1.46e-10 3.74e-11 7.57e-08 7.59e-08   0.0
        genblk1_3__muxf7_lo (MUXF7_313)
                                      1.43e-10    0.000 7.57e-08 7.58e-08   0.0
        genblk1_7__muxf7_hi (MUXF7_304)
                                      3.50e-10 3.74e-11 7.57e-08 7.61e-08   0.0
        genblk1_4__muxf7_lo (MUXF7_311)
                                      3.41e-10 4.11e-11 6.01e-08 6.05e-08   0.0
        genblk1_0__muxf8_u (MUXF8_159)
                                      3.26e-10 6.89e-11 7.57e-08 7.61e-08   0.0
        genblk1_2__muxf8_u (MUXF8_157)
                                      2.65e-10 6.89e-11 7.67e-08 7.70e-08   0.0
      genblk1_2__Sbox_u (Sbox_1)      2.05e-08 1.64e-08 1.89e-05 1.90e-05   0.9
        genblk1_4__muxf8_u (MUXF8_139)
                                      3.18e-10 6.89e-11 6.01e-08 6.05e-08   0.0
        genblk1_3__muxf7_hi (MUXF7_280)
                                      2.72e-10 3.74e-11 1.17e-07 1.17e-07   0.0
        genblk1_0__muxf7_lo (MUXF7_287)
                                      2.72e-10 4.11e-11 1.17e-07 1.17e-07   0.0
        genblk1_4__muxf7_hi (MUXF7_278)
                                      3.17e-10 3.74e-11 7.67e-08 7.71e-08   0.0
        genblk1_1__muxf7_lo (MUXF7_285)
                                      4.08e-12    0.000 7.67e-08 7.67e-08   0.0
        genblk1_6__muxf8_u (MUXF8_137)
                                      2.61e-10 6.89e-11 1.17e-07 1.17e-07   0.0
        genblk1_2__muxf7_lo (MUXF7_283)
                                      3.68e-12    0.000 1.17e-07 1.17e-07   0.0
        genblk1_5__muxf7_lo (MUXF7_277)
                                      3.41e-10 4.11e-11 1.17e-07 1.17e-07   0.0
        genblk1_1__muxf8_u (MUXF8_142)
                                      1.09e-10    0.000 6.01e-08 6.02e-08   0.0
        genblk1_6__muxf7_lo (MUXF7_275)
                                      1.34e-10    0.000 6.01e-08 6.02e-08   0.0
        t0 (Sbox_table0_1)            3.55e-09 3.80e-09 4.17e-06 4.18e-06   0.2
        genblk1_7__muxf7_lo (MUXF7_273)
                                      2.60e-10 4.11e-11 7.67e-08 7.70e-08   0.0
        genblk1_0__muxf7_hi (MUXF7_286)
                                      1.46e-10 3.74e-11 7.57e-08 7.59e-08   0.0
        t1 (Sbox_table1_1)            2.73e-09 2.94e-09 4.03e-06 4.03e-06   0.2
        genblk1_3__muxf8_u (MUXF8_140)
                                      1.18e-10    0.000 7.57e-08 7.58e-08   0.0
        t2 (Sbox_table2_1)            4.59e-09 4.15e-09 4.27e-06 4.28e-06   0.2
        genblk1_1__muxf7_hi (MUXF7_284)
                                      3.17e-10 3.74e-11 7.67e-08 7.71e-08   0.0
        genblk1_2__muxf7_hi (MUXF7_282)
                                      4.78e-12    0.000 7.67e-08 7.67e-08   0.0
        t3 (Sbox_table3_1)            4.94e-09 4.82e-09 4.45e-06 4.46e-06   0.2
        genblk1_5__muxf8_u (MUXF8_138)
                                      1.22e-10 6.89e-11 7.57e-08 7.59e-08   0.0
        genblk1_5__muxf7_hi (MUXF7_276)
                                      1.43e-10    0.000 7.57e-08 7.58e-08   0.0
        genblk1_7__muxf8_u (MUXF8_136)
                                      3.50e-12    0.000 1.17e-07 1.17e-07   0.0
        genblk1_6__muxf7_hi (MUXF7_274)
                                      1.46e-10 3.74e-11 7.57e-08 7.59e-08   0.0
        genblk1_3__muxf7_lo (MUXF7_281)
                                      1.43e-10    0.000 7.57e-08 7.58e-08   0.0
        genblk1_7__muxf7_hi (MUXF7_272)
                                      3.50e-10 3.74e-11 7.57e-08 7.61e-08   0.0
        genblk1_4__muxf7_lo (MUXF7_279)
                                      3.41e-10 4.11e-11 6.01e-08 6.05e-08   0.0
        genblk1_0__muxf8_u (MUXF8_143)
                                      3.26e-10 6.89e-11 7.57e-08 7.61e-08   0.0
        genblk1_2__muxf8_u (MUXF8_141)
                                      2.65e-10 6.89e-11 7.67e-08 7.70e-08   0.0
      genblk1_1__Sbox_u (Sbox_2)      2.05e-08 1.64e-08 1.89e-05 1.90e-05   0.9
        genblk1_4__muxf8_u (MUXF8_147)
                                      3.18e-10 6.89e-11 6.01e-08 6.05e-08   0.0
        genblk1_3__muxf7_hi (MUXF7_296)
                                      2.72e-10 3.74e-11 1.17e-07 1.17e-07   0.0
        genblk1_0__muxf7_lo (MUXF7_303)
                                      2.72e-10 4.11e-11 1.17e-07 1.17e-07   0.0
        genblk1_4__muxf7_hi (MUXF7_294)
                                      3.17e-10 3.74e-11 7.67e-08 7.71e-08   0.0
        genblk1_1__muxf7_lo (MUXF7_301)
                                      4.08e-12    0.000 7.67e-08 7.67e-08   0.0
        genblk1_6__muxf8_u (MUXF8_145)
                                      2.61e-10 6.89e-11 1.17e-07 1.17e-07   0.0
        genblk1_2__muxf7_lo (MUXF7_299)
                                      3.68e-12    0.000 1.17e-07 1.17e-07   0.0
        genblk1_5__muxf7_lo (MUXF7_293)
                                      3.41e-10 4.11e-11 1.17e-07 1.17e-07   0.0
        genblk1_1__muxf8_u (MUXF8_150)
                                      1.09e-10    0.000 6.01e-08 6.02e-08   0.0
        genblk1_6__muxf7_lo (MUXF7_291)
                                      1.34e-10    0.000 6.01e-08 6.02e-08   0.0
        t0 (Sbox_table0_2)            3.55e-09 3.80e-09 4.17e-06 4.18e-06   0.2
        genblk1_7__muxf7_lo (MUXF7_289)
                                      2.60e-10 4.11e-11 7.67e-08 7.70e-08   0.0
        genblk1_0__muxf7_hi (MUXF7_302)
                                      1.46e-10 3.74e-11 7.57e-08 7.59e-08   0.0
        t1 (Sbox_table1_2)            2.73e-09 2.94e-09 4.03e-06 4.03e-06   0.2
        genblk1_3__muxf8_u (MUXF8_148)
                                      1.18e-10    0.000 7.57e-08 7.58e-08   0.0
        t2 (Sbox_table2_2)            4.59e-09 4.15e-09 4.27e-06 4.28e-06   0.2
        genblk1_1__muxf7_hi (MUXF7_300)
                                      3.17e-10 3.74e-11 7.67e-08 7.71e-08   0.0
        genblk1_2__muxf7_hi (MUXF7_298)
                                      4.78e-12    0.000 7.67e-08 7.67e-08   0.0
        t3 (Sbox_table3_2)            4.94e-09 4.82e-09 4.45e-06 4.46e-06   0.2
        genblk1_5__muxf8_u (MUXF8_146)
                                      1.22e-10 6.89e-11 7.57e-08 7.59e-08   0.0
        genblk1_5__muxf7_hi (MUXF7_292)
                                      1.43e-10    0.000 7.57e-08 7.58e-08   0.0
        genblk1_7__muxf8_u (MUXF8_144)
                                      3.50e-12    0.000 1.17e-07 1.17e-07   0.0
        genblk1_6__muxf7_hi (MUXF7_290)
                                      1.46e-10 3.74e-11 7.57e-08 7.59e-08   0.0
        genblk1_3__muxf7_lo (MUXF7_297)
                                      1.43e-10    0.000 7.57e-08 7.58e-08   0.0
        genblk1_7__muxf7_hi (MUXF7_288)
                                      3.50e-10 3.74e-11 7.57e-08 7.61e-08   0.0
        genblk1_4__muxf7_lo (MUXF7_295)
                                      3.41e-10 4.11e-11 6.01e-08 6.05e-08   0.0
        genblk1_0__muxf8_u (MUXF8_151)
                                      3.26e-10 6.89e-11 7.57e-08 7.61e-08   0.0
        genblk1_2__muxf8_u (MUXF8_149)
                                      2.65e-10 6.89e-11 7.67e-08 7.70e-08   0.0
      genblk1_3__Sbox_u (Sbox_0)      2.05e-08 1.64e-08 1.89e-05 1.90e-05   0.9
        genblk1_4__muxf8_u (MUXF8_131)
                                      3.18e-10 6.89e-11 6.01e-08 6.05e-08   0.0
        genblk1_3__muxf7_hi (MUXF7_264)
                                      2.72e-10 3.74e-11 1.17e-07 1.17e-07   0.0
        genblk1_0__muxf7_lo (MUXF7_271)
                                      2.72e-10 4.11e-11 1.17e-07 1.17e-07   0.0
        genblk1_4__muxf7_hi (MUXF7_262)
                                      3.17e-10 3.74e-11 7.67e-08 7.71e-08   0.0
        genblk1_1__muxf7_lo (MUXF7_269)
                                      4.08e-12    0.000 7.67e-08 7.67e-08   0.0
        genblk1_6__muxf8_u (MUXF8_129)
                                      2.61e-10 6.89e-11 1.17e-07 1.17e-07   0.0
        genblk1_2__muxf7_lo (MUXF7_267)
                                      3.68e-12    0.000 1.17e-07 1.17e-07   0.0
        genblk1_5__muxf7_lo (MUXF7_261)
                                      3.41e-10 4.11e-11 1.17e-07 1.17e-07   0.0
        genblk1_1__muxf8_u (MUXF8_134)
                                      1.09e-10    0.000 6.01e-08 6.02e-08   0.0
        genblk1_6__muxf7_lo (MUXF7_259)
                                      1.34e-10    0.000 6.01e-08 6.02e-08   0.0
        t0 (Sbox_table0_0)            3.55e-09 3.80e-09 4.17e-06 4.18e-06   0.2
        genblk1_7__muxf7_lo (MUXF7_257)
                                      2.60e-10 4.11e-11 7.67e-08 7.70e-08   0.0
        genblk1_0__muxf7_hi (MUXF7_270)
                                      1.46e-10 3.74e-11 7.57e-08 7.59e-08   0.0
        t1 (Sbox_table1_0)            2.73e-09 2.94e-09 4.03e-06 4.03e-06   0.2
        genblk1_3__muxf8_u (MUXF8_132)
                                      1.18e-10    0.000 7.57e-08 7.58e-08   0.0
        t2 (Sbox_table2_0)            4.59e-09 4.15e-09 4.27e-06 4.28e-06   0.2
        genblk1_1__muxf7_hi (MUXF7_268)
                                      3.17e-10 3.74e-11 7.67e-08 7.71e-08   0.0
        genblk1_2__muxf7_hi (MUXF7_266)
                                      4.78e-12    0.000 7.67e-08 7.67e-08   0.0
        t3 (Sbox_table3_0)            4.94e-09 4.82e-09 4.45e-06 4.46e-06   0.2
        genblk1_5__muxf8_u (MUXF8_130)
                                      1.22e-10 6.89e-11 7.57e-08 7.59e-08   0.0
        genblk1_5__muxf7_hi (MUXF7_260)
                                      1.43e-10    0.000 7.57e-08 7.58e-08   0.0
        genblk1_7__muxf8_u (MUXF8_128)
                                      3.50e-12    0.000 1.17e-07 1.17e-07   0.0
        genblk1_6__muxf7_hi (MUXF7_258)
                                      1.46e-10 3.74e-11 7.57e-08 7.59e-08   0.0
        genblk1_3__muxf7_lo (MUXF7_265)
                                      1.43e-10    0.000 7.57e-08 7.58e-08   0.0
        genblk1_7__muxf7_hi (MUXF7_256)
                                      3.50e-10 3.74e-11 7.57e-08 7.61e-08   0.0
        genblk1_4__muxf7_lo (MUXF7_263)
                                      3.41e-10 4.11e-11 6.01e-08 6.05e-08   0.0
        genblk1_0__muxf8_u (MUXF8_135)
                                      3.26e-10 6.89e-11 7.57e-08 7.61e-08   0.0
        genblk1_2__muxf8_u (MUXF8_133)
                                      2.65e-10 6.89e-11 7.67e-08 7.70e-08   0.0
  KschBuffer_u (KschBuffer)           7.15e-04 7.39e-05 6.89e-04 1.48e-03  66.8
  decrypt_u (decrypt)                 4.73e-05 4.36e-06 4.84e-04 5.36e-04  24.2
    InvSubBytes_u (InvSubBytes)       2.39e-07 3.14e-07 3.01e-04 3.02e-04  13.7
      genblk1_5__InvSbox_u (InvSbox_10)
                                      1.49e-08 1.96e-08 1.88e-05 1.89e-05   0.9
        genblk1_4__muxf8_u (MUXF8_83)    0.000    0.000 7.12e-08 7.12e-08   0.0
        genblk1_3__muxf7_hi (MUXF7_168)
                                      3.50e-12    0.000 1.05e-07 1.05e-07   0.0
        genblk1_0__muxf7_lo (MUXF7_175)
                                      1.98e-12    0.000 7.12e-08 7.12e-08   0.0
        genblk1_4__muxf7_hi (MUXF7_166)
                                      2.25e-12    0.000 1.05e-07 1.05e-07   0.0
        genblk1_1__muxf7_lo (MUXF7_173)
                                      1.69e-12    0.000 7.12e-08 7.12e-08   0.0
        genblk1_6__muxf8_u (MUXF8_81)    0.000    0.000 7.12e-08 7.12e-08   0.0
        genblk1_2__muxf7_lo (MUXF7_171)
                                         0.000    0.000 7.12e-08 7.12e-08   0.0
        genblk1_5__muxf7_lo (MUXF7_165)
                                         0.000    0.000 7.12e-08 7.12e-08   0.0
        genblk1_1__muxf8_u (MUXF8_86)    0.000    0.000 7.12e-08 7.12e-08   0.0
        genblk1_6__muxf7_lo (MUXF7_163)
                                      2.15e-12    0.000 1.05e-07 1.05e-07   0.0
        t0 (invsbox_table0_10)        3.63e-09 4.60e-09 4.49e-06 4.50e-06   0.2
        genblk1_7__muxf7_lo (MUXF7_161)
                                         0.000    0.000 7.12e-08 7.12e-08   0.0
        genblk1_0__muxf7_hi (MUXF7_174)
                                      2.23e-12    0.000 1.05e-07 1.05e-07   0.0
        t1 (invsbox_table1_10)        2.74e-09 3.97e-09 4.04e-06 4.04e-06   0.2
        genblk1_3__muxf8_u (MUXF8_84) 2.33e-12    0.000 1.05e-07 1.05e-07   0.0
        t2 (invsbox_table2_10)        3.98e-09 5.52e-09 4.65e-06 4.66e-06   0.2
        genblk1_1__muxf7_hi (MUXF7_172)
                                      2.23e-12    0.000 1.05e-07 1.05e-07   0.0
        genblk1_2__muxf7_hi (MUXF7_170)
                                      3.39e-12    0.000 1.05e-07 1.05e-07   0.0
        t3 (invsbox_table3_10)        4.35e-09 5.51e-09 3.60e-06 3.61e-06   0.2
        genblk1_5__muxf8_u (MUXF8_82)    0.000    0.000 7.12e-08 7.12e-08   0.0
        genblk1_5__muxf7_hi (MUXF7_164)
                                      2.26e-12    0.000 1.05e-07 1.05e-07   0.0
        genblk1_7__muxf8_u (MUXF8_80)    0.000    0.000 7.12e-08 7.12e-08   0.0
        genblk1_6__muxf7_hi (MUXF7_162)
                                      3.48e-12    0.000 1.05e-07 1.05e-07   0.0
        genblk1_3__muxf7_lo (MUXF7_169)
                                      2.11e-10 4.11e-11 8.69e-08 8.72e-08   0.0
        genblk1_7__muxf7_hi (MUXF7_160)
                                      1.73e-12    0.000 7.12e-08 7.12e-08   0.0
        genblk1_4__muxf7_lo (MUXF7_167)
                                      1.94e-12    0.000 1.05e-07 1.05e-07   0.0
        genblk1_0__muxf8_u (MUXF8_87)    0.000    0.000 7.12e-08 7.12e-08   0.0
        genblk1_2__muxf8_u (MUXF8_85)    0.000    0.000 7.12e-08 7.12e-08   0.0
      genblk1_13__InvSbox_u (InvSbox_2)
                                      1.49e-08 1.96e-08 1.88e-05 1.89e-05   0.9
        genblk1_4__muxf8_u (MUXF8_19)    0.000    0.000 7.12e-08 7.12e-08   0.0
        genblk1_3__muxf7_hi (MUXF7_40)
                                      3.50e-12    0.000 1.05e-07 1.05e-07   0.0
        genblk1_0__muxf7_lo (MUXF7_47)
                                      1.98e-12    0.000 7.12e-08 7.12e-08   0.0
        genblk1_4__muxf7_hi (MUXF7_38)
                                      2.25e-12    0.000 1.05e-07 1.05e-07   0.0
        genblk1_1__muxf7_lo (MUXF7_45)
                                      1.69e-12    0.000 7.12e-08 7.12e-08   0.0
        genblk1_6__muxf8_u (MUXF8_17)    0.000    0.000 7.12e-08 7.12e-08   0.0
        genblk1_2__muxf7_lo (MUXF7_43)
                                         0.000    0.000 7.12e-08 7.12e-08   0.0
        genblk1_5__muxf7_lo (MUXF7_37)
                                         0.000    0.000 7.12e-08 7.12e-08   0.0
        genblk1_1__muxf8_u (MUXF8_22)    0.000    0.000 7.12e-08 7.12e-08   0.0
        genblk1_6__muxf7_lo (MUXF7_35)
                                      2.15e-12    0.000 1.05e-07 1.05e-07   0.0
        t0 (invsbox_table0_2)         3.63e-09 4.60e-09 4.49e-06 4.50e-06   0.2
        genblk1_7__muxf7_lo (MUXF7_33)
                                         0.000    0.000 7.12e-08 7.12e-08   0.0
        genblk1_0__muxf7_hi (MUXF7_46)
                                      2.23e-12    0.000 1.05e-07 1.05e-07   0.0
        t1 (invsbox_table1_2)         2.74e-09 3.97e-09 4.04e-06 4.04e-06   0.2
        genblk1_3__muxf8_u (MUXF8_20) 2.33e-12    0.000 1.05e-07 1.05e-07   0.0
        t2 (invsbox_table2_2)         3.98e-09 5.52e-09 4.65e-06 4.66e-06   0.2
        genblk1_1__muxf7_hi (MUXF7_44)
                                      2.23e-12    0.000 1.05e-07 1.05e-07   0.0
        genblk1_2__muxf7_hi (MUXF7_42)
                                      3.39e-12    0.000 1.05e-07 1.05e-07   0.0
        t3 (invsbox_table3_2)         4.35e-09 5.51e-09 3.60e-06 3.61e-06   0.2
        genblk1_5__muxf8_u (MUXF8_18)    0.000    0.000 7.12e-08 7.12e-08   0.0
        genblk1_5__muxf7_hi (MUXF7_36)
                                      2.26e-12    0.000 1.05e-07 1.05e-07   0.0
        genblk1_7__muxf8_u (MUXF8_16)    0.000    0.000 7.12e-08 7.12e-08   0.0
        genblk1_6__muxf7_hi (MUXF7_34)
                                      3.48e-12    0.000 1.05e-07 1.05e-07   0.0
        genblk1_3__muxf7_lo (MUXF7_41)
                                      2.11e-10 4.11e-11 8.69e-08 8.72e-08   0.0
        genblk1_7__muxf7_hi (MUXF7_32)
                                      1.73e-12    0.000 7.12e-08 7.12e-08   0.0
        genblk1_4__muxf7_lo (MUXF7_39)
                                      1.94e-12    0.000 1.05e-07 1.05e-07   0.0
        genblk1_0__muxf8_u (MUXF8_23)    0.000    0.000 7.12e-08 7.12e-08   0.0
        genblk1_2__muxf8_u (MUXF8_21)    0.000    0.000 7.12e-08 7.12e-08   0.0
      genblk1_2__InvSbox_u (InvSbox_13)
                                      1.49e-08 1.96e-08 1.88e-05 1.89e-05   0.9
        genblk1_4__muxf8_u (MUXF8_107)
                                         0.000    0.000 7.12e-08 7.12e-08   0.0
        genblk1_3__muxf7_hi (MUXF7_216)
                                      3.50e-12    0.000 1.05e-07 1.05e-07   0.0
        genblk1_0__muxf7_lo (MUXF7_223)
                                      1.98e-12    0.000 7.12e-08 7.12e-08   0.0
        genblk1_4__muxf7_hi (MUXF7_214)
                                      2.25e-12    0.000 1.05e-07 1.05e-07   0.0
        genblk1_1__muxf7_lo (MUXF7_221)
                                      1.69e-12    0.000 7.12e-08 7.12e-08   0.0
        genblk1_6__muxf8_u (MUXF8_105)
                                         0.000    0.000 7.12e-08 7.12e-08   0.0
        genblk1_2__muxf7_lo (MUXF7_219)
                                         0.000    0.000 7.12e-08 7.12e-08   0.0
        genblk1_5__muxf7_lo (MUXF7_213)
                                         0.000    0.000 7.12e-08 7.12e-08   0.0
        genblk1_1__muxf8_u (MUXF8_110)
                                         0.000    0.000 7.12e-08 7.12e-08   0.0
        genblk1_6__muxf7_lo (MUXF7_211)
                                      2.15e-12    0.000 1.05e-07 1.05e-07   0.0
        t0 (invsbox_table0_13)        3.63e-09 4.60e-09 4.49e-06 4.50e-06   0.2
        genblk1_7__muxf7_lo (MUXF7_209)
                                         0.000    0.000 7.12e-08 7.12e-08   0.0
        genblk1_0__muxf7_hi (MUXF7_222)
                                      2.23e-12    0.000 1.05e-07 1.05e-07   0.0
        t1 (invsbox_table1_13)        2.74e-09 3.97e-09 4.04e-06 4.04e-06   0.2
        genblk1_3__muxf8_u (MUXF8_108)
                                      2.33e-12    0.000 1.05e-07 1.05e-07   0.0
        t2 (invsbox_table2_13)        3.98e-09 5.52e-09 4.65e-06 4.66e-06   0.2
        genblk1_1__muxf7_hi (MUXF7_220)
                                      2.23e-12    0.000 1.05e-07 1.05e-07   0.0
        genblk1_2__muxf7_hi (MUXF7_218)
                                      3.39e-12    0.000 1.05e-07 1.05e-07   0.0
        t3 (invsbox_table3_13)        4.35e-09 5.51e-09 3.60e-06 3.61e-06   0.2
        genblk1_5__muxf8_u (MUXF8_106)
                                         0.000    0.000 7.12e-08 7.12e-08   0.0
        genblk1_5__muxf7_hi (MUXF7_212)
                                      2.26e-12    0.000 1.05e-07 1.05e-07   0.0
        genblk1_7__muxf8_u (MUXF8_104)
                                         0.000    0.000 7.12e-08 7.12e-08   0.0
        genblk1_6__muxf7_hi (MUXF7_210)
                                      3.48e-12    0.000 1.05e-07 1.05e-07   0.0
        genblk1_3__muxf7_lo (MUXF7_217)
                                      2.11e-10 4.11e-11 8.69e-08 8.72e-08   0.0
        genblk1_7__muxf7_hi (MUXF7_208)
                                      1.73e-12    0.000 7.12e-08 7.12e-08   0.0
        genblk1_4__muxf7_lo (MUXF7_215)
                                      1.94e-12    0.000 1.05e-07 1.05e-07   0.0
        genblk1_0__muxf8_u (MUXF8_111)
                                         0.000    0.000 7.12e-08 7.12e-08   0.0
        genblk1_2__muxf8_u (MUXF8_109)
                                         0.000    0.000 7.12e-08 7.12e-08   0.0
      genblk1_10__InvSbox_u (InvSbox_5)
                                      1.49e-08 1.96e-08 1.88e-05 1.89e-05   0.9
        genblk1_4__muxf8_u (MUXF8_43)    0.000    0.000 7.12e-08 7.12e-08   0.0
        genblk1_3__muxf7_hi (MUXF7_88)
                                      3.50e-12    0.000 1.05e-07 1.05e-07   0.0
        genblk1_0__muxf7_lo (MUXF7_95)
                                      1.98e-12    0.000 7.12e-08 7.12e-08   0.0
        genblk1_4__muxf7_hi (MUXF7_86)
                                      2.25e-12    0.000 1.05e-07 1.05e-07   0.0
        genblk1_1__muxf7_lo (MUXF7_93)
                                      1.69e-12    0.000 7.12e-08 7.12e-08   0.0
        genblk1_6__muxf8_u (MUXF8_41)    0.000    0.000 7.12e-08 7.12e-08   0.0
        genblk1_2__muxf7_lo (MUXF7_91)
                                         0.000    0.000 7.12e-08 7.12e-08   0.0
        genblk1_5__muxf7_lo (MUXF7_85)
                                         0.000    0.000 7.12e-08 7.12e-08   0.0
        genblk1_1__muxf8_u (MUXF8_46)    0.000    0.000 7.12e-08 7.12e-08   0.0
        genblk1_6__muxf7_lo (MUXF7_83)
                                      2.15e-12    0.000 1.05e-07 1.05e-07   0.0
        t0 (invsbox_table0_5)         3.63e-09 4.60e-09 4.49e-06 4.50e-06   0.2
        genblk1_7__muxf7_lo (MUXF7_81)
                                         0.000    0.000 7.12e-08 7.12e-08   0.0
        genblk1_0__muxf7_hi (MUXF7_94)
                                      2.23e-12    0.000 1.05e-07 1.05e-07   0.0
        t1 (invsbox_table1_5)         2.74e-09 3.97e-09 4.04e-06 4.04e-06   0.2
        genblk1_3__muxf8_u (MUXF8_44) 2.33e-12    0.000 1.05e-07 1.05e-07   0.0
        t2 (invsbox_table2_5)         3.98e-09 5.52e-09 4.65e-06 4.66e-06   0.2
        genblk1_1__muxf7_hi (MUXF7_92)
                                      2.23e-12    0.000 1.05e-07 1.05e-07   0.0
        genblk1_2__muxf7_hi (MUXF7_90)
                                      3.39e-12    0.000 1.05e-07 1.05e-07   0.0
        t3 (invsbox_table3_5)         4.35e-09 5.51e-09 3.60e-06 3.61e-06   0.2
        genblk1_5__muxf8_u (MUXF8_42)    0.000    0.000 7.12e-08 7.12e-08   0.0
        genblk1_5__muxf7_hi (MUXF7_84)
                                      2.26e-12    0.000 1.05e-07 1.05e-07   0.0
        genblk1_7__muxf8_u (MUXF8_40)    0.000    0.000 7.12e-08 7.12e-08   0.0
        genblk1_6__muxf7_hi (MUXF7_82)
                                      3.48e-12    0.000 1.05e-07 1.05e-07   0.0
        genblk1_3__muxf7_lo (MUXF7_89)
                                      2.11e-10 4.11e-11 8.69e-08 8.72e-08   0.0
        genblk1_7__muxf7_hi (MUXF7_80)
                                      1.73e-12    0.000 7.12e-08 7.12e-08   0.0
        genblk1_4__muxf7_lo (MUXF7_87)
                                      1.94e-12    0.000 1.05e-07 1.05e-07   0.0
        genblk1_0__muxf8_u (MUXF8_47)    0.000    0.000 7.12e-08 7.12e-08   0.0
        genblk1_2__muxf8_u (MUXF8_45)    0.000    0.000 7.12e-08 7.12e-08   0.0
      genblk1_7__InvSbox_u (InvSbox_8)
                                      1.49e-08 1.96e-08 1.88e-05 1.89e-05   0.9
        genblk1_4__muxf8_u (MUXF8_67)    0.000    0.000 7.12e-08 7.12e-08   0.0
        genblk1_3__muxf7_hi (MUXF7_136)
                                      3.50e-12    0.000 1.05e-07 1.05e-07   0.0
        genblk1_0__muxf7_lo (MUXF7_143)
                                      1.98e-12    0.000 7.12e-08 7.12e-08   0.0
        genblk1_4__muxf7_hi (MUXF7_134)
                                      2.25e-12    0.000 1.05e-07 1.05e-07   0.0
        genblk1_1__muxf7_lo (MUXF7_141)
                                      1.69e-12    0.000 7.12e-08 7.12e-08   0.0
        genblk1_6__muxf8_u (MUXF8_65)    0.000    0.000 7.12e-08 7.12e-08   0.0
        genblk1_2__muxf7_lo (MUXF7_139)
                                         0.000    0.000 7.12e-08 7.12e-08   0.0
        genblk1_5__muxf7_lo (MUXF7_133)
                                         0.000    0.000 7.12e-08 7.12e-08   0.0
        genblk1_1__muxf8_u (MUXF8_70)    0.000    0.000 7.12e-08 7.12e-08   0.0
        genblk1_6__muxf7_lo (MUXF7_131)
                                      2.15e-12    0.000 1.05e-07 1.05e-07   0.0
        t0 (invsbox_table0_8)         3.63e-09 4.60e-09 4.49e-06 4.50e-06   0.2
        genblk1_7__muxf7_lo (MUXF7_129)
                                         0.000    0.000 7.12e-08 7.12e-08   0.0
        genblk1_0__muxf7_hi (MUXF7_142)
                                      2.23e-12    0.000 1.05e-07 1.05e-07   0.0
        t1 (invsbox_table1_8)         2.74e-09 3.97e-09 4.04e-06 4.04e-06   0.2
        genblk1_3__muxf8_u (MUXF8_68) 2.33e-12    0.000 1.05e-07 1.05e-07   0.0
        t2 (invsbox_table2_8)         3.98e-09 5.52e-09 4.65e-06 4.66e-06   0.2
        genblk1_1__muxf7_hi (MUXF7_140)
                                      2.23e-12    0.000 1.05e-07 1.05e-07   0.0
        genblk1_2__muxf7_hi (MUXF7_138)
                                      3.39e-12    0.000 1.05e-07 1.05e-07   0.0
        t3 (invsbox_table3_8)         4.35e-09 5.51e-09 3.60e-06 3.61e-06   0.2
        genblk1_5__muxf8_u (MUXF8_66)    0.000    0.000 7.12e-08 7.12e-08   0.0
        genblk1_5__muxf7_hi (MUXF7_132)
                                      2.26e-12    0.000 1.05e-07 1.05e-07   0.0
        genblk1_7__muxf8_u (MUXF8_64)    0.000    0.000 7.12e-08 7.12e-08   0.0
        genblk1_6__muxf7_hi (MUXF7_130)
                                      3.48e-12    0.000 1.05e-07 1.05e-07   0.0
        genblk1_3__muxf7_lo (MUXF7_137)
                                      2.11e-10 4.11e-11 8.69e-08 8.72e-08   0.0
        genblk1_7__muxf7_hi (MUXF7_128)
                                      1.73e-12    0.000 7.12e-08 7.12e-08   0.0
        genblk1_4__muxf7_lo (MUXF7_135)
                                      1.94e-12    0.000 1.05e-07 1.05e-07   0.0
        genblk1_0__muxf8_u (MUXF8_71)    0.000    0.000 7.12e-08 7.12e-08   0.0
        genblk1_2__muxf8_u (MUXF8_69)    0.000    0.000 7.12e-08 7.12e-08   0.0
      genblk1_15__InvSbox_u (InvSbox_0)
                                      1.49e-08 1.96e-08 1.88e-05 1.89e-05   0.9
        genblk1_4__muxf8_u (MUXF8_3)     0.000    0.000 7.12e-08 7.12e-08   0.0
        genblk1_3__muxf7_hi (MUXF7_8) 3.50e-12    0.000 1.05e-07 1.05e-07   0.0
        genblk1_0__muxf7_lo (MUXF7_15)
                                      1.98e-12    0.000 7.12e-08 7.12e-08   0.0
        genblk1_4__muxf7_hi (MUXF7_6) 2.25e-12    0.000 1.05e-07 1.05e-07   0.0
        genblk1_1__muxf7_lo (MUXF7_13)
                                      1.69e-12    0.000 7.12e-08 7.12e-08   0.0
        genblk1_6__muxf8_u (MUXF8_1)     0.000    0.000 7.12e-08 7.12e-08   0.0
        genblk1_2__muxf7_lo (MUXF7_11)
                                         0.000    0.000 7.12e-08 7.12e-08   0.0
        genblk1_5__muxf7_lo (MUXF7_5)    0.000    0.000 7.12e-08 7.12e-08   0.0
        genblk1_1__muxf8_u (MUXF8_6)     0.000    0.000 7.12e-08 7.12e-08   0.0
        genblk1_6__muxf7_lo (MUXF7_3) 2.15e-12    0.000 1.05e-07 1.05e-07   0.0
        t0 (invsbox_table0_0)         3.63e-09 4.60e-09 4.49e-06 4.50e-06   0.2
        genblk1_7__muxf7_lo (MUXF7_1)    0.000    0.000 7.12e-08 7.12e-08   0.0
        genblk1_0__muxf7_hi (MUXF7_14)
                                      2.23e-12    0.000 1.05e-07 1.05e-07   0.0
        t1 (invsbox_table1_0)         2.74e-09 3.97e-09 4.04e-06 4.04e-06   0.2
        genblk1_3__muxf8_u (MUXF8_4)  2.33e-12    0.000 1.05e-07 1.05e-07   0.0
        t2 (invsbox_table2_0)         3.98e-09 5.52e-09 4.65e-06 4.66e-06   0.2
        genblk1_1__muxf7_hi (MUXF7_12)
                                      2.23e-12    0.000 1.05e-07 1.05e-07   0.0
        genblk1_2__muxf7_hi (MUXF7_10)
                                      3.39e-12    0.000 1.05e-07 1.05e-07   0.0
        t3 (invsbox_table3_0)         4.35e-09 5.51e-09 3.60e-06 3.61e-06   0.2
        genblk1_5__muxf8_u (MUXF8_2)     0.000    0.000 7.12e-08 7.12e-08   0.0
        genblk1_5__muxf7_hi (MUXF7_4) 2.26e-12    0.000 1.05e-07 1.05e-07   0.0
        genblk1_7__muxf8_u (MUXF8_0)     0.000    0.000 7.12e-08 7.12e-08   0.0
        genblk1_6__muxf7_hi (MUXF7_2) 3.48e-12    0.000 1.05e-07 1.05e-07   0.0
        genblk1_3__muxf7_lo (MUXF7_9) 2.11e-10 4.11e-11 8.69e-08 8.72e-08   0.0
        genblk1_7__muxf7_hi (MUXF7_0) 1.73e-12    0.000 7.12e-08 7.12e-08   0.0
        genblk1_4__muxf7_lo (MUXF7_7) 1.94e-12    0.000 1.05e-07 1.05e-07   0.0
        genblk1_0__muxf8_u (MUXF8_7)     0.000    0.000 7.12e-08 7.12e-08   0.0
        genblk1_2__muxf8_u (MUXF8_5)     0.000    0.000 7.12e-08 7.12e-08   0.0
      genblk1_4__InvSbox_u (InvSbox_11)
                                      1.49e-08 1.96e-08 1.88e-05 1.89e-05   0.9
        genblk1_4__muxf8_u (MUXF8_91)    0.000    0.000 7.12e-08 7.12e-08   0.0
        genblk1_3__muxf7_hi (MUXF7_184)
                                      3.50e-12    0.000 1.05e-07 1.05e-07   0.0
        genblk1_0__muxf7_lo (MUXF7_191)
                                      1.98e-12    0.000 7.12e-08 7.12e-08   0.0
        genblk1_4__muxf7_hi (MUXF7_182)
                                      2.25e-12    0.000 1.05e-07 1.05e-07   0.0
        genblk1_1__muxf7_lo (MUXF7_189)
                                      1.69e-12    0.000 7.12e-08 7.12e-08   0.0
        genblk1_6__muxf8_u (MUXF8_89)    0.000    0.000 7.12e-08 7.12e-08   0.0
        genblk1_2__muxf7_lo (MUXF7_187)
                                         0.000    0.000 7.12e-08 7.12e-08   0.0
        genblk1_5__muxf7_lo (MUXF7_181)
                                         0.000    0.000 7.12e-08 7.12e-08   0.0
        genblk1_1__muxf8_u (MUXF8_94)    0.000    0.000 7.12e-08 7.12e-08   0.0
        genblk1_6__muxf7_lo (MUXF7_179)
                                      2.15e-12    0.000 1.05e-07 1.05e-07   0.0
        t0 (invsbox_table0_11)        3.63e-09 4.60e-09 4.49e-06 4.50e-06   0.2
        genblk1_7__muxf7_lo (MUXF7_177)
                                         0.000    0.000 7.12e-08 7.12e-08   0.0
        genblk1_0__muxf7_hi (MUXF7_190)
                                      2.23e-12    0.000 1.05e-07 1.05e-07   0.0
        t1 (invsbox_table1_11)        2.74e-09 3.97e-09 4.04e-06 4.04e-06   0.2
        genblk1_3__muxf8_u (MUXF8_92) 2.33e-12    0.000 1.05e-07 1.05e-07   0.0
        t2 (invsbox_table2_11)        3.98e-09 5.52e-09 4.65e-06 4.66e-06   0.2
        genblk1_1__muxf7_hi (MUXF7_188)
                                      2.23e-12    0.000 1.05e-07 1.05e-07   0.0
        genblk1_2__muxf7_hi (MUXF7_186)
                                      3.39e-12    0.000 1.05e-07 1.05e-07   0.0
        t3 (invsbox_table3_11)        4.35e-09 5.51e-09 3.60e-06 3.61e-06   0.2
        genblk1_5__muxf8_u (MUXF8_90)    0.000    0.000 7.12e-08 7.12e-08   0.0
        genblk1_5__muxf7_hi (MUXF7_180)
                                      2.26e-12    0.000 1.05e-07 1.05e-07   0.0
        genblk1_7__muxf8_u (MUXF8_88)    0.000    0.000 7.12e-08 7.12e-08   0.0
        genblk1_6__muxf7_hi (MUXF7_178)
                                      3.48e-12    0.000 1.05e-07 1.05e-07   0.0
        genblk1_3__muxf7_lo (MUXF7_185)
                                      2.11e-10 4.11e-11 8.69e-08 8.72e-08   0.0
        genblk1_7__muxf7_hi (MUXF7_176)
                                      1.73e-12    0.000 7.12e-08 7.12e-08   0.0
        genblk1_4__muxf7_lo (MUXF7_183)
                                      1.94e-12    0.000 1.05e-07 1.05e-07   0.0
        genblk1_0__muxf8_u (MUXF8_95)    0.000    0.000 7.12e-08 7.12e-08   0.0
        genblk1_2__muxf8_u (MUXF8_93)    0.000    0.000 7.12e-08 7.12e-08   0.0
      genblk1_12__InvSbox_u (InvSbox_3)
                                      1.49e-08 1.96e-08 1.88e-05 1.89e-05   0.9
        genblk1_4__muxf8_u (MUXF8_27)    0.000    0.000 7.12e-08 7.12e-08   0.0
        genblk1_3__muxf7_hi (MUXF7_56)
                                      3.50e-12    0.000 1.05e-07 1.05e-07   0.0
        genblk1_0__muxf7_lo (MUXF7_63)
                                      1.98e-12    0.000 7.12e-08 7.12e-08   0.0
        genblk1_4__muxf7_hi (MUXF7_54)
                                      2.25e-12    0.000 1.05e-07 1.05e-07   0.0
        genblk1_1__muxf7_lo (MUXF7_61)
                                      1.69e-12    0.000 7.12e-08 7.12e-08   0.0
        genblk1_6__muxf8_u (MUXF8_25)    0.000    0.000 7.12e-08 7.12e-08   0.0
        genblk1_2__muxf7_lo (MUXF7_59)
                                         0.000    0.000 7.12e-08 7.12e-08   0.0
        genblk1_5__muxf7_lo (MUXF7_53)
                                         0.000    0.000 7.12e-08 7.12e-08   0.0
        genblk1_1__muxf8_u (MUXF8_30)    0.000    0.000 7.12e-08 7.12e-08   0.0
        genblk1_6__muxf7_lo (MUXF7_51)
                                      2.15e-12    0.000 1.05e-07 1.05e-07   0.0
        t0 (invsbox_table0_3)         3.63e-09 4.60e-09 4.49e-06 4.50e-06   0.2
        genblk1_7__muxf7_lo (MUXF7_49)
                                         0.000    0.000 7.12e-08 7.12e-08   0.0
        genblk1_0__muxf7_hi (MUXF7_62)
                                      2.23e-12    0.000 1.05e-07 1.05e-07   0.0
        t1 (invsbox_table1_3)         2.74e-09 3.97e-09 4.04e-06 4.04e-06   0.2
        genblk1_3__muxf8_u (MUXF8_28) 2.33e-12    0.000 1.05e-07 1.05e-07   0.0
        t2 (invsbox_table2_3)         3.98e-09 5.52e-09 4.65e-06 4.66e-06   0.2
        genblk1_1__muxf7_hi (MUXF7_60)
                                      2.23e-12    0.000 1.05e-07 1.05e-07   0.0
        genblk1_2__muxf7_hi (MUXF7_58)
                                      3.39e-12    0.000 1.05e-07 1.05e-07   0.0
        t3 (invsbox_table3_3)         4.35e-09 5.51e-09 3.60e-06 3.61e-06   0.2
        genblk1_5__muxf8_u (MUXF8_26)    0.000    0.000 7.12e-08 7.12e-08   0.0
        genblk1_5__muxf7_hi (MUXF7_52)
                                      2.26e-12    0.000 1.05e-07 1.05e-07   0.0
        genblk1_7__muxf8_u (MUXF8_24)    0.000    0.000 7.12e-08 7.12e-08   0.0
        genblk1_6__muxf7_hi (MUXF7_50)
                                      3.48e-12    0.000 1.05e-07 1.05e-07   0.0
        genblk1_3__muxf7_lo (MUXF7_57)
                                      2.11e-10 4.11e-11 8.69e-08 8.72e-08   0.0
        genblk1_7__muxf7_hi (MUXF7_48)
                                      1.73e-12    0.000 7.12e-08 7.12e-08   0.0
        genblk1_4__muxf7_lo (MUXF7_55)
                                      1.94e-12    0.000 1.05e-07 1.05e-07   0.0
        genblk1_0__muxf8_u (MUXF8_31)    0.000    0.000 7.12e-08 7.12e-08   0.0
        genblk1_2__muxf8_u (MUXF8_29)    0.000    0.000 7.12e-08 7.12e-08   0.0
      genblk1_1__InvSbox_u (InvSbox_14)
                                      1.49e-08 1.96e-08 1.88e-05 1.89e-05   0.9
        genblk1_4__muxf8_u (MUXF8_115)
                                         0.000    0.000 7.12e-08 7.12e-08   0.0
        genblk1_3__muxf7_hi (MUXF7_232)
                                      3.50e-12    0.000 1.05e-07 1.05e-07   0.0
        genblk1_0__muxf7_lo (MUXF7_239)
                                      1.98e-12    0.000 7.12e-08 7.12e-08   0.0
        genblk1_4__muxf7_hi (MUXF7_230)
                                      2.25e-12    0.000 1.05e-07 1.05e-07   0.0
        genblk1_1__muxf7_lo (MUXF7_237)
                                      1.69e-12    0.000 7.12e-08 7.12e-08   0.0
        genblk1_6__muxf8_u (MUXF8_113)
                                         0.000    0.000 7.12e-08 7.12e-08   0.0
        genblk1_2__muxf7_lo (MUXF7_235)
                                         0.000    0.000 7.12e-08 7.12e-08   0.0
        genblk1_5__muxf7_lo (MUXF7_229)
                                         0.000    0.000 7.12e-08 7.12e-08   0.0
        genblk1_1__muxf8_u (MUXF8_118)
                                         0.000    0.000 7.12e-08 7.12e-08   0.0
        genblk1_6__muxf7_lo (MUXF7_227)
                                      2.15e-12    0.000 1.05e-07 1.05e-07   0.0
        t0 (invsbox_table0_14)        3.63e-09 4.60e-09 4.49e-06 4.50e-06   0.2
        genblk1_7__muxf7_lo (MUXF7_225)
                                         0.000    0.000 7.12e-08 7.12e-08   0.0
        genblk1_0__muxf7_hi (MUXF7_238)
                                      2.23e-12    0.000 1.05e-07 1.05e-07   0.0
        t1 (invsbox_table1_14)        2.74e-09 3.97e-09 4.04e-06 4.04e-06   0.2
        genblk1_3__muxf8_u (MUXF8_116)
                                      2.33e-12    0.000 1.05e-07 1.05e-07   0.0
        t2 (invsbox_table2_14)        3.98e-09 5.52e-09 4.65e-06 4.66e-06   0.2
        genblk1_1__muxf7_hi (MUXF7_236)
                                      2.23e-12    0.000 1.05e-07 1.05e-07   0.0
        genblk1_2__muxf7_hi (MUXF7_234)
                                      3.39e-12    0.000 1.05e-07 1.05e-07   0.0
        t3 (invsbox_table3_14)        4.35e-09 5.51e-09 3.60e-06 3.61e-06   0.2
        genblk1_5__muxf8_u (MUXF8_114)
                                         0.000    0.000 7.12e-08 7.12e-08   0.0
        genblk1_5__muxf7_hi (MUXF7_228)
                                      2.26e-12    0.000 1.05e-07 1.05e-07   0.0
        genblk1_7__muxf8_u (MUXF8_112)
                                         0.000    0.000 7.12e-08 7.12e-08   0.0
        genblk1_6__muxf7_hi (MUXF7_226)
                                      3.48e-12    0.000 1.05e-07 1.05e-07   0.0
        genblk1_3__muxf7_lo (MUXF7_233)
                                      2.11e-10 4.11e-11 8.69e-08 8.72e-08   0.0
        genblk1_7__muxf7_hi (MUXF7_224)
                                      1.73e-12    0.000 7.12e-08 7.12e-08   0.0
        genblk1_4__muxf7_lo (MUXF7_231)
                                      1.94e-12    0.000 1.05e-07 1.05e-07   0.0
        genblk1_0__muxf8_u (MUXF8_119)
                                         0.000    0.000 7.12e-08 7.12e-08   0.0
        genblk1_2__muxf8_u (MUXF8_117)
                                         0.000    0.000 7.12e-08 7.12e-08   0.0
      genblk1_9__InvSbox_u (InvSbox_6)
                                      1.49e-08 1.96e-08 1.88e-05 1.89e-05   0.9
        genblk1_4__muxf8_u (MUXF8_51)    0.000    0.000 7.12e-08 7.12e-08   0.0
        genblk1_3__muxf7_hi (MUXF7_104)
                                      3.50e-12    0.000 1.05e-07 1.05e-07   0.0
        genblk1_0__muxf7_lo (MUXF7_111)
                                      1.98e-12    0.000 7.12e-08 7.12e-08   0.0
        genblk1_4__muxf7_hi (MUXF7_102)
                                      2.25e-12    0.000 1.05e-07 1.05e-07   0.0
        genblk1_1__muxf7_lo (MUXF7_109)
                                      1.69e-12    0.000 7.12e-08 7.12e-08   0.0
        genblk1_6__muxf8_u (MUXF8_49)    0.000    0.000 7.12e-08 7.12e-08   0.0
        genblk1_2__muxf7_lo (MUXF7_107)
                                         0.000    0.000 7.12e-08 7.12e-08   0.0
        genblk1_5__muxf7_lo (MUXF7_101)
                                         0.000    0.000 7.12e-08 7.12e-08   0.0
        genblk1_1__muxf8_u (MUXF8_54)    0.000    0.000 7.12e-08 7.12e-08   0.0
        genblk1_6__muxf7_lo (MUXF7_99)
                                      2.15e-12    0.000 1.05e-07 1.05e-07   0.0
        t0 (invsbox_table0_6)         3.63e-09 4.60e-09 4.49e-06 4.50e-06   0.2
        genblk1_7__muxf7_lo (MUXF7_97)
                                         0.000    0.000 7.12e-08 7.12e-08   0.0
        genblk1_0__muxf7_hi (MUXF7_110)
                                      2.23e-12    0.000 1.05e-07 1.05e-07   0.0
        t1 (invsbox_table1_6)         2.74e-09 3.97e-09 4.04e-06 4.04e-06   0.2
        genblk1_3__muxf8_u (MUXF8_52) 2.33e-12    0.000 1.05e-07 1.05e-07   0.0
        t2 (invsbox_table2_6)         3.98e-09 5.52e-09 4.65e-06 4.66e-06   0.2
        genblk1_1__muxf7_hi (MUXF7_108)
                                      2.23e-12    0.000 1.05e-07 1.05e-07   0.0
        genblk1_2__muxf7_hi (MUXF7_106)
                                      3.39e-12    0.000 1.05e-07 1.05e-07   0.0
        t3 (invsbox_table3_6)         4.35e-09 5.51e-09 3.60e-06 3.61e-06   0.2
        genblk1_5__muxf8_u (MUXF8_50)    0.000    0.000 7.12e-08 7.12e-08   0.0
        genblk1_5__muxf7_hi (MUXF7_100)
                                      2.26e-12    0.000 1.05e-07 1.05e-07   0.0
        genblk1_7__muxf8_u (MUXF8_48)    0.000    0.000 7.12e-08 7.12e-08   0.0
        genblk1_6__muxf7_hi (MUXF7_98)
                                      3.48e-12    0.000 1.05e-07 1.05e-07   0.0
        genblk1_3__muxf7_lo (MUXF7_105)
                                      2.11e-10 4.11e-11 8.69e-08 8.72e-08   0.0
        genblk1_7__muxf7_hi (MUXF7_96)
                                      1.73e-12    0.000 7.12e-08 7.12e-08   0.0
        genblk1_4__muxf7_lo (MUXF7_103)
                                      1.94e-12    0.000 1.05e-07 1.05e-07   0.0
        genblk1_0__muxf8_u (MUXF8_55)    0.000    0.000 7.12e-08 7.12e-08   0.0
        genblk1_2__muxf8_u (MUXF8_53)    0.000    0.000 7.12e-08 7.12e-08   0.0
      genblk1_6__InvSbox_u (InvSbox_9)
                                      1.49e-08 1.96e-08 1.88e-05 1.89e-05   0.9
        genblk1_4__muxf8_u (MUXF8_75)    0.000    0.000 7.12e-08 7.12e-08   0.0
        genblk1_3__muxf7_hi (MUXF7_152)
                                      3.50e-12    0.000 1.05e-07 1.05e-07   0.0
        genblk1_0__muxf7_lo (MUXF7_159)
                                      1.98e-12    0.000 7.12e-08 7.12e-08   0.0
        genblk1_4__muxf7_hi (MUXF7_150)
                                      2.25e-12    0.000 1.05e-07 1.05e-07   0.0
        genblk1_1__muxf7_lo (MUXF7_157)
                                      1.69e-12    0.000 7.12e-08 7.12e-08   0.0
        genblk1_6__muxf8_u (MUXF8_73)    0.000    0.000 7.12e-08 7.12e-08   0.0
        genblk1_2__muxf7_lo (MUXF7_155)
                                         0.000    0.000 7.12e-08 7.12e-08   0.0
        genblk1_5__muxf7_lo (MUXF7_149)
                                         0.000    0.000 7.12e-08 7.12e-08   0.0
        genblk1_1__muxf8_u (MUXF8_78)    0.000    0.000 7.12e-08 7.12e-08   0.0
        genblk1_6__muxf7_lo (MUXF7_147)
                                      2.15e-12    0.000 1.05e-07 1.05e-07   0.0
        t0 (invsbox_table0_9)         3.63e-09 4.60e-09 4.49e-06 4.50e-06   0.2
        genblk1_7__muxf7_lo (MUXF7_145)
                                         0.000    0.000 7.12e-08 7.12e-08   0.0
        genblk1_0__muxf7_hi (MUXF7_158)
                                      2.23e-12    0.000 1.05e-07 1.05e-07   0.0
        t1 (invsbox_table1_9)         2.74e-09 3.97e-09 4.04e-06 4.04e-06   0.2
        genblk1_3__muxf8_u (MUXF8_76) 2.33e-12    0.000 1.05e-07 1.05e-07   0.0
        t2 (invsbox_table2_9)         3.98e-09 5.52e-09 4.65e-06 4.66e-06   0.2
        genblk1_1__muxf7_hi (MUXF7_156)
                                      2.23e-12    0.000 1.05e-07 1.05e-07   0.0
        genblk1_2__muxf7_hi (MUXF7_154)
                                      3.39e-12    0.000 1.05e-07 1.05e-07   0.0
        t3 (invsbox_table3_9)         4.35e-09 5.51e-09 3.60e-06 3.61e-06   0.2
        genblk1_5__muxf8_u (MUXF8_74)    0.000    0.000 7.12e-08 7.12e-08   0.0
        genblk1_5__muxf7_hi (MUXF7_148)
                                      2.26e-12    0.000 1.05e-07 1.05e-07   0.0
        genblk1_7__muxf8_u (MUXF8_72)    0.000    0.000 7.12e-08 7.12e-08   0.0
        genblk1_6__muxf7_hi (MUXF7_146)
                                      3.48e-12    0.000 1.05e-07 1.05e-07   0.0
        genblk1_3__muxf7_lo (MUXF7_153)
                                      2.11e-10 4.11e-11 8.69e-08 8.72e-08   0.0
        genblk1_7__muxf7_hi (MUXF7_144)
                                      1.73e-12    0.000 7.12e-08 7.12e-08   0.0
        genblk1_4__muxf7_lo (MUXF7_151)
                                      1.94e-12    0.000 1.05e-07 1.05e-07   0.0
        genblk1_0__muxf8_u (MUXF8_79)    0.000    0.000 7.12e-08 7.12e-08   0.0
        genblk1_2__muxf8_u (MUXF8_77)    0.000    0.000 7.12e-08 7.12e-08   0.0
      genblk1_14__InvSbox_u (InvSbox_1)
                                      1.49e-08 1.96e-08 1.88e-05 1.89e-05   0.9
        genblk1_4__muxf8_u (MUXF8_11)    0.000    0.000 7.12e-08 7.12e-08   0.0
        genblk1_3__muxf7_hi (MUXF7_24)
                                      3.50e-12    0.000 1.05e-07 1.05e-07   0.0
        genblk1_0__muxf7_lo (MUXF7_31)
                                      1.98e-12    0.000 7.12e-08 7.12e-08   0.0
        genblk1_4__muxf7_hi (MUXF7_22)
                                      2.25e-12    0.000 1.05e-07 1.05e-07   0.0
        genblk1_1__muxf7_lo (MUXF7_29)
                                      1.69e-12    0.000 7.12e-08 7.12e-08   0.0
        genblk1_6__muxf8_u (MUXF8_9)     0.000    0.000 7.12e-08 7.12e-08   0.0
        genblk1_2__muxf7_lo (MUXF7_27)
                                         0.000    0.000 7.12e-08 7.12e-08   0.0
        genblk1_5__muxf7_lo (MUXF7_21)
                                         0.000    0.000 7.12e-08 7.12e-08   0.0
        genblk1_1__muxf8_u (MUXF8_14)    0.000    0.000 7.12e-08 7.12e-08   0.0
        genblk1_6__muxf7_lo (MUXF7_19)
                                      2.15e-12    0.000 1.05e-07 1.05e-07   0.0
        t0 (invsbox_table0_1)         3.63e-09 4.60e-09 4.49e-06 4.50e-06   0.2
        genblk1_7__muxf7_lo (MUXF7_17)
                                         0.000    0.000 7.12e-08 7.12e-08   0.0
        genblk1_0__muxf7_hi (MUXF7_30)
                                      2.23e-12    0.000 1.05e-07 1.05e-07   0.0
        t1 (invsbox_table1_1)         2.74e-09 3.97e-09 4.04e-06 4.04e-06   0.2
        genblk1_3__muxf8_u (MUXF8_12) 2.33e-12    0.000 1.05e-07 1.05e-07   0.0
        t2 (invsbox_table2_1)         3.98e-09 5.52e-09 4.65e-06 4.66e-06   0.2
        genblk1_1__muxf7_hi (MUXF7_28)
                                      2.23e-12    0.000 1.05e-07 1.05e-07   0.0
        genblk1_2__muxf7_hi (MUXF7_26)
                                      3.39e-12    0.000 1.05e-07 1.05e-07   0.0
        t3 (invsbox_table3_1)         4.35e-09 5.51e-09 3.60e-06 3.61e-06   0.2
        genblk1_5__muxf8_u (MUXF8_10)    0.000    0.000 7.12e-08 7.12e-08   0.0
        genblk1_5__muxf7_hi (MUXF7_20)
                                      2.26e-12    0.000 1.05e-07 1.05e-07   0.0
        genblk1_7__muxf8_u (MUXF8_8)     0.000    0.000 7.12e-08 7.12e-08   0.0
        genblk1_6__muxf7_hi (MUXF7_18)
                                      3.48e-12    0.000 1.05e-07 1.05e-07   0.0
        genblk1_3__muxf7_lo (MUXF7_25)
                                      2.11e-10 4.11e-11 8.69e-08 8.72e-08   0.0
        genblk1_7__muxf7_hi (MUXF7_16)
                                      1.73e-12    0.000 7.12e-08 7.12e-08   0.0
        genblk1_4__muxf7_lo (MUXF7_23)
                                      1.94e-12    0.000 1.05e-07 1.05e-07   0.0
        genblk1_0__muxf8_u (MUXF8_15)    0.000    0.000 7.12e-08 7.12e-08   0.0
        genblk1_2__muxf8_u (MUXF8_13)    0.000    0.000 7.12e-08 7.12e-08   0.0
      genblk1_3__InvSbox_u (InvSbox_12)
                                      1.49e-08 1.96e-08 1.88e-05 1.89e-05   0.9
        genblk1_4__muxf8_u (MUXF8_99)    0.000    0.000 7.12e-08 7.12e-08   0.0
        genblk1_3__muxf7_hi (MUXF7_200)
                                      3.50e-12    0.000 1.05e-07 1.05e-07   0.0
        genblk1_0__muxf7_lo (MUXF7_207)
                                      1.98e-12    0.000 7.12e-08 7.12e-08   0.0
        genblk1_4__muxf7_hi (MUXF7_198)
                                      2.25e-12    0.000 1.05e-07 1.05e-07   0.0
        genblk1_1__muxf7_lo (MUXF7_205)
                                      1.69e-12    0.000 7.12e-08 7.12e-08   0.0
        genblk1_6__muxf8_u (MUXF8_97)    0.000    0.000 7.12e-08 7.12e-08   0.0
        genblk1_2__muxf7_lo (MUXF7_203)
                                         0.000    0.000 7.12e-08 7.12e-08   0.0
        genblk1_5__muxf7_lo (MUXF7_197)
                                         0.000    0.000 7.12e-08 7.12e-08   0.0
        genblk1_1__muxf8_u (MUXF8_102)
                                         0.000    0.000 7.12e-08 7.12e-08   0.0
        genblk1_6__muxf7_lo (MUXF7_195)
                                      2.15e-12    0.000 1.05e-07 1.05e-07   0.0
        t0 (invsbox_table0_12)        3.63e-09 4.60e-09 4.49e-06 4.50e-06   0.2
        genblk1_7__muxf7_lo (MUXF7_193)
                                         0.000    0.000 7.12e-08 7.12e-08   0.0
        genblk1_0__muxf7_hi (MUXF7_206)
                                      2.23e-12    0.000 1.05e-07 1.05e-07   0.0
        t1 (invsbox_table1_12)        2.74e-09 3.97e-09 4.04e-06 4.04e-06   0.2
        genblk1_3__muxf8_u (MUXF8_100)
                                      2.33e-12    0.000 1.05e-07 1.05e-07   0.0
        t2 (invsbox_table2_12)        3.98e-09 5.52e-09 4.65e-06 4.66e-06   0.2
        genblk1_1__muxf7_hi (MUXF7_204)
                                      2.23e-12    0.000 1.05e-07 1.05e-07   0.0
        genblk1_2__muxf7_hi (MUXF7_202)
                                      3.39e-12    0.000 1.05e-07 1.05e-07   0.0
        t3 (invsbox_table3_12)        4.35e-09 5.51e-09 3.60e-06 3.61e-06   0.2
        genblk1_5__muxf8_u (MUXF8_98)    0.000    0.000 7.12e-08 7.12e-08   0.0
        genblk1_5__muxf7_hi (MUXF7_196)
                                      2.26e-12    0.000 1.05e-07 1.05e-07   0.0
        genblk1_7__muxf8_u (MUXF8_96)    0.000    0.000 7.12e-08 7.12e-08   0.0
        genblk1_6__muxf7_hi (MUXF7_194)
                                      3.48e-12    0.000 1.05e-07 1.05e-07   0.0
        genblk1_3__muxf7_lo (MUXF7_201)
                                      2.11e-10 4.11e-11 8.69e-08 8.72e-08   0.0
        genblk1_7__muxf7_hi (MUXF7_192)
                                      1.73e-12    0.000 7.12e-08 7.12e-08   0.0
        genblk1_4__muxf7_lo (MUXF7_199)
                                      1.94e-12    0.000 1.05e-07 1.05e-07   0.0
        genblk1_0__muxf8_u (MUXF8_103)
                                         0.000    0.000 7.12e-08 7.12e-08   0.0
        genblk1_2__muxf8_u (MUXF8_101)
                                         0.000    0.000 7.12e-08 7.12e-08   0.0
      genblk1_11__InvSbox_u (InvSbox_4)
                                      1.49e-08 1.96e-08 1.88e-05 1.89e-05   0.9
        genblk1_4__muxf8_u (MUXF8_35)    0.000    0.000 7.12e-08 7.12e-08   0.0
        genblk1_3__muxf7_hi (MUXF7_72)
                                      3.50e-12    0.000 1.05e-07 1.05e-07   0.0
        genblk1_0__muxf7_lo (MUXF7_79)
                                      1.98e-12    0.000 7.12e-08 7.12e-08   0.0
        genblk1_4__muxf7_hi (MUXF7_70)
                                      2.25e-12    0.000 1.05e-07 1.05e-07   0.0
        genblk1_1__muxf7_lo (MUXF7_77)
                                      1.69e-12    0.000 7.12e-08 7.12e-08   0.0
        genblk1_6__muxf8_u (MUXF8_33)    0.000    0.000 7.12e-08 7.12e-08   0.0
        genblk1_2__muxf7_lo (MUXF7_75)
                                         0.000    0.000 7.12e-08 7.12e-08   0.0
        genblk1_5__muxf7_lo (MUXF7_69)
                                         0.000    0.000 7.12e-08 7.12e-08   0.0
        genblk1_1__muxf8_u (MUXF8_38)    0.000    0.000 7.12e-08 7.12e-08   0.0
        genblk1_6__muxf7_lo (MUXF7_67)
                                      2.15e-12    0.000 1.05e-07 1.05e-07   0.0
        t0 (invsbox_table0_4)         3.63e-09 4.60e-09 4.49e-06 4.50e-06   0.2
        genblk1_7__muxf7_lo (MUXF7_65)
                                         0.000    0.000 7.12e-08 7.12e-08   0.0
        genblk1_0__muxf7_hi (MUXF7_78)
                                      2.23e-12    0.000 1.05e-07 1.05e-07   0.0
        t1 (invsbox_table1_4)         2.74e-09 3.97e-09 4.04e-06 4.04e-06   0.2
        genblk1_3__muxf8_u (MUXF8_36) 2.33e-12    0.000 1.05e-07 1.05e-07   0.0
        t2 (invsbox_table2_4)         3.98e-09 5.52e-09 4.65e-06 4.66e-06   0.2
        genblk1_1__muxf7_hi (MUXF7_76)
                                      2.23e-12    0.000 1.05e-07 1.05e-07   0.0
        genblk1_2__muxf7_hi (MUXF7_74)
                                      3.39e-12    0.000 1.05e-07 1.05e-07   0.0
        t3 (invsbox_table3_4)         4.35e-09 5.51e-09 3.60e-06 3.61e-06   0.2
        genblk1_5__muxf8_u (MUXF8_34)    0.000    0.000 7.12e-08 7.12e-08   0.0
        genblk1_5__muxf7_hi (MUXF7_68)
                                      2.26e-12    0.000 1.05e-07 1.05e-07   0.0
        genblk1_7__muxf8_u (MUXF8_32)    0.000    0.000 7.12e-08 7.12e-08   0.0
        genblk1_6__muxf7_hi (MUXF7_66)
                                      3.48e-12    0.000 1.05e-07 1.05e-07   0.0
        genblk1_3__muxf7_lo (MUXF7_73)
                                      2.11e-10 4.11e-11 8.69e-08 8.72e-08   0.0
        genblk1_7__muxf7_hi (MUXF7_64)
                                      1.73e-12    0.000 7.12e-08 7.12e-08   0.0
        genblk1_4__muxf7_lo (MUXF7_71)
                                      1.94e-12    0.000 1.05e-07 1.05e-07   0.0
        genblk1_0__muxf8_u (MUXF8_39)    0.000    0.000 7.12e-08 7.12e-08   0.0
        genblk1_2__muxf8_u (MUXF8_37)    0.000    0.000 7.12e-08 7.12e-08   0.0
      genblk1_0__InvSbox_u (InvSbox_15)
                                      1.49e-08 1.96e-08 1.88e-05 1.89e-05   0.9
        genblk1_4__muxf8_u (MUXF8_123)
                                         0.000    0.000 7.12e-08 7.12e-08   0.0
        genblk1_3__muxf7_hi (MUXF7_248)
                                      3.50e-12    0.000 1.05e-07 1.05e-07   0.0
        genblk1_0__muxf7_lo (MUXF7_255)
                                      1.98e-12    0.000 7.12e-08 7.12e-08   0.0
        genblk1_4__muxf7_hi (MUXF7_246)
                                      2.25e-12    0.000 1.05e-07 1.05e-07   0.0
        genblk1_1__muxf7_lo (MUXF7_253)
                                      1.69e-12    0.000 7.12e-08 7.12e-08   0.0
        genblk1_6__muxf8_u (MUXF8_121)
                                         0.000    0.000 7.12e-08 7.12e-08   0.0
        genblk1_2__muxf7_lo (MUXF7_251)
                                         0.000    0.000 7.12e-08 7.12e-08   0.0
        genblk1_5__muxf7_lo (MUXF7_245)
                                         0.000    0.000 7.12e-08 7.12e-08   0.0
        genblk1_1__muxf8_u (MUXF8_126)
                                         0.000    0.000 7.12e-08 7.12e-08   0.0
        genblk1_6__muxf7_lo (MUXF7_243)
                                      2.15e-12    0.000 1.05e-07 1.05e-07   0.0
        t0 (invsbox_table0_15)        3.63e-09 4.60e-09 4.49e-06 4.50e-06   0.2
        genblk1_7__muxf7_lo (MUXF7_241)
                                         0.000    0.000 7.12e-08 7.12e-08   0.0
        genblk1_0__muxf7_hi (MUXF7_254)
                                      2.23e-12    0.000 1.05e-07 1.05e-07   0.0
        t1 (invsbox_table1_15)        2.74e-09 3.97e-09 4.06e-06 4.06e-06   0.2
        genblk1_3__muxf8_u (MUXF8_124)
                                      2.33e-12    0.000 1.05e-07 1.05e-07   0.0
        t2 (invsbox_table2_15)        3.98e-09 5.52e-09 4.65e-06 4.66e-06   0.2
        genblk1_1__muxf7_hi (MUXF7_252)
                                      2.23e-12    0.000 1.05e-07 1.05e-07   0.0
        genblk1_2__muxf7_hi (MUXF7_250)
                                      3.39e-12    0.000 1.05e-07 1.05e-07   0.0
        t3 (invsbox_table3_15)        4.35e-09 5.51e-09 3.58e-06 3.59e-06   0.2
        genblk1_5__muxf8_u (MUXF8_122)
                                         0.000    0.000 7.12e-08 7.12e-08   0.0
        genblk1_5__muxf7_hi (MUXF7_244)
                                      2.26e-12    0.000 1.05e-07 1.05e-07   0.0
        genblk1_7__muxf8_u (MUXF8_120)
                                         0.000    0.000 7.12e-08 7.12e-08   0.0
        genblk1_6__muxf7_hi (MUXF7_242)
                                      3.48e-12    0.000 1.05e-07 1.05e-07   0.0
        genblk1_3__muxf7_lo (MUXF7_249)
                                      2.11e-10 4.11e-11 8.69e-08 8.72e-08   0.0
        genblk1_7__muxf7_hi (MUXF7_240)
                                      1.73e-12    0.000 7.12e-08 7.12e-08   0.0
        genblk1_4__muxf7_lo (MUXF7_247)
                                      1.94e-12    0.000 1.05e-07 1.05e-07   0.0
        genblk1_0__muxf8_u (MUXF8_127)
                                         0.000    0.000 7.12e-08 7.12e-08   0.0
        genblk1_2__muxf8_u (MUXF8_125)
                                         0.000    0.000 7.12e-08 7.12e-08   0.0
      genblk1_8__InvSbox_u (InvSbox_7)
                                      1.49e-08 1.96e-08 1.88e-05 1.89e-05   0.9
        genblk1_4__muxf8_u (MUXF8_59)    0.000    0.000 7.12e-08 7.12e-08   0.0
        genblk1_3__muxf7_hi (MUXF7_120)
                                      3.50e-12    0.000 1.05e-07 1.05e-07   0.0
        genblk1_0__muxf7_lo (MUXF7_127)
                                      1.98e-12    0.000 7.12e-08 7.12e-08   0.0
        genblk1_4__muxf7_hi (MUXF7_118)
                                      2.25e-12    0.000 1.05e-07 1.05e-07   0.0
        genblk1_1__muxf7_lo (MUXF7_125)
                                      1.69e-12    0.000 7.12e-08 7.12e-08   0.0
        genblk1_6__muxf8_u (MUXF8_57)    0.000    0.000 7.12e-08 7.12e-08   0.0
        genblk1_2__muxf7_lo (MUXF7_123)
                                         0.000    0.000 7.12e-08 7.12e-08   0.0
        genblk1_5__muxf7_lo (MUXF7_117)
                                         0.000    0.000 7.12e-08 7.12e-08   0.0
        genblk1_1__muxf8_u (MUXF8_62)    0.000    0.000 7.12e-08 7.12e-08   0.0
        genblk1_6__muxf7_lo (MUXF7_115)
                                      2.15e-12    0.000 1.05e-07 1.05e-07   0.0
        t0 (invsbox_table0_7)         3.63e-09 4.60e-09 4.49e-06 4.50e-06   0.2
        genblk1_7__muxf7_lo (MUXF7_113)
                                         0.000    0.000 7.12e-08 7.12e-08   0.0
        genblk1_0__muxf7_hi (MUXF7_126)
                                      2.23e-12    0.000 1.05e-07 1.05e-07   0.0
        t1 (invsbox_table1_7)         2.74e-09 3.97e-09 4.04e-06 4.04e-06   0.2
        genblk1_3__muxf8_u (MUXF8_60) 2.33e-12    0.000 1.05e-07 1.05e-07   0.0
        t2 (invsbox_table2_7)         3.98e-09 5.52e-09 4.65e-06 4.66e-06   0.2
        genblk1_1__muxf7_hi (MUXF7_124)
                                      2.23e-12    0.000 1.05e-07 1.05e-07   0.0
        genblk1_2__muxf7_hi (MUXF7_122)
                                      3.39e-12    0.000 1.05e-07 1.05e-07   0.0
        t3 (invsbox_table3_7)         4.35e-09 5.51e-09 3.60e-06 3.61e-06   0.2
        genblk1_5__muxf8_u (MUXF8_58)    0.000    0.000 7.12e-08 7.12e-08   0.0
        genblk1_5__muxf7_hi (MUXF7_116)
                                      2.26e-12    0.000 1.05e-07 1.05e-07   0.0
        genblk1_7__muxf8_u (MUXF8_56)    0.000    0.000 7.12e-08 7.12e-08   0.0
        genblk1_6__muxf7_hi (MUXF7_114)
                                      3.48e-12    0.000 1.05e-07 1.05e-07   0.0
        genblk1_3__muxf7_lo (MUXF7_121)
                                      2.11e-10 4.11e-11 8.69e-08 8.72e-08   0.0
        genblk1_7__muxf7_hi (MUXF7_112)
                                      1.73e-12    0.000 7.12e-08 7.12e-08   0.0
        genblk1_4__muxf7_lo (MUXF7_119)
                                      1.94e-12    0.000 1.05e-07 1.05e-07   0.0
        genblk1_0__muxf8_u (MUXF8_63)    0.000    0.000 7.12e-08 7.12e-08   0.0
        genblk1_2__muxf8_u (MUXF8_61)    0.000    0.000 7.12e-08 7.12e-08   0.0
    InvAddRoundKey_u (InvAddRoundKey)    0.000    0.000 2.43e-05 2.43e-05   1.1
    InvMixColumns_u (InvMixColumns)      0.000    0.000 1.07e-04 1.07e-04   4.8
      genblk1_3__i_mixcol_u (InvMixCol_slice_0)
                                         0.000    0.000 2.67e-05 2.67e-05   1.2
        gfmul_inv_u0 (gfmul_inv_3)       0.000    0.000 3.11e-06 3.11e-06   0.1
        gfmul_inv_u1 (gfmul_inv_2)       0.000    0.000 3.11e-06 3.11e-06   0.1
        gfmul_inv_u2 (gfmul_inv_1)       0.000    0.000 3.11e-06 3.11e-06   0.1
        gfmul_inv_u3 (gfmul_inv_0)       0.000    0.000 3.11e-06 3.11e-06   0.1
      genblk1_2__i_mixcol_u (InvMixCol_slice_1)
                                         0.000    0.000 2.67e-05 2.67e-05   1.2
        gfmul_inv_u0 (gfmul_inv_7)       0.000    0.000 3.11e-06 3.11e-06   0.1
        gfmul_inv_u1 (gfmul_inv_6)       0.000    0.000 3.11e-06 3.11e-06   0.1
        gfmul_inv_u2 (gfmul_inv_5)       0.000    0.000 3.11e-06 3.11e-06   0.1
        gfmul_inv_u3 (gfmul_inv_4)       0.000    0.000 3.11e-06 3.11e-06   0.1
      genblk1_1__i_mixcol_u (InvMixCol_slice_2)
                                         0.000    0.000 2.67e-05 2.67e-05   1.2
        gfmul_inv_u0 (gfmul_inv_11)      0.000    0.000 3.11e-06 3.11e-06   0.1
        gfmul_inv_u1 (gfmul_inv_10)      0.000    0.000 3.11e-06 3.11e-06   0.1
        gfmul_inv_u2 (gfmul_inv_9)       0.000    0.000 3.11e-06 3.11e-06   0.1
        gfmul_inv_u3 (gfmul_inv_8)       0.000    0.000 3.11e-06 3.11e-06   0.1
      genblk1_0__i_mixcol_u (InvMixCol_slice_3)
                                         0.000    0.000 2.67e-05 2.67e-05   1.2
        gfmul_inv_u0 (gfmul_inv_15)      0.000    0.000 3.11e-06 3.11e-06   0.1
        gfmul_inv_u1 (gfmul_inv_14)      0.000    0.000 3.11e-06 3.11e-06   0.1
        gfmul_inv_u2 (gfmul_inv_13)      0.000    0.000 3.11e-06 3.11e-06   0.1
        gfmul_inv_u3 (gfmul_inv_12)      0.000    0.000 3.11e-06 3.11e-06   0.1
    InvShiftRows_u (InvShiftRows)        0.000    0.000 6.57e-06 6.57e-06   0.3
1
