****************************************
Report : Averaged Power
	-hierarchy
Design : spiMaster
Version: V-2023.12
Date   : Mon Jun 22 17:51:35 2026
****************************************



                                      Int      Switch   Leak     Total
Hierarchy                             Power    Power    Power    Power    %
----------------------------------------------------------------------------------
spiMaster                             1.56e-03 2.20e-04 2.93e-03 4.72e-03 100.0
  u_ctrlStsRegBI (ctrlStsRegBI)       1.84e-05 2.95e-06 2.85e-05 4.98e-05   1.1
  u_spiMasterWishBoneBI (spiMasterWishBoneBI)
                                      6.82e-07 1.70e-07 6.64e-07 1.52e-06   0.0
  u_initSD (initSD)                   2.98e-05 2.95e-06 4.92e-05 8.19e-05   1.7
  u_sm_rxFifo (sm_RxFifo_FIFO_DEPTH512_ADDR_WIDTH9)
                                      7.22e-04 7.07e-05 1.38e-03 2.17e-03  46.0
    u_sm_RxfifoBI (sm_RxfifoBI)       1.34e-06 3.74e-07 2.10e-06 3.82e-06   0.1
    u_sm_fifo (sm_fifoRTL_FIFO_WIDTH8_FIFO_DEPTH512_ADDR_WIDTH9_0)
                                      7.21e-04 7.03e-05 1.38e-03 2.17e-03  45.9
      u_sm_dpMem_dc (sm_dpMem_dc_FIFO_WIDTH8_FIFO_DEPTH512_ADDR_WIDTH9_0)
                                      7.10e-04 6.90e-05 1.36e-03 2.14e-03  45.3
  u_readWriteSDBlock (readWriteSDBlock)
                                      2.19e-05 1.98e-06 4.61e-05 6.99e-05   1.5
  u_spiTxRxData (spiTxRxData)         3.03e-06 3.55e-09 5.49e-06 8.52e-06   0.2
  u_sendCmd (sendCmd)                 1.55e-05 1.40e-06 2.90e-05 4.59e-05   1.0
  u_spiCtrl (spiCtrl)                 2.87e-06 1.34e-08 5.22e-06 8.11e-06   0.2
  u_readWriteSPIWireData (readWriteSPIWireData)
                                      7.41e-06 5.27e-07 1.30e-05 2.09e-05   0.4
  u_sm_txFifo (sm_TxFifo_FIFO_DEPTH512_ADDR_WIDTH9)
                                      7.41e-04 1.38e-04 1.38e-03 2.26e-03  47.8
    u_sm_TxfifoBI (sm_TxfifoBI)       1.09e-06 5.67e-09 1.62e-06 2.71e-06   0.1
    u_sm_fifo (sm_fifoRTL_FIFO_WIDTH8_FIFO_DEPTH512_ADDR_WIDTH9_1)
                                      7.39e-04 1.38e-04 1.38e-03 2.25e-03  47.8
      u_sm_dpMem_dc (sm_dpMem_dc_FIFO_WIDTH8_FIFO_DEPTH512_ADDR_WIDTH9_1)
                                      7.29e-04 1.37e-04 1.36e-03 2.22e-03  47.1
1
