****************************************
Report : Averaged Power
	-hierarchy
Design : M3CPU8
Version: V-2023.12
Date   : Mon Jun 22 17:51:16 2026
****************************************



                                      Int      Switch   Leak     Total
Hierarchy                             Power    Power    Power    Power    %
----------------------------------------------------------------------------------
M3CPU8                                2.10e-06 3.29e-07 2.38e-05 2.62e-05 100.0
  UUT1 (PC)                           1.63e-07 9.63e-09 1.22e-06 1.39e-06   5.3
  UUT2 (MAR)                          1.89e-07 8.00e-09 1.29e-06 1.48e-06   5.7
  UUT3 (SRAM)                         1.28e-08 9.25e-09 5.56e-07 5.78e-07   2.2
  UUT4 (IR)                           3.36e-07 3.23e-09 2.82e-06 3.16e-06  12.1
  UUT5 (ADDR_ROM)                     1.51e-09 1.16e-09 2.45e-07 2.48e-07   0.9
  UUT6 (MICRO_PROG_COUNTER)           3.17e-07 5.97e-08 1.87e-06 2.24e-06   8.6
  UUT7 (MICROCODE_ROM)                2.67e-08 2.27e-08 6.49e-07 6.99e-07   2.7
  UUT8 (NANO_PROG_COUNTER)            1.36e-08 2.37e-08 2.03e-07 2.41e-07   0.9
  UUT9 (NANOCODE_ROM)                 3.80e-08 2.50e-08 6.34e-07 6.97e-07   2.7
  UUT10 (NANOCODE_DECODER)            2.90e-08 4.32e-08 8.68e-07 9.40e-07   3.6
  UUT11 (ACC)                         3.12e-07 5.30e-10 2.87e-06 3.18e-06  12.2
  UUT12 (BREG)                        3.24e-07 2.84e-09 2.99e-06 3.31e-06  12.6
  UUT13 (ALU)                         3.31e-09 2.71e-09 3.42e-06 3.43e-06  13.1
  UUT14 (OREG)                        2.94e-07 5.19e-10 2.88e-06 3.17e-06  12.1
1
