****************************************
Report : Averaged Power
	-hierarchy
Design : sip_rxaui_top
Version: V-2023.12
Date   : Mon Jun 22 17:17:54 2026
****************************************



                                      Int      Switch   Leak     Total
Hierarchy                             Power    Power    Power    Power    %
----------------------------------------------------------------------------------
sip_rxaui_top                         3.54e-08 6.24e-09 2.61e-04 2.61e-04 100.0
  sip_rxaui_clk_reset (sip_rxaui_clk_reset)
                                      2.87e-08 3.90e-09 7.13e-06 7.16e-06   2.7
    txclk_in1_reset (sip_reset_sync_0)
                                      5.02e-09 7.80e-10 1.09e-06 1.10e-06   0.4
    xpcs_tx_clk_mux0 (sip_clk_mux_0)     0.000    0.000 7.62e-08 7.62e-08   0.0
    rx_clk_div2 (sip_clock_divider_by_2_1)
                                         0.000    0.000 7.37e-07 7.37e-07   0.3
      sip_clock_divider_by_2_glue (sip_clock_divider_by_2_glue_1)
                                         0.000    0.000 2.17e-07 2.17e-07   0.1
      clock_divider (sip_clock_divider_1)
                                         0.000    0.000 5.20e-07 5.20e-07   0.2
    rx_clk_reset (sip_reset_sync_4)   5.02e-09 7.80e-10 1.09e-06 1.10e-06   0.4
    rx_clk_mux0 (sip_clk_mux_2)          0.000    0.000 7.62e-08 7.62e-08   0.0
    tx_clk_reset (sip_reset_sync_2)   5.02e-09 7.80e-10 1.09e-06 1.10e-06   0.4
    txclk_in0_reset (sip_reset_sync_1)
                                      5.02e-09 7.80e-10 1.06e-06 1.06e-06   0.4
    rx_clk_mux1 (sip_clk_mux_1)          0.000    0.000 7.62e-08 7.62e-08   0.0
    rx_clk_div2_reset (sip_reset_sync_3)
                                      8.60e-09 7.80e-10 1.09e-06 1.10e-06   0.4
    tx_clk_div2 (sip_clock_divider_by_2_0)
                                         0.000    0.000 7.37e-07 7.37e-07   0.3
      sip_clock_divider_by_2_glue (sip_clock_divider_by_2_glue_0)
                                         0.000    0.000 2.17e-07 2.17e-07   0.1
      clock_divider (sip_clock_divider_0)
                                         0.000    0.000 5.20e-07 5.20e-07   0.2
  sip_rxaui_rx_top (sip_rxaui_rx_top) 6.66e-09 2.34e-09 1.48e-04 1.48e-04  56.6
    sip_rxaui_rx_glue (sip_rxaui_rx_glue)
                                      2.55e-10    0.000 1.16e-05 1.16e-05   4.5
    xpcs_comma_detect (sip_xpcs_comma_detect)
                                      6.40e-09 2.34e-09 3.89e-05 3.89e-05  14.9
      cd_sync (sip_xpcs_cd_sync)      4.55e-09 1.60e-09 1.22e-06 1.22e-06   0.5
      cd_ssm (sip_xpcs_cd_ssm)        1.22e-10 6.91e-11 1.54e-06 1.54e-06   0.6
      cd_mux (sip_xpcs_cd_mux)        2.15e-10 2.56e-10 1.50e-05 1.50e-05   5.7
      cd_7bit (sip_xpcs_cd_7bit)      5.69e-11    0.000 1.76e-05 1.76e-05   6.7
      cd_10bit (sip_xpcs_cd_10bit)    1.46e-09 4.12e-10 3.47e-06 3.47e-06   1.3
    sip_phase_sync_fifo_fast_2_slow (sip_phase_sync_fifo_fast_2_slow)
                                         0.000    0.000 8.74e-05 8.74e-05  33.4
    sip_rxaui_aa_detection (sip_rxaui_aa_detection)
                                         0.000    0.000 9.95e-06 9.95e-06   3.8
  sip_rxaui_tx_top (sip_rxaui_tx_top)    0.000    0.000 1.06e-04 1.06e-04  40.6
    sip_phase_sync_fifo_slow_2_fast_1 (sip_phase_sync_fifo_slow_2_fast_0)
                                         0.000    0.000 5.21e-05 5.21e-05  19.9
    sip_rxaui_tx_glue (sip_rxaui_tx_glue)
                                         0.000    0.000 1.64e-06 1.64e-06   0.6
    sip_phase_sync_fifo_slow_2_fast_0 (sip_phase_sync_fifo_slow_2_fast_1)
                                         0.000    0.000 5.24e-05 5.24e-05  20.1
1
