Warning: No clock specified. 
	 PrimePower will derive a default switching activity of (0.1/ns) from the library time unit (1ns), 
	 because no clock is defined in the design. In order to calculate power accurately,
	 PrimePower needs to know what frequency your design works on. 
	 You can specify the frequency by defining one or more clocks. 
	 For designs without clocks, you can specify a virtual clock 
	 by using the command 
	 'create_clock -name virtual_clock_name -period your_design_period'. 

  (PWR-171)
****************************************
Report : Switching Activity
	
Design : wb_lcd
Version: V-2023.12
Date   : Mon Jun 22 17:17:51 2026
****************************************

 Switching Activity Overview Statistics for "wb_lcd"
----------------------------------------------------------------------------------------------------------------------------------------------------------------------------------------------
                  From Activity     From         From         From             From            From                                                            Not
Object Type       File (%)          SSA (%)      SSA Force (%) SSA Force (%)   SCA (%)         Clock (%)       Default (%)     Propagated(%)   Implied(%)      Annotated(%)  Total
                                                 Annotated    Implied                                                                                                        
----------------------------------------------------------------------------------------------------------------------------------------------------------------------------------------------
 Nets             114(4.85%)        0(0.00%)     0(0.00%)     0(0.00%)         0(0.00%)        0(0.00%)        13(0.55%)       0(0.00%)        76(3.23%)       2148(91.37%)  2351
----------------------------------------------------------------------------------------------------------------------------------------------------------------------------------------------
Nets Driven by
----------------------------------------------------------------------------------------------------------------------------------------------------------------------------------------------
Primary Input     73(100.00%)       0(0.00%)     0(0.00%)     0(0.00%)         0(0.00%)        0(0.00%)        0(0.00%)        0(0.00%)        0(0.00%)        0(0.00%)      73
Tri-State         0(0%)             0(0%)        0(0%)        0(0%)            0(0%)           0(0%)           0(0%)           0(0%)           0(0%)           0(0%)         0
Black Box         0(0%)             0(0%)        0(0%)        0(0%)            0(0%)           0(0%)           0(0%)           0(0%)           0(0%)           0(0%)         0
Sequential        3(0.47%)          0(0.00%)     0(0.00%)     0(0.00%)         0(0.00%)        0(0.00%)        0(0.00%)        0(0.00%)        0(0.00%)        636(99.53%)   639
Combinational     38(2.32%)         0(0.00%)     0(0.00%)     0(0.00%)         0(0.00%)        0(0.00%)        13(0.79%)       0(0.00%)        76(4.64%)       1512(92.25%)  1639
Memory            0(0%)             0(0%)        0(0%)        0(0%)            0(0%)           0(0%)           0(0%)           0(0%)           0(0%)           0(0%)         0
Clock Gate        0(0%)             0(0%)        0(0%)        0(0%)            0(0%)           0(0%)           0(0%)           0(0%)           0(0%)           0(0%)         0
----------------------------------------------------------------------------------------------------------------------------------------------------------------------------------------------
 Static Probability Overview Statistics for "wb_lcd"
----------------------------------------------------------------------------------------------------------------------------------------------------------------------------------------------
                  From Activity     From         From         From             From            From                                                            Not
Object Type       File (%)          SSA (%)      SSA Force (%) SSA Force (%)   SCA (%)         Clock (%)       Default (%)     Propagated(%)   Implied(%)      Annotated(%)  Total
                                                 Annotated    Implied                                                                                                        
----------------------------------------------------------------------------------------------------------------------------------------------------------------------------------------------
 Nets             114(4.85%)        0(0.00%)     0(0.00%)     0(0.00%)         0(0.00%)        0(0.00%)        13(0.55%)       0(0.00%)        76(3.23%)       2148(91.37%)  2351
----------------------------------------------------------------------------------------------------------------------------------------------------------------------------------------------
Nets Driven by
----------------------------------------------------------------------------------------------------------------------------------------------------------------------------------------------
Primary Input     73(100.00%)       0(0.00%)     0(0.00%)     0(0.00%)         0(0.00%)        0(0.00%)        0(0.00%)        0(0.00%)        0(0.00%)        0(0.00%)      73
Tri-State         0(0%)             0(0%)        0(0%)        0(0%)            0(0%)           0(0%)           0(0%)           0(0%)           0(0%)           0(0%)         0
Black Box         0(0%)             0(0%)        0(0%)        0(0%)            0(0%)           0(0%)           0(0%)           0(0%)           0(0%)           0(0%)         0
Sequential        3(0.47%)          0(0.00%)     0(0.00%)     0(0.00%)         0(0.00%)        0(0.00%)        0(0.00%)        0(0.00%)        0(0.00%)        636(99.53%)   639
Combinational     38(2.32%)         0(0.00%)     0(0.00%)     0(0.00%)         0(0.00%)        0(0.00%)        13(0.79%)       0(0.00%)        76(4.64%)       1512(92.25%)  1639
Memory            0(0%)             0(0%)        0(0%)        0(0%)            0(0%)           0(0%)           0(0%)           0(0%)           0(0%)           0(0%)         0
Clock Gate        0(0%)             0(0%)        0(0%)        0(0%)            0(0%)           0(0%)           0(0%)           0(0%)           0(0%)           0(0%)         0
----------------------------------------------------------------------------------------------------------------------------------------------------------------------------------------------
1
