****************************************
Report : Averaged Power
	-hierarchy
Design : i2c_system_top
Version: V-2023.12
Date   : Mon Jun 22 17:47:47 2026
****************************************



                                      Int      Switch   Leak     Total
Hierarchy                             Power    Power    Power    Power    %
----------------------------------------------------------------------------------
i2c_system_top                        4.83e-05 6.61e-06 7.61e-05 1.31e-04 100.0
  u_i2c_slave (i2cSlaveTop)           2.16e-05 1.97e-06 4.13e-05 6.48e-05  49.5
    u_i2cSlave (i2cSlave)             2.16e-05 1.97e-06 4.13e-05 6.48e-05  49.5
      u_registerInterface (registerInterface)
                                      6.89e-06 5.89e-07 1.31e-05 2.06e-05  15.7
      u_serialInterface (serialInterface)
                                      7.60e-06 7.10e-07 1.65e-05 2.48e-05  18.9
  u_i2c_master (i2c_master_top_0)     2.67e-05 4.64e-06 3.38e-05 6.51e-05  49.7
    byte_controller (i2c_master_byte_ctrl)
                                      1.31e-05 1.29e-06 2.03e-05 3.46e-05  26.5
      bit_controller (i2c_master_bit_ctrl)
                                      8.70e-06 8.34e-07 1.37e-05 2.32e-05  17.7
1
