****************************************
Report : Averaged Power
	-hierarchy
Design : M3CPU8
Version: V-2023.12
Date   : Mon Jun 22 17:50:05 2026
****************************************



                                      Int      Switch   Leak     Total
Hierarchy                             Power    Power    Power    Power    %
----------------------------------------------------------------------------------
M3CPU8                                3.54e-06 2.81e-07 2.44e-05 2.83e-05 100.0
  UUT1 (PC)                           4.83e-07 4.33e-08 1.40e-06 1.93e-06   6.8
  UUT2 (MAR)                          2.63e-07 2.02e-10 1.37e-06 1.63e-06   5.8
  UUT3 (SRAM)                         9.60e-11 1.87e-10 5.70e-07 5.70e-07   2.0
  UUT4 (IR)                           5.97e-07 2.52e-10 3.08e-06 3.68e-06  13.0
  UUT5 (ADDR_ROM)                     1.14e-11 1.93e-10 1.72e-07 1.73e-07   0.6
  UUT6 (MICRO_PROG_COUNTER)           3.48e-07 1.38e-09 1.87e-06 2.22e-06   7.9
  UUT7 (MICROCODE_ROM)                1.45e-09 1.07e-09 4.81e-07 4.83e-07   1.7
  UUT8 (NANO_PROG_COUNTER)               0.000    0.000 2.05e-07 2.05e-07   0.7
  UUT9 (NANOCODE_ROM)                 1.73e-11 2.05e-10 6.39e-07 6.39e-07   2.3
  UUT10 (NANOCODE_DECODER)               0.000    0.000 8.73e-07 8.73e-07   3.1
  UUT11 (ACC)                         5.93e-07 8.71e-10 3.43e-06 4.03e-06  14.2
  UUT12 (BREG)                        5.91e-07 4.54e-10 3.11e-06 3.70e-06  13.1
  UUT13 (ALU)                         5.75e-09 2.57e-09 3.40e-06 3.41e-06  12.1
  UUT14 (OREG)                        5.92e-07 4.54e-10 2.99e-06 3.58e-06  12.7
1
