****************************************
Report : Averaged Power
	-hierarchy
Design : PID
Version: V-2023.12
Date   : Mon Jun 22 16:53:27 2026
****************************************



                                      Int      Switch   Leak     Total
Hierarchy                             Power    Power    Power    Power    %
----------------------------------------------------------------------------------
PID                                   8.22e-05 3.11e-05 1.71e-04 2.84e-04 100.0
  adder_32bit_0 (adder_32bit_1)       4.10e-06 1.96e-06 1.29e-05 1.90e-05   6.7
    operator_B_stage_1_13 (operator_B_85)
                                      2.64e-08 1.27e-08 1.09e-07 1.48e-07   0.1
    operator_B_stage_1_14 (operator_B_84)
                                      2.65e-08 1.28e-08 1.10e-07 1.49e-07   0.1
    operator_B_stage_1_15 (operator_B_83)
                                      2.41e-08 7.02e-09 1.10e-07 1.41e-07   0.0
    operator_A_10 (operator_A_53)     3.14e-08 2.50e-08 1.19e-07 1.75e-07   0.1
    operator_A_11 (operator_A_52)     2.70e-08 2.28e-08 1.20e-07 1.70e-07   0.1
    operator_A_12 (operator_A_51)     2.82e-08 2.19e-08 1.18e-07 1.69e-07   0.1
    operator_A_13 (operator_A_50)     3.34e-08 2.85e-08 1.20e-07 1.82e-07   0.1
    operator_A_14 (operator_A_49)     3.09e-08 2.39e-08 1.20e-07 1.75e-07   0.1
    operator_A_15 (operator_A_48)     2.83e-08 2.44e-08 1.19e-07 1.72e-07   0.1
    operator_A_16 (operator_A_47)     2.84e-08 2.23e-08 1.19e-07 1.69e-07   0.1
    operator_A_17 (operator_A_46)     3.44e-08 3.13e-08 1.18e-07 1.83e-07   0.1
    operator_A_18 (operator_A_45)     2.36e-08 1.87e-08 1.18e-07 1.61e-07   0.1
    operator_A_19 (operator_A_44)     2.78e-08 2.41e-08 1.18e-07 1.70e-07   0.1
    operator_B_stage_4_8 (operator_B_56)
                                      2.46e-08 4.73e-09 8.41e-08 1.13e-07   0.0
    operator_B_stage_4_9 (operator_B_55)
                                      2.43e-08 4.67e-09 8.26e-08 1.12e-07   0.0
    operator_B_stage_3_4 (operator_B_68)
                                      2.95e-08 1.04e-08 8.67e-08 1.27e-07   0.0
    operator_B_stage_3_5 (operator_B_67)
                                      2.79e-08 9.86e-09 8.62e-08 1.24e-07   0.0
    operator_B_stage_3_6 (operator_B_66)
                                      2.67e-08 9.45e-09 8.81e-08 1.24e-07   0.0
    operator_B_stage_3_7 (operator_B_65)
                                      2.72e-08 9.65e-09 8.95e-08 1.26e-07   0.0
    operator_B_stage_3_8 (operator_B_64)
                                      2.63e-08 9.58e-09 8.66e-08 1.22e-07   0.0
    operator_B_stage_3_9 (operator_B_63)
                                      2.60e-08 9.38e-09 8.46e-08 1.20e-07   0.0
    operator_B_stage_4_10 (operator_B_54)
                                      2.26e-08 4.34e-09 8.49e-08 1.12e-07   0.0
    operator_B_stage_4_11 (operator_B_53)
                                      2.51e-08 4.81e-09 8.82e-08 1.18e-07   0.0
    operator_B_stage_4_12 (operator_B_52)
                                      2.13e-08 4.08e-09 7.62e-08 1.02e-07   0.0
    operator_A_20 (operator_A_43)     2.74e-08 2.08e-08 1.20e-07 1.68e-07   0.1
    operator_B_stage_4_13 (operator_B_51)
                                      1.18e-08 2.24e-09 6.99e-08 8.39e-08   0.0
    operator_A_21 (operator_A_42)     1.31e-08 1.03e-08 1.22e-07 1.45e-07   0.1
    operator_B_stage_4_14 (operator_B_50)
                                      8.24e-09 1.56e-09 6.81e-08 7.79e-08   0.0
    operator_A_22 (operator_A_41)     4.22e-08 3.20e-08 1.20e-07 1.94e-07   0.1
    operator_B_stage_4_15 (operator_B_49)
                                      5.74e-09 1.06e-09 6.73e-08 7.41e-08   0.0
    operator_A_23 (operator_A_40)     2.80e-08 2.57e-08 1.16e-07 1.70e-07   0.1
    operator_A_24 (operator_A_39)     1.42e-08 1.35e-08 1.11e-07 1.38e-07   0.0
    operator_A_25 (operator_A_38)     1.38e-08 1.52e-08 1.11e-07 1.40e-07   0.0
    operator_A_26 (operator_A_37)     1.39e-08 1.31e-08 1.11e-07 1.38e-07   0.0
    operator_B_stage_2_2 (operator_B_82)
                                      3.79e-08 1.41e-08 9.74e-08 1.49e-07   0.1
    operator_A_27 (operator_A_36)     1.43e-08 1.58e-08 1.11e-07 1.41e-07   0.0
    operator_C_stage_6_10 (operator_C_37)
                                      1.40e-08 5.77e-09 7.59e-08 9.57e-08   0.0
    operator_B_stage_2_3 (operator_B_81)
                                      3.65e-08 1.35e-08 9.79e-08 1.48e-07   0.1
    operator_A_28 (operator_A_35)     1.33e-08 1.27e-08 1.12e-07 1.38e-07   0.0
    operator_C_stage_6_11 (operator_C_36)
                                      2.51e-08 9.74e-09 6.79e-08 1.03e-07   0.0
    operator_B_stage_2_4 (operator_B_80)
                                      3.88e-08 1.68e-08 9.73e-08 1.53e-07   0.1
    operator_A_29 (operator_A_34)     1.35e-08 1.48e-08 1.10e-07 1.38e-07   0.0
    operator_C_stage_6_12 (operator_C_35)
                                      1.52e-08 5.88e-09 6.14e-08 8.24e-08   0.0
    operator_B_stage_2_5 (operator_B_79)
                                      3.59e-08 1.55e-08 9.70e-08 1.48e-07   0.1
    operator_C_stage_6_13 (operator_C_34)
                                      9.21e-09 3.45e-09 5.95e-08 7.21e-08   0.0
    operator_B_stage_2_6 (operator_B_78)
                                      3.33e-08 1.45e-08 9.83e-08 1.46e-07   0.1
    operator_C_stage_6_14 (operator_C_33)
                                      6.09e-09 2.23e-09 5.89e-08 6.72e-08   0.0
    operator_B_stage_2_7 (operator_B_77)
                                      3.55e-08 1.54e-08 9.92e-08 1.50e-07   0.1
    operator_C_stage_6_15 (operator_C_32)
                                      4.72e-09    0.000 5.87e-08 6.35e-08   0.0
    operator_B_stage_2_8 (operator_B_76)
                                      3.42e-08 1.46e-08 9.75e-08 1.46e-07   0.1
    operator_B_stage_2_9 (operator_B_75)
                                      3.50e-08 1.52e-08 9.69e-08 1.47e-07   0.1
    operator_B_stage_1_1 (operator_B_97)
                                      4.14e-08 1.59e-08 1.10e-07 1.68e-07   0.1
    operator_C_stage_6_0 (operator_C_47)
                                      1.91e-08 7.27e-09 7.07e-08 9.71e-08   0.0
    operator_B_stage_1_2 (operator_B_96)
                                      4.31e-08 2.13e-08 1.12e-07 1.76e-07   0.1
    operator_C_stage_6_1 (operator_C_46)
                                      2.29e-08 8.88e-09 6.85e-08 1.00e-07   0.0
    operator_B_stage_1_3 (operator_B_95)
                                      4.39e-08 2.17e-08 1.12e-07 1.77e-07   0.1
    operator_C_stage_6_2 (operator_C_45)
                                      2.53e-08 9.93e-09 6.92e-08 1.04e-07   0.0
    operator_B_stage_1_4 (operator_B_94)
                                      4.59e-08 2.27e-08 1.13e-07 1.81e-07   0.1
    operator_C_stage_6_3 (operator_C_44)
                                      2.45e-08 9.53e-09 6.76e-08 1.02e-07   0.0
    operator_B_stage_1_5 (operator_B_93)
                                      4.35e-08 2.15e-08 1.12e-07 1.77e-07   0.1
    operator_C_stage_6_4 (operator_C_43)
                                      2.38e-08 9.30e-09 6.76e-08 1.01e-07   0.0
    operator_B_stage_1_6 (operator_B_92)
                                      3.68e-08 1.82e-08 1.12e-07 1.67e-07   0.1
    operator_C_stage_6_5 (operator_C_42)
                                      2.35e-08 9.30e-09 6.99e-08 1.03e-07   0.0
    operator_B_stage_1_7 (operator_B_91)
                                      4.37e-08 2.17e-08 1.13e-07 1.79e-07   0.1
    operator_C_stage_6_6 (operator_C_41)
                                      2.42e-08 9.45e-09 7.02e-08 1.04e-07   0.0
    operator_B_stage_1_8 (operator_B_90)
                                      4.02e-08 1.99e-08 1.13e-07 1.73e-07   0.1
    operator_A_30 (operator_A_33)     1.43e-08 1.35e-08 1.12e-07 1.40e-07   0.0
    operator_C_stage_6_7 (operator_C_40)
                                      2.36e-08 9.29e-09 6.96e-08 1.03e-07   0.0
    operator_B_stage_1_9 (operator_B_89)
                                      4.21e-08 2.10e-08 1.12e-07 1.76e-07   0.1
    operator_A_0 (operator_A_63)      2.92e-08 1.87e-08 1.20e-07 1.67e-07   0.1
    operator_A_31 (operator_A_32)     1.44e-08 1.14e-08 1.10e-07 1.36e-07   0.0
    operator_C_stage_6_8 (operator_C_39)
                                      2.59e-08 1.00e-08 6.77e-08 1.04e-07   0.0
    operator_A_1 (operator_A_62)      3.08e-08 2.67e-08 1.19e-07 1.76e-07   0.1
    operator_C_stage_6_9 (operator_C_38)
                                      2.22e-08 8.68e-09 6.82e-08 9.90e-08   0.0
    operator_A_2 (operator_A_61)      2.89e-08 2.31e-08 1.17e-07 1.69e-07   0.1
    operator_A_3 (operator_A_60)      2.99e-08 2.62e-08 1.18e-07 1.74e-07   0.1
    operator_A_4 (operator_A_59)      3.03e-08 2.40e-08 1.19e-07 1.73e-07   0.1
    operator_B_stage_3_10 (operator_B_62)
                                      2.37e-08 8.60e-09 8.85e-08 1.21e-07   0.0
    operator_A_5 (operator_A_58)      3.00e-08 2.62e-08 1.20e-07 1.76e-07   0.1
    operator_B_stage_3_11 (operator_B_61)
                                      2.61e-08 9.57e-09 9.35e-08 1.29e-07   0.0
    operator_A_6 (operator_A_57)      3.02e-08 2.41e-08 1.18e-07 1.72e-07   0.1
    operator_B_stage_3_12 (operator_B_60)
                                      2.26e-08 4.52e-09 7.89e-08 1.06e-07   0.0
    operator_A_7 (operator_A_56)      3.05e-08 2.66e-08 1.17e-07 1.74e-07   0.1
    operator_B_stage_3_13 (operator_B_59)
                                      1.35e-08 2.77e-09 7.33e-08 8.95e-08   0.0
    operator_A_8 (operator_A_55)      3.29e-08 2.62e-08 1.19e-07 1.78e-07   0.1
    operator_B_stage_3_14 (operator_B_58)
                                      9.83e-09 2.07e-09 7.48e-08 8.67e-08   0.0
    operator_A_9 (operator_A_54)      2.92e-08 2.58e-08 1.18e-07 1.73e-07   0.1
    operator_B_stage_3_15 (operator_B_57)
                                      7.74e-09 1.79e-09 7.60e-08 8.55e-08   0.0
    operator_C_stage_5_10 (operator_C_53)
                                      2.42e-08 1.20e-08 6.17e-08 9.79e-08   0.0
    operator_C_stage_5_11 (operator_C_52)
                                      2.69e-08 1.32e-08 6.53e-08 1.05e-07   0.0
    operator_C_stage_5_12 (operator_C_51)
                                      2.25e-08 1.12e-08 5.42e-08 8.80e-08   0.0
    operator_C_stage_5_13 (operator_C_50)
                                      1.24e-08 6.17e-09 4.87e-08 6.72e-08   0.0
    operator_C_stage_5_8 (operator_C_55)
                                      2.56e-08 1.30e-08 5.73e-08 9.59e-08   0.0
    operator_C_stage_5_14 (operator_C_49)
                                      8.58e-09 4.29e-09 4.73e-08 6.02e-08   0.0
    operator_C_stage_5_9 (operator_C_54)
                                      2.58e-08 1.29e-08 5.86e-08 9.72e-08   0.0
    operator_C_stage_5_15 (operator_C_48)
                                      5.87e-09 2.91e-09 4.67e-08 5.55e-08   0.0
    operator_C_stage_4_4 (operator_C_59)
                                      2.87e-08 1.90e-08 5.68e-08 1.05e-07   0.0
    operator_C_stage_4_5 (operator_C_58)
                                      2.76e-08 1.80e-08 5.90e-08 1.05e-07   0.0
    operator_C_stage_4_6 (operator_C_57)
                                      2.64e-08 1.71e-08 6.10e-08 1.05e-07   0.0
    operator_C_stage_4_7 (operator_C_56)
                                      2.79e-08 1.80e-08 6.21e-08 1.08e-07   0.0
    operator_B_stage_2_10 (operator_B_74)
                                      3.14e-08 1.37e-08 9.99e-08 1.45e-07   0.1
    operator_B_stage_2_11 (operator_B_73)
                                      3.17e-08 1.35e-08 9.97e-08 1.45e-07   0.1
    operator_B_stage_2_12 (operator_B_72)
                                      2.91e-08 1.22e-08 8.89e-08 1.30e-07   0.0
    operator_C_stage_3_2 (operator_C_61)
                                      2.73e-08 2.26e-08 5.78e-08 1.08e-07   0.0
    operator_B_stage_2_13 (operator_B_71)
                                      2.00e-08 9.21e-09 9.09e-08 1.20e-07   0.0
    operator_C_stage_3_3 (operator_C_60)
                                      2.77e-08 2.28e-08 6.04e-08 1.11e-07   0.0
    operator_B_stage_2_14 (operator_B_70)
                                      1.93e-08 5.35e-09 9.19e-08 1.16e-07   0.0
    operator_B_stage_2_15 (operator_B_69)
                                      1.88e-08 5.21e-09 9.23e-08 1.16e-07   0.0
    operator_C_stage_2_1 (operator_C_62)
                                      2.22e-08 2.25e-08 6.21e-08 1.07e-07   0.0
    operator_C_stage_1_0 (operator_C_63)
                                      1.35e-08 1.57e-08 7.29e-08 1.02e-07   0.0
    operator_B_stage_1_10 (operator_B_88)
                                      3.57e-08 1.78e-08 1.13e-07 1.67e-07   0.1
    operator_B_stage_1_11 (operator_B_87)
                                      3.80e-08 1.78e-08 1.11e-07 1.67e-07   0.1
    operator_B_stage_1_12 (operator_B_86)
                                      3.31e-08 1.62e-08 1.08e-07 1.57e-07   0.1
  multiplier_16x16bit_pipelined (multiplier_16x16bit_pipelined)
                                      2.00e-05 6.46e-06 7.54e-05 1.02e-04  35.9
    partial_product_gen_0 (partial_product_gen_7)
                                         0.000    0.000 1.98e-06 1.98e-06   0.7
    partial_product_gen_1 (partial_product_gen_6)
                                         0.000    0.000 1.82e-06 1.82e-06   0.6
    partial_product_gen_2 (partial_product_gen_5)
                                         0.000    0.000 1.82e-06 1.82e-06   0.6
    partial_product_gen_3 (partial_product_gen_4)
                                         0.000    0.000 1.82e-06 1.82e-06   0.6
    partial_product_gen_4 (partial_product_gen_3)
                                         0.000    0.000 1.98e-06 1.98e-06   0.7
    partial_product_gen_5 (partial_product_gen_2)
                                         0.000    0.000 1.98e-06 1.98e-06   0.7
    partial_product_gen_6 (partial_product_gen_1)
                                         0.000    0.000 1.98e-06 1.98e-06   0.7
    partial_product_gen_7 (partial_product_gen_0)
                                         0.000    0.000 1.98e-06 1.98e-06   0.7
    layer_3_full_adder_10 (full_adder_10)
                                         0.000    0.000 1.42e-07 1.42e-07   0.0
    layer_3_full_adder_11 (full_adder_9)
                                         0.000    0.000 1.42e-07 1.42e-07   0.0
    layer_3_full_adder_12 (full_adder_8)
                                         0.000    0.000 1.42e-07 1.42e-07   0.0
    layer_4_full_adder_0 (full_adder_6)
                                         0.000    0.000 1.42e-07 1.42e-07   0.0
    layer_3_full_adder_13 (full_adder_7)
                                         0.000    0.000 1.42e-07 1.42e-07   0.0
    layer_4_full_adder_1 (full_adder_5)
                                         0.000    0.000 1.42e-07 1.42e-07   0.0
    layer_4_full_adder_2 (full_adder_4)
                                         0.000    0.000 1.42e-07 1.42e-07   0.0
    layer_4_full_adder_3 (full_adder_3)
                                         0.000    0.000 1.42e-07 1.42e-07   0.0
    layer_4_full_adder_4 (full_adder_2)
                                         0.000    0.000 1.42e-07 1.42e-07   0.0
    layer_4_full_adder_5 (full_adder_1)
                                         0.000    0.000 1.42e-07 1.42e-07   0.0
    layer_4_full_adder_6 (full_adder_0)
                                         0.000    0.000 1.42e-07 1.42e-07   0.0
    layer_4_half_adder_0 (half_adder_16)
                                         0.000    0.000 1.08e-07 1.08e-07   0.0
    layer_4_half_adder_1 (half_adder_15)
                                         0.000    0.000 1.08e-07 1.08e-07   0.0
    layer_4_half_adder_2 (half_adder_14)
                                         0.000    0.000 1.08e-07 1.08e-07   0.0
    layer_4_half_adder_3 (half_adder_13)
                                         0.000    0.000 1.08e-07 1.08e-07   0.0
    layer_4_half_adder_4 (half_adder_12)
                                         0.000    0.000 1.08e-07 1.08e-07   0.0
    layer_4_half_adder_5 (half_adder_11)
                                         0.000    0.000 1.08e-07 1.08e-07   0.0
    layer_4_half_adder_6 (half_adder_10)
                                         0.000    0.000 1.08e-07 1.08e-07   0.0
    layer_4_half_adder_7 (half_adder_9)
                                         0.000    0.000 1.08e-07 1.08e-07   0.0
    layer_1_compressor42_0 (compressor42_24)
                                         0.000    0.000 3.51e-07 3.51e-07   0.1
    layer_4_half_adder_8 (half_adder_8)
                                         0.000    0.000 1.08e-07 1.08e-07   0.0
    layer_1_compressor42_1 (compressor42_23)
                                         0.000    0.000 3.51e-07 3.51e-07   0.1
    layer_4_half_adder_9 (half_adder_7)
                                         0.000    0.000 1.08e-07 1.08e-07   0.0
    layer_1_compressor42_2 (compressor42_22)
                                         0.000    0.000 3.51e-07 3.51e-07   0.1
    layer_1_compressor42_3 (compressor42_21)
                                         0.000    0.000 3.51e-07 3.51e-07   0.1
    layer_1_compressor42_4 (compressor42_20)
                                         0.000    0.000 3.51e-07 3.51e-07   0.1
    layer_1_compressor42_5 (compressor42_19)
                                         0.000    0.000 3.51e-07 3.51e-07   0.1
    layer_1_compressor42_6 (compressor42_18)
                                         0.000    0.000 3.51e-07 3.51e-07   0.1
    layer_1_compressor42_7 (compressor42_17)
                                         0.000    0.000 3.51e-07 3.51e-07   0.1
    layer_1_compressor42_8 (compressor42_16)
                                         0.000    0.000 3.51e-07 3.51e-07   0.1
    layer_1_compressor42_9 (compressor42_15)
                                         0.000    0.000 4.28e-07 4.28e-07   0.2
    layer_2_compressor42_0 (compressor42_7)
                                         0.000    0.000 3.51e-07 3.51e-07   0.1
    layer_2_compressor42_1 (compressor42_6)
                                         0.000    0.000 3.51e-07 3.51e-07   0.1
    layer_2_compressor42_2 (compressor42_5)
                                         0.000    0.000 3.51e-07 3.51e-07   0.1
    layer_2_compressor42_3 (compressor42_4)
                                         0.000    0.000 3.51e-07 3.51e-07   0.1
    layer_2_compressor42_4 (compressor42_3)
                                         0.000    0.000 4.34e-07 4.34e-07   0.2
    layer_2_compressor42_5 (compressor42_2)
                                         0.000    0.000 3.76e-07 3.76e-07   0.1
    layer_2_compressor42_6 (compressor42_1)
                                         0.000    0.000 4.34e-07 4.34e-07   0.2
    layer_2_compressor42_7 (compressor42_0)
                                         0.000    0.000 3.04e-07 3.04e-07   0.1
    layer_3_full_adder_0 (full_adder_20)
                                         0.000    0.000 1.42e-07 1.42e-07   0.0
    layer_3_full_adder_1 (full_adder_19)
                                         0.000    0.000 1.42e-07 1.42e-07   0.0
    layer_3_full_adder_2 (full_adder_18)
                                         0.000    0.000 1.42e-07 1.42e-07   0.0
    layer_3_full_adder_3 (full_adder_17)
                                         0.000    0.000 1.42e-07 1.42e-07   0.0
    layer_3_full_adder_4 (full_adder_16)
                                         0.000    0.000 1.42e-07 1.42e-07   0.0
    layer_1_compressor42_10 (compressor42_14)
                                         0.000    0.000 3.51e-07 3.51e-07   0.1
    layer_3_full_adder_5 (full_adder_15)
                                         0.000    0.000 1.42e-07 1.42e-07   0.0
    layer_1_compressor42_11 (compressor42_13)
                                         0.000    0.000 4.28e-07 4.28e-07   0.2
    layer_3_full_adder_6 (full_adder_14)
                                         0.000    0.000 1.42e-07 1.42e-07   0.0
    layer_1_compressor42_12 (compressor42_12)
                                         0.000    0.000 3.51e-07 3.51e-07   0.1
    layer_3_full_adder_7 (full_adder_13)
                                         0.000    0.000 1.42e-07 1.42e-07   0.0
    layer_1_compressor42_13 (compressor42_11)
                                         0.000    0.000 4.28e-07 4.28e-07   0.2
    layer_3_full_adder_8 (full_adder_12)
                                         0.000    0.000 1.42e-07 1.42e-07   0.0
    layer_1_compressor42_14 (compressor42_10)
                                         0.000    0.000 3.51e-07 3.51e-07   0.1
    layer_3_full_adder_9 (full_adder_11)
                                         0.000    0.000 1.42e-07 1.42e-07   0.0
    layer_1_compressor42_15 (compressor42_9)
                                         0.000    0.000 4.28e-07 4.28e-07   0.2
    layer_1_compressor42_16 (compressor42_8)
                                         0.000    0.000 3.04e-07 3.04e-07   0.1
    layer_4_half_adder_10 (half_adder_6)
                                         0.000    0.000 1.08e-07 1.08e-07   0.0
    layer_4_half_adder_11 (half_adder_5)
                                         0.000    0.000 1.08e-07 1.08e-07   0.0
    layer_4_half_adder_12 (half_adder_4)
                                         0.000    0.000 1.08e-07 1.08e-07   0.0
    layer_4_half_adder_13 (half_adder_3)
                                         0.000    0.000 1.08e-07 1.08e-07   0.0
    layer_4_half_adder_14 (half_adder_2)
                                         0.000    0.000 1.08e-07 1.08e-07   0.0
    layer_4_half_adder_15 (half_adder_1)
                                         0.000    0.000 1.08e-07 1.08e-07   0.0
    layer_4_half_adder_16 (half_adder_0)
                                         0.000    0.000 1.08e-07 1.08e-07   0.0
    booth_array_0 (booth_array)          0.000    0.000 1.76e-06 1.76e-06   0.6
      booth_radix4_6 (booth_radix4_1)    0.000    0.000 2.27e-07 2.27e-07   0.1
      booth_radix4_7 (booth_radix4_0)    0.000    0.000 2.27e-07 2.27e-07   0.1
      booth_radix4_0 (booth_radix4_7)    0.000    0.000 1.71e-07 1.71e-07   0.1
      booth_radix4_1 (booth_radix4_6)    0.000    0.000 2.27e-07 2.27e-07   0.1
      booth_radix4_2 (booth_radix4_5)    0.000    0.000 2.27e-07 2.27e-07   0.1
      booth_radix4_3 (booth_radix4_4)    0.000    0.000 2.27e-07 2.27e-07   0.1
      booth_radix4_4 (booth_radix4_3)    0.000    0.000 2.27e-07 2.27e-07   0.1
      booth_radix4_5 (booth_radix4_2)    0.000    0.000 2.27e-07 2.27e-07   0.1
    layer_2_full_adder_0 (full_adder_32)
                                         0.000    0.000 1.42e-07 1.42e-07   0.0
    layer_2_full_adder_1 (full_adder_31)
                                         0.000    0.000 1.42e-07 1.42e-07   0.0
    layer_2_full_adder_2 (full_adder_30)
                                         0.000    0.000 1.42e-07 1.42e-07   0.0
    layer_2_full_adder_3 (full_adder_29)
                                         0.000    0.000 1.42e-07 1.42e-07   0.0
    layer_2_full_adder_4 (full_adder_28)
                                         0.000    0.000 1.42e-07 1.42e-07   0.0
    layer_2_full_adder_5 (full_adder_27)
                                         0.000    0.000 1.39e-07 1.39e-07   0.0
    layer_2_full_adder_6 (full_adder_26)
                                         0.000    0.000 1.42e-07 1.42e-07   0.0
    layer_2_full_adder_7 (full_adder_25)
                                         0.000    0.000 1.39e-07 1.39e-07   0.0
    layer_2_full_adder_8 (full_adder_24)
                                         0.000    0.000 1.39e-07 1.39e-07   0.0
    layer_2_full_adder_9 (full_adder_23)
                                         0.000    0.000 1.39e-07 1.39e-07   0.0
    layer_1_full_adder_0 (full_adder_44)
                                         0.000    0.000 1.42e-07 1.42e-07   0.0
    layer_1_full_adder_1 (full_adder_43)
                                         0.000    0.000 1.42e-07 1.42e-07   0.0
    layer_1_full_adder_2 (full_adder_42)
                                         0.000    0.000 1.42e-07 1.42e-07   0.0
    layer_1_full_adder_3 (full_adder_41)
                                         0.000    0.000 1.42e-07 1.42e-07   0.0
    layer_1_full_adder_4 (full_adder_40)
                                         0.000    0.000 1.42e-07 1.42e-07   0.0
    layer_1_full_adder_5 (full_adder_39)
                                         0.000    0.000 1.42e-07 1.42e-07   0.0
    layer_1_full_adder_6 (full_adder_38)
                                         0.000    0.000 1.42e-07 1.42e-07   0.0
    layer_1_full_adder_7 (full_adder_37)
                                         0.000    0.000 1.34e-07 1.34e-07   0.0
    adder_32bit (adder_32bit_0)          0.000    0.000 1.16e-05 1.16e-05   4.1
      operator_B_stage_1_13 (operator_B_36)
                                         0.000    0.000 7.00e-08 7.00e-08   0.0
      operator_B_stage_1_14 (operator_B_35)
                                         0.000    0.000 7.00e-08 7.00e-08   0.0
      operator_B_stage_1_15 (operator_B_34)
                                         0.000    0.000 7.00e-08 7.00e-08   0.0
      operator_A_10 (operator_A_21)      0.000    0.000 1.08e-07 1.08e-07   0.0
      operator_A_11 (operator_A_20)      0.000    0.000 1.08e-07 1.08e-07   0.0
      operator_A_12 (operator_A_19)      0.000    0.000 1.08e-07 1.08e-07   0.0
      operator_A_13 (operator_A_18)      0.000    0.000 1.08e-07 1.08e-07   0.0
      operator_A_14 (operator_A_17)      0.000    0.000 1.08e-07 1.08e-07   0.0
      operator_A_15 (operator_A_16)      0.000    0.000 1.08e-07 1.08e-07   0.0
      operator_A_16 (operator_A_15)      0.000    0.000 1.08e-07 1.08e-07   0.0
      operator_A_17 (operator_A_14)      0.000    0.000 1.08e-07 1.08e-07   0.0
      operator_A_18 (operator_A_13)      0.000    0.000 1.08e-07 1.08e-07   0.0
      operator_A_19 (operator_A_12)      0.000    0.000 1.08e-07 1.08e-07   0.0
      operator_B_stage_4_8 (operator_B_7)
                                         0.000    0.000 8.31e-08 8.31e-08   0.0
      operator_B_stage_4_9 (operator_B_6)
                                         0.000    0.000 8.31e-08 8.31e-08   0.0
      operator_B_stage_3_4 (operator_B_19)
                                         0.000    0.000 8.31e-08 8.31e-08   0.0
      operator_B_stage_3_5 (operator_B_18)
                                         0.000    0.000 8.31e-08 8.31e-08   0.0
      operator_B_stage_3_6 (operator_B_17)
                                         0.000    0.000 8.31e-08 8.31e-08   0.0
      operator_B_stage_3_7 (operator_B_16)
                                         0.000    0.000 8.31e-08 8.31e-08   0.0
      operator_B_stage_3_8 (operator_B_15)
                                         0.000    0.000 8.31e-08 8.31e-08   0.0
      operator_B_stage_3_9 (operator_B_14)
                                         0.000    0.000 8.31e-08 8.31e-08   0.0
      operator_B_stage_4_10 (operator_B_5)
                                         0.000    0.000 8.31e-08 8.31e-08   0.0
      operator_B_stage_4_11 (operator_B_4)
                                         0.000    0.000 8.31e-08 8.31e-08   0.0
      operator_B_stage_4_12 (operator_B_3)
                                         0.000    0.000 8.31e-08 8.31e-08   0.0
      operator_A_20 (operator_A_11)      0.000    0.000 1.08e-07 1.08e-07   0.0
      operator_B_stage_4_13 (operator_B_2)
                                         0.000    0.000 8.31e-08 8.31e-08   0.0
      operator_A_21 (operator_A_10)      0.000    0.000 1.08e-07 1.08e-07   0.0
      operator_B_stage_4_14 (operator_B_1)
                                         0.000    0.000 8.31e-08 8.31e-08   0.0
      operator_A_22 (operator_A_9)       0.000    0.000 1.08e-07 1.08e-07   0.0
      operator_B_stage_4_15 (operator_B_0)
                                         0.000    0.000 8.31e-08 8.31e-08   0.0
      operator_A_23 (operator_A_8)       0.000    0.000 1.08e-07 1.08e-07   0.0
      operator_A_24 (operator_A_7)       0.000    0.000 1.08e-07 1.08e-07   0.0
      operator_A_25 (operator_A_6)       0.000    0.000 4.99e-08 4.99e-08   0.0
      operator_A_26 (operator_A_5)       0.000    0.000 1.08e-07 1.08e-07   0.0
      operator_B_stage_2_2 (operator_B_33)
                                         0.000    0.000 7.00e-08 7.00e-08   0.0
      operator_A_27 (operator_A_4)       0.000    0.000 4.99e-08 4.99e-08   0.0
      operator_C_stage_6_10 (operator_C_5)
                                         0.000    0.000 6.30e-08 6.30e-08   0.0
      operator_B_stage_2_3 (operator_B_32)
                                         0.000    0.000 8.31e-08 8.31e-08   0.0
      operator_A_28 (operator_A_3)       0.000    0.000 1.08e-07 1.08e-07   0.0
      operator_C_stage_6_11 (operator_C_4)
                                         0.000    0.000 6.30e-08 6.30e-08   0.0
      operator_B_stage_2_4 (operator_B_31)
                                         0.000    0.000 8.31e-08 8.31e-08   0.0
      operator_A_29 (operator_A_2)       0.000    0.000 4.99e-08 4.99e-08   0.0
      operator_C_stage_6_12 (operator_C_3)
                                         0.000    0.000 2.01e-08 2.01e-08   0.0
      operator_B_stage_2_5 (operator_B_30)
                                         0.000    0.000 8.31e-08 8.31e-08   0.0
      operator_C_stage_6_13 (operator_C_2)
                                         0.000    0.000 2.01e-08 2.01e-08   0.0
      operator_B_stage_2_6 (operator_B_29)
                                         0.000    0.000 8.31e-08 8.31e-08   0.0
      operator_C_stage_6_14 (operator_C_1)
                                         0.000    0.000 2.01e-08 2.01e-08   0.0
      operator_B_stage_2_7 (operator_B_28)
                                         0.000    0.000 8.31e-08 8.31e-08   0.0
      operator_C_stage_6_15 (operator_C_0)
                                         0.000    0.000 2.01e-08 2.01e-08   0.0
      operator_B_stage_2_8 (operator_B_27)
                                         0.000    0.000 8.31e-08 8.31e-08   0.0
      operator_B_stage_2_9 (operator_B_26)
                                         0.000    0.000 8.31e-08 8.31e-08   0.0
      operator_B_stage_1_1 (operator_B_48)
                                         0.000    0.000 2.01e-08 2.01e-08   0.0
      operator_C_stage_6_0 (operator_C_15)
                                         0.000    0.000 2.01e-08 2.01e-08   0.0
      operator_B_stage_1_2 (operator_B_47)
                                         0.000    0.000 8.31e-08 8.31e-08   0.0
      operator_C_stage_6_1 (operator_C_14)
                                         0.000    0.000 6.30e-08 6.30e-08   0.0
      operator_B_stage_1_3 (operator_B_46)
                                         0.000    0.000 8.31e-08 8.31e-08   0.0
      operator_C_stage_6_2 (operator_C_13)
                                         0.000    0.000 6.30e-08 6.30e-08   0.0
      operator_B_stage_1_4 (operator_B_45)
                                         0.000    0.000 8.31e-08 8.31e-08   0.0
      operator_C_stage_6_3 (operator_C_12)
                                         0.000    0.000 6.30e-08 6.30e-08   0.0
      operator_B_stage_1_5 (operator_B_44)
                                         0.000    0.000 8.31e-08 8.31e-08   0.0
      operator_C_stage_6_4 (operator_C_11)
                                         0.000    0.000 6.30e-08 6.30e-08   0.0
      operator_B_stage_1_6 (operator_B_43)
                                         0.000    0.000 8.31e-08 8.31e-08   0.0
      operator_C_stage_6_5 (operator_C_10)
                                         0.000    0.000 6.30e-08 6.30e-08   0.0
      operator_B_stage_1_7 (operator_B_42)
                                         0.000    0.000 8.31e-08 8.31e-08   0.0
      operator_C_stage_6_6 (operator_C_9)
                                         0.000    0.000 6.30e-08 6.30e-08   0.0
      operator_B_stage_1_8 (operator_B_41)
                                         0.000    0.000 8.31e-08 8.31e-08   0.0
      operator_A_30 (operator_A_1)       0.000    0.000 1.08e-07 1.08e-07   0.0
      operator_C_stage_6_7 (operator_C_8)
                                         0.000    0.000 6.30e-08 6.30e-08   0.0
      operator_B_stage_1_9 (operator_B_40)
                                         0.000    0.000 8.31e-08 8.31e-08   0.0
      operator_A_0 (operator_A_31)       0.000    0.000 1.08e-07 1.08e-07   0.0
      operator_A_31 (operator_A_0)       0.000    0.000 4.99e-08 4.99e-08   0.0
      operator_C_stage_6_8 (operator_C_7)
                                         0.000    0.000 6.30e-08 6.30e-08   0.0
      operator_A_1 (operator_A_30)       0.000    0.000 4.99e-08 4.99e-08   0.0
      operator_C_stage_6_9 (operator_C_6)
                                         0.000    0.000 6.30e-08 6.30e-08   0.0
      operator_A_2 (operator_A_29)       0.000    0.000 4.99e-08 4.99e-08   0.0
      operator_A_3 (operator_A_28)       0.000    0.000 1.08e-07 1.08e-07   0.0
      operator_A_4 (operator_A_27)       0.000    0.000 1.08e-07 1.08e-07   0.0
      operator_B_stage_3_10 (operator_B_13)
                                         0.000    0.000 8.31e-08 8.31e-08   0.0
      operator_A_5 (operator_A_26)       0.000    0.000 1.08e-07 1.08e-07   0.0
      operator_B_stage_3_11 (operator_B_12)
                                         0.000    0.000 8.31e-08 8.31e-08   0.0
      operator_A_6 (operator_A_25)       0.000    0.000 1.08e-07 1.08e-07   0.0
      operator_B_stage_3_12 (operator_B_11)
                                         0.000    0.000 8.31e-08 8.31e-08   0.0
      operator_A_7 (operator_A_24)       0.000    0.000 1.08e-07 1.08e-07   0.0
      operator_B_stage_3_13 (operator_B_10)
                                         0.000    0.000 8.31e-08 8.31e-08   0.0
      operator_A_8 (operator_A_23)       0.000    0.000 1.08e-07 1.08e-07   0.0
      operator_B_stage_3_14 (operator_B_9)
                                         0.000    0.000 8.31e-08 8.31e-08   0.0
      operator_A_9 (operator_A_22)       0.000    0.000 1.08e-07 1.08e-07   0.0
      operator_B_stage_3_15 (operator_B_8)
                                         0.000    0.000 8.31e-08 8.31e-08   0.0
      operator_C_stage_5_10 (operator_C_21)
                                         0.000    0.000 6.30e-08 6.30e-08   0.0
      operator_C_stage_5_11 (operator_C_20)
                                         0.000    0.000 6.30e-08 6.30e-08   0.0
      operator_C_stage_5_12 (operator_C_19)
                                         0.000    0.000 6.30e-08 6.30e-08   0.0
      operator_C_stage_5_13 (operator_C_18)
                                         0.000    0.000 6.30e-08 6.30e-08   0.0
      operator_C_stage_5_8 (operator_C_23)
                                         0.000    0.000 6.30e-08 6.30e-08   0.0
      operator_C_stage_5_14 (operator_C_17)
                                         0.000    0.000 6.30e-08 6.30e-08   0.0
      operator_C_stage_5_9 (operator_C_22)
                                         0.000    0.000 6.30e-08 6.30e-08   0.0
      operator_C_stage_5_15 (operator_C_16)
                                         0.000    0.000 6.30e-08 6.30e-08   0.0
      operator_C_stage_4_4 (operator_C_27)
                                         0.000    0.000 6.30e-08 6.30e-08   0.0
      operator_C_stage_4_5 (operator_C_26)
                                         0.000    0.000 6.30e-08 6.30e-08   0.0
      operator_C_stage_4_6 (operator_C_25)
                                         0.000    0.000 6.30e-08 6.30e-08   0.0
      operator_C_stage_4_7 (operator_C_24)
                                         0.000    0.000 6.30e-08 6.30e-08   0.0
      operator_B_stage_2_10 (operator_B_25)
                                         0.000    0.000 8.31e-08 8.31e-08   0.0
      operator_B_stage_2_11 (operator_B_24)
                                         0.000    0.000 8.31e-08 8.31e-08   0.0
      operator_B_stage_2_12 (operator_B_23)
                                         0.000    0.000 8.31e-08 8.31e-08   0.0
      operator_C_stage_3_2 (operator_C_29)
                                         0.000    0.000 6.30e-08 6.30e-08   0.0
      operator_B_stage_2_13 (operator_B_22)
                                         0.000    0.000 8.31e-08 8.31e-08   0.0
      operator_C_stage_3_3 (operator_C_28)
                                         0.000    0.000 6.30e-08 6.30e-08   0.0
      operator_B_stage_2_14 (operator_B_21)
                                         0.000    0.000 8.31e-08 8.31e-08   0.0
      operator_B_stage_2_15 (operator_B_20)
                                         0.000    0.000 8.31e-08 8.31e-08   0.0
      operator_C_stage_2_1 (operator_C_30)
                                         0.000    0.000 2.01e-08 2.01e-08   0.0
      operator_C_stage_1_0 (operator_C_31)
                                         0.000    0.000 4.99e-08 4.99e-08   0.0
      operator_B_stage_1_10 (operator_B_39)
                                         0.000    0.000 8.31e-08 8.31e-08   0.0
      operator_B_stage_1_11 (operator_B_38)
                                         0.000    0.000 8.31e-08 8.31e-08   0.0
      operator_B_stage_1_12 (operator_B_37)
                                         0.000    0.000 8.31e-08 8.31e-08   0.0
    layer_1_full_adder_8 (full_adder_36)
                                         0.000    0.000 1.38e-07 1.38e-07   0.0
    layer_1_full_adder_9 (full_adder_35)
                                         0.000    0.000 1.42e-07 1.42e-07   0.0
    layer_2_full_adder_10 (full_adder_22)
                                         0.000    0.000 1.34e-07 1.34e-07   0.0
    layer_2_full_adder_11 (full_adder_21)
                                         0.000    0.000 1.39e-07 1.39e-07   0.0
    layer_1_full_adder_10 (full_adder_34)
                                         0.000    0.000 1.38e-07 1.38e-07   0.0
    layer_1_full_adder_11 (full_adder_33)
                                         0.000    0.000 1.34e-07 1.34e-07   0.0
1
