****************************************
Report : Averaged Power
	-hierarchy
Design : RS_dec
Version: V-2023.12
Date   : Mon Jun 22 16:53:07 2026
****************************************



                                      Int      Switch   Leak     Total
Hierarchy                             Power    Power    Power    Power    %
----------------------------------------------------------------------------------
RS_dec                                3.23e-03 3.22e-04 3.01e-03 6.57e-03 100.0
  transport_in2out_unit (transport_in2out)
                                      8.56e-06 1.09e-06 6.60e-06 1.63e-05   0.2
  out_stage_unit (out_stage)          1.01e-05 9.89e-07 6.83e-06 1.80e-05   0.3
  rom_instant_1 (GF_matrix_dec_5)     3.38e-07    0.000 3.27e-07 6.65e-07   0.0
  rom_instant_2 (GF_matrix_dec_4)     3.36e-07    0.000 2.92e-07 6.29e-07   0.0
  rom_instant_3 (GF_matrix_dec_3)     3.38e-07    0.000 3.27e-07 6.65e-07   0.0
  rom_instant_4 (GF_matrix_dec_2)     3.36e-07    0.000 2.92e-07 6.29e-07   0.0
  mem_out_1 (DP_RAM_address_width8_data_width8_num_words188_1)
                                      5.23e-04 5.06e-05 4.98e-04 1.07e-03  16.3
  mem_out_2 (DP_RAM_address_width8_data_width8_num_words188_0)
                                      5.23e-04 5.05e-05 4.98e-04 1.07e-03  16.3
  BM_lamda_unit (BM_lamda)            1.50e-04 1.52e-05 1.29e-04 2.94e-04   4.5
  power_rom_instant1 (GF_matrix_ascending_binary_4)
                                      3.38e-07    0.000 3.27e-07 6.65e-07   0.0
  power_rom_instant2 (GF_matrix_ascending_binary_3)
                                      3.38e-07    0.000 3.27e-07 6.65e-07   0.0
  power_rom_instant3 (GF_matrix_ascending_binary_2)
                                      3.38e-07    0.000 3.27e-07 6.65e-07   0.0
  power_rom_instant4 (GF_matrix_ascending_binary_1)
                                      3.38e-07    0.000 3.27e-07 6.65e-07   0.0
  error_correction_unit (error_correction)
                                      2.35e-04 2.24e-05 2.35e-04 4.92e-04   7.5
  lamda_roots_unit (lamda_roots)      1.33e-04 1.23e-05 1.22e-04 2.68e-04   4.1
  Omega_Phy_unit (Omega_Phy)          1.64e-04 1.53e-05 1.50e-04 3.29e-04   5.0
  input_syndromes_unit (input_syndromes)
                                      1.45e-03 1.47e-04 1.34e-03 2.94e-03  44.7
    mem_in_0 (DP_RAM_address_width8_data_width8_num_words205_1)
                                      5.71e-04 5.60e-05 5.44e-04 1.17e-03  17.8
    mem_in_1 (DP_RAM_address_width8_data_width8_num_words205_0)
                                      5.71e-04 5.59e-05 5.44e-04 1.17e-03  17.8
    unit0 (GF_mult_add_syndromes_1)   7.11e-05 7.26e-06 5.71e-05 1.35e-04   2.1
      rom_instant (GF_matrix_dec_1)   3.39e-07    0.000 3.72e-07 7.10e-07   0.0
    unit1 (GF_mult_add_syndromes_0)   7.12e-05 7.47e-06 5.71e-05 1.36e-04   2.1
      rom_instant (GF_matrix_dec_0)   3.39e-07    0.000 3.72e-07 7.11e-07   0.0
    rom_instant (GF_matrix_ascending_binary_0)
                                      3.38e-07    0.000 3.27e-07 6.65e-07   0.0
1
