****************************************
Report : Averaged Power
	-hierarchy
Design : cordic
Version: V-2023.12
Date   : Mon Jun 22 16:58:34 2026
****************************************



                                      Int      Switch   Leak     Total
Hierarchy                             Power    Power    Power    Power    %
----------------------------------------------------------------------------------
cordic                                3.65e-04 1.08e-04 4.23e-04 8.95e-04 100.0
  hhh_3__U (rotator_3_s00feb)         2.68e-05 7.81e-06 2.93e-05 6.40e-05   7.1
    x_shifter (signed_shifter_23)     1.27e-07 4.06e-08 7.35e-07 9.02e-07   0.1
    y_shifter (signed_shifter_22)     1.13e-07 3.45e-08 7.32e-07 8.80e-07   0.1
  hhh_7__U (rotator_7_s00100)         2.06e-05 6.37e-06 2.73e-05 5.43e-05   6.1
    x_shifter (signed_shifter_15)     5.94e-08 2.74e-08 5.80e-07 6.67e-07   0.1
    y_shifter (signed_shifter_14)     4.72e-08 2.14e-08 5.78e-07 6.47e-07   0.1
  hhh_10__U (rotator_10_s00020)       1.95e-05 6.37e-06 2.73e-05 5.32e-05   5.9
    x_shifter (signed_shifter_9)      1.94e-08 1.20e-08 4.60e-07 4.91e-07   0.1
    y_shifter (signed_shifter_8)      1.71e-08 1.23e-08 4.59e-07 4.89e-07   0.1
  hhh_14__U (rotator_14_s00002)       4.17e-05 6.45e-06 2.88e-05 7.69e-05   8.6
    x_shifter (signed_shifter_1)      2.83e-09 2.85e-09 3.00e-07 3.06e-07   0.0
    y_shifter (signed_shifter_0)      2.72e-09 2.64e-09 3.00e-07 3.05e-07   0.0
  hhh_0__U (rotator_0_s06487)         3.37e-05 9.23e-06 2.97e-05 7.26e-05   8.1
    x_shifter (signed_shifter_29)     2.82e-08 7.42e-09 8.71e-07 9.07e-07   0.1
    y_shifter (signed_shifter_28)        0.000    0.000 8.49e-07 8.49e-07   0.1
  hhh_4__U (rotator_4_s007fd)         2.60e-05 7.63e-06 2.91e-05 6.28e-05   7.0
    x_shifter (signed_shifter_21)     1.12e-07 3.95e-08 6.97e-07 8.49e-07   0.1
    y_shifter (signed_shifter_20)     8.97e-08 3.03e-08 6.94e-07 8.14e-07   0.1
  hhh_8__U (rotator_8_s00080)         2.03e-05 6.45e-06 2.73e-05 5.40e-05   6.0
    x_shifter (signed_shifter_13)     4.52e-08 2.60e-08 5.43e-07 6.14e-07   0.1
    y_shifter (signed_shifter_12)     3.21e-08 1.69e-08 5.38e-07 5.87e-07   0.1
  hhh_11__U (rotator_11_s00010)       1.96e-05 6.59e-06 2.74e-05 5.36e-05   6.0
    x_shifter (signed_shifter_7)      1.40e-08 1.02e-08 4.21e-07 4.45e-07   0.0
    y_shifter (signed_shifter_6)      1.36e-08 1.06e-08 4.20e-07 4.45e-07   0.0
  hhh_1__U (rotator_1_s03b58)         2.66e-05 7.57e-06 2.93e-05 6.34e-05   7.1
    x_shifter (signed_shifter_27)     1.28e-07 3.52e-08 8.60e-07 1.02e-06   0.1
    y_shifter (signed_shifter_26)     1.28e-07 3.53e-08 8.60e-07 1.02e-06   0.1
  hhh_5__U (rotator_5_s00400)         2.24e-05 6.55e-06 2.75e-05 5.64e-05   6.3
    x_shifter (signed_shifter_19)     1.01e-07 3.98e-08 6.61e-07 8.02e-07   0.1
    y_shifter (signed_shifter_18)     7.77e-08 3.02e-08 6.57e-07 7.65e-07   0.1
  hhh_9__U (rotator_9_s00040)         1.97e-05 6.32e-06 2.73e-05 5.33e-05   6.0
    x_shifter (signed_shifter_11)     3.02e-08 1.81e-08 5.00e-07 5.48e-07   0.1
    y_shifter (signed_shifter_10)     2.64e-08 1.67e-08 5.00e-07 5.43e-07   0.1
  hhh_12__U (rotator_12_s00008)       1.93e-05 6.52e-06 2.74e-05 5.32e-05   5.9
    x_shifter (signed_shifter_5)      1.04e-08 8.36e-09 3.80e-07 3.99e-07   0.0
    y_shifter (signed_shifter_4)      9.25e-09 8.27e-09 3.80e-07 3.98e-07   0.0
  hhh_2__U (rotator_2_s01f5b)         2.75e-05 7.78e-06 2.95e-05 6.48e-05   7.2
    x_shifter (signed_shifter_25)     1.61e-07 4.89e-08 7.75e-07 9.85e-07   0.1
    y_shifter (signed_shifter_24)     1.38e-07 3.98e-08 7.72e-07 9.50e-07   0.1
  hhh_6__U (rotator_6_s00200)         2.17e-05 6.52e-06 2.74e-05 5.57e-05   6.2
    x_shifter (signed_shifter_17)     8.07e-08 3.32e-08 6.20e-07 7.34e-07   0.1
    y_shifter (signed_shifter_16)     5.96e-08 2.50e-08 6.18e-07 7.02e-07   0.1
  hhh_13__U (rotator_13_s00004)       1.93e-05 6.61e-06 2.75e-05 5.34e-05   6.0
    x_shifter (signed_shifter_3)      5.32e-09 4.61e-09 3.40e-07 3.50e-07   0.0
    y_shifter (signed_shifter_2)      5.32e-09 5.02e-09 3.40e-07 3.50e-07   0.0
1
