****************************************
Report : Averaged Power
	-hierarchy
Design : aes_ip
Version: V-2023.12
Date   : Mon Jun 22 17:13:25 2026
****************************************



                                      Int      Switch   Leak     Total
Hierarchy                             Power    Power    Power    Power    %
----------------------------------------------------------------------------------
aes_ip                                1.99e-04 3.52e-05 4.22e-04 6.56e-04 100.0
  AES_CORE (aes_core)                 1.95e-04 3.49e-05 4.11e-04 6.40e-04  97.6
    AES_CORE_DATAPATH (datapath)      1.91e-04 3.38e-05 4.02e-04 6.27e-04  95.5
      SBOX (sBox)                     1.95e-05 7.36e-06 4.86e-05 7.55e-05  11.5
        SBOX_3_ (sBox_8_3)            4.92e-06 1.66e-06 1.21e-05 1.87e-05   2.9
        SBOX_0_ (sBox_8_0)            4.99e-06 1.91e-06 1.21e-05 1.90e-05   2.9
        SBOX_1_ (sBox_8_1)            4.96e-06 1.90e-06 1.21e-05 1.89e-05   2.9
        SBOX_2_ (sBox_8_2)            4.52e-06 1.64e-06 1.21e-05 1.83e-05   2.8
      SWAP_OUT (data_swap_0)          4.23e-07 1.70e-07 4.05e-06 4.64e-06   0.7
      KEY_EXPANDER (key_expander)     1.77e-06 6.21e-07 1.54e-05 1.78e-05   2.7
      MIX_COL (mix_columns)           3.33e-06 2.33e-06 1.63e-05 2.20e-05   3.3
      SHIFT_ROW (shift_rows)          1.93e-06 4.21e-07 1.31e-05 1.55e-05   2.4
      SWAP_IN (data_swap_1)           7.16e-08 1.00e-07 3.98e-06 4.15e-06   0.6
    AES_CORE_CONTROL_UNIT (control_unit)
                                      3.98e-06 3.78e-07 8.16e-06 1.25e-05   1.9
  HOST_INTERFACE (host_interface)     4.37e-06 3.12e-07 1.10e-05 1.57e-05   2.4
1
