****************************************
Report : Averaged Power
	-hierarchy
Design : Top_PipelinedCipher
Version: V-2023.12
Date   : Mon Jun 22 16:56:09 2026
****************************************



                                      Int      Switch   Leak     Total
Hierarchy                             Power    Power    Power    Power    %
----------------------------------------------------------------------------------
Top_PipelinedCipher                   4.53e-03 6.01e-04 7.25e-03 1.24e-02 100.0
  ROUND_4__U_ROUND (Round_DATA_W128_4)
                                      2.09e-04 2.80e-05 4.79e-04 7.16e-04   5.8
    U_SH (ShiftRows_DATA_W128_4)      4.86e-05 4.89e-06 4.00e-05 9.35e-05   0.8
    U_SUB (SubBytes_DATA_W128_4)      5.71e-05 1.00e-05 3.22e-04 3.89e-04   3.1
      ROM_9__ROM (SBox_110)           3.28e-06 2.66e-07 2.00e-05 2.36e-05   0.2
      ROM_2__ROM (SBox_117)           3.67e-06 4.38e-07 2.00e-05 2.41e-05   0.2
      ROM_12__ROM (SBox_107)          3.21e-06 2.32e-07 2.00e-05 2.35e-05   0.2
      ROM_5__ROM (SBox_114)           3.67e-06 4.44e-07 2.01e-05 2.42e-05   0.2
      ROM_15__ROM (SBox_104)          3.32e-06 2.89e-07 2.00e-05 2.36e-05   0.2
      ROM_8__ROM (SBox_111)           3.29e-06 2.64e-07 2.00e-05 2.36e-05   0.2
      ROM_11__ROM (SBox_108)          3.27e-06 2.61e-07 2.00e-05 2.36e-05   0.2
      ROM_1__ROM (SBox_118)           3.51e-06 3.68e-07 2.01e-05 2.39e-05   0.2
      ROM_4__ROM (SBox_115)           3.59e-06 4.10e-07 2.01e-05 2.41e-05   0.2
      ROM_14__ROM (SBox_105)          3.34e-06 2.88e-07 2.01e-05 2.37e-05   0.2
      ROM_7__ROM (SBox_112)           3.45e-06 3.44e-07 2.00e-05 2.38e-05   0.2
      ROM_0__ROM (SBox_119)           3.43e-06 3.41e-07 2.00e-05 2.38e-05   0.2
      ROM_10__ROM (SBox_109)          3.47e-06 3.45e-07 2.01e-05 2.39e-05   0.2
      ROM_3__ROM (SBox_116)           3.69e-06 4.53e-07 2.00e-05 2.42e-05   0.2
      ROM_13__ROM (SBox_106)          3.47e-06 3.46e-07 2.01e-05 2.39e-05   0.2
      ROM_6__ROM (SBox_113)           3.72e-06 4.72e-07 2.01e-05 2.42e-05   0.2
    U_MIX (MixColumns_DATA_W128_4)    5.22e-05 5.91e-06 6.70e-05 1.25e-04   1.0
    U_KEY (AddRoundKey_DATA_W128_4)   5.04e-05 5.04e-06 5.02e-05 1.06e-04   0.9
  U_KEY (AddRoundKey_DATA_W128_9)     4.63e-05 4.12e-06 4.81e-05 9.85e-05   0.8
  ROUND_6__U_ROUND (Round_DATA_W128_2)
                                      1.93e-04 2.25e-05 4.74e-04 6.90e-04   5.6
    U_SH (ShiftRows_DATA_W128_2)      4.68e-05 4.51e-06 3.86e-05 8.99e-05   0.7
    U_SUB (SubBytes_DATA_W128_2)      5.03e-05 6.69e-06 3.21e-04 3.78e-04   3.1
      ROM_9__ROM (SBox_78)            2.96e-06 1.09e-07 2.00e-05 2.31e-05   0.2
      ROM_2__ROM (SBox_85)            3.12e-06 1.79e-07 2.00e-05 2.33e-05   0.2
      ROM_12__ROM (SBox_75)           2.94e-06 1.00e-07 2.00e-05 2.30e-05   0.2
      ROM_5__ROM (SBox_82)            3.13e-06 1.81e-07 1.99e-05 2.32e-05   0.2
      ROM_15__ROM (SBox_72)           2.98e-06 1.17e-07 2.00e-05 2.31e-05   0.2
      ROM_8__ROM (SBox_79)            2.99e-06 1.18e-07 2.00e-05 2.31e-05   0.2
      ROM_11__ROM (SBox_76)           2.97e-06 1.12e-07 2.00e-05 2.31e-05   0.2
      ROM_1__ROM (SBox_86)            3.06e-06 1.50e-07 2.00e-05 2.32e-05   0.2
      ROM_4__ROM (SBox_83)            3.09e-06 1.69e-07 2.00e-05 2.32e-05   0.2
      ROM_14__ROM (SBox_73)           2.99e-06 1.21e-07 2.00e-05 2.31e-05   0.2
      ROM_7__ROM (SBox_80)            3.04e-06 1.40e-07 2.00e-05 2.32e-05   0.2
      ROM_0__ROM (SBox_87)            3.00e-06 1.32e-07 2.00e-05 2.31e-05   0.2
      ROM_10__ROM (SBox_77)           3.01e-06 1.22e-07 2.00e-05 2.31e-05   0.2
      ROM_3__ROM (SBox_84)            3.10e-06 1.71e-07 2.00e-05 2.32e-05   0.2
      ROM_13__ROM (SBox_74)           3.04e-06 1.45e-07 2.00e-05 2.32e-05   0.2
      ROM_6__ROM (SBox_81)            3.14e-06 1.84e-07 2.00e-05 2.33e-05   0.2
    U_MIX (MixColumns_DATA_W128_2)    4.81e-05 4.76e-06 6.53e-05 1.18e-04   1.0
    U_KEY (AddRoundKey_DATA_W128_2)   4.76e-05 4.44e-06 4.91e-05 1.01e-04   0.8
  ROUND_1__U_ROUND (Round_DATA_W128_7)
                                      2.75e-04 5.15e-05 4.82e-04 8.09e-04   6.5
    U_SH (ShiftRows_DATA_W128_7)      5.66e-05 6.65e-06 4.11e-05 1.04e-04   0.8
    U_SUB (SubBytes_DATA_W128_7)      8.37e-05 2.27e-05 3.22e-04 4.28e-04   3.5
      ROM_9__ROM (SBox_158)           4.54e-06 8.85e-07 2.02e-05 2.56e-05   0.2
      ROM_2__ROM (SBox_165)           5.94e-06 1.50e-06 2.02e-05 2.76e-05   0.2
      ROM_12__ROM (SBox_155)          4.33e-06 7.86e-07 1.99e-05 2.50e-05   0.2
      ROM_5__ROM (SBox_162)           6.00e-06 1.53e-06 2.00e-05 2.75e-05   0.2
      ROM_15__ROM (SBox_152)          4.46e-06 8.29e-07 1.98e-05 2.51e-05   0.2
      ROM_8__ROM (SBox_159)           4.54e-06 8.57e-07 2.01e-05 2.55e-05   0.2
      ROM_11__ROM (SBox_156)          4.40e-06 8.15e-07 2.02e-05 2.55e-05   0.2
      ROM_1__ROM (SBox_166)           5.34e-06 1.23e-06 2.02e-05 2.67e-05   0.2
      ROM_4__ROM (SBox_163)           5.74e-06 1.42e-06 2.00e-05 2.72e-05   0.2
      ROM_14__ROM (SBox_153)          4.55e-06 8.66e-07 1.99e-05 2.53e-05   0.2
      ROM_7__ROM (SBox_160)           5.22e-06 1.20e-06 1.99e-05 2.63e-05   0.2
      ROM_0__ROM (SBox_167)           5.14e-06 1.17e-06 2.01e-05 2.65e-05   0.2
      ROM_10__ROM (SBox_157)          5.03e-06 1.07e-06 2.02e-05 2.63e-05   0.2
      ROM_3__ROM (SBox_164)           5.82e-06 1.45e-06 2.02e-05 2.75e-05   0.2
      ROM_13__ROM (SBox_154)          4.95e-06 1.03e-06 1.99e-05 2.59e-05   0.2
      ROM_6__ROM (SBox_161)           5.93e-06 1.52e-06 2.00e-05 2.75e-05   0.2
    U_MIX (MixColumns_DATA_W128_7)    7.30e-05 1.22e-05 6.79e-05 1.53e-04   1.2
    U_KEY (AddRoundKey_DATA_W128_7)   6.13e-05 7.81e-06 5.10e-05 1.20e-04   1.0
  ROUND_8__U_ROUND (Round_DATA_W128_0)
                                      1.85e-04 1.99e-05 4.70e-04 6.75e-04   5.5
    U_SH (ShiftRows_DATA_W128_0)      4.57e-05 4.33e-06 3.71e-05 8.72e-05   0.7
    U_SUB (SubBytes_DATA_W128_0)      4.67e-05 5.09e-06 3.20e-04 3.72e-04   3.0
      ROM_9__ROM (SBox_46)            2.80e-06 3.61e-08 2.00e-05 2.28e-05   0.2
      ROM_2__ROM (SBox_53)            2.83e-06 5.14e-08 1.99e-05 2.28e-05   0.2
      ROM_12__ROM (SBox_43)           2.79e-06 3.10e-08 2.00e-05 2.28e-05   0.2
      ROM_5__ROM (SBox_50)            2.84e-06 5.12e-08 1.99e-05 2.28e-05   0.2
      ROM_15__ROM (SBox_40)           2.82e-06 3.98e-08 2.00e-05 2.28e-05   0.2
      ROM_8__ROM (SBox_47)            2.81e-06 3.88e-08 1.99e-05 2.28e-05   0.2
      ROM_11__ROM (SBox_44)           2.79e-06 2.95e-08 1.99e-05 2.28e-05   0.2
      ROM_1__ROM (SBox_54)            2.81e-06 3.94e-08 2.00e-05 2.28e-05   0.2
      ROM_4__ROM (SBox_51)            2.83e-06 4.99e-08 1.99e-05 2.28e-05   0.2
      ROM_14__ROM (SBox_41)           2.82e-06 3.58e-08 2.00e-05 2.28e-05   0.2
      ROM_7__ROM (SBox_48)            2.81e-06 4.03e-08 1.99e-05 2.28e-05   0.2
      ROM_0__ROM (SBox_55)            2.82e-06 4.14e-08 2.00e-05 2.28e-05   0.2
      ROM_10__ROM (SBox_45)           2.80e-06 3.35e-08 1.99e-05 2.28e-05   0.2
      ROM_3__ROM (SBox_52)            2.83e-06 4.81e-08 2.00e-05 2.28e-05   0.2
      ROM_13__ROM (SBox_42)           2.81e-06 4.17e-08 2.00e-05 2.28e-05   0.2
      ROM_6__ROM (SBox_49)            2.84e-06 5.46e-08 1.99e-05 2.28e-05   0.2
    U_MIX (MixColumns_DATA_W128_0)    4.61e-05 4.21e-06 6.38e-05 1.14e-04   0.9
    U_KEY (AddRoundKey_DATA_W128_0)   4.63e-05 4.18e-06 4.84e-05 9.89e-05   0.8
  U_SH (ShiftRows_DATA_W128_9)        4.54e-05 4.00e-06 3.69e-05 8.63e-05   0.7
  ROUND_3__U_ROUND (Round_DATA_W128_5)
                                      2.24e-04 3.38e-05 4.82e-04 7.40e-04   6.0
    U_SH (ShiftRows_DATA_W128_5)      5.05e-05 5.30e-06 4.07e-05 9.65e-05   0.8
    U_SUB (SubBytes_DATA_W128_5)      6.44e-05 1.36e-05 3.22e-04 4.00e-04   3.2
      ROM_9__ROM (SBox_126)           3.58e-06 4.28e-07 2.01e-05 2.41e-05   0.2
      ROM_2__ROM (SBox_133)           4.33e-06 7.60e-07 2.01e-05 2.52e-05   0.2
      ROM_12__ROM (SBox_123)          3.50e-06 3.85e-07 2.01e-05 2.39e-05   0.2
      ROM_5__ROM (SBox_130)           4.44e-06 8.14e-07 2.01e-05 2.53e-05   0.2
      ROM_15__ROM (SBox_120)          3.64e-06 4.55e-07 2.01e-05 2.42e-05   0.2
      ROM_8__ROM (SBox_127)           3.59e-06 4.15e-07 2.00e-05 2.40e-05   0.2
      ROM_11__ROM (SBox_124)          3.60e-06 4.30e-07 2.00e-05 2.40e-05   0.2
      ROM_1__ROM (SBox_134)           4.01e-06 6.09e-07 2.01e-05 2.47e-05   0.2
      ROM_4__ROM (SBox_131)           4.21e-06 7.05e-07 2.01e-05 2.50e-05   0.2
      ROM_14__ROM (SBox_121)          3.67e-06 4.57e-07 2.01e-05 2.43e-05   0.2
      ROM_7__ROM (SBox_128)           3.93e-06 5.73e-07 2.01e-05 2.46e-05   0.2
      ROM_0__ROM (SBox_135)           3.85e-06 5.52e-07 2.01e-05 2.45e-05   0.2
      ROM_10__ROM (SBox_125)          3.85e-06 5.28e-07 2.00e-05 2.44e-05   0.2
      ROM_3__ROM (SBox_132)           4.25e-06 7.18e-07 2.01e-05 2.50e-05   0.2
      ROM_13__ROM (SBox_122)          3.91e-06 5.59e-07 2.01e-05 2.45e-05   0.2
      ROM_6__ROM (SBox_129)           4.34e-06 7.62e-07 2.01e-05 2.52e-05   0.2
    U_MIX (MixColumns_DATA_W128_5)    5.65e-05 7.21e-06 6.78e-05 1.32e-04   1.1
    U_KEY (AddRoundKey_DATA_W128_5)   5.25e-05 5.55e-06 5.07e-05 1.09e-04   0.9
  U_KEYEXP (KeyExpantion_DATA_W128_KEY_L128_NO_ROUNDS10)
                                      2.37e-03 3.04e-04 2.47e-03 5.14e-03  41.5
    ROUND_KEY_GEN_9__RKGEN_U (RoundKeyGen_KEY_L128_0)
                                      2.15e-04 2.49e-05 2.43e-04 4.84e-04   3.9
      SUB_U (SubBytes_DATA_W32_0)     1.46e-05 2.56e-06 8.07e-05 9.79e-05   0.8
        ROM_0__ROM (SBox_3)           3.43e-06 3.02e-07 2.01e-05 2.38e-05   0.2
        ROM_1__ROM (SBox_2)           3.43e-06 3.27e-07 2.01e-05 2.38e-05   0.2
        ROM_2__ROM (SBox_1)           3.72e-06 6.47e-07 2.01e-05 2.45e-05   0.2
        ROM_3__ROM (SBox_0)           3.53e-06 5.69e-07 2.01e-05 2.42e-05   0.2
    RKGEN_U0 (RoundKeyGen_KEY_L128_9) 2.29e-04 2.88e-05 2.45e-04 5.03e-04   4.1
      SUB_U (SubBytes_DATA_W32_9)     1.45e-05 2.63e-06 8.13e-05 9.85e-05   0.8
        ROM_0__ROM (SBox_39)          3.23e-06 2.30e-07 2.02e-05 2.37e-05   0.2
        ROM_1__ROM (SBox_38)          3.61e-06 4.78e-07 2.02e-05 2.43e-05   0.2
        ROM_2__ROM (SBox_37)          3.87e-06 7.38e-07 2.02e-05 2.48e-05   0.2
        ROM_3__ROM (SBox_36)          3.24e-06 4.67e-07 2.03e-05 2.40e-05   0.2
    ROUND_KEY_GEN_8__RKGEN_U (RoundKeyGen_KEY_L128_1)
                                      2.18e-04 2.58e-05 2.45e-04 4.89e-04   3.9
      SUB_U (SubBytes_DATA_W32_1)     1.50e-05 2.73e-06 8.08e-05 9.85e-05   0.8
        ROM_0__ROM (SBox_7)           3.51e-06 3.41e-07 2.01e-05 2.39e-05   0.2
        ROM_1__ROM (SBox_6)           3.53e-06 3.75e-07 2.01e-05 2.40e-05   0.2
        ROM_2__ROM (SBox_5)           3.82e-06 6.96e-07 2.01e-05 2.46e-05   0.2
        ROM_3__ROM (SBox_4)           3.61e-06 6.08e-07 2.01e-05 2.43e-05   0.2
    ROUND_KEY_GEN_7__RKGEN_U (RoundKeyGen_KEY_L128_2)
                                      2.24e-04 2.72e-05 2.46e-04 4.97e-04   4.0
      SUB_U (SubBytes_DATA_W32_2)     1.59e-05 3.17e-06 8.07e-05 9.98e-05   0.8
        ROM_0__ROM (SBox_11)          3.70e-06 4.30e-07 2.01e-05 2.42e-05   0.2
        ROM_1__ROM (SBox_10)          3.76e-06 4.94e-07 2.01e-05 2.43e-05   0.2
        ROM_2__ROM (SBox_9)           4.09e-06 8.23e-07 2.01e-05 2.50e-05   0.2
        ROM_3__ROM (SBox_8)           3.76e-06 6.94e-07 2.01e-05 2.46e-05   0.2
    ROUND_KEY_GEN_6__RKGEN_U (RoundKeyGen_KEY_L128_3)
                                      2.30e-04 2.86e-05 2.47e-04 5.05e-04   4.1
      SUB_U (SubBytes_DATA_W32_3)     1.67e-05 3.55e-06 8.08e-05 1.01e-04   0.8
        ROM_0__ROM (SBox_15)          3.91e-06 5.27e-07 2.00e-05 2.45e-05   0.2
        ROM_1__ROM (SBox_14)          3.90e-06 5.61e-07 2.01e-05 2.46e-05   0.2
        ROM_2__ROM (SBox_13)          4.33e-06 9.34e-07 2.01e-05 2.54e-05   0.2
        ROM_3__ROM (SBox_12)          3.97e-06 7.96e-07 2.01e-05 2.49e-05   0.2
    ROUND_KEY_GEN_5__RKGEN_U (RoundKeyGen_KEY_L128_4)
                                      2.36e-04 3.00e-05 2.48e-04 5.14e-04   4.1
      SUB_U (SubBytes_DATA_W32_4)     1.74e-05 3.91e-06 8.09e-05 1.02e-04   0.8
        ROM_0__ROM (SBox_19)          4.10e-06 6.11e-07 2.01e-05 2.48e-05   0.2
        ROM_1__ROM (SBox_18)          4.09e-06 6.62e-07 2.01e-05 2.49e-05   0.2
        ROM_2__ROM (SBox_17)          4.55e-06 1.04e-06 2.02e-05 2.58e-05   0.2
        ROM_3__ROM (SBox_16)          4.13e-06 8.75e-07 2.01e-05 2.51e-05   0.2
    ROUND_KEY_GEN_4__RKGEN_U (RoundKeyGen_KEY_L128_5)
                                      2.42e-04 3.18e-05 2.49e-04 5.23e-04   4.2
      SUB_U (SubBytes_DATA_W32_5)     1.84e-05 4.40e-06 8.09e-05 1.04e-04   0.8
        ROM_0__ROM (SBox_23)          4.25e-06 6.99e-07 2.01e-05 2.50e-05   0.2
        ROM_1__ROM (SBox_22)          4.36e-06 7.95e-07 2.01e-05 2.52e-05   0.2
        ROM_2__ROM (SBox_21)          4.86e-06 1.19e-06 2.02e-05 2.62e-05   0.2
        ROM_3__ROM (SBox_20)          4.37e-06 9.95e-07 2.01e-05 2.55e-05   0.2
    ROUND_KEY_GEN_3__RKGEN_U (RoundKeyGen_KEY_L128_6)
                                      2.52e-04 3.41e-05 2.49e-04 5.35e-04   4.3
      SUB_U (SubBytes_DATA_W32_6)     1.97e-05 5.05e-06 8.09e-05 1.06e-04   0.9
        ROM_0__ROM (SBox_27)          4.57e-06 8.51e-07 2.01e-05 2.55e-05   0.2
        ROM_1__ROM (SBox_26)          4.66e-06 9.58e-07 2.01e-05 2.57e-05   0.2
        ROM_2__ROM (SBox_25)          5.27e-06 1.39e-06 2.02e-05 2.68e-05   0.2
        ROM_3__ROM (SBox_24)          4.62e-06 1.13e-06 2.02e-05 2.59e-05   0.2
    ROUND_KEY_GEN_2__RKGEN_U (RoundKeyGen_KEY_L128_7)
                                      2.61e-04 3.64e-05 2.49e-04 5.47e-04   4.4
      SUB_U (SubBytes_DATA_W32_7)     2.12e-05 5.74e-06 8.09e-05 1.08e-04   0.9
        ROM_0__ROM (SBox_31)          4.91e-06 1.00e-06 2.01e-05 2.60e-05   0.2
        ROM_1__ROM (SBox_30)          4.97e-06 1.11e-06 2.01e-05 2.62e-05   0.2
        ROM_2__ROM (SBox_29)          5.71e-06 1.60e-06 2.02e-05 2.75e-05   0.2
        ROM_3__ROM (SBox_28)          4.98e-06 1.31e-06 2.01e-05 2.64e-05   0.2
    ROUND_KEY_GEN_1__RKGEN_U (RoundKeyGen_KEY_L128_8)
                                      2.60e-04 3.62e-05 2.47e-04 5.43e-04   4.4
      SUB_U (SubBytes_DATA_W32_8)     2.11e-05 5.71e-06 8.07e-05 1.08e-04   0.9
        ROM_0__ROM (SBox_35)          4.87e-06 9.87e-07 2.02e-05 2.60e-05   0.2
        ROM_1__ROM (SBox_34)          4.95e-06 1.09e-06 2.00e-05 2.60e-05   0.2
        ROM_2__ROM (SBox_33)          5.76e-06 1.60e-06 2.01e-05 2.74e-05   0.2
        ROM_3__ROM (SBox_32)          4.97e-06 1.30e-06 2.00e-05 2.63e-05   0.2
  U0_ARK (AddRoundKey_DATA_W128_10)   4.57e-05 4.50e-06 4.34e-05 9.36e-05   0.8
  ROUND_5__U_ROUND (Round_DATA_W128_3)
                                      2.00e-04 2.47e-05 4.77e-04 7.01e-04   5.7
    U_SH (ShiftRows_DATA_W128_3)      4.75e-05 4.67e-06 3.92e-05 9.14e-05   0.7
    U_SUB (SubBytes_DATA_W128_3)      5.31e-05 8.06e-06 3.21e-04 3.82e-04   3.1
      ROM_9__ROM (SBox_94)            3.08e-06 1.62e-07 2.00e-05 2.33e-05   0.2
      ROM_2__ROM (SBox_101)           3.35e-06 2.84e-07 2.00e-05 2.36e-05   0.2
      ROM_12__ROM (SBox_91)           3.07e-06 1.57e-07 2.00e-05 2.32e-05   0.2
      ROM_5__ROM (SBox_98)            3.40e-06 3.10e-07 2.00e-05 2.37e-05   0.2
      ROM_15__ROM (SBox_88)           3.12e-06 1.82e-07 2.00e-05 2.33e-05   0.2
      ROM_8__ROM (SBox_95)            3.09e-06 1.65e-07 2.00e-05 2.32e-05   0.2
      ROM_11__ROM (SBox_92)           3.11e-06 1.77e-07 2.01e-05 2.33e-05   0.2
      ROM_1__ROM (SBox_102)           3.25e-06 2.41e-07 2.00e-05 2.35e-05   0.2
      ROM_4__ROM (SBox_99)            3.34e-06 2.86e-07 2.00e-05 2.37e-05   0.2
      ROM_14__ROM (SBox_89)           3.14e-06 1.89e-07 2.00e-05 2.34e-05   0.2
      ROM_7__ROM (SBox_96)            3.21e-06 2.28e-07 2.00e-05 2.34e-05   0.2
      ROM_0__ROM (SBox_103)           3.18e-06 2.18e-07 2.00e-05 2.34e-05   0.2
      ROM_10__ROM (SBox_93)           3.17e-06 1.98e-07 2.00e-05 2.34e-05   0.2
      ROM_3__ROM (SBox_100)           3.36e-06 2.97e-07 2.00e-05 2.37e-05   0.2
      ROM_13__ROM (SBox_90)           3.24e-06 2.34e-07 2.01e-05 2.35e-05   0.2
      ROM_6__ROM (SBox_97)            3.35e-06 2.88e-07 2.00e-05 2.37e-05   0.2
    U_MIX (MixColumns_DATA_W128_3)    4.98e-05 5.21e-06 6.62e-05 1.21e-04   1.0
    U_KEY (AddRoundKey_DATA_W128_3)   4.88e-05 4.69e-06 4.99e-05 1.03e-04   0.8
  ROUND_0__U_ROUND (Round_DATA_W128_8)
                                      2.12e-04 2.74e-05 4.76e-04 7.16e-04   5.8
    U_SH (ShiftRows_DATA_W128_8)      4.84e-05 4.97e-06 3.65e-05 8.99e-05   0.7
    U_SUB (SubBytes_DATA_W128_8)      4.65e-05 5.09e-06 3.24e-04 3.75e-04   3.0
      ROM_9__ROM (SBox_174)           2.80e-06 3.82e-08 2.02e-05 2.30e-05   0.2
      ROM_2__ROM (SBox_181)           2.80e-06 3.77e-08 2.02e-05 2.30e-05   0.2
      ROM_12__ROM (SBox_171)          2.78e-06 3.53e-08 2.02e-05 2.30e-05   0.2
      ROM_5__ROM (SBox_178)           2.80e-06 3.82e-08 2.02e-05 2.30e-05   0.2
      ROM_15__ROM (SBox_168)          2.81e-06 3.81e-08 2.02e-05 2.30e-05   0.2
      ROM_8__ROM (SBox_175)           2.80e-06 3.82e-08 2.02e-05 2.30e-05   0.2
      ROM_11__ROM (SBox_172)          2.79e-06 3.68e-08 2.02e-05 2.30e-05   0.2
      ROM_1__ROM (SBox_182)           2.81e-06 3.90e-08 2.02e-05 2.30e-05   0.2
      ROM_4__ROM (SBox_179)           2.80e-06 3.82e-08 2.02e-05 2.30e-05   0.2
      ROM_14__ROM (SBox_169)          2.81e-06 3.81e-08 2.02e-05 2.30e-05   0.2
      ROM_7__ROM (SBox_176)           2.79e-06 3.70e-08 2.02e-05 2.30e-05   0.2
      ROM_0__ROM (SBox_183)           2.81e-06 3.90e-08 2.02e-05 2.30e-05   0.2
      ROM_10__ROM (SBox_173)          2.79e-06 3.68e-08 2.02e-05 2.30e-05   0.2
      ROM_3__ROM (SBox_180)           2.80e-06 3.77e-08 2.02e-05 2.30e-05   0.2
      ROM_13__ROM (SBox_170)          2.78e-06 3.53e-08 2.02e-05 2.30e-05   0.2
      ROM_6__ROM (SBox_177)           2.79e-06 3.70e-08 2.02e-05 2.30e-05   0.2
    U_MIX (MixColumns_DATA_W128_8)    5.66e-05 7.43e-06 6.55e-05 1.30e-04   1.0
    U_KEY (AddRoundKey_DATA_W128_8)   6.01e-05 7.84e-06 5.02e-05 1.18e-04   1.0
  ROUND_7__U_ROUND (Round_DATA_W128_1)
                                      1.88e-04 2.07e-05 4.71e-04 6.80e-04   5.5
    U_SH (ShiftRows_DATA_W128_1)      4.60e-05 4.38e-06 3.76e-05 8.79e-05   0.7
    U_SUB (SubBytes_DATA_W128_1)      4.78e-05 5.63e-06 3.20e-04 3.74e-04   3.0
      ROM_9__ROM (SBox_62)            2.84e-06 5.68e-08 2.00e-05 2.29e-05   0.2
      ROM_2__ROM (SBox_69)            2.93e-06 9.57e-08 1.99e-05 2.30e-05   0.2
      ROM_12__ROM (SBox_59)           2.84e-06 5.33e-08 2.00e-05 2.29e-05   0.2
      ROM_5__ROM (SBox_66)            2.93e-06 9.54e-08 2.00e-05 2.30e-05   0.2
      ROM_15__ROM (SBox_56)           2.87e-06 7.10e-08 2.00e-05 2.29e-05   0.2
      ROM_8__ROM (SBox_63)            2.85e-06 5.89e-08 2.00e-05 2.29e-05   0.2
      ROM_11__ROM (SBox_60)           2.84e-06 5.44e-08 2.00e-05 2.28e-05   0.2
      ROM_1__ROM (SBox_70)            2.89e-06 7.43e-08 2.00e-05 2.29e-05   0.2
      ROM_4__ROM (SBox_67)            2.93e-06 9.24e-08 2.00e-05 2.30e-05   0.2
      ROM_14__ROM (SBox_57)           2.86e-06 5.94e-08 1.99e-05 2.28e-05   0.2
      ROM_7__ROM (SBox_64)            2.90e-06 8.31e-08 2.00e-05 2.29e-05   0.2
      ROM_0__ROM (SBox_71)            2.88e-06 7.74e-08 1.99e-05 2.29e-05   0.2
      ROM_10__ROM (SBox_61)           2.86e-06 6.19e-08 1.99e-05 2.29e-05   0.2
      ROM_3__ROM (SBox_68)            2.93e-06 9.62e-08 1.99e-05 2.30e-05   0.2
      ROM_13__ROM (SBox_58)           2.87e-06 6.55e-08 2.00e-05 2.29e-05   0.2
      ROM_6__ROM (SBox_65)            2.94e-06 1.03e-07 2.00e-05 2.30e-05   0.2
    U_MIX (MixColumns_DATA_W128_1)    4.67e-05 4.37e-06 6.43e-05 1.15e-04   0.9
    U_KEY (AddRoundKey_DATA_W128_1)   4.67e-05 4.26e-06 4.87e-05 9.97e-05   0.8
  U_SUB (SubBytes_DATA_W128_9)        4.60e-05 4.79e-06 3.20e-04 3.71e-04   3.0
    ROM_9__ROM (SBox_190)             2.76e-06 1.72e-08 2.00e-05 2.27e-05   0.2
    ROM_2__ROM (SBox_197)             2.79e-06 2.88e-08 1.99e-05 2.28e-05   0.2
    ROM_12__ROM (SBox_187)            2.77e-06 2.13e-08 2.00e-05 2.28e-05   0.2
    ROM_5__ROM (SBox_194)             2.79e-06 2.94e-08 1.99e-05 2.28e-05   0.2
    ROM_15__ROM (SBox_184)            2.77e-06 1.78e-08 2.00e-05 2.28e-05   0.2
    ROM_8__ROM (SBox_191)             2.76e-06 1.78e-08 1.99e-05 2.27e-05   0.2
    ROM_11__ROM (SBox_188)            2.77e-06 2.22e-08 1.99e-05 2.27e-05   0.2
    ROM_1__ROM (SBox_198)             2.78e-06 2.35e-08 1.99e-05 2.27e-05   0.2
    ROM_4__ROM (SBox_195)             2.78e-06 2.77e-08 2.00e-05 2.28e-05   0.2
    ROM_14__ROM (SBox_185)            2.77e-06 2.12e-08 1.99e-05 2.27e-05   0.2
    ROM_7__ROM (SBox_192)             2.77e-06 1.94e-08 1.99e-05 2.27e-05   0.2
    ROM_0__ROM (SBox_199)             2.77e-06 1.83e-08 2.00e-05 2.28e-05   0.2
    ROM_10__ROM (SBox_189)            2.77e-06 1.98e-08 1.99e-05 2.27e-05   0.2
    ROM_3__ROM (SBox_196)             2.78e-06 2.41e-08 2.00e-05 2.28e-05   0.2
    ROM_13__ROM (SBox_186)            2.78e-06 2.47e-08 1.99e-05 2.27e-05   0.2
    ROM_6__ROM (SBox_193)             2.79e-06 3.07e-08 2.00e-05 2.28e-05   0.2
  ROUND_2__U_ROUND (Round_DATA_W128_6)
                                      2.50e-04 4.35e-05 4.83e-04 7.76e-04   6.3
    U_SH (ShiftRows_DATA_W128_6)      5.33e-05 5.94e-06 4.11e-05 1.00e-04   0.8
    U_SUB (SubBytes_DATA_W128_6)      7.67e-05 1.97e-05 3.22e-04 4.19e-04   3.4
      ROM_9__ROM (SBox_142)           4.05e-06 6.72e-07 2.01e-05 2.48e-05   0.2
      ROM_2__ROM (SBox_149)           5.43e-06 1.29e-06 2.01e-05 2.68e-05   0.2
      ROM_12__ROM (SBox_139)          3.96e-06 6.23e-07 2.01e-05 2.47e-05   0.2
      ROM_5__ROM (SBox_146)           5.43e-06 1.28e-06 2.01e-05 2.68e-05   0.2
      ROM_15__ROM (SBox_136)          4.15e-06 7.17e-07 2.01e-05 2.50e-05   0.2
      ROM_8__ROM (SBox_143)           4.15e-06 6.89e-07 2.01e-05 2.49e-05   0.2
      ROM_11__ROM (SBox_140)          4.12e-06 6.82e-07 2.01e-05 2.49e-05   0.2
      ROM_1__ROM (SBox_150)           4.87e-06 1.02e-06 2.01e-05 2.60e-05   0.2
      ROM_4__ROM (SBox_147)           5.23e-06 1.21e-06 2.01e-05 2.66e-05   0.2
      ROM_14__ROM (SBox_137)          4.26e-06 7.49e-07 2.01e-05 2.51e-05   0.2
      ROM_7__ROM (SBox_144)           4.70e-06 9.66e-07 2.01e-05 2.58e-05   0.2
      ROM_0__ROM (SBox_151)           4.63e-06 9.51e-07 2.01e-05 2.56e-05   0.2
      ROM_10__ROM (SBox_141)          4.49e-06 8.34e-07 2.01e-05 2.54e-05   0.2
      ROM_3__ROM (SBox_148)           5.45e-06 1.30e-06 2.01e-05 2.69e-05   0.2
      ROM_13__ROM (SBox_138)          4.63e-06 9.07e-07 2.01e-05 2.56e-05   0.2
      ROM_6__ROM (SBox_145)           5.43e-06 1.29e-06 2.01e-05 2.68e-05   0.2
    U_MIX (MixColumns_DATA_W128_6)    6.34e-05 9.32e-06 6.81e-05 1.41e-04   1.1
    U_KEY (AddRoundKey_DATA_W128_6)   5.61e-05 6.47e-06 5.11e-05 1.14e-04   0.9
1
