****************************************
Report : Averaged Power
	-verbose
Design : i2c_master_top
Version: V-2023.12
Date   : Mon Jun 22 17:14:14 2026
****************************************

Library(s) Used:

    tcbn28hpcplusbwp12t30p140ssg0p81v125c (File: /process/course_lib/t28hpc+/tcbn28hpcplusbwp12t30p140ssg0p81v125c.db)


Operating Conditions: ssg0p81v125c   Library: tcbn28hpcplusbwp12t30p140ssg0p81v125c
Wire Load Model Mode: segmented

Cell               Design       Wire_model  Library       Selection_type
--------------------------------------------------------------------------------
                   i2c_master_top
                                ZeroWireload
                                            tcbn28hpcplusbwp12t30p140ssg0p81v125c
                                                          automatic-by-area
byte_controller    i2c_master_byte_ctrl
                                ZeroWireload
                                            tcbn28hpcplusbwp12t30p140ssg0p81v125c
                                                          automatic-by-area
byte_controller/bit_controller
                   i2c_master_bit_ctrl
                                ZeroWireload
                                            tcbn28hpcplusbwp12t30p140ssg0p81v125c
                                                          automatic-by-area

Power-specific unit information :
    Voltage Units = 1 V
    Capacitance Units = 1 pf
    Time Units = 1 ns
    Dynamic Power Units = 1 W
    Leakage Power Units = 1 W



  Attributes
  ----------
      i  -  Including register clock pin internal power
      u  -  User defined power group

                        Internal  Switching  Leakage    Total
Power Group             Power     Power      Power      Power   (     %)  Attrs
--------------------------------------------------------------------------------
clock_network              0.0000    0.0000    0.0000    0.0000 ( 0.00%)  i
register                   0.0000    0.0000    0.0000    0.0000 ( 0.00%)  
combinational           6.094e-06 1.287e-05 1.369e-05 3.265e-05 (37.42%)  
sequential              3.066e-05 3.536e-07 2.359e-05 5.460e-05 (62.58%)  
memory                     0.0000    0.0000    0.0000    0.0000 ( 0.00%)  
io_pad                     0.0000    0.0000    0.0000    0.0000 ( 0.00%)  
black_box                  0.0000    0.0000    0.0000    0.0000 ( 0.00%)  

  Net Switching Power  = 1.322e-05   (15.15%)
  Cell Internal Power  = 3.675e-05   (42.12%)
  Cell Leakage Power   = 3.728e-05   (42.73%)
                         ---------
Total Power            = 8.726e-05  (100.00%)

1
