****************************************
Report : Averaged Power
	-hierarchy
Design : SSP_UART
Version: V-2023.12
Date   : Mon Jun 22 16:58:50 2026
****************************************



                                      Int      Switch   Leak     Total
Hierarchy                             Power    Power    Power    Power    %
----------------------------------------------------------------------------------
SSP_UART                              4.33e-04 4.19e-05 4.36e-04 9.11e-04 100.0
  RED1 (re1ce_4)                      1.04e-06 2.51e-12 9.53e-07 1.99e-06   0.2
  RED2 (re1ce_3)                      1.04e-06 2.51e-12 9.53e-07 1.99e-06   0.2
  RED3 (re1ce_2)                      1.04e-06 2.51e-12 9.53e-07 1.99e-06   0.2
  RED4 (re1ce_1)                      1.04e-06 2.51e-12 9.53e-07 1.99e-06   0.2
  RED5 (re1ce_0)                      1.04e-06 2.51e-12 9.53e-07 1.99e-06   0.2
  INT (UART_INT)                      8.25e-06 6.91e-07 5.31e-06 1.43e-05   1.6
    RE1 (redet_3)                     1.04e-06 7.63e-10 6.68e-07 1.70e-06   0.2
    RE2 (redet_2)                     1.03e-06 2.51e-12 6.15e-07 1.65e-06   0.2
    RE3 (redet_1)                     1.04e-06 7.48e-10 6.68e-07 1.70e-06   0.2
    RE4 (redet_0)                     1.03e-06 2.51e-12 6.15e-07 1.65e-06   0.2
    FE1 (fedet_1)                     1.16e-06 1.97e-12 6.58e-07 1.82e-06   0.2
    FE2 (fedet_0)                     1.16e-06 1.97e-12 6.58e-07 1.82e-06   0.2
  BRG (UART_BRG)                      4.39e-06 1.06e-09 5.07e-06 9.46e-06   1.0
  RCV (UART_RXSM)                     9.85e-06 1.12e-06 9.83e-06 2.08e-05   2.3
  TMR (UART_RTO)                      5.71e-06 3.39e-09 5.36e-06 1.11e-05   1.2
  XMT (UART_TXSM)                     6.74e-06 3.39e-09 7.78e-06 1.45e-05   1.6
  RF1 (DPSFnmCE_addr6_width9_662242)  2.06e-04 1.99e-05 1.97e-04 4.23e-04  46.4
  TF1 (DPSFnmCE_addr6_width8_374242)  1.84e-04 1.77e-05 1.76e-04 3.77e-04  41.4
1
