****************************************
Report : Averaged Power
	-hierarchy
Design : Top_PipelinedCipher
Version: V-2023.12
Date   : Mon Jun 22 17:18:31 2026
****************************************



                                      Int      Switch   Leak     Total
Hierarchy                             Power    Power    Power    Power    %
----------------------------------------------------------------------------------
Top_PipelinedCipher                   4.55e-03 6.07e-04 7.25e-03 1.24e-02 100.0
  U_KEY (AddRoundKey_DATA_W128_9)     4.62e-05 4.11e-06 4.80e-05 9.83e-05   0.8
  U_ROUND_0 (Round_DATA_W128_8)       2.13e-04 2.74e-05 4.76e-04 7.16e-04   5.8
    U_SH (ShiftRows_DATA_W128_8)      4.84e-05 4.95e-06 3.63e-05 8.97e-05   0.7
    U_SUB (SubBytes_DATA_W128_8)      4.64e-05 5.04e-06 3.24e-04 3.75e-04   3.0
      ROM_9__ROM (SBox_174)           2.80e-06 3.53e-08 2.02e-05 2.30e-05   0.2
      ROM_2__ROM (SBox_181)           2.80e-06 3.60e-08 2.02e-05 2.30e-05   0.2
      ROM_12__ROM (SBox_171)          2.79e-06 3.40e-08 2.02e-05 2.30e-05   0.2
      ROM_5__ROM (SBox_178)           2.78e-06 3.37e-08 2.02e-05 2.30e-05   0.2
      ROM_15__ROM (SBox_168)          2.79e-06 3.38e-08 2.02e-05 2.30e-05   0.2
      ROM_8__ROM (SBox_175)           2.80e-06 3.53e-08 2.02e-05 2.30e-05   0.2
      ROM_11__ROM (SBox_172)          2.80e-06 3.59e-08 2.02e-05 2.30e-05   0.2
      ROM_1__ROM (SBox_182)           2.80e-06 3.55e-08 2.02e-05 2.30e-05   0.2
      ROM_4__ROM (SBox_179)           2.78e-06 3.37e-08 2.02e-05 2.30e-05   0.2
      ROM_14__ROM (SBox_169)          2.79e-06 3.38e-08 2.02e-05 2.30e-05   0.2
      ROM_7__ROM (SBox_176)           2.79e-06 3.48e-08 2.02e-05 2.30e-05   0.2
      ROM_0__ROM (SBox_183)           2.80e-06 3.55e-08 2.02e-05 2.30e-05   0.2
      ROM_10__ROM (SBox_173)          2.80e-06 3.59e-08 2.02e-05 2.30e-05   0.2
      ROM_3__ROM (SBox_180)           2.80e-06 3.60e-08 2.02e-05 2.30e-05   0.2
      ROM_13__ROM (SBox_170)          2.79e-06 3.40e-08 2.02e-05 2.30e-05   0.2
      ROM_6__ROM (SBox_177)           2.79e-06 3.48e-08 2.02e-05 2.30e-05   0.2
    U_MIX (MixColumns_DATA_W128_8)    5.69e-05 7.47e-06 6.54e-05 1.30e-04   1.0
    U_KEY (AddRoundKey_DATA_W128_8)   6.04e-05 7.89e-06 5.01e-05 1.18e-04   1.0
  U_ROUND_1 (Round_DATA_W128_7)       2.79e-04 5.27e-05 4.82e-04 8.13e-04   6.6
    U_SH (ShiftRows_DATA_W128_7)      5.69e-05 6.73e-06 4.11e-05 1.05e-04   0.8
    U_SUB (SubBytes_DATA_W128_7)      8.51e-05 2.33e-05 3.22e-04 4.30e-04   3.5
      ROM_9__ROM (SBox_158)           4.59e-06 9.10e-07 2.02e-05 2.57e-05   0.2
      ROM_2__ROM (SBox_165)           5.96e-06 1.52e-06 2.01e-05 2.76e-05   0.2
      ROM_12__ROM (SBox_155)          4.35e-06 7.92e-07 1.99e-05 2.50e-05   0.2
      ROM_5__ROM (SBox_162)           6.16e-06 1.61e-06 2.00e-05 2.78e-05   0.2
      ROM_15__ROM (SBox_152)          4.51e-06 8.51e-07 1.97e-05 2.51e-05   0.2
      ROM_8__ROM (SBox_159)           4.64e-06 9.15e-07 2.01e-05 2.57e-05   0.2
      ROM_11__ROM (SBox_156)          4.41e-06 8.22e-07 2.02e-05 2.55e-05   0.2
      ROM_1__ROM (SBox_166)           5.51e-06 1.30e-06 2.02e-05 2.70e-05   0.2
      ROM_4__ROM (SBox_163)           5.92e-06 1.50e-06 2.00e-05 2.74e-05   0.2
      ROM_14__ROM (SBox_153)          4.58e-06 8.80e-07 1.99e-05 2.54e-05   0.2
      ROM_7__ROM (SBox_160)           5.37e-06 1.27e-06 1.99e-05 2.66e-05   0.2
      ROM_0__ROM (SBox_167)           5.25e-06 1.22e-06 2.02e-05 2.66e-05   0.2
      ROM_10__ROM (SBox_157)          5.08e-06 1.10e-06 2.02e-05 2.64e-05   0.2
      ROM_3__ROM (SBox_164)           5.92e-06 1.50e-06 2.02e-05 2.76e-05   0.2
      ROM_13__ROM (SBox_154)          5.01e-06 1.06e-06 1.99e-05 2.60e-05   0.2
      ROM_6__ROM (SBox_161)           6.09e-06 1.60e-06 2.00e-05 2.77e-05   0.2
    U_MIX (MixColumns_DATA_W128_7)    7.40e-05 1.25e-05 6.79e-05 1.54e-04   1.2
    U_KEY (AddRoundKey_DATA_W128_7)   6.21e-05 8.01e-06 5.09e-05 1.21e-04   1.0
  U_ROUND_2 (Round_DATA_W128_6)       2.56e-04 4.56e-05 4.83e-04 7.84e-04   6.3
    U_SH (ShiftRows_DATA_W128_6)      5.38e-05 6.04e-06 4.11e-05 1.01e-04   0.8
    U_SUB (SubBytes_DATA_W128_6)      7.92e-05 2.09e-05 3.22e-04 4.23e-04   3.4
      ROM_9__ROM (SBox_142)           4.12e-06 7.10e-07 2.01e-05 2.49e-05   0.2
      ROM_2__ROM (SBox_149)           5.65e-06 1.40e-06 2.01e-05 2.71e-05   0.2
      ROM_12__ROM (SBox_139)          4.07e-06 6.84e-07 2.01e-05 2.49e-05   0.2
      ROM_5__ROM (SBox_146)           5.69e-06 1.41e-06 2.01e-05 2.72e-05   0.2
      ROM_15__ROM (SBox_136)          4.25e-06 7.63e-07 2.01e-05 2.51e-05   0.2
      ROM_8__ROM (SBox_143)           4.24e-06 7.47e-07 2.01e-05 2.51e-05   0.2
      ROM_11__ROM (SBox_140)          4.21e-06 7.39e-07 2.01e-05 2.50e-05   0.2
      ROM_1__ROM (SBox_150)           5.01e-06 1.09e-06 2.01e-05 2.62e-05   0.2
      ROM_4__ROM (SBox_147)           5.48e-06 1.33e-06 2.01e-05 2.69e-05   0.2
      ROM_14__ROM (SBox_137)          4.37e-06 8.07e-07 2.01e-05 2.53e-05   0.2
      ROM_7__ROM (SBox_144)           4.85e-06 1.04e-06 2.01e-05 2.60e-05   0.2
      ROM_0__ROM (SBox_151)           4.78e-06 1.03e-06 2.01e-05 2.59e-05   0.2
      ROM_10__ROM (SBox_141)          4.63e-06 9.05e-07 2.01e-05 2.56e-05   0.2
      ROM_3__ROM (SBox_148)           5.70e-06 1.43e-06 2.01e-05 2.72e-05   0.2
      ROM_13__ROM (SBox_138)          4.79e-06 9.84e-07 2.01e-05 2.59e-05   0.2
      ROM_6__ROM (SBox_145)           5.63e-06 1.40e-06 2.01e-05 2.71e-05   0.2
    U_MIX (MixColumns_DATA_W128_6)    6.50e-05 9.81e-06 6.80e-05 1.43e-04   1.2
    U_KEY (AddRoundKey_DATA_W128_6)   5.71e-05 6.71e-06 5.10e-05 1.15e-04   0.9
  U_ROUND_3 (Round_DATA_W128_5)       2.30e-04 3.58e-05 4.82e-04 7.48e-04   6.0
    U_SH (ShiftRows_DATA_W128_5)      5.11e-05 5.44e-06 4.08e-05 9.74e-05   0.8
    U_SUB (SubBytes_DATA_W128_5)      6.71e-05 1.49e-05 3.22e-04 4.04e-04   3.3
      ROM_9__ROM (SBox_126)           3.68e-06 4.70e-07 2.01e-05 2.42e-05   0.2
      ROM_2__ROM (SBox_133)           4.52e-06 8.49e-07 2.01e-05 2.54e-05   0.2
      ROM_12__ROM (SBox_123)          3.60e-06 4.34e-07 2.01e-05 2.41e-05   0.2
      ROM_5__ROM (SBox_130)           4.67e-06 9.17e-07 2.01e-05 2.57e-05   0.2
      ROM_15__ROM (SBox_120)          3.76e-06 5.16e-07 2.01e-05 2.44e-05   0.2
      ROM_8__ROM (SBox_127)           3.73e-06 4.80e-07 2.01e-05 2.43e-05   0.2
      ROM_11__ROM (SBox_124)          3.70e-06 4.76e-07 2.01e-05 2.42e-05   0.2
      ROM_1__ROM (SBox_134)           4.21e-06 6.98e-07 2.01e-05 2.50e-05   0.2
      ROM_4__ROM (SBox_131)           4.40e-06 7.90e-07 2.01e-05 2.53e-05   0.2
      ROM_14__ROM (SBox_121)          3.81e-06 5.19e-07 2.01e-05 2.44e-05   0.2
      ROM_7__ROM (SBox_128)           4.09e-06 6.56e-07 2.01e-05 2.48e-05   0.2
      ROM_0__ROM (SBox_135)           4.04e-06 6.51e-07 2.01e-05 2.48e-05   0.2
      ROM_10__ROM (SBox_125)          3.97e-06 5.84e-07 2.01e-05 2.46e-05   0.2
      ROM_3__ROM (SBox_132)           4.55e-06 8.61e-07 2.00e-05 2.54e-05   0.2
      ROM_13__ROM (SBox_122)          4.09e-06 6.38e-07 2.01e-05 2.48e-05   0.2
      ROM_6__ROM (SBox_129)           4.60e-06 8.88e-07 2.01e-05 2.56e-05   0.2
    U_MIX (MixColumns_DATA_W128_5)    5.79e-05 7.62e-06 6.80e-05 1.34e-04   1.1
    U_KEY (AddRoundKey_DATA_W128_5)   5.33e-05 5.76e-06 5.08e-05 1.10e-04   0.9
  U_ROUND_4 (Round_DATA_W128_4)       2.12e-04 2.92e-05 4.80e-04 7.21e-04   5.8
    U_SH (ShiftRows_DATA_W128_4)      4.91e-05 4.99e-06 4.02e-05 9.42e-05   0.8
    U_SUB (SubBytes_DATA_W128_4)      5.88e-05 1.08e-05 3.22e-04 3.92e-04   3.2
      ROM_9__ROM (SBox_110)           3.35e-06 3.01e-07 2.01e-05 2.37e-05   0.2
      ROM_2__ROM (SBox_117)           3.85e-06 5.25e-07 2.00e-05 2.44e-05   0.2
      ROM_12__ROM (SBox_107)          3.31e-06 2.84e-07 2.01e-05 2.37e-05   0.2
      ROM_5__ROM (SBox_114)           3.82e-06 5.10e-07 2.00e-05 2.43e-05   0.2
      ROM_15__ROM (SBox_104)          3.40e-06 3.25e-07 2.01e-05 2.38e-05   0.2
      ROM_8__ROM (SBox_111)           3.35e-06 2.93e-07 2.01e-05 2.37e-05   0.2
      ROM_11__ROM (SBox_108)          3.34e-06 2.88e-07 2.01e-05 2.37e-05   0.2
      ROM_1__ROM (SBox_118)           3.63e-06 4.23e-07 2.01e-05 2.42e-05   0.2
      ROM_4__ROM (SBox_115)           3.74e-06 4.83e-07 2.01e-05 2.43e-05   0.2
      ROM_14__ROM (SBox_105)          3.42e-06 3.29e-07 2.01e-05 2.38e-05   0.2
      ROM_7__ROM (SBox_112)           3.57e-06 4.00e-07 2.01e-05 2.41e-05   0.2
      ROM_0__ROM (SBox_119)           3.53e-06 3.91e-07 2.01e-05 2.40e-05   0.2
      ROM_10__ROM (SBox_109)          3.57e-06 3.85e-07 2.01e-05 2.40e-05   0.2
      ROM_3__ROM (SBox_116)           3.85e-06 5.27e-07 2.01e-05 2.44e-05   0.2
      ROM_13__ROM (SBox_106)          3.60e-06 4.03e-07 2.01e-05 2.41e-05   0.2
      ROM_6__ROM (SBox_113)           3.82e-06 5.14e-07 2.01e-05 2.44e-05   0.2
    U_MIX (MixColumns_DATA_W128_4)    5.31e-05 6.19e-06 6.73e-05 1.27e-04   1.0
    U_KEY (AddRoundKey_DATA_W128_4)   5.06e-05 5.11e-06 5.03e-05 1.06e-04   0.9
  U_ROUND_5 (Round_DATA_W128_3)       2.00e-04 2.49e-05 4.77e-04 7.02e-04   5.7
    U_SH (ShiftRows_DATA_W128_3)      4.76e-05 4.68e-06 3.92e-05 9.15e-05   0.7
    U_SUB (SubBytes_DATA_W128_3)      5.35e-05 8.27e-06 3.22e-04 3.83e-04   3.1
      ROM_9__ROM (SBox_94)            3.10e-06 1.80e-07 2.00e-05 2.33e-05   0.2
      ROM_2__ROM (SBox_101)           3.41e-06 3.16e-07 2.00e-05 2.37e-05   0.2
      ROM_12__ROM (SBox_91)           3.07e-06 1.64e-07 2.00e-05 2.33e-05   0.2
      ROM_5__ROM (SBox_98)            3.44e-06 3.36e-07 2.00e-05 2.38e-05   0.2
      ROM_15__ROM (SBox_88)           3.11e-06 1.81e-07 2.01e-05 2.34e-05   0.2
      ROM_8__ROM (SBox_95)            3.11e-06 1.79e-07 2.00e-05 2.33e-05   0.2
      ROM_11__ROM (SBox_92)           3.11e-06 1.77e-07 2.01e-05 2.33e-05   0.2
      ROM_1__ROM (SBox_102)           3.28e-06 2.56e-07 2.01e-05 2.36e-05   0.2
      ROM_4__ROM (SBox_99)            3.37e-06 3.02e-07 2.00e-05 2.37e-05   0.2
      ROM_14__ROM (SBox_89)           3.16e-06 2.02e-07 2.01e-05 2.34e-05   0.2
      ROM_7__ROM (SBox_96)            3.23e-06 2.38e-07 2.00e-05 2.35e-05   0.2
      ROM_0__ROM (SBox_103)           3.19e-06 2.19e-07 2.00e-05 2.34e-05   0.2
      ROM_10__ROM (SBox_93)           3.19e-06 2.10e-07 2.01e-05 2.35e-05   0.2
      ROM_3__ROM (SBox_100)           3.38e-06 3.03e-07 2.00e-05 2.37e-05   0.2
      ROM_13__ROM (SBox_90)           3.27e-06 2.48e-07 2.00e-05 2.36e-05   0.2
      ROM_6__ROM (SBox_97)            3.39e-06 3.11e-07 2.01e-05 2.38e-05   0.2
    U_MIX (MixColumns_DATA_W128_3)    4.99e-05 5.24e-06 6.62e-05 1.21e-04   1.0
    U_KEY (AddRoundKey_DATA_W128_3)   4.87e-05 4.66e-06 4.98e-05 1.03e-04   0.8
  U_ROUND_6 (Round_DATA_W128_2)       1.92e-04 2.22e-05 4.74e-04 6.88e-04   5.5
    U_SH (ShiftRows_DATA_W128_2)      4.66e-05 4.50e-06 3.83e-05 8.94e-05   0.7
    U_SUB (SubBytes_DATA_W128_2)      4.99e-05 6.53e-06 3.21e-04 3.77e-04   3.0
      ROM_9__ROM (SBox_78)            2.95e-06 1.08e-07 2.00e-05 2.30e-05   0.2
      ROM_2__ROM (SBox_85)            3.09e-06 1.67e-07 2.00e-05 2.32e-05   0.2
      ROM_12__ROM (SBox_75)           2.91e-06 8.41e-08 2.00e-05 2.30e-05   0.2
      ROM_5__ROM (SBox_82)            3.08e-06 1.62e-07 1.99e-05 2.32e-05   0.2
      ROM_15__ROM (SBox_72)           2.97e-06 1.11e-07 2.00e-05 2.31e-05   0.2
      ROM_8__ROM (SBox_79)            2.99e-06 1.17e-07 2.00e-05 2.31e-05   0.2
      ROM_11__ROM (SBox_76)           2.93e-06 9.47e-08 2.00e-05 2.30e-05   0.2
      ROM_1__ROM (SBox_86)            3.04e-06 1.45e-07 2.00e-05 2.32e-05   0.2
      ROM_4__ROM (SBox_83)            3.07e-06 1.58e-07 2.00e-05 2.32e-05   0.2
      ROM_14__ROM (SBox_73)           2.99e-06 1.16e-07 2.00e-05 2.31e-05   0.2
      ROM_7__ROM (SBox_80)            2.99e-06 1.21e-07 2.00e-05 2.31e-05   0.2
      ROM_0__ROM (SBox_87)            3.00e-06 1.32e-07 2.00e-05 2.31e-05   0.2
      ROM_10__ROM (SBox_77)           2.98e-06 1.14e-07 2.00e-05 2.31e-05   0.2
      ROM_3__ROM (SBox_84)            3.09e-06 1.69e-07 2.00e-05 2.33e-05   0.2
      ROM_13__ROM (SBox_74)           3.01e-06 1.29e-07 2.00e-05 2.31e-05   0.2
      ROM_6__ROM (SBox_81)            3.08e-06 1.62e-07 2.00e-05 2.33e-05   0.2
    U_MIX (MixColumns_DATA_W128_2)    4.79e-05 4.69e-06 6.51e-05 1.18e-04   0.9
    U_KEY (AddRoundKey_DATA_W128_2)   4.75e-05 4.41e-06 4.90e-05 1.01e-04   0.8
  U_ROUND_7 (Round_DATA_W128_1)       1.87e-04 2.05e-05 4.71e-04 6.79e-04   5.5
    U_SH (ShiftRows_DATA_W128_1)      4.60e-05 4.38e-06 3.76e-05 8.79e-05   0.7
    U_SUB (SubBytes_DATA_W128_1)      4.77e-05 5.52e-06 3.21e-04 3.74e-04   3.0
      ROM_9__ROM (SBox_62)            2.84e-06 5.18e-08 2.00e-05 2.29e-05   0.2
      ROM_2__ROM (SBox_69)            2.90e-06 8.14e-08 2.00e-05 2.29e-05   0.2
      ROM_12__ROM (SBox_59)           2.83e-06 4.47e-08 2.00e-05 2.28e-05   0.2
      ROM_5__ROM (SBox_66)            2.92e-06 8.73e-08 2.00e-05 2.30e-05   0.2
      ROM_15__ROM (SBox_56)           2.86e-06 6.07e-08 2.00e-05 2.29e-05   0.2
      ROM_8__ROM (SBox_63)            2.84e-06 4.76e-08 2.00e-05 2.28e-05   0.2
      ROM_11__ROM (SBox_60)           2.84e-06 5.14e-08 2.00e-05 2.29e-05   0.2
      ROM_1__ROM (SBox_70)            2.88e-06 7.09e-08 2.00e-05 2.29e-05   0.2
      ROM_4__ROM (SBox_67)            2.92e-06 8.90e-08 2.00e-05 2.30e-05   0.2
      ROM_14__ROM (SBox_57)           2.86e-06 6.23e-08 2.00e-05 2.29e-05   0.2
      ROM_7__ROM (SBox_64)            2.88e-06 7.11e-08 2.00e-05 2.29e-05   0.2
      ROM_0__ROM (SBox_71)            2.86e-06 6.20e-08 2.00e-05 2.29e-05   0.2
      ROM_10__ROM (SBox_61)           2.86e-06 6.18e-08 2.00e-05 2.29e-05   0.2
      ROM_3__ROM (SBox_68)            2.89e-06 7.70e-08 2.00e-05 2.30e-05   0.2
      ROM_13__ROM (SBox_58)           2.88e-06 7.09e-08 2.00e-05 2.29e-05   0.2
      ROM_6__ROM (SBox_65)            2.92e-06 9.49e-08 2.00e-05 2.30e-05   0.2
    U_MIX (MixColumns_DATA_W128_1)    4.65e-05 4.33e-06 6.43e-05 1.15e-04   0.9
    U_KEY (AddRoundKey_DATA_W128_1)   4.66e-05 4.23e-06 4.86e-05 9.95e-05   0.8
  U_ROUND_8 (Round_DATA_W128_0)       1.85e-04 1.98e-05 4.70e-04 6.75e-04   5.4
    U_SH (ShiftRows_DATA_W128_0)      4.57e-05 4.33e-06 3.72e-05 8.72e-05   0.7
    U_SUB (SubBytes_DATA_W128_0)      4.66e-05 5.02e-06 3.21e-04 3.72e-04   3.0
      ROM_9__ROM (SBox_46)            2.79e-06 3.17e-08 2.00e-05 2.28e-05   0.2
      ROM_2__ROM (SBox_53)            2.82e-06 4.21e-08 2.00e-05 2.28e-05   0.2
      ROM_12__ROM (SBox_43)           2.79e-06 2.69e-08 2.00e-05 2.28e-05   0.2
      ROM_5__ROM (SBox_50)            2.83e-06 4.49e-08 2.00e-05 2.28e-05   0.2
      ROM_15__ROM (SBox_40)           2.79e-06 3.12e-08 2.00e-05 2.28e-05   0.2
      ROM_8__ROM (SBox_47)            2.79e-06 3.08e-08 2.00e-05 2.28e-05   0.2
      ROM_11__ROM (SBox_44)           2.79e-06 3.01e-08 2.00e-05 2.28e-05   0.2
      ROM_1__ROM (SBox_54)            2.81e-06 3.69e-08 1.99e-05 2.28e-05   0.2
      ROM_4__ROM (SBox_51)            2.83e-06 4.67e-08 2.00e-05 2.29e-05   0.2
      ROM_14__ROM (SBox_41)           2.81e-06 3.34e-08 2.00e-05 2.28e-05   0.2
      ROM_7__ROM (SBox_48)            2.81e-06 3.52e-08 2.00e-05 2.28e-05   0.2
      ROM_0__ROM (SBox_55)            2.79e-06 3.47e-08 2.00e-05 2.28e-05   0.2
      ROM_10__ROM (SBox_45)           2.81e-06 3.59e-08 2.00e-05 2.28e-05   0.2
      ROM_3__ROM (SBox_52)            2.83e-06 4.64e-08 2.00e-05 2.29e-05   0.2
      ROM_13__ROM (SBox_42)           2.81e-06 3.54e-08 2.00e-05 2.28e-05   0.2
      ROM_6__ROM (SBox_49)            2.84e-06 5.21e-08 2.00e-05 2.29e-05   0.2
    U_MIX (MixColumns_DATA_W128_0)    4.60e-05 4.18e-06 6.39e-05 1.14e-04   0.9
    U_KEY (AddRoundKey_DATA_W128_0)   4.61e-05 4.14e-06 4.82e-05 9.84e-05   0.8
  U_SH (ShiftRows_DATA_W128_9)        4.53e-05 3.99e-06 3.67e-05 8.61e-05   0.7
  U_KEYEXP (KeyExpantion_DATA_W128_KEY_L128_NO_ROUNDS10)
                                      2.37e-03 3.04e-04 2.47e-03 5.14e-03  41.4
    ROUND_KEY_GEN_9__RKGEN_U (RoundKeyGen_KEY_L128_0)
                                      2.14e-04 2.46e-05 2.43e-04 4.82e-04   3.9
      SUB_U (SubBytes_DATA_W32_0)     1.44e-05 2.44e-06 8.07e-05 9.75e-05   0.8
        ROM_0__ROM (SBox_3)           3.36e-06 2.70e-07 2.01e-05 2.37e-05   0.2
        ROM_1__ROM (SBox_2)           3.38e-06 3.03e-07 2.01e-05 2.37e-05   0.2
        ROM_2__ROM (SBox_1)           3.63e-06 6.06e-07 2.01e-05 2.44e-05   0.2
        ROM_3__ROM (SBox_0)           3.46e-06 5.40e-07 2.01e-05 2.41e-05   0.2
    RKGEN_U0 (RoundKeyGen_KEY_L128_9) 2.29e-04 2.86e-05 2.45e-04 5.03e-04   4.1
      SUB_U (SubBytes_DATA_W32_9)     1.45e-05 2.61e-06 8.14e-05 9.84e-05   0.8
        ROM_0__ROM (SBox_39)          3.23e-06 2.32e-07 2.02e-05 2.37e-05   0.2
        ROM_1__ROM (SBox_38)          3.59e-06 4.62e-07 2.02e-05 2.43e-05   0.2
        ROM_2__ROM (SBox_37)          3.86e-06 7.32e-07 2.02e-05 2.48e-05   0.2
        ROM_3__ROM (SBox_36)          3.24e-06 4.68e-07 2.03e-05 2.40e-05   0.2
    ROUND_KEY_GEN_8__RKGEN_U (RoundKeyGen_KEY_L128_1)
                                      2.18e-04 2.57e-05 2.45e-04 4.88e-04   3.9
      SUB_U (SubBytes_DATA_W32_1)     1.50e-05 2.74e-06 8.07e-05 9.84e-05   0.8
        ROM_0__ROM (SBox_7)           3.49e-06 3.33e-07 2.01e-05 2.39e-05   0.2
        ROM_1__ROM (SBox_6)           3.52e-06 3.77e-07 2.01e-05 2.40e-05   0.2
        ROM_2__ROM (SBox_5)           3.84e-06 7.07e-07 2.01e-05 2.47e-05   0.2
        ROM_3__ROM (SBox_4)           3.59e-06 6.07e-07 2.01e-05 2.43e-05   0.2
    ROUND_KEY_GEN_7__RKGEN_U (RoundKeyGen_KEY_L128_2)
                                      2.23e-04 2.71e-05 2.46e-04 4.97e-04   4.0
      SUB_U (SubBytes_DATA_W32_2)     1.57e-05 3.11e-06 8.08e-05 9.97e-05   0.8
        ROM_0__ROM (SBox_11)          3.66e-06 4.14e-07 2.01e-05 2.42e-05   0.2
        ROM_1__ROM (SBox_10)          3.70e-06 4.70e-07 2.01e-05 2.43e-05   0.2
        ROM_2__ROM (SBox_9)           4.06e-06 8.13e-07 2.01e-05 2.50e-05   0.2
        ROM_3__ROM (SBox_8)           3.73e-06 6.81e-07 2.02e-05 2.46e-05   0.2
    ROUND_KEY_GEN_6__RKGEN_U (RoundKeyGen_KEY_L128_3)
                                      2.29e-04 2.85e-05 2.47e-04 5.05e-04   4.1
      SUB_U (SubBytes_DATA_W32_3)     1.65e-05 3.49e-06 8.08e-05 1.01e-04   0.8
        ROM_0__ROM (SBox_15)          3.84e-06 5.00e-07 2.01e-05 2.44e-05   0.2
        ROM_1__ROM (SBox_14)          3.90e-06 5.64e-07 2.01e-05 2.45e-05   0.2
        ROM_2__ROM (SBox_13)          4.28e-06 9.14e-07 2.02e-05 2.54e-05   0.2
        ROM_3__ROM (SBox_12)          3.93e-06 7.75e-07 2.01e-05 2.48e-05   0.2
    ROUND_KEY_GEN_5__RKGEN_U (RoundKeyGen_KEY_L128_4)
                                      2.36e-04 3.02e-05 2.48e-04 5.14e-04   4.1
      SUB_U (SubBytes_DATA_W32_4)     1.75e-05 3.98e-06 8.09e-05 1.02e-04   0.8
        ROM_0__ROM (SBox_19)          4.07e-06 6.10e-07 2.01e-05 2.48e-05   0.2
        ROM_1__ROM (SBox_18)          4.11e-06 6.74e-07 2.01e-05 2.49e-05   0.2
        ROM_2__ROM (SBox_17)          4.62e-06 1.08e-06 2.02e-05 2.59e-05   0.2
        ROM_3__ROM (SBox_16)          4.16e-06 8.93e-07 2.01e-05 2.52e-05   0.2
    ROUND_KEY_GEN_4__RKGEN_U (RoundKeyGen_KEY_L128_5)
                                      2.44e-04 3.23e-05 2.49e-04 5.25e-04   4.2
      SUB_U (SubBytes_DATA_W32_5)     1.87e-05 4.55e-06 8.09e-05 1.04e-04   0.8
        ROM_0__ROM (SBox_23)          4.35e-06 7.34e-07 2.01e-05 2.52e-05   0.2
        ROM_1__ROM (SBox_22)          4.40e-06 8.16e-07 2.01e-05 2.53e-05   0.2
        ROM_2__ROM (SBox_21)          4.97e-06 1.24e-06 2.02e-05 2.64e-05   0.2
        ROM_3__ROM (SBox_20)          4.42e-06 1.03e-06 2.02e-05 2.56e-05   0.2
    ROUND_KEY_GEN_3__RKGEN_U (RoundKeyGen_KEY_L128_6)
                                      2.52e-04 3.42e-05 2.49e-04 5.36e-04   4.3
      SUB_U (SubBytes_DATA_W32_6)     1.98e-05 5.06e-06 8.09e-05 1.06e-04   0.9
        ROM_0__ROM (SBox_27)          4.60e-06 8.57e-07 2.01e-05 2.56e-05   0.2
        ROM_1__ROM (SBox_26)          4.66e-06 9.48e-07 2.01e-05 2.57e-05   0.2
        ROM_2__ROM (SBox_25)          5.26e-06 1.38e-06 2.02e-05 2.68e-05   0.2
        ROM_3__ROM (SBox_24)          4.67e-06 1.15e-06 2.01e-05 2.59e-05   0.2
    ROUND_KEY_GEN_2__RKGEN_U (RoundKeyGen_KEY_L128_7)
                                      2.61e-04 3.63e-05 2.49e-04 5.47e-04   4.4
      SUB_U (SubBytes_DATA_W32_7)     2.13e-05 5.78e-06 8.09e-05 1.08e-04   0.9
        ROM_0__ROM (SBox_31)          4.91e-06 1.01e-06 2.01e-05 2.60e-05   0.2
        ROM_1__ROM (SBox_30)          5.01e-06 1.12e-06 2.01e-05 2.63e-05   0.2
        ROM_2__ROM (SBox_29)          5.74e-06 1.61e-06 2.02e-05 2.75e-05   0.2
        ROM_3__ROM (SBox_28)          5.01e-06 1.32e-06 2.01e-05 2.65e-05   0.2
    ROUND_KEY_GEN_1__RKGEN_U (RoundKeyGen_KEY_L128_8)
                                      2.60e-04 3.60e-05 2.47e-04 5.43e-04   4.4
      SUB_U (SubBytes_DATA_W32_8)     2.12e-05 5.75e-06 8.07e-05 1.08e-04   0.9
        ROM_0__ROM (SBox_35)          4.89e-06 1.00e-06 2.02e-05 2.61e-05   0.2
        ROM_1__ROM (SBox_34)          5.00e-06 1.13e-06 2.00e-05 2.61e-05   0.2
        ROM_2__ROM (SBox_33)          5.79e-06 1.62e-06 2.01e-05 2.75e-05   0.2
        ROM_3__ROM (SBox_32)          4.93e-06 1.28e-06 2.00e-05 2.62e-05   0.2
  U0_ARK (AddRoundKey_DATA_W128_10)   4.57e-05 4.49e-06 4.34e-05 9.36e-05   0.8
  U_SUB (SubBytes_DATA_W128_9)        4.58e-05 4.67e-06 3.20e-04 3.71e-04   3.0
    ROM_9__ROM (SBox_190)             2.75e-06 1.26e-08 2.00e-05 2.27e-05   0.2
    ROM_2__ROM (SBox_197)             2.76e-06 1.74e-08 2.00e-05 2.27e-05   0.2
    ROM_12__ROM (SBox_187)            2.75e-06 1.23e-08 2.00e-05 2.27e-05   0.2
    ROM_5__ROM (SBox_194)             2.76e-06 1.93e-08 1.99e-05 2.27e-05   0.2
    ROM_15__ROM (SBox_184)            2.76e-06 1.43e-08 2.00e-05 2.27e-05   0.2
    ROM_8__ROM (SBox_191)             2.75e-06 1.04e-08 2.00e-05 2.27e-05   0.2
    ROM_11__ROM (SBox_188)            2.75e-06 1.26e-08 2.00e-05 2.27e-05   0.2
    ROM_1__ROM (SBox_198)             2.76e-06 1.50e-08 2.00e-05 2.27e-05   0.2
    ROM_4__ROM (SBox_195)             2.76e-06 1.91e-08 2.00e-05 2.27e-05   0.2
    ROM_14__ROM (SBox_185)            2.75e-06 1.18e-08 2.00e-05 2.27e-05   0.2
    ROM_7__ROM (SBox_192)             2.76e-06 1.50e-08 2.00e-05 2.27e-05   0.2
    ROM_0__ROM (SBox_199)             2.75e-06 1.23e-08 2.00e-05 2.27e-05   0.2
    ROM_10__ROM (SBox_189)            2.75e-06 1.46e-08 2.00e-05 2.27e-05   0.2
    ROM_3__ROM (SBox_196)             2.76e-06 1.92e-08 2.00e-05 2.27e-05   0.2
    ROM_13__ROM (SBox_186)            2.76e-06 1.66e-08 1.99e-05 2.27e-05   0.2
    ROM_6__ROM (SBox_193)             2.77e-06 2.27e-08 2.00e-05 2.27e-05   0.2
1
