****************************************
Report : Averaged Power
	-hierarchy
Design : hpdmc
Version: V-2023.12
Date   : Mon Jun 22 17:47:44 2026
****************************************



                                      Int      Switch   Leak     Total
Hierarchy                             Power    Power    Power    Power    %
----------------------------------------------------------------------------------
hpdmc                                 4.42e-05 8.90e-06 7.29e-05 1.26e-04 100.0
  busif (hpdmc_busif_sdram_depth26)   2.03e-06 6.10e-07 1.61e-06 4.25e-06   3.4
  ddrio (hpdmc_ddrio)                 4.26e-08    0.000 4.13e-08 8.39e-08   0.1
    oddr_dqs_t (hpdmc_oddr4_1)           0.000    0.000    0.000    0.000   N/A
    oddr_dqs (hpdmc_oddr4_0)             0.000    0.000    0.000    0.000   N/A
    iddr_dq (hpdmc_iddr32)               0.000    0.000    0.000    0.000   N/A
    oddr_dm (hpdmc_oddr4_2)              0.000    0.000    0.000    0.000   N/A
    obuft_dqs (hpdmc_obuft4)             0.000    0.000    0.000    0.000   N/A
    iobuf_dq (hpdmc_iobuf32)             0.000    0.000    0.000    0.000   N/A
    oddr_dq_t (hpdmc_oddr32_1)           0.000    0.000    0.000    0.000   N/A
    oddr_dq (hpdmc_oddr32_0)             0.000    0.000    0.000    0.000   N/A
  ctlif (hpdmc_ctlif_0)               1.62e-05 2.93e-06 2.30e-05 4.22e-05  33.5
  datactl (hpdmc_datactl)             6.56e-06 3.37e-07 1.21e-05 1.90e-05  15.1
    banktimer0 (hpdmc_banktimer_3)    7.02e-07 5.41e-09 1.44e-06 2.14e-06   1.7
    banktimer1 (hpdmc_banktimer_2)    7.00e-07 5.25e-09 1.38e-06 2.09e-06   1.7
    banktimer2 (hpdmc_banktimer_1)    7.02e-07 5.42e-09 1.44e-06 2.14e-06   1.7
    banktimer3 (hpdmc_banktimer_0)    7.00e-07 5.25e-09 1.38e-06 2.09e-06   1.7
  mgmt (hpdmc_mgmt_sdram_depth26_sdram_columndepth9)
                                      1.56e-05 4.27e-06 3.00e-05 4.99e-05  39.6
1
