****************************************
Report : Averaged Power
	-hierarchy
Design : ac97
Version: V-2023.12
Date   : Mon Jun 22 17:15:12 2026
****************************************



                                      Int      Switch   Leak     Total
Hierarchy                             Power    Power    Power    Power    %
----------------------------------------------------------------------------------
ac97                                  1.28e-04 2.10e-05 2.20e-04 3.69e-04 100.0
  transceiver (ac97_transceiver)      5.18e-05 7.29e-06 9.46e-05 1.54e-04  41.6
    down_fifo (asfifo_data_width2_address_width6_0)
                                      2.52e-05 3.22e-06 4.68e-05 7.52e-05  20.4
    up_fifo (asfifo_data_width2_address_width6_1)
                                      2.57e-05 3.40e-06 4.69e-05 7.60e-05  20.6
  ctlif (ac97_ctlif_0)                4.37e-05 9.06e-06 6.67e-05 1.19e-04  32.3
  framer (ac97_framer)                2.84e-06 5.65e-07 6.39e-06 9.80e-06   2.7
  dma (ac97_dma)                      1.24e-05 1.43e-06 2.58e-05 3.97e-05  10.7
  deframer (ac97_deframer)            1.70e-05 2.13e-06 2.67e-05 4.58e-05  12.4
1
