****************************************
Report : Averaged Power
	-hierarchy
Design : gfx_top
Version: V-2023.12
Date   : Mon Jun 22 17:17:18 2026
****************************************



                                      Int      Switch   Leak     Total
Hierarchy                             Power    Power    Power    Power    %
----------------------------------------------------------------------------------
gfx_top                               1.75e-02 1.71e-03 1.89e-02 3.81e-02 100.0
  wbm_writer (gfx_wbm_write)          6.89e-07 8.92e-13 3.82e-06 4.51e-06   0.0
  renderer (gfx_renderer_point_width16)
                                      2.44e-05 1.91e-06 8.75e-05 1.14e-04   0.3
    color_proc (color_to_memory_1)       0.000    0.000 1.88e-06 1.88e-06   0.0
    depth_proc (color_to_memory_0)       0.000    0.000 1.28e-06 1.28e-06   0.0
  blender0 (gfx_blender_point_width16)
                                      3.25e-05 2.80e-06 1.53e-04 1.88e-04   0.5
    memory_proc (memory_to_color_0)      0.000    0.000 1.69e-06 1.69e-06   0.0
  transform (gfx_transform_point_width16_subpixel_width16)
                                      2.37e-04 2.25e-05 1.06e-03 1.32e-03   3.5
  wb_databus (gfx_wbs_REG_ADR_HIBIT9_point_width16_subpixel_width16_fifo_depth10)
                                      1.51e-02 1.47e-03 1.45e-02 3.10e-02  81.3
    instruction_fifo (basic_fifo_fifo_width42_fifo_bit_depth10)
                                      1.46e-02 1.42e-03 1.41e-02 3.00e-02  78.8
  wbm_reader (gfx_wbm_read)           2.24e-06 2.10e-12 4.66e-06 6.90e-06   0.0
  fp0 (gfx_fragment_processor_point_width16)
                                      3.25e-05 2.74e-06 1.11e-04 1.46e-04   0.4
    color_proc (memory_to_color_1)       0.000    0.000 1.69e-06 1.69e-06   0.0
  wbm_arbiter (gfx_wbm_read_arbiter)     0.000    0.000 4.63e-06 4.63e-06   0.0
  interp (gfx_interp_point_width16_delay_width5_result_width4)
                                      1.67e-03 1.64e-04 1.77e-03 3.60e-03   9.4
    queue_fifo (basic_fifo_fifo_width37_fifo_bit_depth5)
                                      4.32e-04 4.30e-05 4.13e-04 8.87e-04   2.3
    dut0 (div_uu_z_width32_1)         4.24e-04 4.10e-05 5.08e-04 9.72e-04   2.6
    dut1 (div_uu_z_width32_0)         4.24e-04 4.14e-05 5.08e-04 9.73e-04   2.6
    result_fifo (basic_fifo_fifo_width64_fifo_bit_depth4)
                                      3.84e-04 3.70e-05 3.40e-04 7.61e-04   2.0
  rasterizer0 (gfx_rasterizer_point_width16_subpixel_width16_delay_width5)
                                      3.23e-04 3.08e-05 6.63e-04 1.02e-03   2.7
    bresenham (bresenham_line_point_width16_subpixel_width16)
                                      1.03e-04 9.52e-06 1.33e-04 2.46e-04   0.6
    triangle (gfx_triangle_point_width16_subpixel_width16)
                                      1.71e-04 1.62e-05 4.48e-04 6.35e-04   1.7
  clip (gfx_clip_point_width16)       5.49e-05 4.62e-06 1.03e-04 1.63e-04   0.4
    memory_proc (memory_to_color_2)      0.000    0.000 1.57e-06 1.57e-06   0.0
  cuvz (gfx_cuvz_point_width16)       6.97e-05 6.37e-06 4.94e-04 5.70e-04   1.5
1
