****************************************
Report : Averaged Power
	-hierarchy
Design : RS_dec
Version: V-2023.12
Date   : Mon Jun 22 17:16:18 2026
****************************************



                                      Int      Switch   Leak     Total
Hierarchy                             Power    Power    Power    Power    %
----------------------------------------------------------------------------------
RS_dec                                8.07e-04 8.05e-05 3.01e-03 3.90e-03 100.0
  transport_in2out_unit (transport_in2out)
                                      2.10e-06 2.58e-07 6.47e-06 8.83e-06   0.2
  out_stage_unit (out_stage)          2.53e-06 2.47e-07 6.83e-06 9.60e-06   0.2
  rom_instant_1 (GF_matrix_dec_5)     8.45e-08    0.000 3.27e-07 4.11e-07   0.0
  rom_instant_2 (GF_matrix_dec_4)     8.41e-08    0.000 2.92e-07 3.76e-07   0.0
  rom_instant_3 (GF_matrix_dec_3)     8.45e-08    0.000 3.27e-07 4.11e-07   0.0
  rom_instant_4 (GF_matrix_dec_2)     8.41e-08    0.000 2.92e-07 3.76e-07   0.0
  mem_out_1 (DP_RAM_address_width8_data_width8_num_words188_1)
                                      1.31e-04 1.26e-05 4.98e-04 6.41e-04  16.4
  mem_out_2 (DP_RAM_address_width8_data_width8_num_words188_0)
                                      1.31e-04 1.26e-05 4.98e-04 6.41e-04  16.4
  BM_lamda_unit (BM_lamda)            3.75e-05 3.77e-06 1.26e-04 1.68e-04   4.3
  power_rom_instant1 (GF_matrix_ascending_binary_4)
                                      8.45e-08    0.000 3.27e-07 4.11e-07   0.0
  power_rom_instant2 (GF_matrix_ascending_binary_3)
                                      8.45e-08    0.000 3.27e-07 4.11e-07   0.0
  power_rom_instant3 (GF_matrix_ascending_binary_2)
                                      8.45e-08    0.000 3.27e-07 4.11e-07   0.0
  power_rom_instant4 (GF_matrix_ascending_binary_1)
                                      8.45e-08    0.000 3.27e-07 4.11e-07   0.0
  error_correction_unit (error_correction)
                                      5.88e-05 5.63e-06 2.35e-04 3.00e-04   7.7
  lamda_roots_unit (lamda_roots)      3.33e-05 3.07e-06 1.22e-04 1.59e-04   4.1
  Omega_Phy_unit (Omega_Phy)          4.09e-05 3.86e-06 1.50e-04 1.95e-04   5.0
  input_syndromes_unit (input_syndromes)
                                      3.63e-04 3.67e-05 1.34e-03 1.74e-03  44.6
    mem_in_0 (DP_RAM_address_width8_data_width8_num_words205_1)
                                      1.43e-04 1.40e-05 5.44e-04 7.01e-04  18.0
    mem_in_1 (DP_RAM_address_width8_data_width8_num_words205_0)
                                      1.43e-04 1.40e-05 5.44e-04 7.01e-04  18.0
    unit0 (GF_mult_add_syndromes_1)   1.76e-05 1.80e-06 5.75e-05 7.69e-05   2.0
      rom_instant (GF_matrix_dec_1)   8.46e-08    0.000 3.73e-07 4.58e-07   0.0
    unit1 (GF_mult_add_syndromes_0)   1.77e-05 1.85e-06 5.77e-05 7.72e-05   2.0
      rom_instant (GF_matrix_dec_0)   8.46e-08    0.000 3.73e-07 4.58e-07   0.0
    rom_instant (GF_matrix_ascending_binary_0)
                                      8.45e-08    0.000 3.27e-07 4.11e-07   0.0
1
