Warning: Switching activity for constant net wbm_err_i is reset by SAIF/VCD.  (PSW-208)
Warning: No clock specified. 
	 PrimePower will derive a default switching activity of (0.1/ns) from the library time unit (1ns), 
	 because no clock is defined in the design. In order to calculate power accurately,
	 PrimePower needs to know what frequency your design works on. 
	 You can specify the frequency by defining one or more clocks. 
	 For designs without clocks, you can specify a virtual clock 
	 by using the command 
	 'create_clock -name virtual_clock_name -period your_design_period'. 

  (PWR-171)
****************************************
Report : Switching Activity
	
Design : lpc_top
Version: V-2023.12
Date   : Mon Jun 22 17:17:53 2026
****************************************

 Switching Activity Overview Statistics for "lpc_top"
----------------------------------------------------------------------------------------------------------------------------------------------------------------------------------------------
                  From Activity     From         From         From             From            From                                                            Not
Object Type       File (%)          SSA (%)      SSA Force (%) SSA Force (%)   SCA (%)         Clock (%)       Default (%)     Propagated(%)   Implied(%)      Annotated(%)  Total
                                                 Annotated    Implied                                                                                                        
----------------------------------------------------------------------------------------------------------------------------------------------------------------------------------------------
 Nets             197(12.64%)       0(0.00%)     0(0.00%)     0(0.00%)         0(0.00%)        0(0.00%)        9(0.58%)        0(0.00%)        74(4.75%)       1279(82.04%)  1559
----------------------------------------------------------------------------------------------------------------------------------------------------------------------------------------------
Nets Driven by
----------------------------------------------------------------------------------------------------------------------------------------------------------------------------------------------
Primary Input     80(90.91%)        0(0.00%)     0(0.00%)     0(0.00%)         0(0.00%)        0(0.00%)        8(9.09%)        0(0.00%)        0(0.00%)        0(0.00%)      88
Tri-State         4(100.00%)        0(0.00%)     0(0.00%)     0(0.00%)         0(0.00%)        0(0.00%)        0(0.00%)        0(0.00%)        0(0.00%)        0(0.00%)      4
Black Box         0(0%)             0(0%)        0(0%)        0(0%)            0(0%)           0(0%)           0(0%)           0(0%)           0(0%)           0(0%)         0
Sequential        110(28.28%)       0(0.00%)     0(0.00%)     0(0.00%)         0(0.00%)        0(0.00%)        0(0.00%)        0(0.00%)        0(0.00%)        279(71.72%)   389
Combinational     3(0.28%)          0(0.00%)     0(0.00%)     0(0.00%)         0(0.00%)        0(0.00%)        1(0.09%)        0(0.00%)        74(6.86%)       1000(92.76%)  1078
Memory            0(0%)             0(0%)        0(0%)        0(0%)            0(0%)           0(0%)           0(0%)           0(0%)           0(0%)           0(0%)         0
Clock Gate        0(0%)             0(0%)        0(0%)        0(0%)            0(0%)           0(0%)           0(0%)           0(0%)           0(0%)           0(0%)         0
----------------------------------------------------------------------------------------------------------------------------------------------------------------------------------------------
 Static Probability Overview Statistics for "lpc_top"
----------------------------------------------------------------------------------------------------------------------------------------------------------------------------------------------
                  From Activity     From         From         From             From            From                                                            Not
Object Type       File (%)          SSA (%)      SSA Force (%) SSA Force (%)   SCA (%)         Clock (%)       Default (%)     Propagated(%)   Implied(%)      Annotated(%)  Total
                                                 Annotated    Implied                                                                                                        
----------------------------------------------------------------------------------------------------------------------------------------------------------------------------------------------
 Nets             197(12.64%)       0(0.00%)     0(0.00%)     0(0.00%)         0(0.00%)        0(0.00%)        9(0.58%)        0(0.00%)        74(4.75%)       1279(82.04%)  1559
----------------------------------------------------------------------------------------------------------------------------------------------------------------------------------------------
Nets Driven by
----------------------------------------------------------------------------------------------------------------------------------------------------------------------------------------------
Primary Input     80(90.91%)        0(0.00%)     0(0.00%)     0(0.00%)         0(0.00%)        0(0.00%)        8(9.09%)        0(0.00%)        0(0.00%)        0(0.00%)      88
Tri-State         4(100.00%)        0(0.00%)     0(0.00%)     0(0.00%)         0(0.00%)        0(0.00%)        0(0.00%)        0(0.00%)        0(0.00%)        0(0.00%)      4
Black Box         0(0%)             0(0%)        0(0%)        0(0%)            0(0%)           0(0%)           0(0%)           0(0%)           0(0%)           0(0%)         0
Sequential        110(28.28%)       0(0.00%)     0(0.00%)     0(0.00%)         0(0.00%)        0(0.00%)        0(0.00%)        0(0.00%)        0(0.00%)        279(71.72%)   389
Combinational     3(0.28%)          0(0.00%)     0(0.00%)     0(0.00%)         0(0.00%)        0(0.00%)        1(0.09%)        0(0.00%)        74(6.86%)       1000(92.76%)  1078
Memory            0(0%)             0(0%)        0(0%)        0(0%)            0(0%)           0(0%)           0(0%)           0(0%)           0(0%)           0(0%)         0
Clock Gate        0(0%)             0(0%)        0(0%)        0(0%)            0(0%)           0(0%)           0(0%)           0(0%)           0(0%)           0(0%)         0
----------------------------------------------------------------------------------------------------------------------------------------------------------------------------------------------
1
