****************************************
Report : Averaged Power
	-hierarchy
Design : hpdmc
Version: V-2023.12
Date   : Mon Jun 22 16:55:06 2026
****************************************



                                      Int      Switch   Leak     Total
Hierarchy                             Power    Power    Power    Power    %
----------------------------------------------------------------------------------
hpdmc                                 4.88e-05 9.73e-06 7.37e-05 1.32e-04 100.0
  busif (hpdmc_busif_sdram_depth26)   2.03e-06 5.91e-07 1.61e-06 4.23e-06   3.2
  ddrio (hpdmc_ddrio)                 4.26e-08    0.000 4.13e-08 8.39e-08   0.1
    oddr_dqs_t (hpdmc_oddr4_1)           0.000    0.000    0.000    0.000   N/A
    oddr_dqs (hpdmc_oddr4_0)             0.000    0.000    0.000    0.000   N/A
    iddr_dq (hpdmc_iddr32)               0.000    0.000    0.000    0.000   N/A
    oddr_dm (hpdmc_oddr4_2)              0.000    0.000    0.000    0.000   N/A
    obuft_dqs (hpdmc_obuft4)             0.000    0.000    0.000    0.000   N/A
    iobuf_dq (hpdmc_iobuf32)             0.000    0.000    0.000    0.000   N/A
    oddr_dq_t (hpdmc_oddr32_1)           0.000    0.000    0.000    0.000   N/A
    oddr_dq (hpdmc_oddr32_0)             0.000    0.000    0.000    0.000   N/A
  ctlif (hpdmc_ctlif_0)               2.02e-05 3.76e-06 2.34e-05 4.74e-05  35.8
  datactl (hpdmc_datactl)             6.54e-06 3.39e-07 1.21e-05 1.90e-05  14.4
    banktimer0 (hpdmc_banktimer_3)    7.02e-07 5.41e-09 1.44e-06 2.14e-06   1.6
    banktimer1 (hpdmc_banktimer_2)    7.01e-07 5.44e-09 1.38e-06 2.09e-06   1.6
    banktimer2 (hpdmc_banktimer_1)    7.02e-07 5.41e-09 1.44e-06 2.14e-06   1.6
    banktimer3 (hpdmc_banktimer_0)    7.01e-07 5.40e-09 1.38e-06 2.09e-06   1.6
  mgmt (hpdmc_mgmt_sdram_depth26_sdram_columndepth9)
                                      1.56e-05 4.26e-06 3.00e-05 4.99e-05  37.7
1
