****************************************
Report : Averaged Power
	-hierarchy
Design : divider_dshift
Version: V-2023.12
Date   : Mon Jun 22 17:18:10 2026
****************************************



                                      Int      Switch   Leak     Total
Hierarchy                             Power    Power    Power    Power    %
----------------------------------------------------------------------------------
divider_dshift                        8.51e-05 3.15e-05 1.54e-04 2.71e-04 100.0
  adder_0 (adder_32bit_1)                0.000    0.000 1.24e-05 1.24e-05   4.6
    operator_B_stage_1_13 (operator_B_85)
                                         0.000    0.000 8.31e-08 8.31e-08   0.0
    operator_B_stage_1_14 (operator_B_84)
                                         0.000    0.000 8.31e-08 8.31e-08   0.0
    operator_B_stage_1_15 (operator_B_83)
                                         0.000    0.000 8.31e-08 8.31e-08   0.0
    operator_A_10 (operator_A_53)        0.000    0.000 1.08e-07 1.08e-07   0.0
    operator_A_11 (operator_A_52)        0.000    0.000 1.08e-07 1.08e-07   0.0
    operator_A_12 (operator_A_51)        0.000    0.000 1.08e-07 1.08e-07   0.0
    operator_A_13 (operator_A_50)        0.000    0.000 1.08e-07 1.08e-07   0.0
    operator_A_14 (operator_A_49)        0.000    0.000 1.08e-07 1.08e-07   0.0
    operator_A_15 (operator_A_48)        0.000    0.000 1.08e-07 1.08e-07   0.0
    operator_A_16 (operator_A_47)        0.000    0.000 1.08e-07 1.08e-07   0.0
    operator_A_17 (operator_A_46)        0.000    0.000 1.08e-07 1.08e-07   0.0
    operator_A_18 (operator_A_45)        0.000    0.000 1.08e-07 1.08e-07   0.0
    operator_A_19 (operator_A_44)        0.000    0.000 1.08e-07 1.08e-07   0.0
    operator_B_stage_4_8 (operator_B_56)
                                         0.000    0.000 8.31e-08 8.31e-08   0.0
    operator_B_stage_4_9 (operator_B_55)
                                         0.000    0.000 8.31e-08 8.31e-08   0.0
    operator_B_stage_3_4 (operator_B_68)
                                         0.000    0.000 8.31e-08 8.31e-08   0.0
    operator_B_stage_3_5 (operator_B_67)
                                         0.000    0.000 8.31e-08 8.31e-08   0.0
    operator_B_stage_3_6 (operator_B_66)
                                         0.000    0.000 8.31e-08 8.31e-08   0.0
    operator_B_stage_3_7 (operator_B_65)
                                         0.000    0.000 8.31e-08 8.31e-08   0.0
    operator_B_stage_3_8 (operator_B_64)
                                         0.000    0.000 8.31e-08 8.31e-08   0.0
    operator_B_stage_3_9 (operator_B_63)
                                         0.000    0.000 8.31e-08 8.31e-08   0.0
    operator_B_stage_4_10 (operator_B_54)
                                         0.000    0.000 8.31e-08 8.31e-08   0.0
    operator_B_stage_4_11 (operator_B_53)
                                         0.000    0.000 8.31e-08 8.31e-08   0.0
    operator_B_stage_4_12 (operator_B_52)
                                         0.000    0.000 8.31e-08 8.31e-08   0.0
    operator_A_20 (operator_A_43)        0.000    0.000 1.08e-07 1.08e-07   0.0
    operator_B_stage_4_13 (operator_B_51)
                                         0.000    0.000 8.31e-08 8.31e-08   0.0
    operator_A_21 (operator_A_42)        0.000    0.000 1.08e-07 1.08e-07   0.0
    operator_B_stage_4_14 (operator_B_50)
                                         0.000    0.000 8.31e-08 8.31e-08   0.0
    operator_A_22 (operator_A_41)        0.000    0.000 1.08e-07 1.08e-07   0.0
    operator_B_stage_4_15 (operator_B_49)
                                         0.000    0.000 8.31e-08 8.31e-08   0.0
    operator_A_23 (operator_A_40)        0.000    0.000 1.08e-07 1.08e-07   0.0
    operator_A_24 (operator_A_39)        0.000    0.000 1.08e-07 1.08e-07   0.0
    operator_A_25 (operator_A_38)        0.000    0.000 1.08e-07 1.08e-07   0.0
    operator_A_26 (operator_A_37)        0.000    0.000 1.08e-07 1.08e-07   0.0
    operator_B_stage_2_2 (operator_B_82)
                                         0.000    0.000 8.31e-08 8.31e-08   0.0
    operator_A_27 (operator_A_36)        0.000    0.000 1.08e-07 1.08e-07   0.0
    operator_C_stage_6_10 (operator_C_37)
                                         0.000    0.000 6.30e-08 6.30e-08   0.0
    operator_B_stage_2_3 (operator_B_81)
                                         0.000    0.000 8.31e-08 8.31e-08   0.0
    operator_A_28 (operator_A_35)        0.000    0.000 1.08e-07 1.08e-07   0.0
    operator_C_stage_6_11 (operator_C_36)
                                         0.000    0.000 6.30e-08 6.30e-08   0.0
    operator_B_stage_2_4 (operator_B_80)
                                         0.000    0.000 8.31e-08 8.31e-08   0.0
    operator_A_29 (operator_A_34)        0.000    0.000 1.08e-07 1.08e-07   0.0
    operator_C_stage_6_12 (operator_C_35)
                                         0.000    0.000 6.30e-08 6.30e-08   0.0
    operator_B_stage_2_5 (operator_B_79)
                                         0.000    0.000 8.31e-08 8.31e-08   0.0
    operator_C_stage_6_13 (operator_C_34)
                                         0.000    0.000 6.30e-08 6.30e-08   0.0
    operator_B_stage_2_6 (operator_B_78)
                                         0.000    0.000 8.31e-08 8.31e-08   0.0
    operator_C_stage_6_14 (operator_C_33)
                                         0.000    0.000 6.30e-08 6.30e-08   0.0
    operator_B_stage_2_7 (operator_B_77)
                                         0.000    0.000 8.31e-08 8.31e-08   0.0
    operator_C_stage_6_15 (operator_C_32)
                                         0.000    0.000 6.30e-08 6.30e-08   0.0
    operator_B_stage_2_8 (operator_B_76)
                                         0.000    0.000 8.31e-08 8.31e-08   0.0
    operator_B_stage_2_9 (operator_B_75)
                                         0.000    0.000 8.31e-08 8.31e-08   0.0
    operator_B_stage_1_1 (operator_B_97)
                                         0.000    0.000 8.31e-08 8.31e-08   0.0
    operator_C_stage_6_0 (operator_C_47)
                                         0.000    0.000 6.30e-08 6.30e-08   0.0
    operator_B_stage_1_2 (operator_B_96)
                                         0.000    0.000 8.31e-08 8.31e-08   0.0
    operator_C_stage_6_1 (operator_C_46)
                                         0.000    0.000 6.30e-08 6.30e-08   0.0
    operator_B_stage_1_3 (operator_B_95)
                                         0.000    0.000 8.31e-08 8.31e-08   0.0
    operator_C_stage_6_2 (operator_C_45)
                                         0.000    0.000 6.30e-08 6.30e-08   0.0
    operator_B_stage_1_4 (operator_B_94)
                                         0.000    0.000 8.31e-08 8.31e-08   0.0
    operator_C_stage_6_3 (operator_C_44)
                                         0.000    0.000 6.30e-08 6.30e-08   0.0
    operator_B_stage_1_5 (operator_B_93)
                                         0.000    0.000 8.31e-08 8.31e-08   0.0
    operator_C_stage_6_4 (operator_C_43)
                                         0.000    0.000 6.30e-08 6.30e-08   0.0
    operator_B_stage_1_6 (operator_B_92)
                                         0.000    0.000 8.31e-08 8.31e-08   0.0
    operator_C_stage_6_5 (operator_C_42)
                                         0.000    0.000 6.30e-08 6.30e-08   0.0
    operator_B_stage_1_7 (operator_B_91)
                                         0.000    0.000 8.31e-08 8.31e-08   0.0
    operator_C_stage_6_6 (operator_C_41)
                                         0.000    0.000 6.30e-08 6.30e-08   0.0
    operator_B_stage_1_8 (operator_B_90)
                                         0.000    0.000 8.31e-08 8.31e-08   0.0
    operator_A_30 (operator_A_33)        0.000    0.000 1.08e-07 1.08e-07   0.0
    operator_C_stage_6_7 (operator_C_40)
                                         0.000    0.000 6.30e-08 6.30e-08   0.0
    operator_B_stage_1_9 (operator_B_89)
                                         0.000    0.000 8.31e-08 8.31e-08   0.0
    operator_A_0 (operator_A_63)         0.000    0.000 1.08e-07 1.08e-07   0.0
    operator_A_31 (operator_A_32)        0.000    0.000 1.08e-07 1.08e-07   0.0
    operator_C_stage_6_8 (operator_C_39)
                                         0.000    0.000 6.30e-08 6.30e-08   0.0
    operator_A_1 (operator_A_62)         0.000    0.000 1.08e-07 1.08e-07   0.0
    operator_C_stage_6_9 (operator_C_38)
                                         0.000    0.000 6.30e-08 6.30e-08   0.0
    operator_A_2 (operator_A_61)         0.000    0.000 1.08e-07 1.08e-07   0.0
    operator_A_3 (operator_A_60)         0.000    0.000 1.08e-07 1.08e-07   0.0
    operator_A_4 (operator_A_59)         0.000    0.000 1.08e-07 1.08e-07   0.0
    operator_B_stage_3_10 (operator_B_62)
                                         0.000    0.000 8.31e-08 8.31e-08   0.0
    operator_A_5 (operator_A_58)         0.000    0.000 1.08e-07 1.08e-07   0.0
    operator_B_stage_3_11 (operator_B_61)
                                         0.000    0.000 8.31e-08 8.31e-08   0.0
    operator_A_6 (operator_A_57)         0.000    0.000 1.08e-07 1.08e-07   0.0
    operator_B_stage_3_12 (operator_B_60)
                                         0.000    0.000 8.31e-08 8.31e-08   0.0
    operator_A_7 (operator_A_56)         0.000    0.000 1.08e-07 1.08e-07   0.0
    operator_B_stage_3_13 (operator_B_59)
                                         0.000    0.000 8.31e-08 8.31e-08   0.0
    operator_A_8 (operator_A_55)         0.000    0.000 1.08e-07 1.08e-07   0.0
    operator_B_stage_3_14 (operator_B_58)
                                         0.000    0.000 8.31e-08 8.31e-08   0.0
    operator_A_9 (operator_A_54)         0.000    0.000 1.08e-07 1.08e-07   0.0
    operator_B_stage_3_15 (operator_B_57)
                                         0.000    0.000 8.31e-08 8.31e-08   0.0
    operator_C_stage_5_10 (operator_C_53)
                                         0.000    0.000 6.30e-08 6.30e-08   0.0
    operator_C_stage_5_11 (operator_C_52)
                                         0.000    0.000 6.30e-08 6.30e-08   0.0
    operator_C_stage_5_12 (operator_C_51)
                                         0.000    0.000 6.30e-08 6.30e-08   0.0
    operator_C_stage_5_13 (operator_C_50)
                                         0.000    0.000 6.30e-08 6.30e-08   0.0
    operator_C_stage_5_8 (operator_C_55)
                                         0.000    0.000 6.30e-08 6.30e-08   0.0
    operator_C_stage_5_14 (operator_C_49)
                                         0.000    0.000 6.30e-08 6.30e-08   0.0
    operator_C_stage_5_9 (operator_C_54)
                                         0.000    0.000 6.30e-08 6.30e-08   0.0
    operator_C_stage_5_15 (operator_C_48)
                                         0.000    0.000 6.30e-08 6.30e-08   0.0
    operator_C_stage_4_4 (operator_C_59)
                                         0.000    0.000 6.30e-08 6.30e-08   0.0
    operator_C_stage_4_5 (operator_C_58)
                                         0.000    0.000 6.30e-08 6.30e-08   0.0
    operator_C_stage_4_6 (operator_C_57)
                                         0.000    0.000 6.30e-08 6.30e-08   0.0
    operator_C_stage_4_7 (operator_C_56)
                                         0.000    0.000 6.30e-08 6.30e-08   0.0
    operator_B_stage_2_10 (operator_B_74)
                                         0.000    0.000 8.31e-08 8.31e-08   0.0
    operator_B_stage_2_11 (operator_B_73)
                                         0.000    0.000 8.31e-08 8.31e-08   0.0
    operator_B_stage_2_12 (operator_B_72)
                                         0.000    0.000 8.31e-08 8.31e-08   0.0
    operator_C_stage_3_2 (operator_C_61)
                                         0.000    0.000 6.30e-08 6.30e-08   0.0
    operator_B_stage_2_13 (operator_B_71)
                                         0.000    0.000 8.31e-08 8.31e-08   0.0
    operator_C_stage_3_3 (operator_C_60)
                                         0.000    0.000 6.30e-08 6.30e-08   0.0
    operator_B_stage_2_14 (operator_B_70)
                                         0.000    0.000 8.31e-08 8.31e-08   0.0
    operator_B_stage_2_15 (operator_B_69)
                                         0.000    0.000 8.31e-08 8.31e-08   0.0
    operator_C_stage_2_1 (operator_C_62)
                                         0.000    0.000 6.30e-08 6.30e-08   0.0
    operator_C_stage_1_0 (operator_C_63)
                                         0.000    0.000 6.30e-08 6.30e-08   0.0
    operator_B_stage_1_10 (operator_B_88)
                                         0.000    0.000 8.31e-08 8.31e-08   0.0
    operator_B_stage_1_11 (operator_B_87)
                                         0.000    0.000 8.31e-08 8.31e-08   0.0
    operator_B_stage_1_12 (operator_B_86)
                                         0.000    0.000 8.31e-08 8.31e-08   0.0
  adder_1 (adder_32bit_0)             1.81e-06 9.94e-07 9.93e-06 1.27e-05   4.7
    operator_B_stage_1_13 (operator_B_36)
                                      1.36e-08 5.82e-09 5.83e-08 7.77e-08   0.0
    operator_B_stage_1_14 (operator_B_35)
                                      1.36e-08 5.82e-09 5.83e-08 7.77e-08   0.0
    operator_B_stage_1_15 (operator_B_34)
                                      1.35e-08 2.75e-09 5.83e-08 7.45e-08   0.0
    operator_A_10 (operator_A_21)     1.53e-08 2.95e-09 5.25e-08 7.08e-08   0.0
    operator_A_11 (operator_A_20)     1.53e-08 1.18e-08 5.25e-08 7.96e-08   0.0
    operator_A_12 (operator_A_19)     1.53e-08 2.95e-09 5.25e-08 7.08e-08   0.0
    operator_A_13 (operator_A_18)     1.53e-08 1.18e-08 5.25e-08 7.96e-08   0.0
    operator_A_14 (operator_A_17)     1.53e-08 2.95e-09 5.25e-08 7.08e-08   0.0
    operator_A_15 (operator_A_16)     1.45e-08 1.18e-08 5.25e-08 7.88e-08   0.0
    operator_A_16 (operator_A_15)     1.45e-08 2.95e-09 5.25e-08 7.00e-08   0.0
    operator_A_17 (operator_A_14)     1.53e-08 2.95e-09 5.25e-08 7.08e-08   0.0
    operator_A_18 (operator_A_13)     1.45e-08 2.95e-09 5.25e-08 7.00e-08   0.0
    operator_A_19 (operator_A_12)     1.45e-08 2.95e-09 5.25e-08 7.00e-08   0.0
    operator_B_stage_4_8 (operator_B_7)
                                      1.42e-08 2.73e-09 1.03e-07 1.20e-07   0.0
    operator_B_stage_4_9 (operator_B_6)
                                      1.42e-08 2.73e-09 1.03e-07 1.20e-07   0.0
    operator_B_stage_3_4 (operator_B_19)
                                      1.42e-08 5.69e-09 1.42e-07 1.62e-07   0.1
    operator_B_stage_3_5 (operator_B_18)
                                      1.42e-08 5.69e-09 1.03e-07 1.23e-07   0.0
    operator_B_stage_3_6 (operator_B_17)
                                      1.42e-08 5.69e-09 1.03e-07 1.23e-07   0.0
    operator_B_stage_3_7 (operator_B_16)
                                      1.36e-08 6.14e-09 5.83e-08 7.80e-08   0.0
    operator_B_stage_3_8 (operator_B_15)
                                      1.37e-08 8.57e-09 5.83e-08 8.05e-08   0.0
    operator_B_stage_3_9 (operator_B_14)
                                      1.37e-08 8.57e-09 5.83e-08 8.05e-08   0.0
    operator_B_stage_4_10 (operator_B_5)
                                      1.42e-08 2.73e-09 1.03e-07 1.20e-07   0.0
    operator_B_stage_4_11 (operator_B_4)
                                      1.35e-08 3.07e-09 5.83e-08 7.49e-08   0.0
    operator_B_stage_4_12 (operator_B_3)
                                      1.35e-08 3.07e-09 5.83e-08 7.49e-08   0.0
    operator_A_20 (operator_A_11)     1.45e-08 2.95e-09 5.25e-08 7.00e-08   0.0
    operator_B_stage_4_13 (operator_B_2)
                                      1.35e-08 3.07e-09 5.83e-08 7.49e-08   0.0
    operator_A_21 (operator_A_10)     1.45e-08 2.95e-09 5.25e-08 7.00e-08   0.0
    operator_B_stage_4_14 (operator_B_1)
                                      1.35e-08 3.07e-09 5.83e-08 7.49e-08   0.0
    operator_A_22 (operator_A_9)      1.45e-08 2.95e-09 5.25e-08 7.00e-08   0.0
    operator_B_stage_4_15 (operator_B_0)
                                      1.36e-08 3.07e-09 5.83e-08 7.49e-08   0.0
    operator_A_23 (operator_A_8)      1.45e-08 2.95e-09 5.25e-08 7.00e-08   0.0
    operator_A_24 (operator_A_7)      1.45e-08 2.95e-09 5.25e-08 7.00e-08   0.0
    operator_A_25 (operator_A_6)      1.45e-08 2.95e-09 5.25e-08 7.00e-08   0.0
    operator_A_26 (operator_A_5)      1.45e-08 8.61e-09 5.25e-08 7.57e-08   0.0
    operator_B_stage_2_2 (operator_B_33)
                                      1.42e-08 5.69e-09 1.42e-07 1.62e-07   0.1
    operator_A_27 (operator_A_4)      1.45e-08 2.95e-09 5.25e-08 7.00e-08   0.0
    operator_C_stage_6_10 (operator_C_5)
                                      1.36e-08 5.89e-09 5.83e-08 7.77e-08   0.0
    operator_B_stage_2_3 (operator_B_32)
                                      1.42e-08 5.69e-09 1.42e-07 1.62e-07   0.1
    operator_A_28 (operator_A_3)      1.45e-08 8.61e-09 5.25e-08 7.57e-08   0.0
    operator_C_stage_6_11 (operator_C_4)
                                      1.36e-08 5.89e-09 5.83e-08 7.77e-08   0.0
    operator_B_stage_2_4 (operator_B_31)
                                      1.43e-08 8.52e-09 1.03e-07 1.26e-07   0.0
    operator_A_29 (operator_A_2)      1.45e-08 2.95e-09 5.25e-08 7.00e-08   0.0
    operator_C_stage_6_12 (operator_C_3)
                                      1.36e-08 5.89e-09 5.83e-08 7.77e-08   0.0
    operator_B_stage_2_5 (operator_B_30)
                                      1.37e-08 8.57e-09 5.83e-08 8.05e-08   0.0
    operator_C_stage_6_13 (operator_C_2)
                                      1.36e-08 5.89e-09 5.83e-08 7.77e-08   0.0
    operator_B_stage_2_6 (operator_B_29)
                                      1.37e-08 8.57e-09 5.83e-08 8.05e-08   0.0
    operator_C_stage_6_14 (operator_C_1)
                                      1.36e-08 5.89e-09 5.83e-08 7.77e-08   0.0
    operator_B_stage_2_7 (operator_B_28)
                                      1.36e-08 5.82e-09 5.83e-08 7.77e-08   0.0
    operator_C_stage_6_15 (operator_C_0)
                                      1.34e-08    0.000 5.83e-08 7.17e-08   0.0
    operator_B_stage_2_8 (operator_B_27)
                                      1.36e-08 5.82e-09 5.83e-08 7.77e-08   0.0
    operator_B_stage_2_9 (operator_B_26)
                                      1.36e-08 5.82e-09 5.83e-08 7.77e-08   0.0
    operator_B_stage_1_1 (operator_B_48)
                                      1.42e-08 5.69e-09 1.42e-07 1.62e-07   0.1
    operator_C_stage_6_0 (operator_C_15)
                                      1.38e-08 5.89e-09 6.57e-08 8.54e-08   0.0
    operator_B_stage_1_2 (operator_B_47)
                                      1.43e-08 8.52e-09 1.42e-07 1.65e-07   0.1
    operator_C_stage_6_1 (operator_C_14)
                                      1.38e-08 5.89e-09 6.57e-08 8.54e-08   0.0
    operator_B_stage_1_3 (operator_B_46)
                                      1.43e-08 8.52e-09 1.03e-07 1.26e-07   0.0
    operator_C_stage_6_2 (operator_C_13)
                                      1.38e-08 5.89e-09 6.57e-08 8.53e-08   0.0
    operator_B_stage_1_4 (operator_B_45)
                                      1.37e-08 8.57e-09 5.83e-08 8.05e-08   0.0
    operator_C_stage_6_3 (operator_C_12)
                                      1.36e-08 5.89e-09 5.83e-08 7.77e-08   0.0
    operator_B_stage_1_5 (operator_B_44)
                                      1.36e-08 5.82e-09 5.83e-08 7.77e-08   0.0
    operator_C_stage_6_4 (operator_C_11)
                                      1.36e-08 5.89e-09 5.83e-08 7.77e-08   0.0
    operator_B_stage_1_6 (operator_B_43)
                                      1.36e-08 5.82e-09 5.83e-08 7.77e-08   0.0
    operator_C_stage_6_5 (operator_C_10)
                                      1.36e-08 5.89e-09 5.83e-08 7.77e-08   0.0
    operator_B_stage_1_7 (operator_B_42)
                                      1.36e-08 5.82e-09 5.83e-08 7.77e-08   0.0
    operator_C_stage_6_6 (operator_C_9)
                                      1.36e-08 5.89e-09 5.83e-08 7.77e-08   0.0
    operator_B_stage_1_8 (operator_B_41)
                                      1.36e-08 5.82e-09 5.83e-08 7.77e-08   0.0
    operator_A_30 (operator_A_1)      1.45e-08 8.61e-09 5.25e-08 7.57e-08   0.0
    operator_C_stage_6_7 (operator_C_8)
                                      1.36e-08 5.89e-09 5.83e-08 7.77e-08   0.0
    operator_B_stage_1_9 (operator_B_40)
                                      1.36e-08 5.82e-09 5.83e-08 7.77e-08   0.0
    operator_A_0 (operator_A_31)      1.49e-08 8.51e-09 1.36e-07 1.60e-07   0.1
    operator_A_31 (operator_A_0)      1.52e-08 8.96e-09 5.25e-08 7.67e-08   0.0
    operator_C_stage_6_8 (operator_C_7)
                                      1.36e-08 5.89e-09 5.83e-08 7.77e-08   0.0
    operator_A_1 (operator_A_30)      1.49e-08 1.14e-08 1.36e-07 1.63e-07   0.1
    operator_C_stage_6_9 (operator_C_6)
                                      1.36e-08 5.89e-09 5.83e-08 7.77e-08   0.0
    operator_A_2 (operator_A_29)      1.49e-08 1.13e-08 1.36e-07 1.63e-07   0.1
    operator_A_3 (operator_A_28)      1.49e-08 1.14e-08 1.36e-07 1.63e-07   0.1
    operator_A_4 (operator_A_27)      1.49e-08 1.13e-08 1.36e-07 1.63e-07   0.1
    operator_B_stage_3_10 (operator_B_13)
                                      1.37e-08 8.57e-09 5.83e-08 8.05e-08   0.0
    operator_A_5 (operator_A_26)      1.55e-08 1.14e-08 1.36e-07 1.63e-07   0.1
    operator_B_stage_3_11 (operator_B_12)
                                      1.36e-08 5.82e-09 5.83e-08 7.77e-08   0.0
    operator_A_6 (operator_A_25)      1.53e-08 2.95e-09 5.25e-08 7.08e-08   0.0
    operator_B_stage_3_12 (operator_B_11)
                                      1.35e-08 2.75e-09 5.83e-08 7.45e-08   0.0
    operator_A_7 (operator_A_24)      1.53e-08 1.18e-08 5.25e-08 7.96e-08   0.0
    operator_B_stage_3_13 (operator_B_10)
                                      1.35e-08 2.75e-09 5.83e-08 7.45e-08   0.0
    operator_A_8 (operator_A_23)      1.53e-08 2.95e-09 5.25e-08 7.08e-08   0.0
    operator_B_stage_3_14 (operator_B_9)
                                      1.36e-08 2.75e-09 5.83e-08 7.46e-08   0.0
    operator_A_9 (operator_A_22)      1.53e-08 1.18e-08 5.25e-08 7.96e-08   0.0
    operator_B_stage_3_15 (operator_B_8)
                                      1.36e-08 2.75e-09 5.83e-08 7.46e-08   0.0
    operator_C_stage_5_10 (operator_C_21)
                                      1.39e-08 8.64e-09 6.57e-08 8.82e-08   0.0
    operator_C_stage_5_11 (operator_C_20)
                                      1.37e-08 8.64e-09 5.83e-08 8.06e-08   0.0
    operator_C_stage_5_12 (operator_C_19)
                                      1.37e-08 8.64e-09 5.83e-08 8.06e-08   0.0
    operator_C_stage_5_13 (operator_C_18)
                                      1.37e-08 8.64e-09 5.83e-08 8.06e-08   0.0
    operator_C_stage_5_8 (operator_C_23)
                                      1.39e-08 8.64e-09 6.57e-08 8.82e-08   0.0
    operator_C_stage_5_14 (operator_C_17)
                                      1.37e-08 8.64e-09 5.83e-08 8.06e-08   0.0
    operator_C_stage_5_9 (operator_C_22)
                                      1.39e-08 8.64e-09 6.57e-08 8.82e-08   0.0
    operator_C_stage_5_15 (operator_C_16)
                                      1.37e-08 8.61e-09 5.83e-08 8.06e-08   0.0
    operator_C_stage_4_4 (operator_C_27)
                                      1.39e-08 1.13e-08 6.57e-08 9.08e-08   0.0
    operator_C_stage_4_5 (operator_C_26)
                                      1.39e-08 1.13e-08 6.57e-08 9.08e-08   0.0
    operator_C_stage_4_6 (operator_C_25)
                                      1.39e-08 1.13e-08 6.57e-08 9.08e-08   0.0
    operator_C_stage_4_7 (operator_C_24)
                                      1.37e-08 1.13e-08 5.83e-08 8.32e-08   0.0
    operator_B_stage_2_10 (operator_B_25)
                                      1.36e-08 5.82e-09 5.83e-08 7.77e-08   0.0
    operator_B_stage_2_11 (operator_B_24)
                                      1.36e-08 5.82e-09 5.83e-08 7.77e-08   0.0
    operator_B_stage_2_12 (operator_B_23)
                                      1.36e-08 5.82e-09 5.83e-08 7.77e-08   0.0
    operator_C_stage_3_2 (operator_C_29)
                                      1.39e-08 1.39e-08 6.57e-08 9.35e-08   0.0
    operator_B_stage_2_13 (operator_B_22)
                                      1.36e-08 5.82e-09 5.83e-08 7.77e-08   0.0
    operator_C_stage_3_3 (operator_C_28)
                                      1.39e-08 1.40e-08 6.57e-08 9.36e-08   0.0
    operator_B_stage_2_14 (operator_B_21)
                                      1.35e-08 2.75e-09 5.83e-08 7.45e-08   0.0
    operator_B_stage_2_15 (operator_B_20)
                                      1.35e-08 2.75e-09 5.83e-08 7.46e-08   0.0
    operator_C_stage_2_1 (operator_C_30)
                                      1.40e-08 1.66e-08 6.57e-08 9.62e-08   0.0
    operator_C_stage_1_0 (operator_C_31)
                                      1.39e-08 1.93e-08 6.57e-08 9.89e-08   0.0
    operator_B_stage_1_10 (operator_B_39)
                                      1.36e-08 5.82e-09 5.83e-08 7.77e-08   0.0
    operator_B_stage_1_11 (operator_B_38)
                                      1.36e-08 5.82e-09 5.83e-08 7.77e-08   0.0
    operator_B_stage_1_12 (operator_B_37)
                                      1.36e-08 5.82e-09 5.83e-08 7.77e-08   0.0
  shifter_0 (shifter)                 6.98e-06 2.87e-06 2.43e-05 3.41e-05  12.6
    shift_3b_0 (shift_3b_2)           1.57e-06 5.11e-07 5.71e-06 7.80e-06   2.9
      shift_1b_0 (shift_1b_2)         5.34e-07 1.55e-07 3.16e-06 3.85e-06   1.4
    shift_7b_0 (shift_7b)             2.75e-06 9.41e-07 8.95e-06 1.26e-05   4.7
      shift_3b_0 (shift_3b_0)         1.30e-06 4.27e-07 6.30e-06 8.03e-06   3.0
        shift_1b_0 (shift_1b_0)       6.46e-07 1.73e-07 3.16e-06 3.97e-06   1.5
    shift_3b_1 (shift_3b_1)           1.63e-06 5.14e-07 5.75e-06 7.90e-06   2.9
      shift_1b_0 (shift_1b_1)         4.58e-07 1.36e-07 3.17e-06 3.76e-06   1.4
    shift_1b_0 (shift_1b_3)           6.89e-07 1.99e-07 2.54e-06 3.43e-06   1.3
1
