****************************************
Report : Averaged Power
	-hierarchy
Design : aes_decrypt128
Version: V-2023.12
Date   : Mon Jun 22 17:46:28 2026
****************************************



                                      Int      Switch   Leak     Total
Hierarchy                             Power    Power    Power    Power    %
----------------------------------------------------------------------------------
aes_decrypt128                        9.56e-04 1.56e-04 1.39e-03 2.50e-03 100.0
  KeyExpand128_u (KeyExpand128)       1.05e-04 2.67e-05 1.47e-04 2.79e-04  11.2
    RotWord_u (RotWord)               3.79e-07 1.61e-06 1.64e-06 3.63e-06   0.1
    SubWord_u (SubWord)               2.11e-05 1.21e-05 7.79e-05 1.11e-04   4.4
      genblk1_0__Sbox_u (Sbox_3)      5.59e-06 3.16e-06 1.94e-05 2.82e-05   1.1
        genblk1_4__muxf8_u (MUXF8_155)
                                      5.76e-08 1.64e-08 9.24e-08 1.66e-07   0.0
        genblk1_3__muxf7_hi (MUXF7_312)
                                      5.57e-08 8.33e-09 9.13e-08 1.55e-07   0.0
        genblk1_0__muxf7_lo (MUXF7_319)
                                      5.38e-08 8.75e-09 9.17e-08 1.54e-07   0.0
        genblk1_4__muxf7_hi (MUXF7_310)
                                      5.23e-08 7.74e-09 9.34e-08 1.53e-07   0.0
        genblk1_1__muxf7_lo (MUXF7_317)
                                      5.32e-08 8.69e-09 9.14e-08 1.53e-07   0.0
        genblk1_6__muxf8_u (MUXF8_153)
                                      5.60e-08 1.58e-08 9.16e-08 1.63e-07   0.0
        genblk1_2__muxf7_lo (MUXF7_315)
                                      5.23e-08 8.42e-09 9.42e-08 1.55e-07   0.0
        genblk1_5__muxf7_lo (MUXF7_309)
                                      5.15e-08 8.33e-09 9.27e-08 1.53e-07   0.0
        genblk1_1__muxf8_u (MUXF8_158)
                                      5.99e-08 1.70e-08 9.24e-08 1.69e-07   0.0
        genblk1_6__muxf7_lo (MUXF7_307)
                                      5.33e-08 8.67e-09 9.22e-08 1.54e-07   0.0
        t0 (Sbox_table0_3)            1.02e-06 7.02e-07 4.32e-06 6.05e-06   0.2
        genblk1_7__muxf7_lo (MUXF7_305)
                                      5.24e-08 8.52e-09 9.32e-08 1.54e-07   0.0
        genblk1_0__muxf7_hi (MUXF7_318)
                                      5.27e-08 7.80e-09 9.33e-08 1.54e-07   0.0
        t1 (Sbox_table1_3)            1.10e-06 6.87e-07 4.25e-06 6.04e-06   0.2
        genblk1_3__muxf8_u (MUXF8_156)
                                      5.76e-08 1.65e-08 9.20e-08 1.66e-07   0.0
        t2 (Sbox_table2_3)            1.05e-06 7.28e-07 4.09e-06 5.86e-06   0.2
        genblk1_1__muxf7_hi (MUXF7_316)
                                      5.54e-08 8.27e-09 9.34e-08 1.57e-07   0.0
        genblk1_2__muxf7_hi (MUXF7_314)
                                      5.24e-08 7.75e-09 9.14e-08 1.52e-07   0.0
        t3 (Sbox_table3_3)            1.11e-06 7.83e-07 4.56e-06 6.45e-06   0.3
        genblk1_5__muxf8_u (MUXF8_154)
                                      5.79e-08 1.64e-08 9.20e-08 1.66e-07   0.0
        genblk1_5__muxf7_hi (MUXF7_308)
                                      5.24e-08 7.76e-09 9.29e-08 1.53e-07   0.0
        genblk1_7__muxf8_u (MUXF8_152)
                                      5.84e-08 1.67e-08 9.21e-08 1.67e-07   0.0
        genblk1_6__muxf7_hi (MUXF7_306)
                                      5.12e-08 7.56e-09 9.34e-08 1.52e-07   0.0
        genblk1_3__muxf7_lo (MUXF7_313)
                                      4.83e-08 7.77e-09 9.40e-08 1.50e-07   0.0
        genblk1_7__muxf7_hi (MUXF7_304)
                                      5.41e-08 8.09e-09 9.24e-08 1.55e-07   0.0
        genblk1_4__muxf7_lo (MUXF7_311)
                                      5.51e-08 9.05e-09 9.25e-08 1.57e-07   0.0
        genblk1_0__muxf8_u (MUXF8_159)
                                      5.89e-08 1.67e-08 9.24e-08 1.68e-07   0.0
        genblk1_2__muxf8_u (MUXF8_157)
                                      5.83e-08 1.67e-08 9.23e-08 1.67e-07   0.0
      genblk1_2__Sbox_u (Sbox_1)      5.39e-06 3.04e-06 1.95e-05 2.79e-05   1.1
        genblk1_4__muxf8_u (MUXF8_139)
                                      5.67e-08 1.59e-08 9.35e-08 1.66e-07   0.0
        genblk1_3__muxf7_hi (MUXF7_280)
                                      5.58e-08 8.13e-09 9.25e-08 1.56e-07   0.0
        genblk1_0__muxf7_lo (MUXF7_287)
                                      5.59e-08 8.88e-09 9.26e-08 1.57e-07   0.0
        genblk1_4__muxf7_hi (MUXF7_278)
                                      5.46e-08 7.93e-09 9.44e-08 1.57e-07   0.0
        genblk1_1__muxf7_lo (MUXF7_285)
                                      5.47e-08 8.72e-09 9.24e-08 1.56e-07   0.0
        genblk1_6__muxf8_u (MUXF8_137)
                                      5.60e-08 1.58e-08 9.27e-08 1.65e-07   0.0
        genblk1_2__muxf7_lo (MUXF7_283)
                                      5.38e-08 8.47e-09 9.49e-08 1.57e-07   0.0
        genblk1_5__muxf7_lo (MUXF7_277)
                                      5.36e-08 8.47e-09 9.32e-08 1.55e-07   0.0
        genblk1_1__muxf8_u (MUXF8_142)
                                      5.90e-08 1.67e-08 9.31e-08 1.69e-07   0.0
        genblk1_6__muxf7_lo (MUXF7_275)
                                      5.45e-08 8.66e-09 9.33e-08 1.56e-07   0.0
        t0 (Sbox_table0_1)            1.03e-06 7.10e-07 4.31e-06 6.04e-06   0.2
        genblk1_7__muxf7_lo (MUXF7_273)
                                      5.28e-08 8.35e-09 9.40e-08 1.55e-07   0.0
        genblk1_0__muxf7_hi (MUXF7_286)
                                      5.28e-08 7.60e-09 9.44e-08 1.55e-07   0.0
        t1 (Sbox_table1_1)            1.02e-06 6.54e-07 4.26e-06 5.94e-06   0.2
        genblk1_3__muxf8_u (MUXF8_140)
                                      5.61e-08 1.59e-08 9.36e-08 1.66e-07   0.0
        t2 (Sbox_table2_1)            1.00e-06 6.99e-07 4.09e-06 5.79e-06   0.2
        genblk1_1__muxf7_hi (MUXF7_284)
                                      5.77e-08 8.46e-09 9.42e-08 1.60e-07   0.0
        genblk1_2__muxf7_hi (MUXF7_282)
                                      5.18e-08 7.42e-09 9.22e-08 1.51e-07   0.0
        t3 (Sbox_table3_1)            1.02e-06 7.19e-07 4.58e-06 6.32e-06   0.3
        genblk1_5__muxf8_u (MUXF8_138)
                                      5.42e-08 1.52e-08 9.32e-08 1.63e-07   0.0
        genblk1_5__muxf7_hi (MUXF7_276)
                                      5.43e-08 7.87e-09 9.42e-08 1.56e-07   0.0
        genblk1_7__muxf8_u (MUXF8_136)
                                      5.66e-08 1.60e-08 9.35e-08 1.66e-07   0.0
        genblk1_6__muxf7_hi (MUXF7_274)
                                      5.49e-08 7.96e-09 9.38e-08 1.57e-07   0.0
        genblk1_3__muxf7_lo (MUXF7_281)
                                      5.21e-08 8.22e-09 9.51e-08 1.55e-07   0.0
        genblk1_7__muxf7_hi (MUXF7_272)
                                      5.54e-08 8.10e-09 9.39e-08 1.57e-07   0.0
        genblk1_4__muxf7_lo (MUXF7_279)
                                      5.48e-08 8.75e-09 9.32e-08 1.57e-07   0.0
        genblk1_0__muxf8_u (MUXF8_143)
                                      5.56e-08 1.56e-08 9.33e-08 1.64e-07   0.0
        genblk1_2__muxf8_u (MUXF8_141)
                                      5.46e-08 1.54e-08 9.39e-08 1.64e-07   0.0
      genblk1_1__Sbox_u (Sbox_2)      4.87e-06 2.83e-06 1.95e-05 2.72e-05   1.1
        genblk1_4__muxf8_u (MUXF8_147)
                                      5.22e-08 1.45e-08 9.39e-08 1.61e-07   0.0
        genblk1_3__muxf7_hi (MUXF7_296)
                                      5.04e-08 7.22e-09 9.25e-08 1.50e-07   0.0
        genblk1_0__muxf7_lo (MUXF7_303)
                                      4.85e-08 7.53e-09 9.23e-08 1.48e-07   0.0
        genblk1_4__muxf7_hi (MUXF7_294)
                                      4.86e-08 6.92e-09 9.40e-08 1.50e-07   0.0
        genblk1_1__muxf7_lo (MUXF7_301)
                                      4.76e-08 7.39e-09 9.23e-08 1.47e-07   0.0
        genblk1_6__muxf8_u (MUXF8_145)
                                      5.23e-08 1.46e-08 9.36e-08 1.61e-07   0.0
        genblk1_2__muxf7_lo (MUXF7_299)
                                      4.77e-08 7.36e-09 9.47e-08 1.50e-07   0.0
        genblk1_5__muxf7_lo (MUXF7_293)
                                      4.74e-08 7.32e-09 9.30e-08 1.48e-07   0.0
        genblk1_1__muxf8_u (MUXF8_150)
                                      5.36e-08 1.49e-08 9.39e-08 1.62e-07   0.0
        genblk1_6__muxf7_lo (MUXF7_291)
                                      4.96e-08 7.78e-09 9.32e-08 1.51e-07   0.0
        t0 (Sbox_table0_2)            9.14e-07 6.54e-07 4.32e-06 5.89e-06   0.2
        genblk1_7__muxf7_lo (MUXF7_289)
                                      4.77e-08 7.41e-09 9.40e-08 1.49e-07   0.0
        genblk1_0__muxf7_hi (MUXF7_302)
                                      4.74e-08 6.69e-09 9.42e-08 1.48e-07   0.0
        t1 (Sbox_table1_2)            9.23e-07 6.20e-07 4.25e-06 5.80e-06   0.2
        genblk1_3__muxf8_u (MUXF8_148)
                                      5.02e-08 1.40e-08 9.46e-08 1.59e-07   0.0
        t2 (Sbox_table2_2)            9.18e-07 6.65e-07 4.09e-06 5.67e-06   0.2
        genblk1_1__muxf7_hi (MUXF7_300)
                                      5.10e-08 7.29e-09 9.41e-08 1.52e-07   0.0
        genblk1_2__muxf7_hi (MUXF7_298)
                                      4.50e-08 6.28e-09 9.19e-08 1.43e-07   0.0
        t3 (Sbox_table3_2)            9.23e-07 6.61e-07 4.56e-06 6.15e-06   0.2
        genblk1_5__muxf8_u (MUXF8_146)
                                      5.21e-08 1.45e-08 9.37e-08 1.60e-07   0.0
        genblk1_5__muxf7_hi (MUXF7_292)
                                      4.86e-08 6.92e-09 9.42e-08 1.50e-07   0.0
        genblk1_7__muxf8_u (MUXF8_144)
                                      5.28e-08 1.48e-08 9.43e-08 1.62e-07   0.0
        genblk1_6__muxf7_hi (MUXF7_290)
                                      4.99e-08 7.12e-09 9.41e-08 1.51e-07   0.0
        genblk1_3__muxf7_lo (MUXF7_297)
                                      4.49e-08 6.92e-09 9.54e-08 1.47e-07   0.0
        genblk1_7__muxf7_hi (MUXF7_288)
                                      5.01e-08 7.19e-09 9.38e-08 1.51e-07   0.0
        genblk1_4__muxf7_lo (MUXF7_295)
                                      4.92e-08 7.70e-09 9.31e-08 1.50e-07   0.0
        genblk1_0__muxf8_u (MUXF8_151)
                                      5.15e-08 1.43e-08 9.37e-08 1.59e-07   0.0
        genblk1_2__muxf8_u (MUXF8_149)
                                      5.00e-08 1.39e-08 9.45e-08 1.58e-07   0.0
      genblk1_3__Sbox_u (Sbox_0)      5.29e-06 3.04e-06 1.95e-05 2.78e-05   1.1
        genblk1_4__muxf8_u (MUXF8_131)
                                      4.96e-08 1.40e-08 9.38e-08 1.57e-07   0.0
        genblk1_3__muxf7_hi (MUXF7_264)
                                      5.33e-08 7.89e-09 9.19e-08 1.53e-07   0.0
        genblk1_0__muxf7_lo (MUXF7_271)
                                      5.15e-08 8.29e-09 9.20e-08 1.52e-07   0.0
        genblk1_4__muxf7_hi (MUXF7_262)
                                      4.92e-08 7.19e-09 9.39e-08 1.50e-07   0.0
        genblk1_1__muxf7_lo (MUXF7_269)
                                      5.05e-08 8.12e-09 9.18e-08 1.50e-07   0.0
        genblk1_6__muxf8_u (MUXF8_129)
                                      4.81e-08 1.36e-08 9.29e-08 1.55e-07   0.0
        genblk1_2__muxf7_lo (MUXF7_267)
                                      4.92e-08 7.80e-09 9.44e-08 1.51e-07   0.0
        genblk1_5__muxf7_lo (MUXF7_261)
                                      5.08e-08 8.14e-09 9.29e-08 1.52e-07   0.0
        genblk1_1__muxf8_u (MUXF8_134)
                                      5.11e-08 1.45e-08 9.37e-08 1.59e-07   0.0
        genblk1_6__muxf7_lo (MUXF7_259)
                                      4.83e-08 7.71e-09 9.24e-08 1.48e-07   0.0
        t0 (Sbox_table0_0)            1.01e-06 7.01e-07 4.31e-06 6.02e-06   0.2
        genblk1_7__muxf7_lo (MUXF7_257)
                                      4.87e-08 7.78e-09 9.34e-08 1.50e-07   0.0
        genblk1_0__muxf7_hi (MUXF7_270)
                                      4.85e-08 7.04e-09 9.38e-08 1.49e-07   0.0
        t1 (Sbox_table1_0)            1.03e-06 6.62e-07 4.25e-06 5.95e-06   0.2
        genblk1_3__muxf8_u (MUXF8_132)
                                      4.96e-08 1.41e-08 9.42e-08 1.58e-07   0.0
        t2 (Sbox_table2_0)            1.01e-06 7.12e-07 4.09e-06 5.82e-06   0.2
        genblk1_1__muxf7_hi (MUXF7_268)
                                      5.28e-08 7.78e-09 9.37e-08 1.54e-07   0.0
        genblk1_2__muxf7_hi (MUXF7_266)
                                      4.79e-08 6.94e-09 9.24e-08 1.47e-07   0.0
        t3 (Sbox_table3_0)            1.04e-06 7.31e-07 4.58e-06 6.35e-06   0.3
        genblk1_5__muxf8_u (MUXF8_130)
                                      4.89e-08 1.38e-08 9.38e-08 1.56e-07   0.0
        genblk1_5__muxf7_hi (MUXF7_260)
                                      4.87e-08 7.10e-09 9.36e-08 1.49e-07   0.0
        genblk1_7__muxf8_u (MUXF8_128)
                                      5.02e-08 1.43e-08 9.38e-08 1.58e-07   0.0
        genblk1_6__muxf7_hi (MUXF7_258)
                                      5.04e-08 7.37e-09 9.33e-08 1.51e-07   0.0
        genblk1_3__muxf7_lo (MUXF7_265)
                                      4.77e-08 7.60e-09 9.41e-08 1.49e-07   0.0
        genblk1_7__muxf7_hi (MUXF7_256)
                                      5.17e-08 7.64e-09 9.34e-08 1.53e-07   0.0
        genblk1_4__muxf7_lo (MUXF7_263)
                                      5.00e-08 8.03e-09 9.26e-08 1.51e-07   0.0
        genblk1_0__muxf8_u (MUXF8_135)
                                      5.03e-08 1.42e-08 9.35e-08 1.58e-07   0.0
        genblk1_2__muxf8_u (MUXF8_133)
                                      4.94e-08 1.40e-08 9.44e-08 1.58e-07   0.0
  KschBuffer_u (KschBuffer)           7.41e-04 9.22e-05 7.61e-04 1.59e-03  63.8
  decrypt_u (decrypt)                 1.10e-04 3.61e-05 4.78e-04 6.24e-04  25.0
    InvSubBytes_u (InvSubBytes)       3.07e-07 4.04e-07 3.01e-04 3.02e-04  12.1
      genblk1_5__InvSbox_u (InvSbox_10)
                                      1.92e-08 2.53e-08 1.88e-05 1.89e-05   0.8
        genblk1_4__muxf8_u (MUXF8_83)    0.000    0.000 7.12e-08 7.12e-08   0.0
        genblk1_3__muxf7_hi (MUXF7_168)
                                      4.50e-12    0.000 1.05e-07 1.05e-07   0.0
        genblk1_0__muxf7_lo (MUXF7_175)
                                      2.54e-12    0.000 7.12e-08 7.12e-08   0.0
        genblk1_4__muxf7_hi (MUXF7_166)
                                      2.89e-12    0.000 1.05e-07 1.05e-07   0.0
        genblk1_1__muxf7_lo (MUXF7_173)
                                      2.17e-12    0.000 7.12e-08 7.12e-08   0.0
        genblk1_6__muxf8_u (MUXF8_81)    0.000    0.000 7.12e-08 7.12e-08   0.0
        genblk1_2__muxf7_lo (MUXF7_171)
                                         0.000    0.000 7.12e-08 7.12e-08   0.0
        genblk1_5__muxf7_lo (MUXF7_165)
                                         0.000    0.000 7.12e-08 7.12e-08   0.0
        genblk1_1__muxf8_u (MUXF8_86)    0.000    0.000 7.12e-08 7.12e-08   0.0
        genblk1_6__muxf7_lo (MUXF7_163)
                                      2.77e-12    0.000 1.05e-07 1.05e-07   0.0
        t0 (invsbox_table0_10)        4.67e-09 5.92e-09 4.49e-06 4.50e-06   0.2
        genblk1_7__muxf7_lo (MUXF7_161)
                                         0.000    0.000 7.12e-08 7.12e-08   0.0
        genblk1_0__muxf7_hi (MUXF7_174)
                                      2.87e-12    0.000 1.05e-07 1.05e-07   0.0
        t1 (invsbox_table1_10)        3.52e-09 5.11e-09 4.04e-06 4.04e-06   0.2
        genblk1_3__muxf8_u (MUXF8_84) 3.00e-12    0.000 1.05e-07 1.05e-07   0.0
        t2 (invsbox_table2_10)        5.12e-09 7.09e-09 4.65e-06 4.66e-06   0.2
        genblk1_1__muxf7_hi (MUXF7_172)
                                      2.87e-12    0.000 1.05e-07 1.05e-07   0.0
        genblk1_2__muxf7_hi (MUXF7_170)
                                      4.36e-12    0.000 1.05e-07 1.05e-07   0.0
        t3 (invsbox_table3_10)        5.59e-09 7.09e-09 3.60e-06 3.61e-06   0.1
        genblk1_5__muxf8_u (MUXF8_82)    0.000    0.000 7.12e-08 7.12e-08   0.0
        genblk1_5__muxf7_hi (MUXF7_164)
                                      2.91e-12    0.000 1.05e-07 1.05e-07   0.0
        genblk1_7__muxf8_u (MUXF8_80)    0.000    0.000 7.12e-08 7.12e-08   0.0
        genblk1_6__muxf7_hi (MUXF7_162)
                                      4.47e-12    0.000 1.05e-07 1.05e-07   0.0
        genblk1_3__muxf7_lo (MUXF7_169)
                                      2.71e-10 5.29e-11 8.69e-08 8.72e-08   0.0
        genblk1_7__muxf7_hi (MUXF7_160)
                                      2.22e-12    0.000 7.12e-08 7.12e-08   0.0
        genblk1_4__muxf7_lo (MUXF7_167)
                                      2.49e-12    0.000 1.05e-07 1.05e-07   0.0
        genblk1_0__muxf8_u (MUXF8_87)    0.000    0.000 7.12e-08 7.12e-08   0.0
        genblk1_2__muxf8_u (MUXF8_85)    0.000    0.000 7.12e-08 7.12e-08   0.0
      genblk1_13__InvSbox_u (InvSbox_2)
                                      1.92e-08 2.53e-08 1.88e-05 1.89e-05   0.8
        genblk1_4__muxf8_u (MUXF8_19)    0.000    0.000 7.12e-08 7.12e-08   0.0
        genblk1_3__muxf7_hi (MUXF7_40)
                                      4.50e-12    0.000 1.05e-07 1.05e-07   0.0
        genblk1_0__muxf7_lo (MUXF7_47)
                                      2.54e-12    0.000 7.12e-08 7.12e-08   0.0
        genblk1_4__muxf7_hi (MUXF7_38)
                                      2.89e-12    0.000 1.05e-07 1.05e-07   0.0
        genblk1_1__muxf7_lo (MUXF7_45)
                                      2.17e-12    0.000 7.12e-08 7.12e-08   0.0
        genblk1_6__muxf8_u (MUXF8_17)    0.000    0.000 7.12e-08 7.12e-08   0.0
        genblk1_2__muxf7_lo (MUXF7_43)
                                         0.000    0.000 7.12e-08 7.12e-08   0.0
        genblk1_5__muxf7_lo (MUXF7_37)
                                         0.000    0.000 7.12e-08 7.12e-08   0.0
        genblk1_1__muxf8_u (MUXF8_22)    0.000    0.000 7.12e-08 7.12e-08   0.0
        genblk1_6__muxf7_lo (MUXF7_35)
                                      2.77e-12    0.000 1.05e-07 1.05e-07   0.0
        t0 (invsbox_table0_2)         4.67e-09 5.92e-09 4.49e-06 4.50e-06   0.2
        genblk1_7__muxf7_lo (MUXF7_33)
                                         0.000    0.000 7.12e-08 7.12e-08   0.0
        genblk1_0__muxf7_hi (MUXF7_46)
                                      2.87e-12    0.000 1.05e-07 1.05e-07   0.0
        t1 (invsbox_table1_2)         3.52e-09 5.11e-09 4.04e-06 4.04e-06   0.2
        genblk1_3__muxf8_u (MUXF8_20) 3.00e-12    0.000 1.05e-07 1.05e-07   0.0
        t2 (invsbox_table2_2)         5.12e-09 7.09e-09 4.65e-06 4.66e-06   0.2
        genblk1_1__muxf7_hi (MUXF7_44)
                                      2.87e-12    0.000 1.05e-07 1.05e-07   0.0
        genblk1_2__muxf7_hi (MUXF7_42)
                                      4.36e-12    0.000 1.05e-07 1.05e-07   0.0
        t3 (invsbox_table3_2)         5.59e-09 7.09e-09 3.60e-06 3.61e-06   0.1
        genblk1_5__muxf8_u (MUXF8_18)    0.000    0.000 7.12e-08 7.12e-08   0.0
        genblk1_5__muxf7_hi (MUXF7_36)
                                      2.91e-12    0.000 1.05e-07 1.05e-07   0.0
        genblk1_7__muxf8_u (MUXF8_16)    0.000    0.000 7.12e-08 7.12e-08   0.0
        genblk1_6__muxf7_hi (MUXF7_34)
                                      4.47e-12    0.000 1.05e-07 1.05e-07   0.0
        genblk1_3__muxf7_lo (MUXF7_41)
                                      2.71e-10 5.29e-11 8.69e-08 8.72e-08   0.0
        genblk1_7__muxf7_hi (MUXF7_32)
                                      2.22e-12    0.000 7.12e-08 7.12e-08   0.0
        genblk1_4__muxf7_lo (MUXF7_39)
                                      2.49e-12    0.000 1.05e-07 1.05e-07   0.0
        genblk1_0__muxf8_u (MUXF8_23)    0.000    0.000 7.12e-08 7.12e-08   0.0
        genblk1_2__muxf8_u (MUXF8_21)    0.000    0.000 7.12e-08 7.12e-08   0.0
      genblk1_2__InvSbox_u (InvSbox_13)
                                      1.92e-08 2.53e-08 1.88e-05 1.89e-05   0.8
        genblk1_4__muxf8_u (MUXF8_107)
                                         0.000    0.000 7.12e-08 7.12e-08   0.0
        genblk1_3__muxf7_hi (MUXF7_216)
                                      4.50e-12    0.000 1.05e-07 1.05e-07   0.0
        genblk1_0__muxf7_lo (MUXF7_223)
                                      2.54e-12    0.000 7.12e-08 7.12e-08   0.0
        genblk1_4__muxf7_hi (MUXF7_214)
                                      2.89e-12    0.000 1.05e-07 1.05e-07   0.0
        genblk1_1__muxf7_lo (MUXF7_221)
                                      2.17e-12    0.000 7.12e-08 7.12e-08   0.0
        genblk1_6__muxf8_u (MUXF8_105)
                                         0.000    0.000 7.12e-08 7.12e-08   0.0
        genblk1_2__muxf7_lo (MUXF7_219)
                                         0.000    0.000 7.12e-08 7.12e-08   0.0
        genblk1_5__muxf7_lo (MUXF7_213)
                                         0.000    0.000 7.12e-08 7.12e-08   0.0
        genblk1_1__muxf8_u (MUXF8_110)
                                         0.000    0.000 7.12e-08 7.12e-08   0.0
        genblk1_6__muxf7_lo (MUXF7_211)
                                      2.77e-12    0.000 1.05e-07 1.05e-07   0.0
        t0 (invsbox_table0_13)        4.67e-09 5.92e-09 4.49e-06 4.50e-06   0.2
        genblk1_7__muxf7_lo (MUXF7_209)
                                         0.000    0.000 7.12e-08 7.12e-08   0.0
        genblk1_0__muxf7_hi (MUXF7_222)
                                      2.87e-12    0.000 1.05e-07 1.05e-07   0.0
        t1 (invsbox_table1_13)        3.52e-09 5.11e-09 4.04e-06 4.04e-06   0.2
        genblk1_3__muxf8_u (MUXF8_108)
                                      3.00e-12    0.000 1.05e-07 1.05e-07   0.0
        t2 (invsbox_table2_13)        5.12e-09 7.09e-09 4.65e-06 4.66e-06   0.2
        genblk1_1__muxf7_hi (MUXF7_220)
                                      2.87e-12    0.000 1.05e-07 1.05e-07   0.0
        genblk1_2__muxf7_hi (MUXF7_218)
                                      4.36e-12    0.000 1.05e-07 1.05e-07   0.0
        t3 (invsbox_table3_13)        5.59e-09 7.09e-09 3.60e-06 3.61e-06   0.1
        genblk1_5__muxf8_u (MUXF8_106)
                                         0.000    0.000 7.12e-08 7.12e-08   0.0
        genblk1_5__muxf7_hi (MUXF7_212)
                                      2.91e-12    0.000 1.05e-07 1.05e-07   0.0
        genblk1_7__muxf8_u (MUXF8_104)
                                         0.000    0.000 7.12e-08 7.12e-08   0.0
        genblk1_6__muxf7_hi (MUXF7_210)
                                      4.47e-12    0.000 1.05e-07 1.05e-07   0.0
        genblk1_3__muxf7_lo (MUXF7_217)
                                      2.71e-10 5.29e-11 8.69e-08 8.72e-08   0.0
        genblk1_7__muxf7_hi (MUXF7_208)
                                      2.22e-12    0.000 7.12e-08 7.12e-08   0.0
        genblk1_4__muxf7_lo (MUXF7_215)
                                      2.49e-12    0.000 1.05e-07 1.05e-07   0.0
        genblk1_0__muxf8_u (MUXF8_111)
                                         0.000    0.000 7.12e-08 7.12e-08   0.0
        genblk1_2__muxf8_u (MUXF8_109)
                                         0.000    0.000 7.12e-08 7.12e-08   0.0
      genblk1_10__InvSbox_u (InvSbox_5)
                                      1.92e-08 2.53e-08 1.88e-05 1.89e-05   0.8
        genblk1_4__muxf8_u (MUXF8_43)    0.000    0.000 7.12e-08 7.12e-08   0.0
        genblk1_3__muxf7_hi (MUXF7_88)
                                      4.50e-12    0.000 1.05e-07 1.05e-07   0.0
        genblk1_0__muxf7_lo (MUXF7_95)
                                      2.54e-12    0.000 7.12e-08 7.12e-08   0.0
        genblk1_4__muxf7_hi (MUXF7_86)
                                      2.89e-12    0.000 1.05e-07 1.05e-07   0.0
        genblk1_1__muxf7_lo (MUXF7_93)
                                      2.17e-12    0.000 7.12e-08 7.12e-08   0.0
        genblk1_6__muxf8_u (MUXF8_41)    0.000    0.000 7.12e-08 7.12e-08   0.0
        genblk1_2__muxf7_lo (MUXF7_91)
                                         0.000    0.000 7.12e-08 7.12e-08   0.0
        genblk1_5__muxf7_lo (MUXF7_85)
                                         0.000    0.000 7.12e-08 7.12e-08   0.0
        genblk1_1__muxf8_u (MUXF8_46)    0.000    0.000 7.12e-08 7.12e-08   0.0
        genblk1_6__muxf7_lo (MUXF7_83)
                                      2.77e-12    0.000 1.05e-07 1.05e-07   0.0
        t0 (invsbox_table0_5)         4.67e-09 5.92e-09 4.49e-06 4.50e-06   0.2
        genblk1_7__muxf7_lo (MUXF7_81)
                                         0.000    0.000 7.12e-08 7.12e-08   0.0
        genblk1_0__muxf7_hi (MUXF7_94)
                                      2.87e-12    0.000 1.05e-07 1.05e-07   0.0
        t1 (invsbox_table1_5)         3.52e-09 5.11e-09 4.04e-06 4.04e-06   0.2
        genblk1_3__muxf8_u (MUXF8_44) 3.00e-12    0.000 1.05e-07 1.05e-07   0.0
        t2 (invsbox_table2_5)         5.12e-09 7.09e-09 4.65e-06 4.66e-06   0.2
        genblk1_1__muxf7_hi (MUXF7_92)
                                      2.87e-12    0.000 1.05e-07 1.05e-07   0.0
        genblk1_2__muxf7_hi (MUXF7_90)
                                      4.36e-12    0.000 1.05e-07 1.05e-07   0.0
        t3 (invsbox_table3_5)         5.59e-09 7.09e-09 3.60e-06 3.61e-06   0.1
        genblk1_5__muxf8_u (MUXF8_42)    0.000    0.000 7.12e-08 7.12e-08   0.0
        genblk1_5__muxf7_hi (MUXF7_84)
                                      2.91e-12    0.000 1.05e-07 1.05e-07   0.0
        genblk1_7__muxf8_u (MUXF8_40)    0.000    0.000 7.12e-08 7.12e-08   0.0
        genblk1_6__muxf7_hi (MUXF7_82)
                                      4.47e-12    0.000 1.05e-07 1.05e-07   0.0
        genblk1_3__muxf7_lo (MUXF7_89)
                                      2.71e-10 5.29e-11 8.69e-08 8.72e-08   0.0
        genblk1_7__muxf7_hi (MUXF7_80)
                                      2.22e-12    0.000 7.12e-08 7.12e-08   0.0
        genblk1_4__muxf7_lo (MUXF7_87)
                                      2.49e-12    0.000 1.05e-07 1.05e-07   0.0
        genblk1_0__muxf8_u (MUXF8_47)    0.000    0.000 7.12e-08 7.12e-08   0.0
        genblk1_2__muxf8_u (MUXF8_45)    0.000    0.000 7.12e-08 7.12e-08   0.0
      genblk1_7__InvSbox_u (InvSbox_8)
                                      1.92e-08 2.53e-08 1.88e-05 1.89e-05   0.8
        genblk1_4__muxf8_u (MUXF8_67)    0.000    0.000 7.12e-08 7.12e-08   0.0
        genblk1_3__muxf7_hi (MUXF7_136)
                                      4.50e-12    0.000 1.05e-07 1.05e-07   0.0
        genblk1_0__muxf7_lo (MUXF7_143)
                                      2.54e-12    0.000 7.12e-08 7.12e-08   0.0
        genblk1_4__muxf7_hi (MUXF7_134)
                                      2.89e-12    0.000 1.05e-07 1.05e-07   0.0
        genblk1_1__muxf7_lo (MUXF7_141)
                                      2.17e-12    0.000 7.12e-08 7.12e-08   0.0
        genblk1_6__muxf8_u (MUXF8_65)    0.000    0.000 7.12e-08 7.12e-08   0.0
        genblk1_2__muxf7_lo (MUXF7_139)
                                         0.000    0.000 7.12e-08 7.12e-08   0.0
        genblk1_5__muxf7_lo (MUXF7_133)
                                         0.000    0.000 7.12e-08 7.12e-08   0.0
        genblk1_1__muxf8_u (MUXF8_70)    0.000    0.000 7.12e-08 7.12e-08   0.0
        genblk1_6__muxf7_lo (MUXF7_131)
                                      2.77e-12    0.000 1.05e-07 1.05e-07   0.0
        t0 (invsbox_table0_8)         4.67e-09 5.92e-09 4.49e-06 4.50e-06   0.2
        genblk1_7__muxf7_lo (MUXF7_129)
                                         0.000    0.000 7.12e-08 7.12e-08   0.0
        genblk1_0__muxf7_hi (MUXF7_142)
                                      2.87e-12    0.000 1.05e-07 1.05e-07   0.0
        t1 (invsbox_table1_8)         3.52e-09 5.11e-09 4.04e-06 4.04e-06   0.2
        genblk1_3__muxf8_u (MUXF8_68) 3.00e-12    0.000 1.05e-07 1.05e-07   0.0
        t2 (invsbox_table2_8)         5.12e-09 7.09e-09 4.65e-06 4.66e-06   0.2
        genblk1_1__muxf7_hi (MUXF7_140)
                                      2.87e-12    0.000 1.05e-07 1.05e-07   0.0
        genblk1_2__muxf7_hi (MUXF7_138)
                                      4.36e-12    0.000 1.05e-07 1.05e-07   0.0
        t3 (invsbox_table3_8)         5.59e-09 7.09e-09 3.60e-06 3.61e-06   0.1
        genblk1_5__muxf8_u (MUXF8_66)    0.000    0.000 7.12e-08 7.12e-08   0.0
        genblk1_5__muxf7_hi (MUXF7_132)
                                      2.91e-12    0.000 1.05e-07 1.05e-07   0.0
        genblk1_7__muxf8_u (MUXF8_64)    0.000    0.000 7.12e-08 7.12e-08   0.0
        genblk1_6__muxf7_hi (MUXF7_130)
                                      4.47e-12    0.000 1.05e-07 1.05e-07   0.0
        genblk1_3__muxf7_lo (MUXF7_137)
                                      2.71e-10 5.29e-11 8.69e-08 8.72e-08   0.0
        genblk1_7__muxf7_hi (MUXF7_128)
                                      2.22e-12    0.000 7.12e-08 7.12e-08   0.0
        genblk1_4__muxf7_lo (MUXF7_135)
                                      2.49e-12    0.000 1.05e-07 1.05e-07   0.0
        genblk1_0__muxf8_u (MUXF8_71)    0.000    0.000 7.12e-08 7.12e-08   0.0
        genblk1_2__muxf8_u (MUXF8_69)    0.000    0.000 7.12e-08 7.12e-08   0.0
      genblk1_15__InvSbox_u (InvSbox_0)
                                      1.92e-08 2.53e-08 1.88e-05 1.89e-05   0.8
        genblk1_4__muxf8_u (MUXF8_3)     0.000    0.000 7.12e-08 7.12e-08   0.0
        genblk1_3__muxf7_hi (MUXF7_8) 4.50e-12    0.000 1.05e-07 1.05e-07   0.0
        genblk1_0__muxf7_lo (MUXF7_15)
                                      2.54e-12    0.000 7.12e-08 7.12e-08   0.0
        genblk1_4__muxf7_hi (MUXF7_6) 2.89e-12    0.000 1.05e-07 1.05e-07   0.0
        genblk1_1__muxf7_lo (MUXF7_13)
                                      2.17e-12    0.000 7.12e-08 7.12e-08   0.0
        genblk1_6__muxf8_u (MUXF8_1)     0.000    0.000 7.12e-08 7.12e-08   0.0
        genblk1_2__muxf7_lo (MUXF7_11)
                                         0.000    0.000 7.12e-08 7.12e-08   0.0
        genblk1_5__muxf7_lo (MUXF7_5)    0.000    0.000 7.12e-08 7.12e-08   0.0
        genblk1_1__muxf8_u (MUXF8_6)     0.000    0.000 7.12e-08 7.12e-08   0.0
        genblk1_6__muxf7_lo (MUXF7_3) 2.77e-12    0.000 1.05e-07 1.05e-07   0.0
        t0 (invsbox_table0_0)         4.67e-09 5.92e-09 4.49e-06 4.50e-06   0.2
        genblk1_7__muxf7_lo (MUXF7_1)    0.000    0.000 7.12e-08 7.12e-08   0.0
        genblk1_0__muxf7_hi (MUXF7_14)
                                      2.87e-12    0.000 1.05e-07 1.05e-07   0.0
        t1 (invsbox_table1_0)         3.52e-09 5.11e-09 4.04e-06 4.04e-06   0.2
        genblk1_3__muxf8_u (MUXF8_4)  3.00e-12    0.000 1.05e-07 1.05e-07   0.0
        t2 (invsbox_table2_0)         5.12e-09 7.09e-09 4.65e-06 4.66e-06   0.2
        genblk1_1__muxf7_hi (MUXF7_12)
                                      2.87e-12    0.000 1.05e-07 1.05e-07   0.0
        genblk1_2__muxf7_hi (MUXF7_10)
                                      4.36e-12    0.000 1.05e-07 1.05e-07   0.0
        t3 (invsbox_table3_0)         5.59e-09 7.09e-09 3.60e-06 3.61e-06   0.1
        genblk1_5__muxf8_u (MUXF8_2)     0.000    0.000 7.12e-08 7.12e-08   0.0
        genblk1_5__muxf7_hi (MUXF7_4) 2.91e-12    0.000 1.05e-07 1.05e-07   0.0
        genblk1_7__muxf8_u (MUXF8_0)     0.000    0.000 7.12e-08 7.12e-08   0.0
        genblk1_6__muxf7_hi (MUXF7_2) 4.47e-12    0.000 1.05e-07 1.05e-07   0.0
        genblk1_3__muxf7_lo (MUXF7_9) 2.71e-10 5.29e-11 8.69e-08 8.72e-08   0.0
        genblk1_7__muxf7_hi (MUXF7_0) 2.22e-12    0.000 7.12e-08 7.12e-08   0.0
        genblk1_4__muxf7_lo (MUXF7_7) 2.49e-12    0.000 1.05e-07 1.05e-07   0.0
        genblk1_0__muxf8_u (MUXF8_7)     0.000    0.000 7.12e-08 7.12e-08   0.0
        genblk1_2__muxf8_u (MUXF8_5)     0.000    0.000 7.12e-08 7.12e-08   0.0
      genblk1_4__InvSbox_u (InvSbox_11)
                                      1.92e-08 2.53e-08 1.88e-05 1.89e-05   0.8
        genblk1_4__muxf8_u (MUXF8_91)    0.000    0.000 7.12e-08 7.12e-08   0.0
        genblk1_3__muxf7_hi (MUXF7_184)
                                      4.50e-12    0.000 1.05e-07 1.05e-07   0.0
        genblk1_0__muxf7_lo (MUXF7_191)
                                      2.54e-12    0.000 7.12e-08 7.12e-08   0.0
        genblk1_4__muxf7_hi (MUXF7_182)
                                      2.89e-12    0.000 1.05e-07 1.05e-07   0.0
        genblk1_1__muxf7_lo (MUXF7_189)
                                      2.17e-12    0.000 7.12e-08 7.12e-08   0.0
        genblk1_6__muxf8_u (MUXF8_89)    0.000    0.000 7.12e-08 7.12e-08   0.0
        genblk1_2__muxf7_lo (MUXF7_187)
                                         0.000    0.000 7.12e-08 7.12e-08   0.0
        genblk1_5__muxf7_lo (MUXF7_181)
                                         0.000    0.000 7.12e-08 7.12e-08   0.0
        genblk1_1__muxf8_u (MUXF8_94)    0.000    0.000 7.12e-08 7.12e-08   0.0
        genblk1_6__muxf7_lo (MUXF7_179)
                                      2.77e-12    0.000 1.05e-07 1.05e-07   0.0
        t0 (invsbox_table0_11)        4.67e-09 5.92e-09 4.49e-06 4.50e-06   0.2
        genblk1_7__muxf7_lo (MUXF7_177)
                                         0.000    0.000 7.12e-08 7.12e-08   0.0
        genblk1_0__muxf7_hi (MUXF7_190)
                                      2.87e-12    0.000 1.05e-07 1.05e-07   0.0
        t1 (invsbox_table1_11)        3.52e-09 5.11e-09 4.04e-06 4.04e-06   0.2
        genblk1_3__muxf8_u (MUXF8_92) 3.00e-12    0.000 1.05e-07 1.05e-07   0.0
        t2 (invsbox_table2_11)        5.12e-09 7.09e-09 4.65e-06 4.66e-06   0.2
        genblk1_1__muxf7_hi (MUXF7_188)
                                      2.87e-12    0.000 1.05e-07 1.05e-07   0.0
        genblk1_2__muxf7_hi (MUXF7_186)
                                      4.36e-12    0.000 1.05e-07 1.05e-07   0.0
        t3 (invsbox_table3_11)        5.59e-09 7.09e-09 3.60e-06 3.61e-06   0.1
        genblk1_5__muxf8_u (MUXF8_90)    0.000    0.000 7.12e-08 7.12e-08   0.0
        genblk1_5__muxf7_hi (MUXF7_180)
                                      2.91e-12    0.000 1.05e-07 1.05e-07   0.0
        genblk1_7__muxf8_u (MUXF8_88)    0.000    0.000 7.12e-08 7.12e-08   0.0
        genblk1_6__muxf7_hi (MUXF7_178)
                                      4.47e-12    0.000 1.05e-07 1.05e-07   0.0
        genblk1_3__muxf7_lo (MUXF7_185)
                                      2.71e-10 5.29e-11 8.69e-08 8.72e-08   0.0
        genblk1_7__muxf7_hi (MUXF7_176)
                                      2.22e-12    0.000 7.12e-08 7.12e-08   0.0
        genblk1_4__muxf7_lo (MUXF7_183)
                                      2.49e-12    0.000 1.05e-07 1.05e-07   0.0
        genblk1_0__muxf8_u (MUXF8_95)    0.000    0.000 7.12e-08 7.12e-08   0.0
        genblk1_2__muxf8_u (MUXF8_93)    0.000    0.000 7.12e-08 7.12e-08   0.0
      genblk1_12__InvSbox_u (InvSbox_3)
                                      1.92e-08 2.53e-08 1.88e-05 1.89e-05   0.8
        genblk1_4__muxf8_u (MUXF8_27)    0.000    0.000 7.12e-08 7.12e-08   0.0
        genblk1_3__muxf7_hi (MUXF7_56)
                                      4.50e-12    0.000 1.05e-07 1.05e-07   0.0
        genblk1_0__muxf7_lo (MUXF7_63)
                                      2.54e-12    0.000 7.12e-08 7.12e-08   0.0
        genblk1_4__muxf7_hi (MUXF7_54)
                                      2.89e-12    0.000 1.05e-07 1.05e-07   0.0
        genblk1_1__muxf7_lo (MUXF7_61)
                                      2.17e-12    0.000 7.12e-08 7.12e-08   0.0
        genblk1_6__muxf8_u (MUXF8_25)    0.000    0.000 7.12e-08 7.12e-08   0.0
        genblk1_2__muxf7_lo (MUXF7_59)
                                         0.000    0.000 7.12e-08 7.12e-08   0.0
        genblk1_5__muxf7_lo (MUXF7_53)
                                         0.000    0.000 7.12e-08 7.12e-08   0.0
        genblk1_1__muxf8_u (MUXF8_30)    0.000    0.000 7.12e-08 7.12e-08   0.0
        genblk1_6__muxf7_lo (MUXF7_51)
                                      2.77e-12    0.000 1.05e-07 1.05e-07   0.0
        t0 (invsbox_table0_3)         4.67e-09 5.92e-09 4.49e-06 4.50e-06   0.2
        genblk1_7__muxf7_lo (MUXF7_49)
                                         0.000    0.000 7.12e-08 7.12e-08   0.0
        genblk1_0__muxf7_hi (MUXF7_62)
                                      2.87e-12    0.000 1.05e-07 1.05e-07   0.0
        t1 (invsbox_table1_3)         3.52e-09 5.11e-09 4.04e-06 4.04e-06   0.2
        genblk1_3__muxf8_u (MUXF8_28) 3.00e-12    0.000 1.05e-07 1.05e-07   0.0
        t2 (invsbox_table2_3)         5.12e-09 7.09e-09 4.65e-06 4.66e-06   0.2
        genblk1_1__muxf7_hi (MUXF7_60)
                                      2.87e-12    0.000 1.05e-07 1.05e-07   0.0
        genblk1_2__muxf7_hi (MUXF7_58)
                                      4.36e-12    0.000 1.05e-07 1.05e-07   0.0
        t3 (invsbox_table3_3)         5.59e-09 7.09e-09 3.60e-06 3.61e-06   0.1
        genblk1_5__muxf8_u (MUXF8_26)    0.000    0.000 7.12e-08 7.12e-08   0.0
        genblk1_5__muxf7_hi (MUXF7_52)
                                      2.91e-12    0.000 1.05e-07 1.05e-07   0.0
        genblk1_7__muxf8_u (MUXF8_24)    0.000    0.000 7.12e-08 7.12e-08   0.0
        genblk1_6__muxf7_hi (MUXF7_50)
                                      4.47e-12    0.000 1.05e-07 1.05e-07   0.0
        genblk1_3__muxf7_lo (MUXF7_57)
                                      2.71e-10 5.29e-11 8.69e-08 8.72e-08   0.0
        genblk1_7__muxf7_hi (MUXF7_48)
                                      2.22e-12    0.000 7.12e-08 7.12e-08   0.0
        genblk1_4__muxf7_lo (MUXF7_55)
                                      2.49e-12    0.000 1.05e-07 1.05e-07   0.0
        genblk1_0__muxf8_u (MUXF8_31)    0.000    0.000 7.12e-08 7.12e-08   0.0
        genblk1_2__muxf8_u (MUXF8_29)    0.000    0.000 7.12e-08 7.12e-08   0.0
      genblk1_1__InvSbox_u (InvSbox_14)
                                      1.92e-08 2.53e-08 1.88e-05 1.89e-05   0.8
        genblk1_4__muxf8_u (MUXF8_115)
                                         0.000    0.000 7.12e-08 7.12e-08   0.0
        genblk1_3__muxf7_hi (MUXF7_232)
                                      4.50e-12    0.000 1.05e-07 1.05e-07   0.0
        genblk1_0__muxf7_lo (MUXF7_239)
                                      2.54e-12    0.000 7.12e-08 7.12e-08   0.0
        genblk1_4__muxf7_hi (MUXF7_230)
                                      2.89e-12    0.000 1.05e-07 1.05e-07   0.0
        genblk1_1__muxf7_lo (MUXF7_237)
                                      2.17e-12    0.000 7.12e-08 7.12e-08   0.0
        genblk1_6__muxf8_u (MUXF8_113)
                                         0.000    0.000 7.12e-08 7.12e-08   0.0
        genblk1_2__muxf7_lo (MUXF7_235)
                                         0.000    0.000 7.12e-08 7.12e-08   0.0
        genblk1_5__muxf7_lo (MUXF7_229)
                                         0.000    0.000 7.12e-08 7.12e-08   0.0
        genblk1_1__muxf8_u (MUXF8_118)
                                         0.000    0.000 7.12e-08 7.12e-08   0.0
        genblk1_6__muxf7_lo (MUXF7_227)
                                      2.77e-12    0.000 1.05e-07 1.05e-07   0.0
        t0 (invsbox_table0_14)        4.67e-09 5.92e-09 4.49e-06 4.50e-06   0.2
        genblk1_7__muxf7_lo (MUXF7_225)
                                         0.000    0.000 7.12e-08 7.12e-08   0.0
        genblk1_0__muxf7_hi (MUXF7_238)
                                      2.87e-12    0.000 1.05e-07 1.05e-07   0.0
        t1 (invsbox_table1_14)        3.52e-09 5.11e-09 4.04e-06 4.04e-06   0.2
        genblk1_3__muxf8_u (MUXF8_116)
                                      3.00e-12    0.000 1.05e-07 1.05e-07   0.0
        t2 (invsbox_table2_14)        5.12e-09 7.09e-09 4.65e-06 4.66e-06   0.2
        genblk1_1__muxf7_hi (MUXF7_236)
                                      2.87e-12    0.000 1.05e-07 1.05e-07   0.0
        genblk1_2__muxf7_hi (MUXF7_234)
                                      4.36e-12    0.000 1.05e-07 1.05e-07   0.0
        t3 (invsbox_table3_14)        5.59e-09 7.09e-09 3.60e-06 3.61e-06   0.1
        genblk1_5__muxf8_u (MUXF8_114)
                                         0.000    0.000 7.12e-08 7.12e-08   0.0
        genblk1_5__muxf7_hi (MUXF7_228)
                                      2.91e-12    0.000 1.05e-07 1.05e-07   0.0
        genblk1_7__muxf8_u (MUXF8_112)
                                         0.000    0.000 7.12e-08 7.12e-08   0.0
        genblk1_6__muxf7_hi (MUXF7_226)
                                      4.47e-12    0.000 1.05e-07 1.05e-07   0.0
        genblk1_3__muxf7_lo (MUXF7_233)
                                      2.71e-10 5.29e-11 8.69e-08 8.72e-08   0.0
        genblk1_7__muxf7_hi (MUXF7_224)
                                      2.22e-12    0.000 7.12e-08 7.12e-08   0.0
        genblk1_4__muxf7_lo (MUXF7_231)
                                      2.49e-12    0.000 1.05e-07 1.05e-07   0.0
        genblk1_0__muxf8_u (MUXF8_119)
                                         0.000    0.000 7.12e-08 7.12e-08   0.0
        genblk1_2__muxf8_u (MUXF8_117)
                                         0.000    0.000 7.12e-08 7.12e-08   0.0
      genblk1_9__InvSbox_u (InvSbox_6)
                                      1.92e-08 2.53e-08 1.88e-05 1.89e-05   0.8
        genblk1_4__muxf8_u (MUXF8_51)    0.000    0.000 7.12e-08 7.12e-08   0.0
        genblk1_3__muxf7_hi (MUXF7_104)
                                      4.50e-12    0.000 1.05e-07 1.05e-07   0.0
        genblk1_0__muxf7_lo (MUXF7_111)
                                      2.54e-12    0.000 7.12e-08 7.12e-08   0.0
        genblk1_4__muxf7_hi (MUXF7_102)
                                      2.89e-12    0.000 1.05e-07 1.05e-07   0.0
        genblk1_1__muxf7_lo (MUXF7_109)
                                      2.17e-12    0.000 7.12e-08 7.12e-08   0.0
        genblk1_6__muxf8_u (MUXF8_49)    0.000    0.000 7.12e-08 7.12e-08   0.0
        genblk1_2__muxf7_lo (MUXF7_107)
                                         0.000    0.000 7.12e-08 7.12e-08   0.0
        genblk1_5__muxf7_lo (MUXF7_101)
                                         0.000    0.000 7.12e-08 7.12e-08   0.0
        genblk1_1__muxf8_u (MUXF8_54)    0.000    0.000 7.12e-08 7.12e-08   0.0
        genblk1_6__muxf7_lo (MUXF7_99)
                                      2.77e-12    0.000 1.05e-07 1.05e-07   0.0
        t0 (invsbox_table0_6)         4.67e-09 5.92e-09 4.49e-06 4.50e-06   0.2
        genblk1_7__muxf7_lo (MUXF7_97)
                                         0.000    0.000 7.12e-08 7.12e-08   0.0
        genblk1_0__muxf7_hi (MUXF7_110)
                                      2.87e-12    0.000 1.05e-07 1.05e-07   0.0
        t1 (invsbox_table1_6)         3.52e-09 5.11e-09 4.04e-06 4.04e-06   0.2
        genblk1_3__muxf8_u (MUXF8_52) 3.00e-12    0.000 1.05e-07 1.05e-07   0.0
        t2 (invsbox_table2_6)         5.12e-09 7.09e-09 4.65e-06 4.66e-06   0.2
        genblk1_1__muxf7_hi (MUXF7_108)
                                      2.87e-12    0.000 1.05e-07 1.05e-07   0.0
        genblk1_2__muxf7_hi (MUXF7_106)
                                      4.36e-12    0.000 1.05e-07 1.05e-07   0.0
        t3 (invsbox_table3_6)         5.59e-09 7.09e-09 3.60e-06 3.61e-06   0.1
        genblk1_5__muxf8_u (MUXF8_50)    0.000    0.000 7.12e-08 7.12e-08   0.0
        genblk1_5__muxf7_hi (MUXF7_100)
                                      2.91e-12    0.000 1.05e-07 1.05e-07   0.0
        genblk1_7__muxf8_u (MUXF8_48)    0.000    0.000 7.12e-08 7.12e-08   0.0
        genblk1_6__muxf7_hi (MUXF7_98)
                                      4.47e-12    0.000 1.05e-07 1.05e-07   0.0
        genblk1_3__muxf7_lo (MUXF7_105)
                                      2.71e-10 5.29e-11 8.69e-08 8.72e-08   0.0
        genblk1_7__muxf7_hi (MUXF7_96)
                                      2.22e-12    0.000 7.12e-08 7.12e-08   0.0
        genblk1_4__muxf7_lo (MUXF7_103)
                                      2.49e-12    0.000 1.05e-07 1.05e-07   0.0
        genblk1_0__muxf8_u (MUXF8_55)    0.000    0.000 7.12e-08 7.12e-08   0.0
        genblk1_2__muxf8_u (MUXF8_53)    0.000    0.000 7.12e-08 7.12e-08   0.0
      genblk1_6__InvSbox_u (InvSbox_9)
                                      1.92e-08 2.53e-08 1.88e-05 1.89e-05   0.8
        genblk1_4__muxf8_u (MUXF8_75)    0.000    0.000 7.12e-08 7.12e-08   0.0
        genblk1_3__muxf7_hi (MUXF7_152)
                                      4.50e-12    0.000 1.05e-07 1.05e-07   0.0
        genblk1_0__muxf7_lo (MUXF7_159)
                                      2.54e-12    0.000 7.12e-08 7.12e-08   0.0
        genblk1_4__muxf7_hi (MUXF7_150)
                                      2.89e-12    0.000 1.05e-07 1.05e-07   0.0
        genblk1_1__muxf7_lo (MUXF7_157)
                                      2.17e-12    0.000 7.12e-08 7.12e-08   0.0
        genblk1_6__muxf8_u (MUXF8_73)    0.000    0.000 7.12e-08 7.12e-08   0.0
        genblk1_2__muxf7_lo (MUXF7_155)
                                         0.000    0.000 7.12e-08 7.12e-08   0.0
        genblk1_5__muxf7_lo (MUXF7_149)
                                         0.000    0.000 7.12e-08 7.12e-08   0.0
        genblk1_1__muxf8_u (MUXF8_78)    0.000    0.000 7.12e-08 7.12e-08   0.0
        genblk1_6__muxf7_lo (MUXF7_147)
                                      2.77e-12    0.000 1.05e-07 1.05e-07   0.0
        t0 (invsbox_table0_9)         4.67e-09 5.92e-09 4.49e-06 4.50e-06   0.2
        genblk1_7__muxf7_lo (MUXF7_145)
                                         0.000    0.000 7.12e-08 7.12e-08   0.0
        genblk1_0__muxf7_hi (MUXF7_158)
                                      2.87e-12    0.000 1.05e-07 1.05e-07   0.0
        t1 (invsbox_table1_9)         3.52e-09 5.11e-09 4.04e-06 4.04e-06   0.2
        genblk1_3__muxf8_u (MUXF8_76) 3.00e-12    0.000 1.05e-07 1.05e-07   0.0
        t2 (invsbox_table2_9)         5.12e-09 7.09e-09 4.65e-06 4.66e-06   0.2
        genblk1_1__muxf7_hi (MUXF7_156)
                                      2.87e-12    0.000 1.05e-07 1.05e-07   0.0
        genblk1_2__muxf7_hi (MUXF7_154)
                                      4.36e-12    0.000 1.05e-07 1.05e-07   0.0
        t3 (invsbox_table3_9)         5.59e-09 7.09e-09 3.60e-06 3.61e-06   0.1
        genblk1_5__muxf8_u (MUXF8_74)    0.000    0.000 7.12e-08 7.12e-08   0.0
        genblk1_5__muxf7_hi (MUXF7_148)
                                      2.91e-12    0.000 1.05e-07 1.05e-07   0.0
        genblk1_7__muxf8_u (MUXF8_72)    0.000    0.000 7.12e-08 7.12e-08   0.0
        genblk1_6__muxf7_hi (MUXF7_146)
                                      4.47e-12    0.000 1.05e-07 1.05e-07   0.0
        genblk1_3__muxf7_lo (MUXF7_153)
                                      2.71e-10 5.29e-11 8.69e-08 8.72e-08   0.0
        genblk1_7__muxf7_hi (MUXF7_144)
                                      2.22e-12    0.000 7.12e-08 7.12e-08   0.0
        genblk1_4__muxf7_lo (MUXF7_151)
                                      2.49e-12    0.000 1.05e-07 1.05e-07   0.0
        genblk1_0__muxf8_u (MUXF8_79)    0.000    0.000 7.12e-08 7.12e-08   0.0
        genblk1_2__muxf8_u (MUXF8_77)    0.000    0.000 7.12e-08 7.12e-08   0.0
      genblk1_14__InvSbox_u (InvSbox_1)
                                      1.92e-08 2.53e-08 1.88e-05 1.89e-05   0.8
        genblk1_4__muxf8_u (MUXF8_11)    0.000    0.000 7.12e-08 7.12e-08   0.0
        genblk1_3__muxf7_hi (MUXF7_24)
                                      4.50e-12    0.000 1.05e-07 1.05e-07   0.0
        genblk1_0__muxf7_lo (MUXF7_31)
                                      2.54e-12    0.000 7.12e-08 7.12e-08   0.0
        genblk1_4__muxf7_hi (MUXF7_22)
                                      2.89e-12    0.000 1.05e-07 1.05e-07   0.0
        genblk1_1__muxf7_lo (MUXF7_29)
                                      2.17e-12    0.000 7.12e-08 7.12e-08   0.0
        genblk1_6__muxf8_u (MUXF8_9)     0.000    0.000 7.12e-08 7.12e-08   0.0
        genblk1_2__muxf7_lo (MUXF7_27)
                                         0.000    0.000 7.12e-08 7.12e-08   0.0
        genblk1_5__muxf7_lo (MUXF7_21)
                                         0.000    0.000 7.12e-08 7.12e-08   0.0
        genblk1_1__muxf8_u (MUXF8_14)    0.000    0.000 7.12e-08 7.12e-08   0.0
        genblk1_6__muxf7_lo (MUXF7_19)
                                      2.77e-12    0.000 1.05e-07 1.05e-07   0.0
        t0 (invsbox_table0_1)         4.67e-09 5.92e-09 4.49e-06 4.50e-06   0.2
        genblk1_7__muxf7_lo (MUXF7_17)
                                         0.000    0.000 7.12e-08 7.12e-08   0.0
        genblk1_0__muxf7_hi (MUXF7_30)
                                      2.87e-12    0.000 1.05e-07 1.05e-07   0.0
        t1 (invsbox_table1_1)         3.52e-09 5.11e-09 4.04e-06 4.04e-06   0.2
        genblk1_3__muxf8_u (MUXF8_12) 3.00e-12    0.000 1.05e-07 1.05e-07   0.0
        t2 (invsbox_table2_1)         5.12e-09 7.09e-09 4.65e-06 4.66e-06   0.2
        genblk1_1__muxf7_hi (MUXF7_28)
                                      2.87e-12    0.000 1.05e-07 1.05e-07   0.0
        genblk1_2__muxf7_hi (MUXF7_26)
                                      4.36e-12    0.000 1.05e-07 1.05e-07   0.0
        t3 (invsbox_table3_1)         5.59e-09 7.09e-09 3.60e-06 3.61e-06   0.1
        genblk1_5__muxf8_u (MUXF8_10)    0.000    0.000 7.12e-08 7.12e-08   0.0
        genblk1_5__muxf7_hi (MUXF7_20)
                                      2.91e-12    0.000 1.05e-07 1.05e-07   0.0
        genblk1_7__muxf8_u (MUXF8_8)     0.000    0.000 7.12e-08 7.12e-08   0.0
        genblk1_6__muxf7_hi (MUXF7_18)
                                      4.47e-12    0.000 1.05e-07 1.05e-07   0.0
        genblk1_3__muxf7_lo (MUXF7_25)
                                      2.71e-10 5.29e-11 8.69e-08 8.72e-08   0.0
        genblk1_7__muxf7_hi (MUXF7_16)
                                      2.22e-12    0.000 7.12e-08 7.12e-08   0.0
        genblk1_4__muxf7_lo (MUXF7_23)
                                      2.49e-12    0.000 1.05e-07 1.05e-07   0.0
        genblk1_0__muxf8_u (MUXF8_15)    0.000    0.000 7.12e-08 7.12e-08   0.0
        genblk1_2__muxf8_u (MUXF8_13)    0.000    0.000 7.12e-08 7.12e-08   0.0
      genblk1_3__InvSbox_u (InvSbox_12)
                                      1.92e-08 2.53e-08 1.88e-05 1.89e-05   0.8
        genblk1_4__muxf8_u (MUXF8_99)    0.000    0.000 7.12e-08 7.12e-08   0.0
        genblk1_3__muxf7_hi (MUXF7_200)
                                      4.50e-12    0.000 1.05e-07 1.05e-07   0.0
        genblk1_0__muxf7_lo (MUXF7_207)
                                      2.54e-12    0.000 7.12e-08 7.12e-08   0.0
        genblk1_4__muxf7_hi (MUXF7_198)
                                      2.89e-12    0.000 1.05e-07 1.05e-07   0.0
        genblk1_1__muxf7_lo (MUXF7_205)
                                      2.17e-12    0.000 7.12e-08 7.12e-08   0.0
        genblk1_6__muxf8_u (MUXF8_97)    0.000    0.000 7.12e-08 7.12e-08   0.0
        genblk1_2__muxf7_lo (MUXF7_203)
                                         0.000    0.000 7.12e-08 7.12e-08   0.0
        genblk1_5__muxf7_lo (MUXF7_197)
                                         0.000    0.000 7.12e-08 7.12e-08   0.0
        genblk1_1__muxf8_u (MUXF8_102)
                                         0.000    0.000 7.12e-08 7.12e-08   0.0
        genblk1_6__muxf7_lo (MUXF7_195)
                                      2.77e-12    0.000 1.05e-07 1.05e-07   0.0
        t0 (invsbox_table0_12)        4.67e-09 5.92e-09 4.49e-06 4.50e-06   0.2
        genblk1_7__muxf7_lo (MUXF7_193)
                                         0.000    0.000 7.12e-08 7.12e-08   0.0
        genblk1_0__muxf7_hi (MUXF7_206)
                                      2.87e-12    0.000 1.05e-07 1.05e-07   0.0
        t1 (invsbox_table1_12)        3.52e-09 5.11e-09 4.04e-06 4.04e-06   0.2
        genblk1_3__muxf8_u (MUXF8_100)
                                      3.00e-12    0.000 1.05e-07 1.05e-07   0.0
        t2 (invsbox_table2_12)        5.12e-09 7.09e-09 4.65e-06 4.66e-06   0.2
        genblk1_1__muxf7_hi (MUXF7_204)
                                      2.87e-12    0.000 1.05e-07 1.05e-07   0.0
        genblk1_2__muxf7_hi (MUXF7_202)
                                      4.36e-12    0.000 1.05e-07 1.05e-07   0.0
        t3 (invsbox_table3_12)        5.59e-09 7.09e-09 3.60e-06 3.61e-06   0.1
        genblk1_5__muxf8_u (MUXF8_98)    0.000    0.000 7.12e-08 7.12e-08   0.0
        genblk1_5__muxf7_hi (MUXF7_196)
                                      2.91e-12    0.000 1.05e-07 1.05e-07   0.0
        genblk1_7__muxf8_u (MUXF8_96)    0.000    0.000 7.12e-08 7.12e-08   0.0
        genblk1_6__muxf7_hi (MUXF7_194)
                                      4.47e-12    0.000 1.05e-07 1.05e-07   0.0
        genblk1_3__muxf7_lo (MUXF7_201)
                                      2.71e-10 5.29e-11 8.69e-08 8.72e-08   0.0
        genblk1_7__muxf7_hi (MUXF7_192)
                                      2.22e-12    0.000 7.12e-08 7.12e-08   0.0
        genblk1_4__muxf7_lo (MUXF7_199)
                                      2.49e-12    0.000 1.05e-07 1.05e-07   0.0
        genblk1_0__muxf8_u (MUXF8_103)
                                         0.000    0.000 7.12e-08 7.12e-08   0.0
        genblk1_2__muxf8_u (MUXF8_101)
                                         0.000    0.000 7.12e-08 7.12e-08   0.0
      genblk1_11__InvSbox_u (InvSbox_4)
                                      1.92e-08 2.53e-08 1.88e-05 1.89e-05   0.8
        genblk1_4__muxf8_u (MUXF8_35)    0.000    0.000 7.12e-08 7.12e-08   0.0
        genblk1_3__muxf7_hi (MUXF7_72)
                                      4.50e-12    0.000 1.05e-07 1.05e-07   0.0
        genblk1_0__muxf7_lo (MUXF7_79)
                                      2.54e-12    0.000 7.12e-08 7.12e-08   0.0
        genblk1_4__muxf7_hi (MUXF7_70)
                                      2.89e-12    0.000 1.05e-07 1.05e-07   0.0
        genblk1_1__muxf7_lo (MUXF7_77)
                                      2.17e-12    0.000 7.12e-08 7.12e-08   0.0
        genblk1_6__muxf8_u (MUXF8_33)    0.000    0.000 7.12e-08 7.12e-08   0.0
        genblk1_2__muxf7_lo (MUXF7_75)
                                         0.000    0.000 7.12e-08 7.12e-08   0.0
        genblk1_5__muxf7_lo (MUXF7_69)
                                         0.000    0.000 7.12e-08 7.12e-08   0.0
        genblk1_1__muxf8_u (MUXF8_38)    0.000    0.000 7.12e-08 7.12e-08   0.0
        genblk1_6__muxf7_lo (MUXF7_67)
                                      2.77e-12    0.000 1.05e-07 1.05e-07   0.0
        t0 (invsbox_table0_4)         4.67e-09 5.92e-09 4.49e-06 4.50e-06   0.2
        genblk1_7__muxf7_lo (MUXF7_65)
                                         0.000    0.000 7.12e-08 7.12e-08   0.0
        genblk1_0__muxf7_hi (MUXF7_78)
                                      2.87e-12    0.000 1.05e-07 1.05e-07   0.0
        t1 (invsbox_table1_4)         3.52e-09 5.11e-09 4.04e-06 4.04e-06   0.2
        genblk1_3__muxf8_u (MUXF8_36) 3.00e-12    0.000 1.05e-07 1.05e-07   0.0
        t2 (invsbox_table2_4)         5.12e-09 7.09e-09 4.65e-06 4.66e-06   0.2
        genblk1_1__muxf7_hi (MUXF7_76)
                                      2.87e-12    0.000 1.05e-07 1.05e-07   0.0
        genblk1_2__muxf7_hi (MUXF7_74)
                                      4.36e-12    0.000 1.05e-07 1.05e-07   0.0
        t3 (invsbox_table3_4)         5.59e-09 7.09e-09 3.60e-06 3.61e-06   0.1
        genblk1_5__muxf8_u (MUXF8_34)    0.000    0.000 7.12e-08 7.12e-08   0.0
        genblk1_5__muxf7_hi (MUXF7_68)
                                      2.91e-12    0.000 1.05e-07 1.05e-07   0.0
        genblk1_7__muxf8_u (MUXF8_32)    0.000    0.000 7.12e-08 7.12e-08   0.0
        genblk1_6__muxf7_hi (MUXF7_66)
                                      4.47e-12    0.000 1.05e-07 1.05e-07   0.0
        genblk1_3__muxf7_lo (MUXF7_73)
                                      2.71e-10 5.29e-11 8.69e-08 8.72e-08   0.0
        genblk1_7__muxf7_hi (MUXF7_64)
                                      2.22e-12    0.000 7.12e-08 7.12e-08   0.0
        genblk1_4__muxf7_lo (MUXF7_71)
                                      2.49e-12    0.000 1.05e-07 1.05e-07   0.0
        genblk1_0__muxf8_u (MUXF8_39)    0.000    0.000 7.12e-08 7.12e-08   0.0
        genblk1_2__muxf8_u (MUXF8_37)    0.000    0.000 7.12e-08 7.12e-08   0.0
      genblk1_0__InvSbox_u (InvSbox_15)
                                      1.92e-08 2.53e-08 1.88e-05 1.89e-05   0.8
        genblk1_4__muxf8_u (MUXF8_123)
                                         0.000    0.000 7.12e-08 7.12e-08   0.0
        genblk1_3__muxf7_hi (MUXF7_248)
                                      4.50e-12    0.000 1.05e-07 1.05e-07   0.0
        genblk1_0__muxf7_lo (MUXF7_255)
                                      2.54e-12    0.000 7.12e-08 7.12e-08   0.0
        genblk1_4__muxf7_hi (MUXF7_246)
                                      2.89e-12    0.000 1.05e-07 1.05e-07   0.0
        genblk1_1__muxf7_lo (MUXF7_253)
                                      2.17e-12    0.000 7.12e-08 7.12e-08   0.0
        genblk1_6__muxf8_u (MUXF8_121)
                                         0.000    0.000 7.12e-08 7.12e-08   0.0
        genblk1_2__muxf7_lo (MUXF7_251)
                                         0.000    0.000 7.12e-08 7.12e-08   0.0
        genblk1_5__muxf7_lo (MUXF7_245)
                                         0.000    0.000 7.12e-08 7.12e-08   0.0
        genblk1_1__muxf8_u (MUXF8_126)
                                         0.000    0.000 7.12e-08 7.12e-08   0.0
        genblk1_6__muxf7_lo (MUXF7_243)
                                      2.77e-12    0.000 1.05e-07 1.05e-07   0.0
        t0 (invsbox_table0_15)        4.67e-09 5.92e-09 4.49e-06 4.50e-06   0.2
        genblk1_7__muxf7_lo (MUXF7_241)
                                         0.000    0.000 7.12e-08 7.12e-08   0.0
        genblk1_0__muxf7_hi (MUXF7_254)
                                      2.87e-12    0.000 1.05e-07 1.05e-07   0.0
        t1 (invsbox_table1_15)        3.52e-09 5.11e-09 4.06e-06 4.06e-06   0.2
        genblk1_3__muxf8_u (MUXF8_124)
                                      3.00e-12    0.000 1.05e-07 1.05e-07   0.0
        t2 (invsbox_table2_15)        5.12e-09 7.09e-09 4.65e-06 4.66e-06   0.2
        genblk1_1__muxf7_hi (MUXF7_252)
                                      2.87e-12    0.000 1.05e-07 1.05e-07   0.0
        genblk1_2__muxf7_hi (MUXF7_250)
                                      4.36e-12    0.000 1.05e-07 1.05e-07   0.0
        t3 (invsbox_table3_15)        5.59e-09 7.09e-09 3.58e-06 3.59e-06   0.1
        genblk1_5__muxf8_u (MUXF8_122)
                                         0.000    0.000 7.12e-08 7.12e-08   0.0
        genblk1_5__muxf7_hi (MUXF7_244)
                                      2.91e-12    0.000 1.05e-07 1.05e-07   0.0
        genblk1_7__muxf8_u (MUXF8_120)
                                         0.000    0.000 7.12e-08 7.12e-08   0.0
        genblk1_6__muxf7_hi (MUXF7_242)
                                      4.47e-12    0.000 1.05e-07 1.05e-07   0.0
        genblk1_3__muxf7_lo (MUXF7_249)
                                      2.71e-10 5.29e-11 8.69e-08 8.72e-08   0.0
        genblk1_7__muxf7_hi (MUXF7_240)
                                      2.22e-12    0.000 7.12e-08 7.12e-08   0.0
        genblk1_4__muxf7_lo (MUXF7_247)
                                      2.49e-12    0.000 1.05e-07 1.05e-07   0.0
        genblk1_0__muxf8_u (MUXF8_127)
                                         0.000    0.000 7.12e-08 7.12e-08   0.0
        genblk1_2__muxf8_u (MUXF8_125)
                                         0.000    0.000 7.12e-08 7.12e-08   0.0
      genblk1_8__InvSbox_u (InvSbox_7)
                                      1.92e-08 2.53e-08 1.88e-05 1.89e-05   0.8
        genblk1_4__muxf8_u (MUXF8_59)    0.000    0.000 7.12e-08 7.12e-08   0.0
        genblk1_3__muxf7_hi (MUXF7_120)
                                      4.50e-12    0.000 1.05e-07 1.05e-07   0.0
        genblk1_0__muxf7_lo (MUXF7_127)
                                      2.54e-12    0.000 7.12e-08 7.12e-08   0.0
        genblk1_4__muxf7_hi (MUXF7_118)
                                      2.89e-12    0.000 1.05e-07 1.05e-07   0.0
        genblk1_1__muxf7_lo (MUXF7_125)
                                      2.17e-12    0.000 7.12e-08 7.12e-08   0.0
        genblk1_6__muxf8_u (MUXF8_57)    0.000    0.000 7.12e-08 7.12e-08   0.0
        genblk1_2__muxf7_lo (MUXF7_123)
                                         0.000    0.000 7.12e-08 7.12e-08   0.0
        genblk1_5__muxf7_lo (MUXF7_117)
                                         0.000    0.000 7.12e-08 7.12e-08   0.0
        genblk1_1__muxf8_u (MUXF8_62)    0.000    0.000 7.12e-08 7.12e-08   0.0
        genblk1_6__muxf7_lo (MUXF7_115)
                                      2.77e-12    0.000 1.05e-07 1.05e-07   0.0
        t0 (invsbox_table0_7)         4.67e-09 5.92e-09 4.49e-06 4.50e-06   0.2
        genblk1_7__muxf7_lo (MUXF7_113)
                                         0.000    0.000 7.12e-08 7.12e-08   0.0
        genblk1_0__muxf7_hi (MUXF7_126)
                                      2.87e-12    0.000 1.05e-07 1.05e-07   0.0
        t1 (invsbox_table1_7)         3.52e-09 5.11e-09 4.04e-06 4.04e-06   0.2
        genblk1_3__muxf8_u (MUXF8_60) 3.00e-12    0.000 1.05e-07 1.05e-07   0.0
        t2 (invsbox_table2_7)         5.12e-09 7.09e-09 4.65e-06 4.66e-06   0.2
        genblk1_1__muxf7_hi (MUXF7_124)
                                      2.87e-12    0.000 1.05e-07 1.05e-07   0.0
        genblk1_2__muxf7_hi (MUXF7_122)
                                      4.36e-12    0.000 1.05e-07 1.05e-07   0.0
        t3 (invsbox_table3_7)         5.59e-09 7.09e-09 3.60e-06 3.61e-06   0.1
        genblk1_5__muxf8_u (MUXF8_58)    0.000    0.000 7.12e-08 7.12e-08   0.0
        genblk1_5__muxf7_hi (MUXF7_116)
                                      2.91e-12    0.000 1.05e-07 1.05e-07   0.0
        genblk1_7__muxf8_u (MUXF8_56)    0.000    0.000 7.12e-08 7.12e-08   0.0
        genblk1_6__muxf7_hi (MUXF7_114)
                                      4.47e-12    0.000 1.05e-07 1.05e-07   0.0
        genblk1_3__muxf7_lo (MUXF7_121)
                                      2.71e-10 5.29e-11 8.69e-08 8.72e-08   0.0
        genblk1_7__muxf7_hi (MUXF7_112)
                                      2.22e-12    0.000 7.12e-08 7.12e-08   0.0
        genblk1_4__muxf7_lo (MUXF7_119)
                                      2.49e-12    0.000 1.05e-07 1.05e-07   0.0
        genblk1_0__muxf8_u (MUXF8_63)    0.000    0.000 7.12e-08 7.12e-08   0.0
        genblk1_2__muxf8_u (MUXF8_61)    0.000    0.000 7.12e-08 7.12e-08   0.0
    InvAddRoundKey_u (InvAddRoundKey) 6.34e-06 5.94e-06 2.24e-05 3.46e-05   1.4
    InvMixColumns_u (InvMixColumns)   4.48e-05 2.39e-05 1.01e-04 1.70e-04   6.8
      genblk1_3__i_mixcol_u (InvMixCol_slice_0)
                                      1.12e-05 6.02e-06 2.52e-05 4.25e-05   1.7
        gfmul_inv_u0 (gfmul_inv_3)    1.53e-06 1.51e-06 2.82e-06 5.86e-06   0.2
        gfmul_inv_u1 (gfmul_inv_2)    1.50e-06 1.16e-06 2.83e-06 5.50e-06   0.2
        gfmul_inv_u2 (gfmul_inv_1)    1.54e-06 1.22e-06 2.83e-06 5.59e-06   0.2
        gfmul_inv_u3 (gfmul_inv_0)    1.61e-06 1.59e-06 2.82e-06 6.02e-06   0.2
      genblk1_2__i_mixcol_u (InvMixCol_slice_1)
                                      1.12e-05 6.00e-06 2.52e-05 4.25e-05   1.7
        gfmul_inv_u0 (gfmul_inv_7)    1.54e-06 1.52e-06 2.83e-06 5.89e-06   0.2
        gfmul_inv_u1 (gfmul_inv_6)    1.52e-06 1.19e-06 2.84e-06 5.55e-06   0.2
        gfmul_inv_u2 (gfmul_inv_5)    1.55e-06 1.22e-06 2.82e-06 5.59e-06   0.2
        gfmul_inv_u3 (gfmul_inv_4)    1.54e-06 1.52e-06 2.83e-06 5.88e-06   0.2
      genblk1_1__i_mixcol_u (InvMixCol_slice_2)
                                      1.11e-05 5.94e-06 2.52e-05 4.23e-05   1.7
        gfmul_inv_u0 (gfmul_inv_11)   1.52e-06 1.49e-06 2.83e-06 5.85e-06   0.2
        gfmul_inv_u1 (gfmul_inv_10)   1.47e-06 1.16e-06 2.83e-06 5.46e-06   0.2
        gfmul_inv_u2 (gfmul_inv_9)    1.52e-06 1.20e-06 2.83e-06 5.56e-06   0.2
        gfmul_inv_u3 (gfmul_inv_8)    1.57e-06 1.55e-06 2.83e-06 5.94e-06   0.2
      genblk1_0__i_mixcol_u (InvMixCol_slice_3)
                                      1.12e-05 5.95e-06 2.53e-05 4.24e-05   1.7
        gfmul_inv_u0 (gfmul_inv_15)   1.51e-06 1.47e-06 2.83e-06 5.81e-06   0.2
        gfmul_inv_u1 (gfmul_inv_14)   1.55e-06 1.21e-06 2.84e-06 5.60e-06   0.2
        gfmul_inv_u2 (gfmul_inv_13)   1.56e-06 1.22e-06 2.83e-06 5.61e-06   0.2
        gfmul_inv_u3 (gfmul_inv_12)   1.54e-06 1.51e-06 2.83e-06 5.88e-06   0.2
    InvShiftRows_u (InvShiftRows)        0.000    0.000 6.57e-06 6.57e-06   0.3
1
