****************************************
Report : Averaged Power
	-hierarchy
Design : i2c_system_top
Version: V-2023.12
Date   : Mon Jun 22 17:14:15 2026
****************************************



                                      Int      Switch   Leak     Total
Hierarchy                             Power    Power    Power    Power    %
----------------------------------------------------------------------------------
i2c_system_top                        5.03e-05 6.77e-06 7.83e-05 1.35e-04 100.0
  u_i2c_slave (i2cSlaveTop)           2.37e-05 2.14e-06 4.35e-05 6.93e-05  51.2
    u_i2cSlave (i2cSlave)             2.37e-05 2.14e-06 4.35e-05 6.93e-05  51.2
      u_registerInterface (registerInterface)
                                      6.90e-06 6.05e-07 1.31e-05 2.06e-05  15.2
      u_serialInterface (serialInterface)
                                      9.66e-06 8.65e-07 1.85e-05 2.90e-05  21.4
  u_i2c_master (i2c_master_top_0)     2.66e-05 4.63e-06 3.39e-05 6.51e-05  48.1
    byte_controller (i2c_master_byte_ctrl)
                                      1.31e-05 1.29e-06 2.03e-05 3.46e-05  25.6
      bit_controller (i2c_master_bit_ctrl)
                                      8.70e-06 8.34e-07 1.37e-05 2.32e-05  17.2
1
