****************************************
Report : Averaged Power
	-verbose
Design : top
Version: V-2023.12
Date   : Mon Jun 22 17:17:05 2026
****************************************

Library(s) Used:

    tcbn28hpcplusbwp12t30p140ssg0p81v125c (File: /process/course_lib/t28hpc+/tcbn28hpcplusbwp12t30p140ssg0p81v125c.db)


Operating Conditions: ssg0p81v125c   Library: tcbn28hpcplusbwp12t30p140ssg0p81v125c
Wire Load Model Mode: segmented

Cell               Design       Wire_model  Library       Selection_type
--------------------------------------------------------------------------------
                   top          ZeroWireload
                                            tcbn28hpcplusbwp12t30p140ssg0p81v125c
                                                          automatic-by-area
a1                 sine_lut     ZeroWireload
                                            tcbn28hpcplusbwp12t30p140ssg0p81v125c
                                                          automatic-by-area
a2                 cosine_lut   ZeroWireload
                                            tcbn28hpcplusbwp12t30p140ssg0p81v125c
                                                          automatic-by-area
a3                 tangent_lut  ZeroWireload
                                            tcbn28hpcplusbwp12t30p140ssg0p81v125c
                                                          automatic-by-area
a4                 cosecant_lut ZeroWireload
                                            tcbn28hpcplusbwp12t30p140ssg0p81v125c
                                                          automatic-by-area
a5                 secant_lut   ZeroWireload
                                            tcbn28hpcplusbwp12t30p140ssg0p81v125c
                                                          automatic-by-area
a6                 cotangent_lut
                                ZeroWireload
                                            tcbn28hpcplusbwp12t30p140ssg0p81v125c
                                                          automatic-by-area
a7                 dividor      ZeroWireload
                                            tcbn28hpcplusbwp12t30p140ssg0p81v125c
                                                          automatic-by-area

Power-specific unit information :
    Voltage Units = 1 V
    Capacitance Units = 1 pf
    Time Units = 1 ns
    Dynamic Power Units = 1 W
    Leakage Power Units = 1 W



  Attributes
  ----------
      i  -  Including register clock pin internal power
      u  -  User defined power group

                        Internal  Switching  Leakage    Total
Power Group             Power     Power      Power      Power   (     %)  Attrs
--------------------------------------------------------------------------------
clock_network              0.0000    0.0000    0.0000    0.0000 ( 0.00%)  i
register                   0.0000    0.0000    0.0000    0.0000 ( 0.00%)  
combinational           2.245e-05 3.068e-05 2.819e-04 3.351e-04 (46.11%)  
sequential              2.431e-04 1.729e-06 1.468e-04 3.916e-04 (53.89%)  
memory                     0.0000    0.0000    0.0000    0.0000 ( 0.00%)  
io_pad                     0.0000    0.0000    0.0000    0.0000 ( 0.00%)  
black_box                  0.0000    0.0000    0.0000    0.0000 ( 0.00%)  

  Net Switching Power  = 3.241e-05   ( 4.46%)
  Cell Internal Power  = 2.656e-04   (36.55%)
  Cell Leakage Power   = 4.287e-04   (58.99%)
                         ---------
Total Power            = 7.267e-04  (100.00%)

1
