****************************************
Report : Averaged Power
	-hierarchy
Design : SSP_UART
Version: V-2023.12
Date   : Mon Jun 22 17:18:25 2026
****************************************



                                      Int      Switch   Leak     Total
Hierarchy                             Power    Power    Power    Power    %
----------------------------------------------------------------------------------
SSP_UART                              4.30e-04 4.14e-05 4.36e-04 9.07e-04 100.0
  RED1 (re1ce_4)                      6.87e-07 2.29e-10 7.30e-07 1.42e-06   0.2
  RED2 (re1ce_3)                      6.74e-07 1.95e-10 7.30e-07 1.40e-06   0.2
  RED3 (re1ce_2)                      6.74e-07 1.95e-10 7.30e-07 1.40e-06   0.2
  RED4 (re1ce_1)                      6.74e-07 2.29e-10 7.30e-07 1.40e-06   0.2
  RED5 (re1ce_0)                      6.74e-07 1.95e-10 7.30e-07 1.40e-06   0.2
  INT (UART_INT)                      8.25e-06 7.25e-07 5.30e-06 1.43e-05   1.6
    RE1 (redet_3)                     1.03e-06 1.06e-09 6.69e-07 1.70e-06   0.2
    RE2 (redet_2)                     1.03e-06 2.11e-10 6.14e-07 1.65e-06   0.2
    RE3 (redet_1)                     1.04e-06 1.01e-09 6.70e-07 1.71e-06   0.2
    RE4 (redet_0)                     1.03e-06 2.11e-10 6.14e-07 1.65e-06   0.2
    FE1 (fedet_1)                     1.16e-06 3.97e-10 6.60e-07 1.82e-06   0.2
    FE2 (fedet_0)                     1.16e-06 3.95e-10 6.60e-07 1.82e-06   0.2
  BRG (UART_BRG)                      4.42e-06 1.11e-08 4.73e-06 9.16e-06   1.0
  RCV (UART_RXSM)                     8.98e-06 8.33e-07 9.85e-06 1.97e-05   2.2
  TMR (UART_RTO)                      5.70e-06 2.40e-09 5.31e-06 1.10e-05   1.2
  XMT (UART_TXSM)                     6.74e-06 3.47e-09 7.66e-06 1.44e-05   1.6
  RF1 (DPSFnmCE_addr6_width9_662242)  2.06e-04 1.99e-05 1.97e-04 4.23e-04  46.6
  TF1 (DPSFnmCE_addr6_width8_374242)  1.84e-04 1.77e-05 1.76e-04 3.77e-04  41.6
1
