Warning: No clock specified. 
	 PrimePower will derive a default switching activity of (0.1/ns) from the library time unit (1ns), 
	 because no clock is defined in the design. In order to calculate power accurately,
	 PrimePower needs to know what frequency your design works on. 
	 You can specify the frequency by defining one or more clocks. 
	 For designs without clocks, you can specify a virtual clock 
	 by using the command 
	 'create_clock -name virtual_clock_name -period your_design_period'. 

  (PWR-171)
****************************************
Report : Switching Activity
	
Design : SSP_UART
Version: V-2023.12
Date   : Mon Jun 22 17:18:24 2026
****************************************

 Switching Activity Overview Statistics for "SSP_UART"
----------------------------------------------------------------------------------------------------------------------------------------------------------------------------------------------
                  From Activity     From         From         From             From            From                                                            Not
Object Type       File (%)          SSA (%)      SSA Force (%) SSA Force (%)   SCA (%)         Clock (%)       Default (%)     Propagated(%)   Implied(%)      Annotated(%)  Total
                                                 Annotated    Implied                                                                                                        
----------------------------------------------------------------------------------------------------------------------------------------------------------------------------------------------
 Nets             43(1.00%)         0(0.00%)     0(0.00%)     0(0.00%)         0(0.00%)        0(0.00%)        1(0.02%)        0(0.00%)        109(2.53%)      4151(96.45%)  4304
----------------------------------------------------------------------------------------------------------------------------------------------------------------------------------------------
Nets Driven by
----------------------------------------------------------------------------------------------------------------------------------------------------------------------------------------------
Primary Input     24(96.00%)        0(0.00%)     0(0.00%)     0(0.00%)         0(0.00%)        0(0.00%)        1(4.00%)        0(0.00%)        0(0.00%)        0(0.00%)      25
Tri-State         0(0%)             0(0%)        0(0%)        0(0%)            0(0%)           0(0%)           0(0%)           0(0%)           0(0%)           0(0%)         0
Black Box         0(0%)             0(0%)        0(0%)        0(0%)            0(0%)           0(0%)           0(0%)           0(0%)           0(0%)           0(0%)         0
Sequential        1(0.08%)          0(0.00%)     0(0.00%)     0(0.00%)         0(0.00%)        0(0.00%)        0(0.00%)        0(0.00%)        0(0.00%)        1325(99.92%)  1326
Combinational     18(0.61%)         0(0.00%)     0(0.00%)     0(0.00%)         0(0.00%)        0(0.00%)        0(0.00%)        0(0.00%)        109(3.69%)      2826(95.70%)  2953
Memory            0(0%)             0(0%)        0(0%)        0(0%)            0(0%)           0(0%)           0(0%)           0(0%)           0(0%)           0(0%)         0
Clock Gate        0(0%)             0(0%)        0(0%)        0(0%)            0(0%)           0(0%)           0(0%)           0(0%)           0(0%)           0(0%)         0
----------------------------------------------------------------------------------------------------------------------------------------------------------------------------------------------
 Static Probability Overview Statistics for "SSP_UART"
----------------------------------------------------------------------------------------------------------------------------------------------------------------------------------------------
                  From Activity     From         From         From             From            From                                                            Not
Object Type       File (%)          SSA (%)      SSA Force (%) SSA Force (%)   SCA (%)         Clock (%)       Default (%)     Propagated(%)   Implied(%)      Annotated(%)  Total
                                                 Annotated    Implied                                                                                                        
----------------------------------------------------------------------------------------------------------------------------------------------------------------------------------------------
 Nets             43(1.00%)         0(0.00%)     0(0.00%)     0(0.00%)         0(0.00%)        0(0.00%)        1(0.02%)        0(0.00%)        109(2.53%)      4151(96.45%)  4304
----------------------------------------------------------------------------------------------------------------------------------------------------------------------------------------------
Nets Driven by
----------------------------------------------------------------------------------------------------------------------------------------------------------------------------------------------
Primary Input     24(96.00%)        0(0.00%)     0(0.00%)     0(0.00%)         0(0.00%)        0(0.00%)        1(4.00%)        0(0.00%)        0(0.00%)        0(0.00%)      25
Tri-State         0(0%)             0(0%)        0(0%)        0(0%)            0(0%)           0(0%)           0(0%)           0(0%)           0(0%)           0(0%)         0
Black Box         0(0%)             0(0%)        0(0%)        0(0%)            0(0%)           0(0%)           0(0%)           0(0%)           0(0%)           0(0%)         0
Sequential        1(0.08%)          0(0.00%)     0(0.00%)     0(0.00%)         0(0.00%)        0(0.00%)        0(0.00%)        0(0.00%)        0(0.00%)        1325(99.92%)  1326
Combinational     18(0.61%)         0(0.00%)     0(0.00%)     0(0.00%)         0(0.00%)        0(0.00%)        0(0.00%)        0(0.00%)        109(3.69%)      2826(95.70%)  2953
Memory            0(0%)             0(0%)        0(0%)        0(0%)            0(0%)           0(0%)           0(0%)           0(0%)           0(0%)           0(0%)         0
Clock Gate        0(0%)             0(0%)        0(0%)        0(0%)            0(0%)           0(0%)           0(0%)           0(0%)           0(0%)           0(0%)         0
----------------------------------------------------------------------------------------------------------------------------------------------------------------------------------------------
1
