****************************************
Report : Averaged Power
	-hierarchy
Design : scct
Version: V-2023.12
Date   : Mon Jun 22 17:51:18 2026
****************************************



                                      Int      Switch   Leak     Total
Hierarchy                             Power    Power    Power    Power    %
----------------------------------------------------------------------------------
scct                                  1.48e-03 1.50e-04 2.89e-04 1.92e-03 100.0
  channel0 (scct_channel_7)           7.27e-05 6.51e-06 1.45e-05 9.37e-05   4.9
  channel1 (scct_channel_6)           7.24e-05 6.63e-06 1.40e-05 9.30e-05   4.8
  channel2 (scct_channel_5)           7.21e-05 6.42e-06 1.44e-05 9.29e-05   4.8
  channel3 (scct_channel_4)           7.22e-05 6.43e-06 1.42e-05 9.28e-05   4.8
  channel4 (scct_channel_3)           7.22e-05 6.43e-06 1.42e-05 9.28e-05   4.8
  channel5 (scct_channel_2)           7.22e-05 6.43e-06 1.42e-05 9.28e-05   4.8
  channel6 (scct_channel_1)           7.22e-05 6.43e-06 1.42e-05 9.28e-05   4.8
  channel7 (scct_channel_0)           7.22e-05 6.43e-06 1.42e-05 9.28e-05   4.8
  my_counter (scct_counter)           2.40e-04 2.65e-05 3.76e-05 3.04e-04  15.8
1
