****************************************
Report : Averaged Power
	-hierarchy
Design : gng
Version: V-2023.12
Date   : Mon Jun 22 16:55:22 2026
****************************************



                                      Int      Switch   Leak     Total
Hierarchy                             Power    Power    Power    Power    %
----------------------------------------------------------------------------------
gng                                   2.65e-04 2.50e-05 3.62e-04 6.52e-04 100.0
  u_gng_ctg (gng_ctg_45d000fffff005ff_fffcbfffd8000680_ffda350000fe95ff)
                                      8.32e-05 7.87e-06 7.85e-05 1.70e-04  26.0
  u_gng_interp (gng_interp)           1.81e-04 1.72e-05 2.84e-04 4.83e-04  74.0
    u_gng_coef (gng_coef)             1.84e-05 1.69e-06 9.37e-05 1.14e-04  17.4
    u_gng_smul_16_18 (gng_smul_16_18) 2.35e-05 2.11e-06 4.81e-05 7.37e-05  11.3
    u_gng_smul_16_18_sadd_37 (gng_smul_16_18_sadd_37)
                                      4.25e-05 3.68e-06 6.57e-05 1.12e-04  17.2
    u_gng_lzd (gng_lzd)                  0.000    0.000 5.60e-06 5.60e-06   0.9
1
