****************************************
Report : Averaged Power
	-hierarchy
Design : usbf_device
Version: V-2023.12
Date   : Mon Jun 22 17:50:38 2026
****************************************



                                      Int      Switch   Leak     Total
Hierarchy                             Power    Power    Power    Power    %
----------------------------------------------------------------------------------
usbf_device                           6.80e-04 1.05e-04 1.24e-03 2.02e-03 100.0
  u_fifo_rx_ep0 (usbf_fifo_WIDTH8_DEPTH8_ADDR_W3_1)
                                      1.42e-05 2.09e-06 2.56e-05 4.20e-05   2.1
  u_fifo_rx_ep1 (usbf_fifo_WIDTH8_DEPTH64_ADDR_W6_5)
                                      9.34e-05 1.01e-05 1.76e-04 2.80e-04  13.8
  u_fifo_rx_ep2 (usbf_fifo_WIDTH8_DEPTH64_ADDR_W6_3)
                                      9.34e-05 1.02e-05 1.76e-04 2.80e-04  13.8
  u_fifo_rx_ep3 (usbf_fifo_WIDTH8_DEPTH64_ADDR_W6_1)
                                      9.34e-05 1.02e-05 1.76e-04 2.80e-04  13.8
  u_core (usbf_device_core)           4.17e-05 1.38e-05 5.64e-05 1.12e-04   5.5
    u_sie_rx (usbf_sie_rx)            2.61e-05 8.12e-06 2.91e-05 6.33e-05   3.1
      u_crc16 (usbf_crc16_0)          2.38e-08 8.10e-09 3.02e-06 3.05e-06   0.2
    u_sie_tx (usbf_sie_tx)            6.14e-06 1.95e-06 1.17e-05 1.98e-05   1.0
      u_crc16 (usbf_crc16_1)          7.39e-09 2.67e-09 3.02e-06 3.03e-06   0.1
  u_fifo_tx_ep0 (usbf_fifo_WIDTH8_DEPTH8_ADDR_W3_0)
                                      1.43e-05 2.21e-06 2.57e-05 4.21e-05   2.1
  u_fifo_tx_ep1 (usbf_fifo_WIDTH8_DEPTH64_ADDR_W6_4)
                                      9.38e-05 1.19e-05 1.76e-04 2.82e-04  13.9
  u_fifo_tx_ep2 (usbf_fifo_WIDTH8_DEPTH64_ADDR_W6_2)
                                      9.39e-05 1.20e-05 1.76e-04 2.82e-04  14.0
  u_fifo_tx_ep3 (usbf_fifo_WIDTH8_DEPTH64_ADDR_W6_0)
                                      9.38e-05 1.19e-05 1.76e-04 2.82e-04  13.9
  u_ep0 (usbf_sie_ep_3)               5.06e-06 1.70e-06 9.54e-06 1.63e-05   0.8
  u_ep1 (usbf_sie_ep_2)               5.05e-06 1.70e-06 9.54e-06 1.63e-05   0.8
  u_ep2 (usbf_sie_ep_1)               5.05e-06 1.70e-06 9.54e-06 1.63e-05   0.8
  u_ep3 (usbf_sie_ep_0)               5.05e-06 1.70e-06 9.54e-06 1.63e-05   0.8
1
