****************************************
Report : Averaged Power
	-hierarchy
Design : M3CPU8
Version: V-2023.12
Date   : Mon Jun 22 16:52:57 2026
****************************************



                                      Int      Switch   Leak     Total
Hierarchy                             Power    Power    Power    Power    %
----------------------------------------------------------------------------------
M3CPU8                                1.77e-06 1.41e-07 2.54e-05 2.73e-05 100.0
  UUT1 (PC)                           2.37e-07 2.05e-08 1.39e-06 1.65e-06   6.0
  UUT2 (MAR)                          1.32e-07 1.61e-10 1.37e-06 1.50e-06   5.5
  UUT3 (SRAM)                         7.68e-11 1.49e-10 5.70e-07 5.70e-07   2.1
  UUT4 (IR)                           2.99e-07 2.02e-10 3.08e-06 3.38e-06  12.4
  UUT5 (ADDR_ROM)                     9.09e-12 1.54e-10 1.72e-07 1.73e-07   0.6
  UUT6 (MICRO_PROG_COUNTER)           1.75e-07 1.10e-09 1.87e-06 2.05e-06   7.5
  UUT7 (MICROCODE_ROM)                1.16e-09 8.54e-10 4.82e-07 4.84e-07   1.8
  UUT8 (NANO_PROG_COUNTER)               0.000    0.000 2.05e-07 2.05e-07   0.8
  UUT9 (NANOCODE_ROM)                 1.38e-11 1.64e-10 6.39e-07 6.39e-07   2.3
  UUT10 (NANOCODE_DECODER)               0.000    0.000 8.73e-07 8.73e-07   3.2
  UUT11 (ACC)                         2.98e-07 6.96e-10 3.43e-06 3.73e-06  13.6
  UUT12 (BREG)                        2.96e-07 3.63e-10 3.11e-06 3.41e-06  12.5
  UUT13 (ALU)                         2.68e-09 1.40e-09 4.39e-06 4.40e-06  16.1
  UUT14 (OREG)                        2.97e-07 3.63e-10 2.99e-06 3.29e-06  12.0
1
