****************************************
Report : Averaged Power
	-hierarchy
Design : M3CPU8
Version: V-2023.12
Date   : Mon Jun 22 17:17:56 2026
****************************************



                                      Int      Switch   Leak     Total
Hierarchy                             Power    Power    Power    Power    %
----------------------------------------------------------------------------------
M3CPU8                                1.77e-06 1.41e-07 2.44e-05 2.63e-05 100.0
  UUT1 (PC)                           2.37e-07 2.06e-08 1.39e-06 1.65e-06   6.3
  UUT2 (MAR)                          1.32e-07 1.61e-10 1.37e-06 1.50e-06   5.7
  UUT3 (SRAM)                         7.68e-11 1.49e-10 5.70e-07 5.70e-07   2.2
  UUT4 (IR)                           2.99e-07 2.02e-10 3.08e-06 3.38e-06  12.8
  UUT5 (ADDR_ROM)                     9.09e-12 1.54e-10 1.72e-07 1.73e-07   0.7
  UUT6 (MICRO_PROG_COUNTER)           1.75e-07 1.10e-09 1.87e-06 2.05e-06   7.8
  UUT7 (MICROCODE_ROM)                1.16e-09 8.54e-10 4.82e-07 4.84e-07   1.8
  UUT8 (NANO_PROG_COUNTER)               0.000    0.000 2.05e-07 2.05e-07   0.8
  UUT9 (NANOCODE_ROM)                 1.38e-11 1.64e-10 6.39e-07 6.39e-07   2.4
  UUT10 (NANOCODE_DECODER)               0.000    0.000 8.73e-07 8.73e-07   3.3
  UUT11 (ACC)                         2.98e-07 6.96e-10 3.43e-06 3.73e-06  14.2
  UUT12 (BREG)                        2.96e-07 3.63e-10 3.11e-06 3.41e-06  12.9
  UUT13 (ALU)                         1.55e-09 1.19e-09 3.37e-06 3.37e-06  12.8
  UUT14 (OREG)                        2.97e-07 3.63e-10 2.99e-06 3.29e-06  12.5
1
