****************************************
Report : Averaged Power
	-hierarchy
Design : demo_top
Version: V-2023.12
Date   : Mon Jun 22 17:50:06 2026
****************************************



                                      Int      Switch   Leak     Total
Hierarchy                             Power    Power    Power    Power    %
----------------------------------------------------------------------------------
demo_top                              2.40e-05 4.67e-06 3.41e-05 6.28e-05 100.0
  next_test_debouncer (debouncer_low_count250_1)
                                      3.37e-06 2.98e-07 4.54e-06 8.20e-06  13.1
  valid_stretcher (stretcher_count250)
                                      1.84e-06    0.000 3.25e-06 5.08e-06   8.1
  usec_pulser (pulser_count99)        2.03e-06 9.67e-08 2.82e-06 4.94e-06   7.9
  next_step_debouncer (debouncer_low_count250_0)
                                      3.38e-06 3.04e-07 4.49e-06 8.17e-06  13.0
  select_stretcher (stretcher_count250_width3)
                                      2.18e-06    0.000 4.04e-06 6.22e-06   9.9
  demo (demo_width8_select_width3)    8.33e-06 2.08e-06 1.06e-05 2.10e-05  33.5
    arbiter (arbiter_width8_select_width3)
                                      4.78e-06 1.57e-06 5.99e-06 1.23e-05  19.7
      gen_arb_4__nodes_0_ (arbiter_node_1)
                                      3.63e-07 8.92e-08 5.11e-07 9.63e-07   1.5
      gen_arb_8__nodes_0_ (arbiter_node_3)
                                      3.64e-07 8.92e-08 5.11e-07 9.64e-07   1.5
      gen_arb_8__nodes_3_ (arbiter_node_6)
                                      3.64e-07 8.92e-08 5.11e-07 9.64e-07   1.5
      gen_arb_4__nodes_1_ (arbiter_node_2)
                                      3.64e-07 8.92e-08 5.11e-07 9.64e-07   1.5
      gen_arb_2__nodes_0_ (arbiter_node_0)
                                      3.63e-07 8.92e-08 5.42e-07 9.94e-07   1.6
      gen_arb_8__nodes_1_ (arbiter_node_4)
                                      3.64e-07 8.92e-08 5.11e-07 9.64e-07   1.5
      gen_mux_2__mux_array_0_ (mux_array_width1_0)
                                         0.000    0.000 9.81e-08 9.81e-08   0.2
        nodes_0_ (mux_node_3)            0.000    0.000 9.81e-08 9.81e-08   0.2
      gen_mux_4__mux_array_0_ (mux_array_width2)
                                         0.000    0.000 1.96e-07 1.96e-07   0.3
        nodes_1_ (mux_node_2)            0.000    0.000 9.81e-08 9.81e-08   0.2
        nodes_0_ (mux_node_1)            0.000    0.000 9.81e-08 9.81e-08   0.2
      gen_arb_8__nodes_2_ (arbiter_node_5)
                                      3.63e-07 8.92e-08 5.11e-07 9.63e-07   1.5
      gen_mux_2__mux_array_1_ (mux_array_width1_1)
                                         0.000    0.000 9.81e-08 9.81e-08   0.2
        nodes_0_ (mux_node_0)            0.000    0.000 9.81e-08 9.81e-08   0.2
    lfsr (lfsr_width8)                1.74e-06 2.46e-07 1.95e-06 3.94e-06   6.3
  msec_pulser (pulser_count1000)      2.01e-06    0.000 3.69e-06 5.70e-06   9.1
1
