****************************************
Report : Averaged Power
	-hierarchy
Design : scct
Version: V-2023.12
Date   : Mon Jun 22 16:52:56 2026
****************************************



                                      Int      Switch   Leak     Total
Hierarchy                             Power    Power    Power    Power    %
----------------------------------------------------------------------------------
scct                                  1.49e-03 1.59e-04 2.88e-04 1.94e-03 100.0
  channel0 (scct_channel_7)           7.29e-05 6.61e-06 1.44e-05 9.39e-05   4.8
  channel1 (scct_channel_6)           7.33e-05 6.87e-06 1.43e-05 9.45e-05   4.9
  channel2 (scct_channel_5)           7.24e-05 6.54e-06 1.42e-05 9.31e-05   4.8
  channel3 (scct_channel_4)           7.24e-05 6.53e-06 1.41e-05 9.31e-05   4.8
  channel4 (scct_channel_3)           7.24e-05 6.53e-06 1.41e-05 9.31e-05   4.8
  channel5 (scct_channel_2)           7.24e-05 6.53e-06 1.41e-05 9.31e-05   4.8
  channel6 (scct_channel_1)           7.24e-05 6.53e-06 1.41e-05 9.31e-05   4.8
  channel7 (scct_channel_0)           7.24e-05 6.53e-06 1.41e-05 9.31e-05   4.8
  my_counter (scct_counter)           2.43e-04 3.31e-05 3.74e-05 3.13e-04  16.2
1
