****************************************
Report : Averaged Power
	-hierarchy
Design : scct
Version: V-2023.12
Date   : Mon Jun 22 17:50:07 2026
****************************************



                                      Int      Switch   Leak     Total
Hierarchy                             Power    Power    Power    Power    %
----------------------------------------------------------------------------------
scct                                  1.48e-03 1.51e-04 2.88e-04 1.92e-03 100.0
  channel0 (scct_channel_7)           7.33e-05 7.24e-06 1.46e-05 9.52e-05   5.0
  channel1 (scct_channel_6)           7.23e-05 6.81e-06 1.37e-05 9.29e-05   4.8
  channel2 (scct_channel_5)           7.21e-05 6.52e-06 1.42e-05 9.28e-05   4.8
  channel3 (scct_channel_4)           7.21e-05 6.51e-06 1.42e-05 9.28e-05   4.8
  channel4 (scct_channel_3)           7.21e-05 6.51e-06 1.42e-05 9.28e-05   4.8
  channel5 (scct_channel_2)           7.21e-05 6.51e-06 1.42e-05 9.28e-05   4.8
  channel6 (scct_channel_1)           7.21e-05 6.51e-06 1.42e-05 9.28e-05   4.8
  channel7 (scct_channel_0)           7.21e-05 6.51e-06 1.42e-05 9.28e-05   4.8
  my_counter (scct_counter)           2.39e-04 2.49e-05 3.78e-05 3.02e-04  15.7
1
