****************************************
Report : Averaged Power
	-verbose
Design : PID
Version: V-2023.12
Date   : Mon Jun 22 17:15:57 2026
****************************************

Library(s) Used:

    tcbn28hpcplusbwp12t30p140ssg0p81v125c (File: /process/course_lib/t28hpc+/tcbn28hpcplusbwp12t30p140ssg0p81v125c.db)


Operating Conditions: ssg0p81v125c   Library: tcbn28hpcplusbwp12t30p140ssg0p81v125c
Wire Load Model Mode: segmented

Cell               Design       Wire_model  Library       Selection_type
--------------------------------------------------------------------------------
                   PID          ZeroWireload
                                            tcbn28hpcplusbwp12t30p140ssg0p81v125c
                                                          automatic-by-area
adder_32bit_0      adder_32bit_1
                                ZeroWireload
                                            tcbn28hpcplusbwp12t30p140ssg0p81v125c
                                                          automatic-by-area
adder_32bit_0/operator_B_stage_1_13
                   operator_B_85
                                ZeroWireload
                                            tcbn28hpcplusbwp12t30p140ssg0p81v125c
                                                          automatic-by-area
adder_32bit_0/operator_B_stage_1_14
                   operator_B_84
                                ZeroWireload
                                            tcbn28hpcplusbwp12t30p140ssg0p81v125c
                                                          automatic-by-area
adder_32bit_0/operator_B_stage_1_15
                   operator_B_83
                                ZeroWireload
                                            tcbn28hpcplusbwp12t30p140ssg0p81v125c
                                                          automatic-by-area
adder_32bit_0/operator_A_10
                   operator_A_53
                                ZeroWireload
                                            tcbn28hpcplusbwp12t30p140ssg0p81v125c
                                                          automatic-by-area
adder_32bit_0/operator_A_11
                   operator_A_52
                                ZeroWireload
                                            tcbn28hpcplusbwp12t30p140ssg0p81v125c
                                                          automatic-by-area
adder_32bit_0/operator_A_12
                   operator_A_51
                                ZeroWireload
                                            tcbn28hpcplusbwp12t30p140ssg0p81v125c
                                                          automatic-by-area
adder_32bit_0/operator_A_13
                   operator_A_50
                                ZeroWireload
                                            tcbn28hpcplusbwp12t30p140ssg0p81v125c
                                                          automatic-by-area
adder_32bit_0/operator_A_14
                   operator_A_49
                                ZeroWireload
                                            tcbn28hpcplusbwp12t30p140ssg0p81v125c
                                                          automatic-by-area
adder_32bit_0/operator_A_15
                   operator_A_48
                                ZeroWireload
                                            tcbn28hpcplusbwp12t30p140ssg0p81v125c
                                                          automatic-by-area
adder_32bit_0/operator_A_16
                   operator_A_47
                                ZeroWireload
                                            tcbn28hpcplusbwp12t30p140ssg0p81v125c
                                                          automatic-by-area
adder_32bit_0/operator_A_17
                   operator_A_46
                                ZeroWireload
                                            tcbn28hpcplusbwp12t30p140ssg0p81v125c
                                                          automatic-by-area
adder_32bit_0/operator_A_18
                   operator_A_45
                                ZeroWireload
                                            tcbn28hpcplusbwp12t30p140ssg0p81v125c
                                                          automatic-by-area
adder_32bit_0/operator_A_19
                   operator_A_44
                                ZeroWireload
                                            tcbn28hpcplusbwp12t30p140ssg0p81v125c
                                                          automatic-by-area
adder_32bit_0/operator_B_stage_4_8
                   operator_B_56
                                ZeroWireload
                                            tcbn28hpcplusbwp12t30p140ssg0p81v125c
                                                          automatic-by-area
adder_32bit_0/operator_B_stage_4_9
                   operator_B_55
                                ZeroWireload
                                            tcbn28hpcplusbwp12t30p140ssg0p81v125c
                                                          automatic-by-area
adder_32bit_0/operator_B_stage_3_4
                   operator_B_68
                                ZeroWireload
                                            tcbn28hpcplusbwp12t30p140ssg0p81v125c
                                                          automatic-by-area
adder_32bit_0/operator_B_stage_3_5
                   operator_B_67
                                ZeroWireload
                                            tcbn28hpcplusbwp12t30p140ssg0p81v125c
                                                          automatic-by-area
adder_32bit_0/operator_B_stage_3_6
                   operator_B_66
                                ZeroWireload
                                            tcbn28hpcplusbwp12t30p140ssg0p81v125c
                                                          automatic-by-area
adder_32bit_0/operator_B_stage_3_7
                   operator_B_65
                                ZeroWireload
                                            tcbn28hpcplusbwp12t30p140ssg0p81v125c
                                                          automatic-by-area
adder_32bit_0/operator_B_stage_3_8
                   operator_B_64
                                ZeroWireload
                                            tcbn28hpcplusbwp12t30p140ssg0p81v125c
                                                          automatic-by-area
adder_32bit_0/operator_B_stage_3_9
                   operator_B_63
                                ZeroWireload
                                            tcbn28hpcplusbwp12t30p140ssg0p81v125c
                                                          automatic-by-area
adder_32bit_0/operator_B_stage_4_10
                   operator_B_54
                                ZeroWireload
                                            tcbn28hpcplusbwp12t30p140ssg0p81v125c
                                                          automatic-by-area
adder_32bit_0/operator_B_stage_4_11
                   operator_B_53
                                ZeroWireload
                                            tcbn28hpcplusbwp12t30p140ssg0p81v125c
                                                          automatic-by-area
adder_32bit_0/operator_B_stage_4_12
                   operator_B_52
                                ZeroWireload
                                            tcbn28hpcplusbwp12t30p140ssg0p81v125c
                                                          automatic-by-area
adder_32bit_0/operator_A_20
                   operator_A_43
                                ZeroWireload
                                            tcbn28hpcplusbwp12t30p140ssg0p81v125c
                                                          automatic-by-area
adder_32bit_0/operator_B_stage_4_13
                   operator_B_51
                                ZeroWireload
                                            tcbn28hpcplusbwp12t30p140ssg0p81v125c
                                                          automatic-by-area
adder_32bit_0/operator_A_21
                   operator_A_42
                                ZeroWireload
                                            tcbn28hpcplusbwp12t30p140ssg0p81v125c
                                                          automatic-by-area
adder_32bit_0/operator_B_stage_4_14
                   operator_B_50
                                ZeroWireload
                                            tcbn28hpcplusbwp12t30p140ssg0p81v125c
                                                          automatic-by-area
adder_32bit_0/operator_A_22
                   operator_A_41
                                ZeroWireload
                                            tcbn28hpcplusbwp12t30p140ssg0p81v125c
                                                          automatic-by-area
adder_32bit_0/operator_B_stage_4_15
                   operator_B_49
                                ZeroWireload
                                            tcbn28hpcplusbwp12t30p140ssg0p81v125c
                                                          automatic-by-area
adder_32bit_0/operator_A_23
                   operator_A_40
                                ZeroWireload
                                            tcbn28hpcplusbwp12t30p140ssg0p81v125c
                                                          automatic-by-area
adder_32bit_0/operator_A_24
                   operator_A_39
                                ZeroWireload
                                            tcbn28hpcplusbwp12t30p140ssg0p81v125c
                                                          automatic-by-area
adder_32bit_0/operator_A_25
                   operator_A_38
                                ZeroWireload
                                            tcbn28hpcplusbwp12t30p140ssg0p81v125c
                                                          automatic-by-area
adder_32bit_0/operator_A_26
                   operator_A_37
                                ZeroWireload
                                            tcbn28hpcplusbwp12t30p140ssg0p81v125c
                                                          automatic-by-area
adder_32bit_0/operator_B_stage_2_2
                   operator_B_82
                                ZeroWireload
                                            tcbn28hpcplusbwp12t30p140ssg0p81v125c
                                                          automatic-by-area
adder_32bit_0/operator_A_27
                   operator_A_36
                                ZeroWireload
                                            tcbn28hpcplusbwp12t30p140ssg0p81v125c
                                                          automatic-by-area
adder_32bit_0/operator_C_stage_6_10
                   operator_C_37
                                ZeroWireload
                                            tcbn28hpcplusbwp12t30p140ssg0p81v125c
                                                          automatic-by-area
adder_32bit_0/operator_B_stage_2_3
                   operator_B_81
                                ZeroWireload
                                            tcbn28hpcplusbwp12t30p140ssg0p81v125c
                                                          automatic-by-area
adder_32bit_0/operator_A_28
                   operator_A_35
                                ZeroWireload
                                            tcbn28hpcplusbwp12t30p140ssg0p81v125c
                                                          automatic-by-area
adder_32bit_0/operator_C_stage_6_11
                   operator_C_36
                                ZeroWireload
                                            tcbn28hpcplusbwp12t30p140ssg0p81v125c
                                                          automatic-by-area
adder_32bit_0/operator_B_stage_2_4
                   operator_B_80
                                ZeroWireload
                                            tcbn28hpcplusbwp12t30p140ssg0p81v125c
                                                          automatic-by-area
adder_32bit_0/operator_A_29
                   operator_A_34
                                ZeroWireload
                                            tcbn28hpcplusbwp12t30p140ssg0p81v125c
                                                          automatic-by-area
adder_32bit_0/operator_C_stage_6_12
                   operator_C_35
                                ZeroWireload
                                            tcbn28hpcplusbwp12t30p140ssg0p81v125c
                                                          automatic-by-area
adder_32bit_0/operator_B_stage_2_5
                   operator_B_79
                                ZeroWireload
                                            tcbn28hpcplusbwp12t30p140ssg0p81v125c
                                                          automatic-by-area
adder_32bit_0/operator_C_stage_6_13
                   operator_C_34
                                ZeroWireload
                                            tcbn28hpcplusbwp12t30p140ssg0p81v125c
                                                          automatic-by-area
adder_32bit_0/operator_B_stage_2_6
                   operator_B_78
                                ZeroWireload
                                            tcbn28hpcplusbwp12t30p140ssg0p81v125c
                                                          automatic-by-area
adder_32bit_0/operator_C_stage_6_14
                   operator_C_33
                                ZeroWireload
                                            tcbn28hpcplusbwp12t30p140ssg0p81v125c
                                                          automatic-by-area
adder_32bit_0/operator_B_stage_2_7
                   operator_B_77
                                ZeroWireload
                                            tcbn28hpcplusbwp12t30p140ssg0p81v125c
                                                          automatic-by-area
adder_32bit_0/operator_C_stage_6_15
                   operator_C_32
                                ZeroWireload
                                            tcbn28hpcplusbwp12t30p140ssg0p81v125c
                                                          automatic-by-area
adder_32bit_0/operator_B_stage_2_8
                   operator_B_76
                                ZeroWireload
                                            tcbn28hpcplusbwp12t30p140ssg0p81v125c
                                                          automatic-by-area
adder_32bit_0/operator_B_stage_2_9
                   operator_B_75
                                ZeroWireload
                                            tcbn28hpcplusbwp12t30p140ssg0p81v125c
                                                          automatic-by-area
adder_32bit_0/operator_B_stage_1_1
                   operator_B_97
                                ZeroWireload
                                            tcbn28hpcplusbwp12t30p140ssg0p81v125c
                                                          automatic-by-area
adder_32bit_0/operator_C_stage_6_0
                   operator_C_47
                                ZeroWireload
                                            tcbn28hpcplusbwp12t30p140ssg0p81v125c
                                                          automatic-by-area
adder_32bit_0/operator_B_stage_1_2
                   operator_B_96
                                ZeroWireload
                                            tcbn28hpcplusbwp12t30p140ssg0p81v125c
                                                          automatic-by-area
adder_32bit_0/operator_C_stage_6_1
                   operator_C_46
                                ZeroWireload
                                            tcbn28hpcplusbwp12t30p140ssg0p81v125c
                                                          automatic-by-area
adder_32bit_0/operator_B_stage_1_3
                   operator_B_95
                                ZeroWireload
                                            tcbn28hpcplusbwp12t30p140ssg0p81v125c
                                                          automatic-by-area
adder_32bit_0/operator_C_stage_6_2
                   operator_C_45
                                ZeroWireload
                                            tcbn28hpcplusbwp12t30p140ssg0p81v125c
                                                          automatic-by-area
adder_32bit_0/operator_B_stage_1_4
                   operator_B_94
                                ZeroWireload
                                            tcbn28hpcplusbwp12t30p140ssg0p81v125c
                                                          automatic-by-area
adder_32bit_0/operator_C_stage_6_3
                   operator_C_44
                                ZeroWireload
                                            tcbn28hpcplusbwp12t30p140ssg0p81v125c
                                                          automatic-by-area
adder_32bit_0/operator_B_stage_1_5
                   operator_B_93
                                ZeroWireload
                                            tcbn28hpcplusbwp12t30p140ssg0p81v125c
                                                          automatic-by-area
adder_32bit_0/operator_C_stage_6_4
                   operator_C_43
                                ZeroWireload
                                            tcbn28hpcplusbwp12t30p140ssg0p81v125c
                                                          automatic-by-area
adder_32bit_0/operator_B_stage_1_6
                   operator_B_92
                                ZeroWireload
                                            tcbn28hpcplusbwp12t30p140ssg0p81v125c
                                                          automatic-by-area
adder_32bit_0/operator_C_stage_6_5
                   operator_C_42
                                ZeroWireload
                                            tcbn28hpcplusbwp12t30p140ssg0p81v125c
                                                          automatic-by-area
adder_32bit_0/operator_B_stage_1_7
                   operator_B_91
                                ZeroWireload
                                            tcbn28hpcplusbwp12t30p140ssg0p81v125c
                                                          automatic-by-area
adder_32bit_0/operator_C_stage_6_6
                   operator_C_41
                                ZeroWireload
                                            tcbn28hpcplusbwp12t30p140ssg0p81v125c
                                                          automatic-by-area
adder_32bit_0/operator_B_stage_1_8
                   operator_B_90
                                ZeroWireload
                                            tcbn28hpcplusbwp12t30p140ssg0p81v125c
                                                          automatic-by-area
adder_32bit_0/operator_A_30
                   operator_A_33
                                ZeroWireload
                                            tcbn28hpcplusbwp12t30p140ssg0p81v125c
                                                          automatic-by-area
adder_32bit_0/operator_C_stage_6_7
                   operator_C_40
                                ZeroWireload
                                            tcbn28hpcplusbwp12t30p140ssg0p81v125c
                                                          automatic-by-area
adder_32bit_0/operator_B_stage_1_9
                   operator_B_89
                                ZeroWireload
                                            tcbn28hpcplusbwp12t30p140ssg0p81v125c
                                                          automatic-by-area
adder_32bit_0/operator_A_0
                   operator_A_63
                                ZeroWireload
                                            tcbn28hpcplusbwp12t30p140ssg0p81v125c
                                                          automatic-by-area
adder_32bit_0/operator_A_31
                   operator_A_32
                                ZeroWireload
                                            tcbn28hpcplusbwp12t30p140ssg0p81v125c
                                                          automatic-by-area
adder_32bit_0/operator_C_stage_6_8
                   operator_C_39
                                ZeroWireload
                                            tcbn28hpcplusbwp12t30p140ssg0p81v125c
                                                          automatic-by-area
adder_32bit_0/operator_A_1
                   operator_A_62
                                ZeroWireload
                                            tcbn28hpcplusbwp12t30p140ssg0p81v125c
                                                          automatic-by-area
adder_32bit_0/operator_C_stage_6_9
                   operator_C_38
                                ZeroWireload
                                            tcbn28hpcplusbwp12t30p140ssg0p81v125c
                                                          automatic-by-area
adder_32bit_0/operator_A_2
                   operator_A_61
                                ZeroWireload
                                            tcbn28hpcplusbwp12t30p140ssg0p81v125c
                                                          automatic-by-area
adder_32bit_0/operator_A_3
                   operator_A_60
                                ZeroWireload
                                            tcbn28hpcplusbwp12t30p140ssg0p81v125c
                                                          automatic-by-area
adder_32bit_0/operator_A_4
                   operator_A_59
                                ZeroWireload
                                            tcbn28hpcplusbwp12t30p140ssg0p81v125c
                                                          automatic-by-area
adder_32bit_0/operator_B_stage_3_10
                   operator_B_62
                                ZeroWireload
                                            tcbn28hpcplusbwp12t30p140ssg0p81v125c
                                                          automatic-by-area
adder_32bit_0/operator_A_5
                   operator_A_58
                                ZeroWireload
                                            tcbn28hpcplusbwp12t30p140ssg0p81v125c
                                                          automatic-by-area
adder_32bit_0/operator_B_stage_3_11
                   operator_B_61
                                ZeroWireload
                                            tcbn28hpcplusbwp12t30p140ssg0p81v125c
                                                          automatic-by-area
adder_32bit_0/operator_A_6
                   operator_A_57
                                ZeroWireload
                                            tcbn28hpcplusbwp12t30p140ssg0p81v125c
                                                          automatic-by-area
adder_32bit_0/operator_B_stage_3_12
                   operator_B_60
                                ZeroWireload
                                            tcbn28hpcplusbwp12t30p140ssg0p81v125c
                                                          automatic-by-area
adder_32bit_0/operator_A_7
                   operator_A_56
                                ZeroWireload
                                            tcbn28hpcplusbwp12t30p140ssg0p81v125c
                                                          automatic-by-area
adder_32bit_0/operator_B_stage_3_13
                   operator_B_59
                                ZeroWireload
                                            tcbn28hpcplusbwp12t30p140ssg0p81v125c
                                                          automatic-by-area
adder_32bit_0/operator_A_8
                   operator_A_55
                                ZeroWireload
                                            tcbn28hpcplusbwp12t30p140ssg0p81v125c
                                                          automatic-by-area
adder_32bit_0/operator_B_stage_3_14
                   operator_B_58
                                ZeroWireload
                                            tcbn28hpcplusbwp12t30p140ssg0p81v125c
                                                          automatic-by-area
adder_32bit_0/operator_A_9
                   operator_A_54
                                ZeroWireload
                                            tcbn28hpcplusbwp12t30p140ssg0p81v125c
                                                          automatic-by-area
adder_32bit_0/operator_B_stage_3_15
                   operator_B_57
                                ZeroWireload
                                            tcbn28hpcplusbwp12t30p140ssg0p81v125c
                                                          automatic-by-area
adder_32bit_0/operator_C_stage_5_10
                   operator_C_53
                                ZeroWireload
                                            tcbn28hpcplusbwp12t30p140ssg0p81v125c
                                                          automatic-by-area
adder_32bit_0/operator_C_stage_5_11
                   operator_C_52
                                ZeroWireload
                                            tcbn28hpcplusbwp12t30p140ssg0p81v125c
                                                          automatic-by-area
adder_32bit_0/operator_C_stage_5_12
                   operator_C_51
                                ZeroWireload
                                            tcbn28hpcplusbwp12t30p140ssg0p81v125c
                                                          automatic-by-area
adder_32bit_0/operator_C_stage_5_13
                   operator_C_50
                                ZeroWireload
                                            tcbn28hpcplusbwp12t30p140ssg0p81v125c
                                                          automatic-by-area
adder_32bit_0/operator_C_stage_5_8
                   operator_C_55
                                ZeroWireload
                                            tcbn28hpcplusbwp12t30p140ssg0p81v125c
                                                          automatic-by-area
adder_32bit_0/operator_C_stage_5_14
                   operator_C_49
                                ZeroWireload
                                            tcbn28hpcplusbwp12t30p140ssg0p81v125c
                                                          automatic-by-area
adder_32bit_0/operator_C_stage_5_9
                   operator_C_54
                                ZeroWireload
                                            tcbn28hpcplusbwp12t30p140ssg0p81v125c
                                                          automatic-by-area
adder_32bit_0/operator_C_stage_5_15
                   operator_C_48
                                ZeroWireload
                                            tcbn28hpcplusbwp12t30p140ssg0p81v125c
                                                          automatic-by-area
adder_32bit_0/operator_C_stage_4_4
                   operator_C_59
                                ZeroWireload
                                            tcbn28hpcplusbwp12t30p140ssg0p81v125c
                                                          automatic-by-area
adder_32bit_0/operator_C_stage_4_5
                   operator_C_58
                                ZeroWireload
                                            tcbn28hpcplusbwp12t30p140ssg0p81v125c
                                                          automatic-by-area
adder_32bit_0/operator_C_stage_4_6
                   operator_C_57
                                ZeroWireload
                                            tcbn28hpcplusbwp12t30p140ssg0p81v125c
                                                          automatic-by-area
adder_32bit_0/operator_C_stage_4_7
                   operator_C_56
                                ZeroWireload
                                            tcbn28hpcplusbwp12t30p140ssg0p81v125c
                                                          automatic-by-area
adder_32bit_0/operator_B_stage_2_10
                   operator_B_74
                                ZeroWireload
                                            tcbn28hpcplusbwp12t30p140ssg0p81v125c
                                                          automatic-by-area
adder_32bit_0/operator_B_stage_2_11
                   operator_B_73
                                ZeroWireload
                                            tcbn28hpcplusbwp12t30p140ssg0p81v125c
                                                          automatic-by-area
adder_32bit_0/operator_B_stage_2_12
                   operator_B_72
                                ZeroWireload
                                            tcbn28hpcplusbwp12t30p140ssg0p81v125c
                                                          automatic-by-area
adder_32bit_0/operator_C_stage_3_2
                   operator_C_61
                                ZeroWireload
                                            tcbn28hpcplusbwp12t30p140ssg0p81v125c
                                                          automatic-by-area
adder_32bit_0/operator_B_stage_2_13
                   operator_B_71
                                ZeroWireload
                                            tcbn28hpcplusbwp12t30p140ssg0p81v125c
                                                          automatic-by-area
adder_32bit_0/operator_C_stage_3_3
                   operator_C_60
                                ZeroWireload
                                            tcbn28hpcplusbwp12t30p140ssg0p81v125c
                                                          automatic-by-area
adder_32bit_0/operator_B_stage_2_14
                   operator_B_70
                                ZeroWireload
                                            tcbn28hpcplusbwp12t30p140ssg0p81v125c
                                                          automatic-by-area
adder_32bit_0/operator_B_stage_2_15
                   operator_B_69
                                ZeroWireload
                                            tcbn28hpcplusbwp12t30p140ssg0p81v125c
                                                          automatic-by-area
adder_32bit_0/operator_C_stage_2_1
                   operator_C_62
                                ZeroWireload
                                            tcbn28hpcplusbwp12t30p140ssg0p81v125c
                                                          automatic-by-area
adder_32bit_0/operator_C_stage_1_0
                   operator_C_63
                                ZeroWireload
                                            tcbn28hpcplusbwp12t30p140ssg0p81v125c
                                                          automatic-by-area
adder_32bit_0/operator_B_stage_1_10
                   operator_B_88
                                ZeroWireload
                                            tcbn28hpcplusbwp12t30p140ssg0p81v125c
                                                          automatic-by-area
adder_32bit_0/operator_B_stage_1_11
                   operator_B_87
                                ZeroWireload
                                            tcbn28hpcplusbwp12t30p140ssg0p81v125c
                                                          automatic-by-area
adder_32bit_0/operator_B_stage_1_12
                   operator_B_86
                                ZeroWireload
                                            tcbn28hpcplusbwp12t30p140ssg0p81v125c
                                                          automatic-by-area
multiplier_16x16bit_pipelined
                   multiplier_16x16bit_pipelined
                                ZeroWireload
                                            tcbn28hpcplusbwp12t30p140ssg0p81v125c
                                                          automatic-by-area
multiplier_16x16bit_pipelined/partial_product_gen_0
                   partial_product_gen_7
                                ZeroWireload
                                            tcbn28hpcplusbwp12t30p140ssg0p81v125c
                                                          automatic-by-area
multiplier_16x16bit_pipelined/partial_product_gen_1
                   partial_product_gen_6
                                ZeroWireload
                                            tcbn28hpcplusbwp12t30p140ssg0p81v125c
                                                          automatic-by-area
multiplier_16x16bit_pipelined/partial_product_gen_2
                   partial_product_gen_5
                                ZeroWireload
                                            tcbn28hpcplusbwp12t30p140ssg0p81v125c
                                                          automatic-by-area
multiplier_16x16bit_pipelined/partial_product_gen_3
                   partial_product_gen_4
                                ZeroWireload
                                            tcbn28hpcplusbwp12t30p140ssg0p81v125c
                                                          automatic-by-area
multiplier_16x16bit_pipelined/partial_product_gen_4
                   partial_product_gen_3
                                ZeroWireload
                                            tcbn28hpcplusbwp12t30p140ssg0p81v125c
                                                          automatic-by-area
multiplier_16x16bit_pipelined/partial_product_gen_5
                   partial_product_gen_2
                                ZeroWireload
                                            tcbn28hpcplusbwp12t30p140ssg0p81v125c
                                                          automatic-by-area
multiplier_16x16bit_pipelined/partial_product_gen_6
                   partial_product_gen_1
                                ZeroWireload
                                            tcbn28hpcplusbwp12t30p140ssg0p81v125c
                                                          automatic-by-area
multiplier_16x16bit_pipelined/partial_product_gen_7
                   partial_product_gen_0
                                ZeroWireload
                                            tcbn28hpcplusbwp12t30p140ssg0p81v125c
                                                          automatic-by-area
multiplier_16x16bit_pipelined/layer_3_full_adder_10
                   full_adder_10
                                ZeroWireload
                                            tcbn28hpcplusbwp12t30p140ssg0p81v125c
                                                          automatic-by-area
multiplier_16x16bit_pipelined/layer_3_full_adder_11
                   full_adder_9 ZeroWireload
                                            tcbn28hpcplusbwp12t30p140ssg0p81v125c
                                                          automatic-by-area
multiplier_16x16bit_pipelined/layer_3_full_adder_12
                   full_adder_8 ZeroWireload
                                            tcbn28hpcplusbwp12t30p140ssg0p81v125c
                                                          automatic-by-area
multiplier_16x16bit_pipelined/layer_4_full_adder_0
                   full_adder_6 ZeroWireload
                                            tcbn28hpcplusbwp12t30p140ssg0p81v125c
                                                          automatic-by-area
multiplier_16x16bit_pipelined/layer_3_full_adder_13
                   full_adder_7 ZeroWireload
                                            tcbn28hpcplusbwp12t30p140ssg0p81v125c
                                                          automatic-by-area
multiplier_16x16bit_pipelined/layer_4_full_adder_1
                   full_adder_5 ZeroWireload
                                            tcbn28hpcplusbwp12t30p140ssg0p81v125c
                                                          automatic-by-area
multiplier_16x16bit_pipelined/layer_4_full_adder_2
                   full_adder_4 ZeroWireload
                                            tcbn28hpcplusbwp12t30p140ssg0p81v125c
                                                          automatic-by-area
multiplier_16x16bit_pipelined/layer_4_full_adder_3
                   full_adder_3 ZeroWireload
                                            tcbn28hpcplusbwp12t30p140ssg0p81v125c
                                                          automatic-by-area
multiplier_16x16bit_pipelined/layer_4_full_adder_4
                   full_adder_2 ZeroWireload
                                            tcbn28hpcplusbwp12t30p140ssg0p81v125c
                                                          automatic-by-area
multiplier_16x16bit_pipelined/layer_4_full_adder_5
                   full_adder_1 ZeroWireload
                                            tcbn28hpcplusbwp12t30p140ssg0p81v125c
                                                          automatic-by-area
multiplier_16x16bit_pipelined/layer_4_full_adder_6
                   full_adder_0 ZeroWireload
                                            tcbn28hpcplusbwp12t30p140ssg0p81v125c
                                                          automatic-by-area
multiplier_16x16bit_pipelined/layer_4_half_adder_0
                   half_adder_16
                                ZeroWireload
                                            tcbn28hpcplusbwp12t30p140ssg0p81v125c
                                                          automatic-by-area
multiplier_16x16bit_pipelined/layer_4_half_adder_1
                   half_adder_15
                                ZeroWireload
                                            tcbn28hpcplusbwp12t30p140ssg0p81v125c
                                                          automatic-by-area
multiplier_16x16bit_pipelined/layer_4_half_adder_2
                   half_adder_14
                                ZeroWireload
                                            tcbn28hpcplusbwp12t30p140ssg0p81v125c
                                                          automatic-by-area
multiplier_16x16bit_pipelined/layer_4_half_adder_3
                   half_adder_13
                                ZeroWireload
                                            tcbn28hpcplusbwp12t30p140ssg0p81v125c
                                                          automatic-by-area
multiplier_16x16bit_pipelined/layer_4_half_adder_4
                   half_adder_12
                                ZeroWireload
                                            tcbn28hpcplusbwp12t30p140ssg0p81v125c
                                                          automatic-by-area
multiplier_16x16bit_pipelined/layer_4_half_adder_5
                   half_adder_11
                                ZeroWireload
                                            tcbn28hpcplusbwp12t30p140ssg0p81v125c
                                                          automatic-by-area
multiplier_16x16bit_pipelined/layer_4_half_adder_6
                   half_adder_10
                                ZeroWireload
                                            tcbn28hpcplusbwp12t30p140ssg0p81v125c
                                                          automatic-by-area
multiplier_16x16bit_pipelined/layer_4_half_adder_7
                   half_adder_9 ZeroWireload
                                            tcbn28hpcplusbwp12t30p140ssg0p81v125c
                                                          automatic-by-area
multiplier_16x16bit_pipelined/layer_1_compressor42_0
                   compressor42_24
                                ZeroWireload
                                            tcbn28hpcplusbwp12t30p140ssg0p81v125c
                                                          automatic-by-area
multiplier_16x16bit_pipelined/layer_4_half_adder_8
                   half_adder_8 ZeroWireload
                                            tcbn28hpcplusbwp12t30p140ssg0p81v125c
                                                          automatic-by-area
multiplier_16x16bit_pipelined/layer_1_compressor42_1
                   compressor42_23
                                ZeroWireload
                                            tcbn28hpcplusbwp12t30p140ssg0p81v125c
                                                          automatic-by-area
multiplier_16x16bit_pipelined/layer_4_half_adder_9
                   half_adder_7 ZeroWireload
                                            tcbn28hpcplusbwp12t30p140ssg0p81v125c
                                                          automatic-by-area
multiplier_16x16bit_pipelined/layer_1_compressor42_2
                   compressor42_22
                                ZeroWireload
                                            tcbn28hpcplusbwp12t30p140ssg0p81v125c
                                                          automatic-by-area
multiplier_16x16bit_pipelined/layer_1_compressor42_3
                   compressor42_21
                                ZeroWireload
                                            tcbn28hpcplusbwp12t30p140ssg0p81v125c
                                                          automatic-by-area
multiplier_16x16bit_pipelined/layer_1_compressor42_4
                   compressor42_20
                                ZeroWireload
                                            tcbn28hpcplusbwp12t30p140ssg0p81v125c
                                                          automatic-by-area
multiplier_16x16bit_pipelined/layer_1_compressor42_5
                   compressor42_19
                                ZeroWireload
                                            tcbn28hpcplusbwp12t30p140ssg0p81v125c
                                                          automatic-by-area
multiplier_16x16bit_pipelined/layer_1_compressor42_6
                   compressor42_18
                                ZeroWireload
                                            tcbn28hpcplusbwp12t30p140ssg0p81v125c
                                                          automatic-by-area
multiplier_16x16bit_pipelined/layer_1_compressor42_7
                   compressor42_17
                                ZeroWireload
                                            tcbn28hpcplusbwp12t30p140ssg0p81v125c
                                                          automatic-by-area
multiplier_16x16bit_pipelined/layer_1_compressor42_8
                   compressor42_16
                                ZeroWireload
                                            tcbn28hpcplusbwp12t30p140ssg0p81v125c
                                                          automatic-by-area
multiplier_16x16bit_pipelined/layer_1_compressor42_9
                   compressor42_15
                                ZeroWireload
                                            tcbn28hpcplusbwp12t30p140ssg0p81v125c
                                                          automatic-by-area
multiplier_16x16bit_pipelined/layer_2_compressor42_0
                   compressor42_7
                                ZeroWireload
                                            tcbn28hpcplusbwp12t30p140ssg0p81v125c
                                                          automatic-by-area
multiplier_16x16bit_pipelined/layer_2_compressor42_1
                   compressor42_6
                                ZeroWireload
                                            tcbn28hpcplusbwp12t30p140ssg0p81v125c
                                                          automatic-by-area
multiplier_16x16bit_pipelined/layer_2_compressor42_2
                   compressor42_5
                                ZeroWireload
                                            tcbn28hpcplusbwp12t30p140ssg0p81v125c
                                                          automatic-by-area
multiplier_16x16bit_pipelined/layer_2_compressor42_3
                   compressor42_4
                                ZeroWireload
                                            tcbn28hpcplusbwp12t30p140ssg0p81v125c
                                                          automatic-by-area
multiplier_16x16bit_pipelined/layer_2_compressor42_4
                   compressor42_3
                                ZeroWireload
                                            tcbn28hpcplusbwp12t30p140ssg0p81v125c
                                                          automatic-by-area
multiplier_16x16bit_pipelined/layer_2_compressor42_5
                   compressor42_2
                                ZeroWireload
                                            tcbn28hpcplusbwp12t30p140ssg0p81v125c
                                                          automatic-by-area
multiplier_16x16bit_pipelined/layer_2_compressor42_6
                   compressor42_1
                                ZeroWireload
                                            tcbn28hpcplusbwp12t30p140ssg0p81v125c
                                                          automatic-by-area
multiplier_16x16bit_pipelined/layer_2_compressor42_7
                   compressor42_0
                                ZeroWireload
                                            tcbn28hpcplusbwp12t30p140ssg0p81v125c
                                                          automatic-by-area
multiplier_16x16bit_pipelined/layer_3_full_adder_0
                   full_adder_20
                                ZeroWireload
                                            tcbn28hpcplusbwp12t30p140ssg0p81v125c
                                                          automatic-by-area
multiplier_16x16bit_pipelined/layer_3_full_adder_1
                   full_adder_19
                                ZeroWireload
                                            tcbn28hpcplusbwp12t30p140ssg0p81v125c
                                                          automatic-by-area
multiplier_16x16bit_pipelined/layer_3_full_adder_2
                   full_adder_18
                                ZeroWireload
                                            tcbn28hpcplusbwp12t30p140ssg0p81v125c
                                                          automatic-by-area
multiplier_16x16bit_pipelined/layer_3_full_adder_3
                   full_adder_17
                                ZeroWireload
                                            tcbn28hpcplusbwp12t30p140ssg0p81v125c
                                                          automatic-by-area
multiplier_16x16bit_pipelined/layer_3_full_adder_4
                   full_adder_16
                                ZeroWireload
                                            tcbn28hpcplusbwp12t30p140ssg0p81v125c
                                                          automatic-by-area
multiplier_16x16bit_pipelined/layer_1_compressor42_10
                   compressor42_14
                                ZeroWireload
                                            tcbn28hpcplusbwp12t30p140ssg0p81v125c
                                                          automatic-by-area
multiplier_16x16bit_pipelined/layer_3_full_adder_5
                   full_adder_15
                                ZeroWireload
                                            tcbn28hpcplusbwp12t30p140ssg0p81v125c
                                                          automatic-by-area
multiplier_16x16bit_pipelined/layer_1_compressor42_11
                   compressor42_13
                                ZeroWireload
                                            tcbn28hpcplusbwp12t30p140ssg0p81v125c
                                                          automatic-by-area
multiplier_16x16bit_pipelined/layer_3_full_adder_6
                   full_adder_14
                                ZeroWireload
                                            tcbn28hpcplusbwp12t30p140ssg0p81v125c
                                                          automatic-by-area
multiplier_16x16bit_pipelined/layer_1_compressor42_12
                   compressor42_12
                                ZeroWireload
                                            tcbn28hpcplusbwp12t30p140ssg0p81v125c
                                                          automatic-by-area
multiplier_16x16bit_pipelined/layer_3_full_adder_7
                   full_adder_13
                                ZeroWireload
                                            tcbn28hpcplusbwp12t30p140ssg0p81v125c
                                                          automatic-by-area
multiplier_16x16bit_pipelined/layer_1_compressor42_13
                   compressor42_11
                                ZeroWireload
                                            tcbn28hpcplusbwp12t30p140ssg0p81v125c
                                                          automatic-by-area
multiplier_16x16bit_pipelined/layer_3_full_adder_8
                   full_adder_12
                                ZeroWireload
                                            tcbn28hpcplusbwp12t30p140ssg0p81v125c
                                                          automatic-by-area
multiplier_16x16bit_pipelined/layer_1_compressor42_14
                   compressor42_10
                                ZeroWireload
                                            tcbn28hpcplusbwp12t30p140ssg0p81v125c
                                                          automatic-by-area
multiplier_16x16bit_pipelined/layer_3_full_adder_9
                   full_adder_11
                                ZeroWireload
                                            tcbn28hpcplusbwp12t30p140ssg0p81v125c
                                                          automatic-by-area
multiplier_16x16bit_pipelined/layer_1_compressor42_15
                   compressor42_9
                                ZeroWireload
                                            tcbn28hpcplusbwp12t30p140ssg0p81v125c
                                                          automatic-by-area
multiplier_16x16bit_pipelined/layer_1_compressor42_16
                   compressor42_8
                                ZeroWireload
                                            tcbn28hpcplusbwp12t30p140ssg0p81v125c
                                                          automatic-by-area
multiplier_16x16bit_pipelined/layer_4_half_adder_10
                   half_adder_6 ZeroWireload
                                            tcbn28hpcplusbwp12t30p140ssg0p81v125c
                                                          automatic-by-area
multiplier_16x16bit_pipelined/layer_4_half_adder_11
                   half_adder_5 ZeroWireload
                                            tcbn28hpcplusbwp12t30p140ssg0p81v125c
                                                          automatic-by-area
multiplier_16x16bit_pipelined/layer_4_half_adder_12
                   half_adder_4 ZeroWireload
                                            tcbn28hpcplusbwp12t30p140ssg0p81v125c
                                                          automatic-by-area
multiplier_16x16bit_pipelined/layer_4_half_adder_13
                   half_adder_3 ZeroWireload
                                            tcbn28hpcplusbwp12t30p140ssg0p81v125c
                                                          automatic-by-area
multiplier_16x16bit_pipelined/layer_4_half_adder_14
                   half_adder_2 ZeroWireload
                                            tcbn28hpcplusbwp12t30p140ssg0p81v125c
                                                          automatic-by-area
multiplier_16x16bit_pipelined/layer_4_half_adder_15
                   half_adder_1 ZeroWireload
                                            tcbn28hpcplusbwp12t30p140ssg0p81v125c
                                                          automatic-by-area
multiplier_16x16bit_pipelined/layer_4_half_adder_16
                   half_adder_0 ZeroWireload
                                            tcbn28hpcplusbwp12t30p140ssg0p81v125c
                                                          automatic-by-area
multiplier_16x16bit_pipelined/booth_array_0
                   booth_array  ZeroWireload
                                            tcbn28hpcplusbwp12t30p140ssg0p81v125c
                                                          automatic-by-area
multiplier_16x16bit_pipelined/booth_array_0/booth_radix4_6
                   booth_radix4_1
                                ZeroWireload
                                            tcbn28hpcplusbwp12t30p140ssg0p81v125c
                                                          automatic-by-area
multiplier_16x16bit_pipelined/booth_array_0/booth_radix4_7
                   booth_radix4_0
                                ZeroWireload
                                            tcbn28hpcplusbwp12t30p140ssg0p81v125c
                                                          automatic-by-area
multiplier_16x16bit_pipelined/booth_array_0/booth_radix4_0
                   booth_radix4_7
                                ZeroWireload
                                            tcbn28hpcplusbwp12t30p140ssg0p81v125c
                                                          automatic-by-area
multiplier_16x16bit_pipelined/booth_array_0/booth_radix4_1
                   booth_radix4_6
                                ZeroWireload
                                            tcbn28hpcplusbwp12t30p140ssg0p81v125c
                                                          automatic-by-area
multiplier_16x16bit_pipelined/booth_array_0/booth_radix4_2
                   booth_radix4_5
                                ZeroWireload
                                            tcbn28hpcplusbwp12t30p140ssg0p81v125c
                                                          automatic-by-area
multiplier_16x16bit_pipelined/booth_array_0/booth_radix4_3
                   booth_radix4_4
                                ZeroWireload
                                            tcbn28hpcplusbwp12t30p140ssg0p81v125c
                                                          automatic-by-area
multiplier_16x16bit_pipelined/booth_array_0/booth_radix4_4
                   booth_radix4_3
                                ZeroWireload
                                            tcbn28hpcplusbwp12t30p140ssg0p81v125c
                                                          automatic-by-area
multiplier_16x16bit_pipelined/booth_array_0/booth_radix4_5
                   booth_radix4_2
                                ZeroWireload
                                            tcbn28hpcplusbwp12t30p140ssg0p81v125c
                                                          automatic-by-area
multiplier_16x16bit_pipelined/layer_2_full_adder_0
                   full_adder_32
                                ZeroWireload
                                            tcbn28hpcplusbwp12t30p140ssg0p81v125c
                                                          automatic-by-area
multiplier_16x16bit_pipelined/layer_2_full_adder_1
                   full_adder_31
                                ZeroWireload
                                            tcbn28hpcplusbwp12t30p140ssg0p81v125c
                                                          automatic-by-area
multiplier_16x16bit_pipelined/layer_2_full_adder_2
                   full_adder_30
                                ZeroWireload
                                            tcbn28hpcplusbwp12t30p140ssg0p81v125c
                                                          automatic-by-area
multiplier_16x16bit_pipelined/layer_2_full_adder_3
                   full_adder_29
                                ZeroWireload
                                            tcbn28hpcplusbwp12t30p140ssg0p81v125c
                                                          automatic-by-area
multiplier_16x16bit_pipelined/layer_2_full_adder_4
                   full_adder_28
                                ZeroWireload
                                            tcbn28hpcplusbwp12t30p140ssg0p81v125c
                                                          automatic-by-area
multiplier_16x16bit_pipelined/layer_2_full_adder_5
                   full_adder_27
                                ZeroWireload
                                            tcbn28hpcplusbwp12t30p140ssg0p81v125c
                                                          automatic-by-area
multiplier_16x16bit_pipelined/layer_2_full_adder_6
                   full_adder_26
                                ZeroWireload
                                            tcbn28hpcplusbwp12t30p140ssg0p81v125c
                                                          automatic-by-area
multiplier_16x16bit_pipelined/layer_2_full_adder_7
                   full_adder_25
                                ZeroWireload
                                            tcbn28hpcplusbwp12t30p140ssg0p81v125c
                                                          automatic-by-area
multiplier_16x16bit_pipelined/layer_2_full_adder_8
                   full_adder_24
                                ZeroWireload
                                            tcbn28hpcplusbwp12t30p140ssg0p81v125c
                                                          automatic-by-area
multiplier_16x16bit_pipelined/layer_2_full_adder_9
                   full_adder_23
                                ZeroWireload
                                            tcbn28hpcplusbwp12t30p140ssg0p81v125c
                                                          automatic-by-area
multiplier_16x16bit_pipelined/layer_1_full_adder_0
                   full_adder_44
                                ZeroWireload
                                            tcbn28hpcplusbwp12t30p140ssg0p81v125c
                                                          automatic-by-area
multiplier_16x16bit_pipelined/layer_1_full_adder_1
                   full_adder_43
                                ZeroWireload
                                            tcbn28hpcplusbwp12t30p140ssg0p81v125c
                                                          automatic-by-area
multiplier_16x16bit_pipelined/layer_1_full_adder_2
                   full_adder_42
                                ZeroWireload
                                            tcbn28hpcplusbwp12t30p140ssg0p81v125c
                                                          automatic-by-area
multiplier_16x16bit_pipelined/layer_1_full_adder_3
                   full_adder_41
                                ZeroWireload
                                            tcbn28hpcplusbwp12t30p140ssg0p81v125c
                                                          automatic-by-area
multiplier_16x16bit_pipelined/layer_1_full_adder_4
                   full_adder_40
                                ZeroWireload
                                            tcbn28hpcplusbwp12t30p140ssg0p81v125c
                                                          automatic-by-area
multiplier_16x16bit_pipelined/layer_1_full_adder_5
                   full_adder_39
                                ZeroWireload
                                            tcbn28hpcplusbwp12t30p140ssg0p81v125c
                                                          automatic-by-area
multiplier_16x16bit_pipelined/layer_1_full_adder_6
                   full_adder_38
                                ZeroWireload
                                            tcbn28hpcplusbwp12t30p140ssg0p81v125c
                                                          automatic-by-area
multiplier_16x16bit_pipelined/layer_1_full_adder_7
                   full_adder_37
                                ZeroWireload
                                            tcbn28hpcplusbwp12t30p140ssg0p81v125c
                                                          automatic-by-area
multiplier_16x16bit_pipelined/adder_32bit
                   adder_32bit_0
                                ZeroWireload
                                            tcbn28hpcplusbwp12t30p140ssg0p81v125c
                                                          automatic-by-area
multiplier_16x16bit_pipelined/adder_32bit/operator_B_stage_1_13
                   operator_B_36
                                ZeroWireload
                                            tcbn28hpcplusbwp12t30p140ssg0p81v125c
                                                          automatic-by-area
multiplier_16x16bit_pipelined/adder_32bit/operator_B_stage_1_14
                   operator_B_35
                                ZeroWireload
                                            tcbn28hpcplusbwp12t30p140ssg0p81v125c
                                                          automatic-by-area
multiplier_16x16bit_pipelined/adder_32bit/operator_B_stage_1_15
                   operator_B_34
                                ZeroWireload
                                            tcbn28hpcplusbwp12t30p140ssg0p81v125c
                                                          automatic-by-area
multiplier_16x16bit_pipelined/adder_32bit/operator_A_10
                   operator_A_21
                                ZeroWireload
                                            tcbn28hpcplusbwp12t30p140ssg0p81v125c
                                                          automatic-by-area
multiplier_16x16bit_pipelined/adder_32bit/operator_A_11
                   operator_A_20
                                ZeroWireload
                                            tcbn28hpcplusbwp12t30p140ssg0p81v125c
                                                          automatic-by-area
multiplier_16x16bit_pipelined/adder_32bit/operator_A_12
                   operator_A_19
                                ZeroWireload
                                            tcbn28hpcplusbwp12t30p140ssg0p81v125c
                                                          automatic-by-area
multiplier_16x16bit_pipelined/adder_32bit/operator_A_13
                   operator_A_18
                                ZeroWireload
                                            tcbn28hpcplusbwp12t30p140ssg0p81v125c
                                                          automatic-by-area
multiplier_16x16bit_pipelined/adder_32bit/operator_A_14
                   operator_A_17
                                ZeroWireload
                                            tcbn28hpcplusbwp12t30p140ssg0p81v125c
                                                          automatic-by-area
multiplier_16x16bit_pipelined/adder_32bit/operator_A_15
                   operator_A_16
                                ZeroWireload
                                            tcbn28hpcplusbwp12t30p140ssg0p81v125c
                                                          automatic-by-area
multiplier_16x16bit_pipelined/adder_32bit/operator_A_16
                   operator_A_15
                                ZeroWireload
                                            tcbn28hpcplusbwp12t30p140ssg0p81v125c
                                                          automatic-by-area
multiplier_16x16bit_pipelined/adder_32bit/operator_A_17
                   operator_A_14
                                ZeroWireload
                                            tcbn28hpcplusbwp12t30p140ssg0p81v125c
                                                          automatic-by-area
multiplier_16x16bit_pipelined/adder_32bit/operator_A_18
                   operator_A_13
                                ZeroWireload
                                            tcbn28hpcplusbwp12t30p140ssg0p81v125c
                                                          automatic-by-area
multiplier_16x16bit_pipelined/adder_32bit/operator_A_19
                   operator_A_12
                                ZeroWireload
                                            tcbn28hpcplusbwp12t30p140ssg0p81v125c
                                                          automatic-by-area
multiplier_16x16bit_pipelined/adder_32bit/operator_B_stage_4_8
                   operator_B_7 ZeroWireload
                                            tcbn28hpcplusbwp12t30p140ssg0p81v125c
                                                          automatic-by-area
multiplier_16x16bit_pipelined/adder_32bit/operator_B_stage_4_9
                   operator_B_6 ZeroWireload
                                            tcbn28hpcplusbwp12t30p140ssg0p81v125c
                                                          automatic-by-area
multiplier_16x16bit_pipelined/adder_32bit/operator_B_stage_3_4
                   operator_B_19
                                ZeroWireload
                                            tcbn28hpcplusbwp12t30p140ssg0p81v125c
                                                          automatic-by-area
multiplier_16x16bit_pipelined/adder_32bit/operator_B_stage_3_5
                   operator_B_18
                                ZeroWireload
                                            tcbn28hpcplusbwp12t30p140ssg0p81v125c
                                                          automatic-by-area
multiplier_16x16bit_pipelined/adder_32bit/operator_B_stage_3_6
                   operator_B_17
                                ZeroWireload
                                            tcbn28hpcplusbwp12t30p140ssg0p81v125c
                                                          automatic-by-area
multiplier_16x16bit_pipelined/adder_32bit/operator_B_stage_3_7
                   operator_B_16
                                ZeroWireload
                                            tcbn28hpcplusbwp12t30p140ssg0p81v125c
                                                          automatic-by-area
multiplier_16x16bit_pipelined/adder_32bit/operator_B_stage_3_8
                   operator_B_15
                                ZeroWireload
                                            tcbn28hpcplusbwp12t30p140ssg0p81v125c
                                                          automatic-by-area
multiplier_16x16bit_pipelined/adder_32bit/operator_B_stage_3_9
                   operator_B_14
                                ZeroWireload
                                            tcbn28hpcplusbwp12t30p140ssg0p81v125c
                                                          automatic-by-area
multiplier_16x16bit_pipelined/adder_32bit/operator_B_stage_4_10
                   operator_B_5 ZeroWireload
                                            tcbn28hpcplusbwp12t30p140ssg0p81v125c
                                                          automatic-by-area
multiplier_16x16bit_pipelined/adder_32bit/operator_B_stage_4_11
                   operator_B_4 ZeroWireload
                                            tcbn28hpcplusbwp12t30p140ssg0p81v125c
                                                          automatic-by-area
multiplier_16x16bit_pipelined/adder_32bit/operator_B_stage_4_12
                   operator_B_3 ZeroWireload
                                            tcbn28hpcplusbwp12t30p140ssg0p81v125c
                                                          automatic-by-area
multiplier_16x16bit_pipelined/adder_32bit/operator_A_20
                   operator_A_11
                                ZeroWireload
                                            tcbn28hpcplusbwp12t30p140ssg0p81v125c
                                                          automatic-by-area
multiplier_16x16bit_pipelined/adder_32bit/operator_B_stage_4_13
                   operator_B_2 ZeroWireload
                                            tcbn28hpcplusbwp12t30p140ssg0p81v125c
                                                          automatic-by-area
multiplier_16x16bit_pipelined/adder_32bit/operator_A_21
                   operator_A_10
                                ZeroWireload
                                            tcbn28hpcplusbwp12t30p140ssg0p81v125c
                                                          automatic-by-area
multiplier_16x16bit_pipelined/adder_32bit/operator_B_stage_4_14
                   operator_B_1 ZeroWireload
                                            tcbn28hpcplusbwp12t30p140ssg0p81v125c
                                                          automatic-by-area
multiplier_16x16bit_pipelined/adder_32bit/operator_A_22
                   operator_A_9 ZeroWireload
                                            tcbn28hpcplusbwp12t30p140ssg0p81v125c
                                                          automatic-by-area
multiplier_16x16bit_pipelined/adder_32bit/operator_B_stage_4_15
                   operator_B_0 ZeroWireload
                                            tcbn28hpcplusbwp12t30p140ssg0p81v125c
                                                          automatic-by-area
multiplier_16x16bit_pipelined/adder_32bit/operator_A_23
                   operator_A_8 ZeroWireload
                                            tcbn28hpcplusbwp12t30p140ssg0p81v125c
                                                          automatic-by-area
multiplier_16x16bit_pipelined/adder_32bit/operator_A_24
                   operator_A_7 ZeroWireload
                                            tcbn28hpcplusbwp12t30p140ssg0p81v125c
                                                          automatic-by-area
multiplier_16x16bit_pipelined/adder_32bit/operator_A_25
                   operator_A_6 ZeroWireload
                                            tcbn28hpcplusbwp12t30p140ssg0p81v125c
                                                          automatic-by-area
multiplier_16x16bit_pipelined/adder_32bit/operator_A_26
                   operator_A_5 ZeroWireload
                                            tcbn28hpcplusbwp12t30p140ssg0p81v125c
                                                          automatic-by-area
multiplier_16x16bit_pipelined/adder_32bit/operator_B_stage_2_2
                   operator_B_33
                                ZeroWireload
                                            tcbn28hpcplusbwp12t30p140ssg0p81v125c
                                                          automatic-by-area
multiplier_16x16bit_pipelined/adder_32bit/operator_A_27
                   operator_A_4 ZeroWireload
                                            tcbn28hpcplusbwp12t30p140ssg0p81v125c
                                                          automatic-by-area
multiplier_16x16bit_pipelined/adder_32bit/operator_C_stage_6_10
                   operator_C_5 ZeroWireload
                                            tcbn28hpcplusbwp12t30p140ssg0p81v125c
                                                          automatic-by-area
multiplier_16x16bit_pipelined/adder_32bit/operator_B_stage_2_3
                   operator_B_32
                                ZeroWireload
                                            tcbn28hpcplusbwp12t30p140ssg0p81v125c
                                                          automatic-by-area
multiplier_16x16bit_pipelined/adder_32bit/operator_A_28
                   operator_A_3 ZeroWireload
                                            tcbn28hpcplusbwp12t30p140ssg0p81v125c
                                                          automatic-by-area
multiplier_16x16bit_pipelined/adder_32bit/operator_C_stage_6_11
                   operator_C_4 ZeroWireload
                                            tcbn28hpcplusbwp12t30p140ssg0p81v125c
                                                          automatic-by-area
multiplier_16x16bit_pipelined/adder_32bit/operator_B_stage_2_4
                   operator_B_31
                                ZeroWireload
                                            tcbn28hpcplusbwp12t30p140ssg0p81v125c
                                                          automatic-by-area
multiplier_16x16bit_pipelined/adder_32bit/operator_A_29
                   operator_A_2 ZeroWireload
                                            tcbn28hpcplusbwp12t30p140ssg0p81v125c
                                                          automatic-by-area
multiplier_16x16bit_pipelined/adder_32bit/operator_C_stage_6_12
                   operator_C_3 ZeroWireload
                                            tcbn28hpcplusbwp12t30p140ssg0p81v125c
                                                          automatic-by-area
multiplier_16x16bit_pipelined/adder_32bit/operator_B_stage_2_5
                   operator_B_30
                                ZeroWireload
                                            tcbn28hpcplusbwp12t30p140ssg0p81v125c
                                                          automatic-by-area
multiplier_16x16bit_pipelined/adder_32bit/operator_C_stage_6_13
                   operator_C_2 ZeroWireload
                                            tcbn28hpcplusbwp12t30p140ssg0p81v125c
                                                          automatic-by-area
multiplier_16x16bit_pipelined/adder_32bit/operator_B_stage_2_6
                   operator_B_29
                                ZeroWireload
                                            tcbn28hpcplusbwp12t30p140ssg0p81v125c
                                                          automatic-by-area
multiplier_16x16bit_pipelined/adder_32bit/operator_C_stage_6_14
                   operator_C_1 ZeroWireload
                                            tcbn28hpcplusbwp12t30p140ssg0p81v125c
                                                          automatic-by-area
multiplier_16x16bit_pipelined/adder_32bit/operator_B_stage_2_7
                   operator_B_28
                                ZeroWireload
                                            tcbn28hpcplusbwp12t30p140ssg0p81v125c
                                                          automatic-by-area
multiplier_16x16bit_pipelined/adder_32bit/operator_C_stage_6_15
                   operator_C_0 ZeroWireload
                                            tcbn28hpcplusbwp12t30p140ssg0p81v125c
                                                          automatic-by-area
multiplier_16x16bit_pipelined/adder_32bit/operator_B_stage_2_8
                   operator_B_27
                                ZeroWireload
                                            tcbn28hpcplusbwp12t30p140ssg0p81v125c
                                                          automatic-by-area
multiplier_16x16bit_pipelined/adder_32bit/operator_B_stage_2_9
                   operator_B_26
                                ZeroWireload
                                            tcbn28hpcplusbwp12t30p140ssg0p81v125c
                                                          automatic-by-area
multiplier_16x16bit_pipelined/adder_32bit/operator_B_stage_1_1
                   operator_B_48
                                ZeroWireload
                                            tcbn28hpcplusbwp12t30p140ssg0p81v125c
                                                          automatic-by-area
multiplier_16x16bit_pipelined/adder_32bit/operator_C_stage_6_0
                   operator_C_15
                                ZeroWireload
                                            tcbn28hpcplusbwp12t30p140ssg0p81v125c
                                                          automatic-by-area
multiplier_16x16bit_pipelined/adder_32bit/operator_B_stage_1_2
                   operator_B_47
                                ZeroWireload
                                            tcbn28hpcplusbwp12t30p140ssg0p81v125c
                                                          automatic-by-area
multiplier_16x16bit_pipelined/adder_32bit/operator_C_stage_6_1
                   operator_C_14
                                ZeroWireload
                                            tcbn28hpcplusbwp12t30p140ssg0p81v125c
                                                          automatic-by-area
multiplier_16x16bit_pipelined/adder_32bit/operator_B_stage_1_3
                   operator_B_46
                                ZeroWireload
                                            tcbn28hpcplusbwp12t30p140ssg0p81v125c
                                                          automatic-by-area
multiplier_16x16bit_pipelined/adder_32bit/operator_C_stage_6_2
                   operator_C_13
                                ZeroWireload
                                            tcbn28hpcplusbwp12t30p140ssg0p81v125c
                                                          automatic-by-area
multiplier_16x16bit_pipelined/adder_32bit/operator_B_stage_1_4
                   operator_B_45
                                ZeroWireload
                                            tcbn28hpcplusbwp12t30p140ssg0p81v125c
                                                          automatic-by-area
multiplier_16x16bit_pipelined/adder_32bit/operator_C_stage_6_3
                   operator_C_12
                                ZeroWireload
                                            tcbn28hpcplusbwp12t30p140ssg0p81v125c
                                                          automatic-by-area
multiplier_16x16bit_pipelined/adder_32bit/operator_B_stage_1_5
                   operator_B_44
                                ZeroWireload
                                            tcbn28hpcplusbwp12t30p140ssg0p81v125c
                                                          automatic-by-area
multiplier_16x16bit_pipelined/adder_32bit/operator_C_stage_6_4
                   operator_C_11
                                ZeroWireload
                                            tcbn28hpcplusbwp12t30p140ssg0p81v125c
                                                          automatic-by-area
multiplier_16x16bit_pipelined/adder_32bit/operator_B_stage_1_6
                   operator_B_43
                                ZeroWireload
                                            tcbn28hpcplusbwp12t30p140ssg0p81v125c
                                                          automatic-by-area
multiplier_16x16bit_pipelined/adder_32bit/operator_C_stage_6_5
                   operator_C_10
                                ZeroWireload
                                            tcbn28hpcplusbwp12t30p140ssg0p81v125c
                                                          automatic-by-area
multiplier_16x16bit_pipelined/adder_32bit/operator_B_stage_1_7
                   operator_B_42
                                ZeroWireload
                                            tcbn28hpcplusbwp12t30p140ssg0p81v125c
                                                          automatic-by-area
multiplier_16x16bit_pipelined/adder_32bit/operator_C_stage_6_6
                   operator_C_9 ZeroWireload
                                            tcbn28hpcplusbwp12t30p140ssg0p81v125c
                                                          automatic-by-area
multiplier_16x16bit_pipelined/adder_32bit/operator_B_stage_1_8
                   operator_B_41
                                ZeroWireload
                                            tcbn28hpcplusbwp12t30p140ssg0p81v125c
                                                          automatic-by-area
multiplier_16x16bit_pipelined/adder_32bit/operator_A_30
                   operator_A_1 ZeroWireload
                                            tcbn28hpcplusbwp12t30p140ssg0p81v125c
                                                          automatic-by-area
multiplier_16x16bit_pipelined/adder_32bit/operator_C_stage_6_7
                   operator_C_8 ZeroWireload
                                            tcbn28hpcplusbwp12t30p140ssg0p81v125c
                                                          automatic-by-area
multiplier_16x16bit_pipelined/adder_32bit/operator_B_stage_1_9
                   operator_B_40
                                ZeroWireload
                                            tcbn28hpcplusbwp12t30p140ssg0p81v125c
                                                          automatic-by-area
multiplier_16x16bit_pipelined/adder_32bit/operator_A_0
                   operator_A_31
                                ZeroWireload
                                            tcbn28hpcplusbwp12t30p140ssg0p81v125c
                                                          automatic-by-area
multiplier_16x16bit_pipelined/adder_32bit/operator_A_31
                   operator_A_0 ZeroWireload
                                            tcbn28hpcplusbwp12t30p140ssg0p81v125c
                                                          automatic-by-area
multiplier_16x16bit_pipelined/adder_32bit/operator_C_stage_6_8
                   operator_C_7 ZeroWireload
                                            tcbn28hpcplusbwp12t30p140ssg0p81v125c
                                                          automatic-by-area
multiplier_16x16bit_pipelined/adder_32bit/operator_A_1
                   operator_A_30
                                ZeroWireload
                                            tcbn28hpcplusbwp12t30p140ssg0p81v125c
                                                          automatic-by-area
multiplier_16x16bit_pipelined/adder_32bit/operator_C_stage_6_9
                   operator_C_6 ZeroWireload
                                            tcbn28hpcplusbwp12t30p140ssg0p81v125c
                                                          automatic-by-area
multiplier_16x16bit_pipelined/adder_32bit/operator_A_2
                   operator_A_29
                                ZeroWireload
                                            tcbn28hpcplusbwp12t30p140ssg0p81v125c
                                                          automatic-by-area
multiplier_16x16bit_pipelined/adder_32bit/operator_A_3
                   operator_A_28
                                ZeroWireload
                                            tcbn28hpcplusbwp12t30p140ssg0p81v125c
                                                          automatic-by-area
multiplier_16x16bit_pipelined/adder_32bit/operator_A_4
                   operator_A_27
                                ZeroWireload
                                            tcbn28hpcplusbwp12t30p140ssg0p81v125c
                                                          automatic-by-area
multiplier_16x16bit_pipelined/adder_32bit/operator_B_stage_3_10
                   operator_B_13
                                ZeroWireload
                                            tcbn28hpcplusbwp12t30p140ssg0p81v125c
                                                          automatic-by-area
multiplier_16x16bit_pipelined/adder_32bit/operator_A_5
                   operator_A_26
                                ZeroWireload
                                            tcbn28hpcplusbwp12t30p140ssg0p81v125c
                                                          automatic-by-area
multiplier_16x16bit_pipelined/adder_32bit/operator_B_stage_3_11
                   operator_B_12
                                ZeroWireload
                                            tcbn28hpcplusbwp12t30p140ssg0p81v125c
                                                          automatic-by-area
multiplier_16x16bit_pipelined/adder_32bit/operator_A_6
                   operator_A_25
                                ZeroWireload
                                            tcbn28hpcplusbwp12t30p140ssg0p81v125c
                                                          automatic-by-area
multiplier_16x16bit_pipelined/adder_32bit/operator_B_stage_3_12
                   operator_B_11
                                ZeroWireload
                                            tcbn28hpcplusbwp12t30p140ssg0p81v125c
                                                          automatic-by-area
multiplier_16x16bit_pipelined/adder_32bit/operator_A_7
                   operator_A_24
                                ZeroWireload
                                            tcbn28hpcplusbwp12t30p140ssg0p81v125c
                                                          automatic-by-area
multiplier_16x16bit_pipelined/adder_32bit/operator_B_stage_3_13
                   operator_B_10
                                ZeroWireload
                                            tcbn28hpcplusbwp12t30p140ssg0p81v125c
                                                          automatic-by-area
multiplier_16x16bit_pipelined/adder_32bit/operator_A_8
                   operator_A_23
                                ZeroWireload
                                            tcbn28hpcplusbwp12t30p140ssg0p81v125c
                                                          automatic-by-area
multiplier_16x16bit_pipelined/adder_32bit/operator_B_stage_3_14
                   operator_B_9 ZeroWireload
                                            tcbn28hpcplusbwp12t30p140ssg0p81v125c
                                                          automatic-by-area
multiplier_16x16bit_pipelined/adder_32bit/operator_A_9
                   operator_A_22
                                ZeroWireload
                                            tcbn28hpcplusbwp12t30p140ssg0p81v125c
                                                          automatic-by-area
multiplier_16x16bit_pipelined/adder_32bit/operator_B_stage_3_15
                   operator_B_8 ZeroWireload
                                            tcbn28hpcplusbwp12t30p140ssg0p81v125c
                                                          automatic-by-area
multiplier_16x16bit_pipelined/adder_32bit/operator_C_stage_5_10
                   operator_C_21
                                ZeroWireload
                                            tcbn28hpcplusbwp12t30p140ssg0p81v125c
                                                          automatic-by-area
multiplier_16x16bit_pipelined/adder_32bit/operator_C_stage_5_11
                   operator_C_20
                                ZeroWireload
                                            tcbn28hpcplusbwp12t30p140ssg0p81v125c
                                                          automatic-by-area
multiplier_16x16bit_pipelined/adder_32bit/operator_C_stage_5_12
                   operator_C_19
                                ZeroWireload
                                            tcbn28hpcplusbwp12t30p140ssg0p81v125c
                                                          automatic-by-area
multiplier_16x16bit_pipelined/adder_32bit/operator_C_stage_5_13
                   operator_C_18
                                ZeroWireload
                                            tcbn28hpcplusbwp12t30p140ssg0p81v125c
                                                          automatic-by-area
multiplier_16x16bit_pipelined/adder_32bit/operator_C_stage_5_8
                   operator_C_23
                                ZeroWireload
                                            tcbn28hpcplusbwp12t30p140ssg0p81v125c
                                                          automatic-by-area
multiplier_16x16bit_pipelined/adder_32bit/operator_C_stage_5_14
                   operator_C_17
                                ZeroWireload
                                            tcbn28hpcplusbwp12t30p140ssg0p81v125c
                                                          automatic-by-area
multiplier_16x16bit_pipelined/adder_32bit/operator_C_stage_5_9
                   operator_C_22
                                ZeroWireload
                                            tcbn28hpcplusbwp12t30p140ssg0p81v125c
                                                          automatic-by-area
multiplier_16x16bit_pipelined/adder_32bit/operator_C_stage_5_15
                   operator_C_16
                                ZeroWireload
                                            tcbn28hpcplusbwp12t30p140ssg0p81v125c
                                                          automatic-by-area
multiplier_16x16bit_pipelined/adder_32bit/operator_C_stage_4_4
                   operator_C_27
                                ZeroWireload
                                            tcbn28hpcplusbwp12t30p140ssg0p81v125c
                                                          automatic-by-area
multiplier_16x16bit_pipelined/adder_32bit/operator_C_stage_4_5
                   operator_C_26
                                ZeroWireload
                                            tcbn28hpcplusbwp12t30p140ssg0p81v125c
                                                          automatic-by-area
multiplier_16x16bit_pipelined/adder_32bit/operator_C_stage_4_6
                   operator_C_25
                                ZeroWireload
                                            tcbn28hpcplusbwp12t30p140ssg0p81v125c
                                                          automatic-by-area
multiplier_16x16bit_pipelined/adder_32bit/operator_C_stage_4_7
                   operator_C_24
                                ZeroWireload
                                            tcbn28hpcplusbwp12t30p140ssg0p81v125c
                                                          automatic-by-area
multiplier_16x16bit_pipelined/adder_32bit/operator_B_stage_2_10
                   operator_B_25
                                ZeroWireload
                                            tcbn28hpcplusbwp12t30p140ssg0p81v125c
                                                          automatic-by-area
multiplier_16x16bit_pipelined/adder_32bit/operator_B_stage_2_11
                   operator_B_24
                                ZeroWireload
                                            tcbn28hpcplusbwp12t30p140ssg0p81v125c
                                                          automatic-by-area
multiplier_16x16bit_pipelined/adder_32bit/operator_B_stage_2_12
                   operator_B_23
                                ZeroWireload
                                            tcbn28hpcplusbwp12t30p140ssg0p81v125c
                                                          automatic-by-area
multiplier_16x16bit_pipelined/adder_32bit/operator_C_stage_3_2
                   operator_C_29
                                ZeroWireload
                                            tcbn28hpcplusbwp12t30p140ssg0p81v125c
                                                          automatic-by-area
multiplier_16x16bit_pipelined/adder_32bit/operator_B_stage_2_13
                   operator_B_22
                                ZeroWireload
                                            tcbn28hpcplusbwp12t30p140ssg0p81v125c
                                                          automatic-by-area
multiplier_16x16bit_pipelined/adder_32bit/operator_C_stage_3_3
                   operator_C_28
                                ZeroWireload
                                            tcbn28hpcplusbwp12t30p140ssg0p81v125c
                                                          automatic-by-area
multiplier_16x16bit_pipelined/adder_32bit/operator_B_stage_2_14
                   operator_B_21
                                ZeroWireload
                                            tcbn28hpcplusbwp12t30p140ssg0p81v125c
                                                          automatic-by-area
multiplier_16x16bit_pipelined/adder_32bit/operator_B_stage_2_15
                   operator_B_20
                                ZeroWireload
                                            tcbn28hpcplusbwp12t30p140ssg0p81v125c
                                                          automatic-by-area
multiplier_16x16bit_pipelined/adder_32bit/operator_C_stage_2_1
                   operator_C_30
                                ZeroWireload
                                            tcbn28hpcplusbwp12t30p140ssg0p81v125c
                                                          automatic-by-area
multiplier_16x16bit_pipelined/adder_32bit/operator_C_stage_1_0
                   operator_C_31
                                ZeroWireload
                                            tcbn28hpcplusbwp12t30p140ssg0p81v125c
                                                          automatic-by-area
multiplier_16x16bit_pipelined/adder_32bit/operator_B_stage_1_10
                   operator_B_39
                                ZeroWireload
                                            tcbn28hpcplusbwp12t30p140ssg0p81v125c
                                                          automatic-by-area
multiplier_16x16bit_pipelined/adder_32bit/operator_B_stage_1_11
                   operator_B_38
                                ZeroWireload
                                            tcbn28hpcplusbwp12t30p140ssg0p81v125c
                                                          automatic-by-area
multiplier_16x16bit_pipelined/adder_32bit/operator_B_stage_1_12
                   operator_B_37
                                ZeroWireload
                                            tcbn28hpcplusbwp12t30p140ssg0p81v125c
                                                          automatic-by-area
multiplier_16x16bit_pipelined/layer_1_full_adder_8
                   full_adder_36
                                ZeroWireload
                                            tcbn28hpcplusbwp12t30p140ssg0p81v125c
                                                          automatic-by-area
multiplier_16x16bit_pipelined/layer_1_full_adder_9
                   full_adder_35
                                ZeroWireload
                                            tcbn28hpcplusbwp12t30p140ssg0p81v125c
                                                          automatic-by-area
multiplier_16x16bit_pipelined/layer_2_full_adder_10
                   full_adder_22
                                ZeroWireload
                                            tcbn28hpcplusbwp12t30p140ssg0p81v125c
                                                          automatic-by-area
multiplier_16x16bit_pipelined/layer_2_full_adder_11
                   full_adder_21
                                ZeroWireload
                                            tcbn28hpcplusbwp12t30p140ssg0p81v125c
                                                          automatic-by-area
multiplier_16x16bit_pipelined/layer_1_full_adder_10
                   full_adder_34
                                ZeroWireload
                                            tcbn28hpcplusbwp12t30p140ssg0p81v125c
                                                          automatic-by-area
multiplier_16x16bit_pipelined/layer_1_full_adder_11
                   full_adder_33
                                ZeroWireload
                                            tcbn28hpcplusbwp12t30p140ssg0p81v125c
                                                          automatic-by-area

Power-specific unit information :
    Voltage Units = 1 V
    Capacitance Units = 1 pf
    Time Units = 1 ns
    Dynamic Power Units = 1 W
    Leakage Power Units = 1 W



  Attributes
  ----------
      i  -  Including register clock pin internal power
      u  -  User defined power group

                        Internal  Switching  Leakage    Total
Power Group             Power     Power      Power      Power   (     %)  Attrs
--------------------------------------------------------------------------------
clock_network              0.0000    0.0000    0.0000    0.0000 ( 0.00%)  i
register                   0.0000    0.0000    0.0000    0.0000 ( 0.00%)  
combinational           4.947e-06 2.597e-05 9.782e-05 1.287e-04 (50.07%)  
sequential              6.746e-05 6.309e-09 6.092e-05 1.284e-04 (49.93%)  
memory                     0.0000    0.0000    0.0000    0.0000 ( 0.00%)  
io_pad                     0.0000    0.0000    0.0000    0.0000 ( 0.00%)  
black_box                  0.0000    0.0000    0.0000    0.0000 ( 0.00%)  

  Net Switching Power  = 2.597e-05   (10.10%)
  Cell Internal Power  = 7.241e-05   (28.16%)
  Cell Leakage Power   = 1.587e-04   (61.74%)
                         ---------
Total Power            = 2.571e-04  (100.00%)

1
