****************************************
Report : Averaged Power
	-hierarchy
Design : tmu
Version: V-2023.12
Date   : Mon Jun 22 17:19:14 2026
****************************************



                                      Int      Switch   Leak     Total
Hierarchy                             Power    Power    Power    Power    %
----------------------------------------------------------------------------------
tmu                                   1.33e-02 1.30e-03 1.30e-02 2.75e-02 100.0
  perfcounters (tmu_perfcounters)     7.75e-05 7.24e-06 7.08e-05 1.56e-04   0.6
  filter (tmu_filter)                 1.55e-05 1.41e-06 2.14e-05 3.83e-05   0.1
  scandivops (tmu_scandivops)         3.14e-05 2.81e-06 3.67e-05 7.09e-05   0.3
  pixout (tmu_pixout_fml_depth26)     1.25e-04 1.16e-05 1.19e-04 2.57e-04   0.9
  edgedivops (tmu_edgedivops)         7.18e-05 6.65e-06 9.49e-05 1.73e-04   0.6
  addresses (tmu_addresses_fml_depth26)
                                      3.52e-05 3.19e-06 7.46e-05 1.13e-04   0.4
  scantrace (tmu_scantrace)           4.72e-05 3.95e-06 6.21e-05 1.13e-04   0.4
  ctlif (tmu_ctlif_0_26)              7.43e-05 6.96e-06 7.33e-05 1.55e-04   0.6
  reorder (tmu_reorder)               9.33e-05 8.70e-06 8.37e-05 1.86e-04   0.7
  decay (tmu_decay_fml_depth26)       5.76e-05 4.94e-06 6.18e-05 1.24e-04   0.5
  burst (tmu_burst_fml_depth26)       1.16e-04 1.06e-05 1.08e-04 2.34e-04   0.9
  edgetrace (tmu_edgetrace)           1.79e-04 1.72e-05 2.49e-04 4.45e-04   1.6
  scandiv (tmu_scandiv)               4.94e-05 4.70e-06 5.01e-05 1.04e-04   0.4
    d_du (tmu_divider11_1)            1.28e-05 1.12e-06 1.41e-05 2.79e-05   0.1
    d_dv (tmu_divider11_0)            1.28e-05 1.12e-06 1.41e-05 2.80e-05   0.1
  meshgen (tmu_meshgen)               7.29e-05 6.82e-06 7.69e-05 1.57e-04   0.6
  pixin (tmu_pixin_fml_depth26_cache_depth12)
                                      1.21e-02 1.18e-03 1.16e-02 2.49e-02  90.3
  edgediv (tmu_edgediv)               1.53e-04 1.46e-05 1.61e-04 3.28e-04   1.2
    d_du1 (tmu_divider11_7)           1.28e-05 1.12e-06 1.41e-05 2.80e-05   0.1
    d_du2 (tmu_divider11_6)           1.28e-05 1.12e-06 1.41e-05 2.80e-05   0.1
    d_du3 (tmu_divider11_5)           1.28e-05 1.12e-06 1.41e-05 2.80e-05   0.1
    d_dv1 (tmu_divider11_4)           1.28e-05 1.12e-06 1.41e-05 2.80e-05   0.1
    d_dv2 (tmu_divider11_3)           1.28e-05 1.12e-06 1.41e-05 2.79e-05   0.1
    d_dv3 (tmu_divider11_2)           1.28e-05 1.12e-06 1.41e-05 2.80e-05   0.1
    d_dx1 (tmu_divider11_10)          1.28e-05 1.12e-06 1.41e-05 2.80e-05   0.1
    d_dx2 (tmu_divider11_9)           1.28e-05 1.12e-06 1.41e-05 2.79e-05   0.1
    d_dx3 (tmu_divider11_8)           1.28e-05 1.12e-06 1.41e-05 2.80e-05   0.1
1
