****************************************
Report : Averaged Power
	-hierarchy
Design : aes_ip
Version: V-2023.12
Date   : Mon Jun 22 17:46:55 2026
****************************************



                                      Int      Switch   Leak     Total
Hierarchy                             Power    Power    Power    Power    %
----------------------------------------------------------------------------------
aes_ip                                1.99e-04 3.54e-05 4.39e-04 6.74e-04 100.0
  AES_CORE (aes_core)                 1.95e-04 3.48e-05 4.28e-04 6.59e-04  97.7
    AES_CORE_DATAPATH (datapath)      1.93e-04 3.43e-05 4.22e-04 6.49e-04  96.3
      SBOX (sBox)                     1.90e-05 7.04e-06 4.86e-05 7.46e-05  11.1
        SBOX_3_ (sBox_8_3)            4.48e-06 1.57e-06 1.21e-05 1.82e-05   2.7
        SBOX_0_ (sBox_8_0)            4.83e-06 1.82e-06 1.21e-05 1.88e-05   2.8
        SBOX_1_ (sBox_8_1)            4.83e-06 1.83e-06 1.21e-05 1.87e-05   2.8
        SBOX_2_ (sBox_8_2)            4.84e-06 1.82e-06 1.22e-05 1.88e-05   2.8
      SWAP_OUT (data_swap_0)          4.07e-07 1.65e-07 4.05e-06 4.62e-06   0.7
      KEY_EXPANDER (key_expander)     1.40e-06 5.06e-07 1.53e-05 1.72e-05   2.6
      MIX_COL (mix_columns)           3.17e-06 2.22e-06 1.63e-05 2.17e-05   3.2
      SHIFT_ROW (shift_rows)          1.53e-06 3.34e-07 1.31e-05 1.50e-05   2.2
      SWAP_IN (data_swap_1)           7.62e-08 1.07e-07 3.95e-06 4.14e-06   0.6
    AES_CORE_CONTROL_UNIT (control_unit)
                                      2.15e-06 4.76e-07 6.58e-06 9.20e-06   1.4
  HOST_INTERFACE (host_interface)     3.97e-06 3.03e-07 1.07e-05 1.49e-05   2.2
1
