****************************************
Report : Averaged Power
	-hierarchy
Design : SSP_UART
Version: V-2023.12
Date   : Mon Jun 22 17:50:29 2026
****************************************



                                      Int      Switch   Leak     Total
Hierarchy                             Power    Power    Power    Power    %
----------------------------------------------------------------------------------
SSP_UART                              4.36e-04 4.24e-05 4.39e-04 9.18e-04 100.0
  RED1 (re1ce_4)                      1.37e-06 2.13e-10 1.14e-06 2.51e-06   0.3
  RED2 (re1ce_3)                      1.37e-06 2.31e-10 1.14e-06 2.51e-06   0.3
  RED3 (re1ce_2)                      1.37e-06 2.31e-10 1.14e-06 2.51e-06   0.3
  RED4 (re1ce_1)                      1.37e-06 2.13e-10 1.14e-06 2.51e-06   0.3
  RED5 (re1ce_0)                      1.37e-06 2.13e-10 1.14e-06 2.51e-06   0.3
  INT (UART_INT)                      1.04e-05 1.01e-06 6.42e-06 1.78e-05   1.9
    RE1 (redet_3)                     1.39e-06 1.51e-09 8.49e-07 2.24e-06   0.2
    RE2 (redet_2)                     1.37e-06 1.95e-10 7.92e-07 2.17e-06   0.2
    RE3 (redet_1)                     1.39e-06 1.50e-09 8.51e-07 2.24e-06   0.2
    RE4 (redet_0)                     1.37e-06 1.95e-10 7.92e-07 2.17e-06   0.2
    FE1 (fedet_1)                     1.46e-06 1.63e-10 8.36e-07 2.30e-06   0.3
    FE2 (fedet_0)                     1.51e-06 5.52e-10 8.38e-07 2.34e-06   0.3
  BRG (UART_BRG)                      4.43e-06 2.52e-08 4.96e-06 9.42e-06   1.0
  RCV (UART_RXSM)                     9.48e-06 9.97e-07 9.90e-06 2.04e-05   2.2
  TMR (UART_RTO)                      5.72e-06 8.88e-09 5.33e-06 1.11e-05   1.2
  XMT (UART_TXSM)                     6.75e-06 4.78e-09 7.66e-06 1.44e-05   1.6
  RF1 (DPSFnmCE_addr6_width9_662242)  2.06e-04 2.01e-05 1.97e-04 4.23e-04  46.1
  TF1 (DPSFnmCE_addr6_width8_374242)  1.84e-04 1.77e-05 1.76e-04 3.77e-04  41.1
1
