****************************************
Report : Averaged Power
	-hierarchy
Design : i2c_system_top
Version: V-2023.12
Date   : Mon Jun 22 16:55:04 2026
****************************************



                                      Int      Switch   Leak     Total
Hierarchy                             Power    Power    Power    Power    %
----------------------------------------------------------------------------------
i2c_system_top                        5.20e-05 6.85e-06 7.75e-05 1.36e-04 100.0
  u_i2c_slave (i2cSlaveTop)           2.16e-05 1.99e-06 4.34e-05 6.70e-05  49.2
    u_i2cSlave (i2cSlave)             2.16e-05 1.99e-06 4.34e-05 6.70e-05  49.2
      u_registerInterface (registerInterface)
                                      6.86e-06 5.91e-07 1.37e-05 2.11e-05  15.5
      u_serialInterface (serialInterface)
                                      7.63e-06 7.39e-07 1.69e-05 2.53e-05  18.5
  u_i2c_master (i2c_master_top_0)     3.04e-05 4.85e-06 3.32e-05 6.84e-05  50.2
    byte_controller (i2c_master_byte_ctrl)
                                      1.63e-05 1.29e-06 2.03e-05 3.79e-05  27.8
      bit_controller (i2c_master_bit_ctrl)
                                      1.20e-05 8.33e-07 1.36e-05 2.64e-05  19.4
1
