Warning: No clock specified. 
	 PrimePower will derive a default switching activity of (0.1/ns) from the library time unit (1ns), 
	 because no clock is defined in the design. In order to calculate power accurately,
	 PrimePower needs to know what frequency your design works on. 
	 You can specify the frequency by defining one or more clocks. 
	 For designs without clocks, you can specify a virtual clock 
	 by using the command 
	 'create_clock -name virtual_clock_name -period your_design_period'. 

  (PWR-171)
****************************************
Report : Switching Activity
	
Design : tmu
Version: V-2023.12
Date   : Mon Jun 22 17:17:34 2026
****************************************

 Switching Activity Overview Statistics for "tmu"
----------------------------------------------------------------------------------------------------------------------------------------------------------------------------------------------
                  From Activity     From         From         From             From            From                                                            Not
Object Type       File (%)          SSA (%)      SSA Force (%) SSA Force (%)   SCA (%)         Clock (%)       Default (%)     Propagated(%)   Implied(%)      Annotated(%)  Total
                                                 Annotated    Implied                                                                                                        
----------------------------------------------------------------------------------------------------------------------------------------------------------------------------------------------
 Nets             344(0.29%)        0(0.00%)     0(0.00%)     0(0.00%)         0(0.00%)        0(0.00%)        3(0.00%)        0(0.00%)        3803(3.22%)     114138(96.49%) 118288
----------------------------------------------------------------------------------------------------------------------------------------------------------------------------------------------
Nets Driven by
----------------------------------------------------------------------------------------------------------------------------------------------------------------------------------------------
Primary Input     148(100.00%)      0(0.00%)     0(0.00%)     0(0.00%)         0(0.00%)        0(0.00%)        0(0.00%)        0(0.00%)        0(0.00%)        0(0.00%)      148
Tri-State         0(0%)             0(0%)        0(0%)        0(0%)            0(0%)           0(0%)           0(0%)           0(0%)           0(0%)           0(0%)         0
Black Box         0(0%)             0(0%)        0(0%)        0(0%)            0(0%)           0(0%)           0(0%)           0(0%)           0(0%)           0(0%)         0
Sequential        176(0.46%)        0(0.00%)     0(0.00%)     0(0.00%)         0(0.00%)        0(0.00%)        0(0.00%)        0(0.00%)        0(0.00%)        38149(99.54%) 38325
Combinational     20(0.03%)         0(0.00%)     0(0.00%)     0(0.00%)         0(0.00%)        0(0.00%)        3(0.00%)        0(0.00%)        3803(4.76%)     75989(95.21%) 79815
Memory            0(0%)             0(0%)        0(0%)        0(0%)            0(0%)           0(0%)           0(0%)           0(0%)           0(0%)           0(0%)         0
Clock Gate        0(0%)             0(0%)        0(0%)        0(0%)            0(0%)           0(0%)           0(0%)           0(0%)           0(0%)           0(0%)         0
----------------------------------------------------------------------------------------------------------------------------------------------------------------------------------------------
 Static Probability Overview Statistics for "tmu"
----------------------------------------------------------------------------------------------------------------------------------------------------------------------------------------------
                  From Activity     From         From         From             From            From                                                            Not
Object Type       File (%)          SSA (%)      SSA Force (%) SSA Force (%)   SCA (%)         Clock (%)       Default (%)     Propagated(%)   Implied(%)      Annotated(%)  Total
                                                 Annotated    Implied                                                                                                        
----------------------------------------------------------------------------------------------------------------------------------------------------------------------------------------------
 Nets             344(0.29%)        0(0.00%)     0(0.00%)     0(0.00%)         0(0.00%)        0(0.00%)        3(0.00%)        0(0.00%)        3803(3.22%)     114138(96.49%) 118288
----------------------------------------------------------------------------------------------------------------------------------------------------------------------------------------------
Nets Driven by
----------------------------------------------------------------------------------------------------------------------------------------------------------------------------------------------
Primary Input     148(100.00%)      0(0.00%)     0(0.00%)     0(0.00%)         0(0.00%)        0(0.00%)        0(0.00%)        0(0.00%)        0(0.00%)        0(0.00%)      148
Tri-State         0(0%)             0(0%)        0(0%)        0(0%)            0(0%)           0(0%)           0(0%)           0(0%)           0(0%)           0(0%)         0
Black Box         0(0%)             0(0%)        0(0%)        0(0%)            0(0%)           0(0%)           0(0%)           0(0%)           0(0%)           0(0%)         0
Sequential        176(0.46%)        0(0.00%)     0(0.00%)     0(0.00%)         0(0.00%)        0(0.00%)        0(0.00%)        0(0.00%)        0(0.00%)        38149(99.54%) 38325
Combinational     20(0.03%)         0(0.00%)     0(0.00%)     0(0.00%)         0(0.00%)        0(0.00%)        3(0.00%)        0(0.00%)        3803(4.76%)     75989(95.21%) 79815
Memory            0(0%)             0(0%)        0(0%)        0(0%)            0(0%)           0(0%)           0(0%)           0(0%)           0(0%)           0(0%)         0
Clock Gate        0(0%)             0(0%)        0(0%)        0(0%)            0(0%)           0(0%)           0(0%)           0(0%)           0(0%)           0(0%)         0
----------------------------------------------------------------------------------------------------------------------------------------------------------------------------------------------
1
