Warning: No clock specified. 
	 PrimePower will derive a default switching activity of (0.1/ns) from the library time unit (1ns), 
	 because no clock is defined in the design. In order to calculate power accurately,
	 PrimePower needs to know what frequency your design works on. 
	 You can specify the frequency by defining one or more clocks. 
	 For designs without clocks, you can specify a virtual clock 
	 by using the command 
	 'create_clock -name virtual_clock_name -period your_design_period'. 

  (PWR-171)
****************************************
Report : Switching Activity
	
Design : xge_mac
Version: V-2023.12
Date   : Mon Jun 22 17:18:08 2026
****************************************

 Switching Activity Overview Statistics for "xge_mac"
----------------------------------------------------------------------------------------------------------------------------------------------------------------------------------------------
                  From Activity     From         From         From             From            From                                                            Not
Object Type       File (%)          SSA (%)      SSA Force (%) SSA Force (%)   SCA (%)         Clock (%)       Default (%)     Propagated(%)   Implied(%)      Annotated(%)  Total
                                                 Annotated    Implied                                                                                                        
----------------------------------------------------------------------------------------------------------------------------------------------------------------------------------------------
 Nets             373(0.88%)        0(0.00%)     0(0.00%)     0(0.00%)         0(0.00%)        0(0.00%)        16(0.04%)       0(0.00%)        1231(2.91%)     40640(96.17%) 42260
----------------------------------------------------------------------------------------------------------------------------------------------------------------------------------------------
Nets Driven by
----------------------------------------------------------------------------------------------------------------------------------------------------------------------------------------------
Primary Input     194(100.00%)      0(0.00%)     0(0.00%)     0(0.00%)         0(0.00%)        0(0.00%)        0(0.00%)        0(0.00%)        0(0.00%)        0(0.00%)      194
Tri-State         0(0%)             0(0%)        0(0%)        0(0%)            0(0%)           0(0%)           0(0%)           0(0%)           0(0%)           0(0%)         0
Black Box         0(0%)             0(0%)        0(0%)        0(0%)            0(0%)           0(0%)           0(0%)           0(0%)           0(0%)           0(0%)         0
Sequential        177(1.30%)        0(0.00%)     0(0.00%)     0(0.00%)         0(0.00%)        0(0.00%)        0(0.00%)        0(0.00%)        0(0.00%)        13396(98.70%) 13573
Combinational     2(0.01%)          0(0.00%)     0(0.00%)     0(0.00%)         0(0.00%)        0(0.00%)        16(0.06%)       0(0.00%)        1231(4.32%)     27244(95.62%) 28493
Memory            0(0%)             0(0%)        0(0%)        0(0%)            0(0%)           0(0%)           0(0%)           0(0%)           0(0%)           0(0%)         0
Clock Gate        0(0%)             0(0%)        0(0%)        0(0%)            0(0%)           0(0%)           0(0%)           0(0%)           0(0%)           0(0%)         0
----------------------------------------------------------------------------------------------------------------------------------------------------------------------------------------------
 Static Probability Overview Statistics for "xge_mac"
----------------------------------------------------------------------------------------------------------------------------------------------------------------------------------------------
                  From Activity     From         From         From             From            From                                                            Not
Object Type       File (%)          SSA (%)      SSA Force (%) SSA Force (%)   SCA (%)         Clock (%)       Default (%)     Propagated(%)   Implied(%)      Annotated(%)  Total
                                                 Annotated    Implied                                                                                                        
----------------------------------------------------------------------------------------------------------------------------------------------------------------------------------------------
 Nets             373(0.88%)        0(0.00%)     0(0.00%)     0(0.00%)         0(0.00%)        0(0.00%)        16(0.04%)       0(0.00%)        1231(2.91%)     40640(96.17%) 42260
----------------------------------------------------------------------------------------------------------------------------------------------------------------------------------------------
Nets Driven by
----------------------------------------------------------------------------------------------------------------------------------------------------------------------------------------------
Primary Input     194(100.00%)      0(0.00%)     0(0.00%)     0(0.00%)         0(0.00%)        0(0.00%)        0(0.00%)        0(0.00%)        0(0.00%)        0(0.00%)      194
Tri-State         0(0%)             0(0%)        0(0%)        0(0%)            0(0%)           0(0%)           0(0%)           0(0%)           0(0%)           0(0%)         0
Black Box         0(0%)             0(0%)        0(0%)        0(0%)            0(0%)           0(0%)           0(0%)           0(0%)           0(0%)           0(0%)         0
Sequential        177(1.30%)        0(0.00%)     0(0.00%)     0(0.00%)         0(0.00%)        0(0.00%)        0(0.00%)        0(0.00%)        0(0.00%)        13396(98.70%) 13573
Combinational     2(0.01%)          0(0.00%)     0(0.00%)     0(0.00%)         0(0.00%)        0(0.00%)        16(0.06%)       0(0.00%)        1231(4.32%)     27244(95.62%) 28493
Memory            0(0%)             0(0%)        0(0%)        0(0%)            0(0%)           0(0%)           0(0%)           0(0%)           0(0%)           0(0%)         0
Clock Gate        0(0%)             0(0%)        0(0%)        0(0%)            0(0%)           0(0%)           0(0%)           0(0%)           0(0%)           0(0%)         0
----------------------------------------------------------------------------------------------------------------------------------------------------------------------------------------------
1
