****************************************
Report : Averaged Power
	-verbose
Design : streamScaler
Version: V-2023.12
Date   : Mon Jun 22 16:58:14 2026
****************************************

Library(s) Used:

    tcbn28hpcplusbwp12t30p140ssg0p81v125c (File: /process/course_lib/t28hpc+/tcbn28hpcplusbwp12t30p140ssg0p81v125c.db)


Operating Conditions: ssg0p81v125c   Library: tcbn28hpcplusbwp12t30p140ssg0p81v125c
Wire Load Model Mode: segmented

Cell               Design       Wire_model  Library       Selection_type
--------------------------------------------------------------------------------
                   streamScaler ZeroWireload
                                            tcbn28hpcplusbwp12t30p140ssg0p81v125c
                                                          automatic-by-area
ramRB              ramFifo_DATA_WIDTH8_ADDRESS_WIDTH11_BUFFER_SIZE4
                                ZeroWireload
                                            tcbn28hpcplusbwp12t30p140ssg0p81v125c
                                                          automatic-by-area
ramRB/ram_generate_0__ram_inst_i
                   ramDualPort_DATA_WIDTH8_ADDRESS_WIDTH11_3
                                ZeroWireload
                                            tcbn28hpcplusbwp12t30p140ssg0p81v125c
                                                          automatic-by-area
ramRB/ram_generate_2__ram_inst_i
                   ramDualPort_DATA_WIDTH8_ADDRESS_WIDTH11_1
                                ZeroWireload
                                            tcbn28hpcplusbwp12t30p140ssg0p81v125c
                                                          automatic-by-area
ramRB/ram_generate_1__ram_inst_i
                   ramDualPort_DATA_WIDTH8_ADDRESS_WIDTH11_2
                                ZeroWireload
                                            tcbn28hpcplusbwp12t30p140ssg0p81v125c
                                                          automatic-by-area
ramRB/ram_generate_3__ram_inst_i
                   ramDualPort_DATA_WIDTH8_ADDRESS_WIDTH11_0
                                ZeroWireload
                                            tcbn28hpcplusbwp12t30p140ssg0p81v125c
                                                          automatic-by-area

Power-specific unit information :
    Voltage Units = 1 V
    Capacitance Units = 1 pf
    Time Units = 1 ns
    Dynamic Power Units = 1 W
    Leakage Power Units = 1 W



  Attributes
  ----------
      i  -  Including register clock pin internal power
      u  -  User defined power group

                        Internal  Switching  Leakage    Total
Power Group             Power     Power      Power      Power   (     %)  Attrs
--------------------------------------------------------------------------------
clock_network              0.0000    0.0000    0.0000    0.0000 ( 0.00%)  i
register                   0.0000    0.0000    0.0000    0.0000 ( 0.00%)  
combinational           6.673e-04 2.266e-03 9.140e-03    0.0121 (32.27%)  
sequential                 0.0111 5.667e-07    0.0142    0.0253 (67.73%)  
memory                     0.0000    0.0000    0.0000    0.0000 ( 0.00%)  
io_pad                     0.0000    0.0000    0.0000    0.0000 ( 0.00%)  
black_box                  0.0000    0.0000    0.0000    0.0000 ( 0.00%)  

  Net Switching Power  = 2.267e-03   ( 6.06%)
  Cell Internal Power  =    0.0118   (31.55%)
  Cell Leakage Power   =    0.0233   (62.39%)
                         ---------
Total Power            =    0.0374  (100.00%)

1
