****************************************
Report : Averaged Power
	-hierarchy
Design : sip_rxaui_top
Version: V-2023.12
Date   : Mon Jun 22 16:52:59 2026
****************************************



                                      Int      Switch   Leak     Total
Hierarchy                             Power    Power    Power    Power    %
----------------------------------------------------------------------------------
sip_rxaui_top                         3.46e-05 4.72e-06 3.17e-04 3.56e-04 100.0
  sip_rxaui_clk_reset (sip_rxaui_clk_reset)
                                      1.21e-06 1.90e-07 7.99e-06 9.40e-06   2.6
    txclk_in1_reset (sip_reset_sync_0)
                                      1.45e-07 1.60e-09 1.24e-06 1.39e-06   0.4
    xpcs_tx_clk_mux0 (sip_clk_mux_0)  1.91e-08    0.000 8.16e-08 1.01e-07   0.0
    rx_clk_div2 (sip_clock_divider_by_2_1)
                                      2.56e-07 4.24e-08 8.01e-07 1.10e-06   0.3
      sip_clock_divider_by_2_glue (sip_clock_divider_by_2_glue_1)
                                      9.10e-08 8.38e-09 2.36e-07 3.36e-07   0.1
      clock_divider (sip_clock_divider_1)
                                      1.65e-07 3.40e-08 5.65e-07 7.64e-07   0.2
    rx_clk_reset (sip_reset_sync_4)   1.44e-07 1.18e-09 1.24e-06 1.39e-06   0.4
    rx_clk_mux0 (sip_clk_mux_2)       1.97e-08 6.37e-08 8.17e-08 1.65e-07   0.0
    tx_clk_reset (sip_reset_sync_2)   1.44e-07 1.50e-09 1.24e-06 1.39e-06   0.4
    txclk_in0_reset (sip_reset_sync_1)
                                      1.44e-07 1.59e-09 1.19e-06 1.33e-06   0.4
    rx_clk_mux1 (sip_clk_mux_1)       1.97e-08 6.37e-08 8.17e-08 1.65e-07   0.0
    rx_clk_div2_reset (sip_reset_sync_3)
                                      7.56e-08 1.26e-09 1.23e-06 1.30e-06   0.4
    tx_clk_div2 (sip_clock_divider_by_2_0)
                                      2.46e-07 1.28e-08 8.01e-07 1.06e-06   0.3
      sip_clock_divider_by_2_glue (sip_clock_divider_by_2_glue_0)
                                      8.76e-08 7.82e-09 2.36e-07 3.32e-07   0.1
      clock_divider (sip_clock_divider_0)
                                      1.58e-07 5.02e-09 5.65e-07 7.28e-07   0.2
  sip_rxaui_rx_top (sip_rxaui_rx_top) 2.09e-05 2.38e-06 1.76e-04 2.00e-04  56.0
    sip_rxaui_rx_glue (sip_rxaui_rx_glue)
                                      1.22e-06 1.25e-08 1.16e-05 1.29e-05   3.6
    xpcs_comma_detect (sip_xpcs_comma_detect)
                                      4.57e-06 5.88e-07 4.22e-05 4.73e-05  13.3
      cd_sync (sip_xpcs_cd_sync)      1.07e-07 6.67e-09 1.01e-06 1.13e-06   0.3
      cd_ssm (sip_xpcs_cd_ssm)        2.01e-07 1.15e-10 1.49e-06 1.69e-06   0.5
      cd_mux (sip_xpcs_cd_mux)        1.86e-06 2.25e-07 1.76e-05 1.97e-05   5.5
      cd_7bit (sip_xpcs_cd_7bit)      1.87e-06 2.40e-07 1.80e-05 2.01e-05   5.6
      cd_10bit (sip_xpcs_cd_10bit)    5.04e-07 2.41e-08 4.01e-06 4.54e-06   1.3
    sip_phase_sync_fifo_fast_2_slow (sip_phase_sync_fifo_fast_2_slow)
                                      1.30e-05 1.52e-06 1.09e-04 1.23e-04  34.7
    sip_rxaui_aa_detection (sip_rxaui_aa_detection)
                                      2.15e-06 1.90e-07 1.34e-05 1.57e-05   4.4
  sip_rxaui_tx_top (sip_rxaui_tx_top) 1.25e-05 2.15e-06 1.33e-04 1.47e-04  41.4
    sip_phase_sync_fifo_slow_2_fast_1 (sip_phase_sync_fifo_slow_2_fast_0)
                                      6.34e-06 1.14e-06 6.54e-05 7.29e-05  20.5
    sip_rxaui_tx_glue (sip_rxaui_tx_glue)
                                      2.59e-08    0.000 1.68e-06 1.71e-06   0.5
    sip_phase_sync_fifo_slow_2_fast_0 (sip_phase_sync_fifo_slow_2_fast_1)
                                      6.13e-06 1.01e-06 6.56e-05 7.28e-05  20.4
1
