****************************************
Report : Averaged Power
	-hierarchy
Design : RS_dec
Version: V-2023.12
Date   : Mon Jun 22 17:49:58 2026
****************************************



                                      Int      Switch   Leak     Total
Hierarchy                             Power    Power    Power    Power    %
----------------------------------------------------------------------------------
RS_dec                                4.04e-03 4.02e-04 3.01e-03 7.45e-03 100.0
  transport_in2out_unit (transport_in2out)
                                      1.05e-05 1.28e-06 6.57e-06 1.84e-05   0.2
  out_stage_unit (out_stage)          1.27e-05 1.24e-06 6.83e-06 2.07e-05   0.3
  rom_instant_1 (GF_matrix_dec_5)     4.22e-07    0.000 3.27e-07 7.49e-07   0.0
  rom_instant_2 (GF_matrix_dec_4)     4.21e-07    0.000 2.92e-07 7.13e-07   0.0
  rom_instant_3 (GF_matrix_dec_3)     4.22e-07    0.000 3.27e-07 7.49e-07   0.0
  rom_instant_4 (GF_matrix_dec_2)     4.21e-07    0.000 2.92e-07 7.13e-07   0.0
  mem_out_1 (DP_RAM_address_width8_data_width8_num_words188_1)
                                      6.54e-04 6.33e-05 4.98e-04 1.21e-03  16.3
  mem_out_2 (DP_RAM_address_width8_data_width8_num_words188_0)
                                      6.54e-04 6.31e-05 4.98e-04 1.21e-03  16.3
  BM_lamda_unit (BM_lamda)            1.87e-04 1.83e-05 1.27e-04 3.32e-04   4.5
  power_rom_instant1 (GF_matrix_ascending_binary_4)
                                      4.22e-07    0.000 3.27e-07 7.49e-07   0.0
  power_rom_instant2 (GF_matrix_ascending_binary_3)
                                      4.22e-07    0.000 3.27e-07 7.49e-07   0.0
  power_rom_instant3 (GF_matrix_ascending_binary_2)
                                      4.22e-07    0.000 3.27e-07 7.49e-07   0.0
  power_rom_instant4 (GF_matrix_ascending_binary_1)
                                      4.22e-07    0.000 3.27e-07 7.49e-07   0.0
  error_correction_unit (error_correction)
                                      2.93e-04 2.79e-05 2.35e-04 5.56e-04   7.5
  lamda_roots_unit (lamda_roots)      1.67e-04 1.53e-05 1.22e-04 3.04e-04   4.1
  Omega_Phy_unit (Omega_Phy)          2.04e-04 1.91e-05 1.50e-04 3.74e-04   5.0
  input_syndromes_unit (input_syndromes)
                                      1.81e-03 1.84e-04 1.34e-03 3.34e-03  44.8
    mem_in_0 (DP_RAM_address_width8_data_width8_num_words205_1)
                                      7.13e-04 6.99e-05 5.44e-04 1.33e-03  17.8
    mem_in_1 (DP_RAM_address_width8_data_width8_num_words205_0)
                                      7.13e-04 6.98e-05 5.44e-04 1.33e-03  17.8
    unit0 (GF_mult_add_syndromes_1)   8.91e-05 9.13e-06 5.69e-05 1.55e-04   2.1
      rom_instant (GF_matrix_dec_1)   4.23e-07    0.000 3.72e-07 7.95e-07   0.0
    unit1 (GF_mult_add_syndromes_0)   8.92e-05 9.39e-06 5.69e-05 1.55e-04   2.1
      rom_instant (GF_matrix_dec_0)   4.23e-07    0.000 3.72e-07 7.95e-07   0.0
    rom_instant (GF_matrix_ascending_binary_0)
                                      4.22e-07    0.000 3.27e-07 7.49e-07   0.0
1
