****************************************
Report : Averaged Power
	-hierarchy
Design : cordic
Version: V-2023.12
Date   : Mon Jun 22 17:18:43 2026
****************************************



                                      Int      Switch   Leak     Total
Hierarchy                             Power    Power    Power    Power    %
----------------------------------------------------------------------------------
cordic                                3.36e-04 1.06e-04 4.22e-04 8.63e-04 100.0
  stg_0__U (rotator_0_s06487)         2.36e-05 7.46e-06 2.95e-05 6.06e-05   7.0
    xs (signed_shifter_29)            9.63e-08 2.54e-08 8.71e-07 9.93e-07   0.1
    ys (signed_shifter_28)               0.000    0.000 8.49e-07 8.49e-07   0.1
  stg_4__U (rotator_4_s007fd)         2.59e-05 7.55e-06 2.91e-05 6.26e-05   7.2
    xs (signed_shifter_21)            1.10e-07 3.88e-08 6.97e-07 8.46e-07   0.1
    ys (signed_shifter_20)            9.02e-08 3.12e-08 6.94e-07 8.15e-07   0.1
  stg_8__U (rotator_8_s00080)         1.99e-05 6.32e-06 2.73e-05 5.35e-05   6.2
    xs (signed_shifter_13)            4.29e-08 2.20e-08 5.40e-07 6.05e-07   0.1
    ys (signed_shifter_12)            2.87e-08 1.45e-08 5.37e-07 5.80e-07   0.1
  stg_10__U (rotator_10_s00020)       1.95e-05 6.41e-06 2.73e-05 5.32e-05   6.2
    xs (signed_shifter_9)             1.77e-08 1.01e-08 4.58e-07 4.86e-07   0.1
    ys (signed_shifter_8)             1.54e-08 1.08e-08 4.59e-07 4.85e-07   0.1
  stg_14__U (rotator_14_s00002)       2.32e-05 6.47e-06 2.85e-05 5.82e-05   6.7
    xs (signed_shifter_1)             2.16e-09 2.15e-09 3.00e-07 3.04e-07   0.0
    ys (signed_shifter_0)             1.58e-09 1.47e-09 3.00e-07 3.03e-07   0.0
  stg_1__U (rotator_1_s03b58)         2.66e-05 7.49e-06 2.93e-05 6.33e-05   7.3
    xs (signed_shifter_27)            1.26e-07 3.47e-08 8.59e-07 1.02e-06   0.1
    ys (signed_shifter_26)            1.31e-07 3.59e-08 8.60e-07 1.03e-06   0.1
  stg_5__U (rotator_5_s00400)         2.25e-05 6.57e-06 2.75e-05 5.65e-05   6.5
    xs (signed_shifter_19)            1.01e-07 3.90e-08 6.60e-07 8.00e-07   0.1
    ys (signed_shifter_18)            7.49e-08 2.94e-08 6.57e-07 7.61e-07   0.1
  stg_11__U (rotator_11_s00010)       1.92e-05 6.46e-06 2.73e-05 5.30e-05   6.1
    xs (signed_shifter_7)             1.17e-08 7.61e-09 4.19e-07 4.38e-07   0.1
    ys (signed_shifter_6)             1.05e-08 8.48e-09 4.20e-07 4.39e-07   0.1
  stg_9__U (rotator_9_s00040)         1.99e-05 6.44e-06 2.73e-05 5.36e-05   6.2
    xs (signed_shifter_11)            2.87e-08 1.62e-08 4.99e-07 5.44e-07   0.1
    ys (signed_shifter_10)            2.25e-08 1.45e-08 4.98e-07 5.35e-07   0.1
  stg_2__U (rotator_2_s01f5b)         2.78e-05 7.85e-06 2.95e-05 6.51e-05   7.5
    xs (signed_shifter_25)            1.68e-07 5.25e-08 7.76e-07 9.97e-07   0.1
    ys (signed_shifter_24)            1.31e-07 3.65e-08 7.71e-07 9.39e-07   0.1
  stg_6__U (rotator_6_s00200)         2.13e-05 6.34e-06 2.74e-05 5.51e-05   6.4
    xs (signed_shifter_17)            8.19e-08 3.36e-08 6.19e-07 7.35e-07   0.1
    ys (signed_shifter_16)            5.79e-08 2.47e-08 6.17e-07 7.00e-07   0.1
  stg_12__U (rotator_12_s00008)       1.93e-05 6.56e-06 2.74e-05 5.33e-05   6.2
    xs (signed_shifter_5)             7.86e-09 5.93e-09 3.79e-07 3.93e-07   0.0
    ys (signed_shifter_4)             7.40e-09 5.95e-09 3.80e-07 3.93e-07   0.0
  stg_3__U (rotator_3_s00feb)         2.69e-05 7.80e-06 2.93e-05 6.40e-05   7.4
    xs (signed_shifter_23)            1.31e-07 4.31e-08 7.36e-07 9.10e-07   0.1
    ys (signed_shifter_22)            1.14e-07 3.58e-08 7.33e-07 8.83e-07   0.1
  stg_7__U (rotator_7_s00100)         2.09e-05 6.53e-06 2.73e-05 5.48e-05   6.3
    xs (signed_shifter_15)            6.02e-08 2.65e-08 5.79e-07 6.66e-07   0.1
    ys (signed_shifter_14)            4.31e-08 1.99e-08 5.76e-07 6.39e-07   0.1
  stg_13__U (rotator_13_s00004)       1.89e-05 6.50e-06 2.74e-05 5.29e-05   6.1
    xs (signed_shifter_3)             4.91e-09 4.42e-09 3.39e-07 3.49e-07   0.0
    ys (signed_shifter_2)             4.01e-09 3.53e-09 3.39e-07 3.47e-07   0.0
1
