****************************************
Report : Averaged Power
	-hierarchy
Design : cordic
Version: V-2023.12
Date   : Mon Jun 22 17:51:51 2026
****************************************



                                      Int      Switch   Leak     Total
Hierarchy                             Power    Power    Power    Power    %
----------------------------------------------------------------------------------
cordic                                3.10e-04 6.73e-05 4.46e-04 8.23e-04 100.0
  stg_0__U (rotator_0_s06487)         2.67e-05 4.87e-06 2.91e-05 6.07e-05   7.4
    xs (signed_shifter_31)            5.63e-08 1.48e-08 8.71e-07 9.42e-07   0.1
    ys (signed_shifter_30)               0.000    0.000 8.49e-07 8.49e-07   0.1
  stg_4__U (rotator_4_s007fd)         2.03e-05 4.97e-06 2.89e-05 5.42e-05   6.6
    xs (signed_shifter_23)            1.12e-07 4.43e-08 7.01e-07 8.57e-07   0.1
    ys (signed_shifter_22)            1.12e-07 4.15e-08 6.99e-07 8.52e-07   0.1
  stg_8__U (rotator_8_s00080)         1.61e-05 3.93e-06 2.72e-05 4.72e-05   5.7
    xs (signed_shifter_15)            6.26e-08 3.58e-08 5.49e-07 6.47e-07   0.1
    ys (signed_shifter_14)            4.66e-08 2.74e-08 5.45e-07 6.19e-07   0.1
  stg_10__U (rotator_10_s00020)       1.48e-05 3.63e-06 2.71e-05 4.56e-05   5.5
    xs (signed_shifter_11)            2.98e-08 2.19e-08 4.65e-07 5.17e-07   0.1
    ys (signed_shifter_10)            2.89e-08 2.07e-08 4.65e-07 5.14e-07   0.1
  stg_14__U (rotator_14_s00002)       1.36e-05 3.29e-06 2.72e-05 4.41e-05   5.4
    xs (signed_shifter_3)             4.10e-09 4.40e-09 3.01e-07 3.10e-07   0.0
    ys (signed_shifter_2)             4.98e-09 5.34e-09 3.03e-07 3.13e-07   0.0
  stg_1__U (rotator_1_s03b58)         1.96e-05 4.48e-06 2.89e-05 5.30e-05   6.4
    xs (signed_shifter_29)            1.29e-07 3.56e-08 8.60e-07 1.02e-06   0.1
    ys (signed_shifter_28)            1.24e-07 3.41e-08 8.60e-07 1.02e-06   0.1
  stg_5__U (rotator_5_s00400)         1.84e-05 4.39e-06 2.73e-05 5.01e-05   6.1
    xs (signed_shifter_21)            9.89e-08 4.25e-08 6.63e-07 8.05e-07   0.1
    ys (signed_shifter_20)            1.00e-07 4.16e-08 6.62e-07 8.04e-07   0.1
  stg_11__U (rotator_11_s00010)       1.40e-05 3.41e-06 2.71e-05 4.46e-05   5.4
    xs (signed_shifter_9)             1.96e-08 1.55e-08 4.25e-07 4.60e-07   0.1
    ys (signed_shifter_8)             2.05e-08 1.61e-08 4.23e-07 4.60e-07   0.1
  stg_9__U (rotator_9_s00040)         1.51e-05 3.70e-06 2.71e-05 4.59e-05   5.6
    xs (signed_shifter_13)            4.49e-08 2.78e-08 5.07e-07 5.80e-07   0.1
    ys (signed_shifter_12)            4.02e-08 2.60e-08 5.06e-07 5.72e-07   0.1
  stg_15__U (rotator_15_s00001)       4.63e-05 2.99e-06 2.86e-05 7.79e-05   9.5
    xs (signed_shifter_1)             2.37e-09 2.85e-09 2.62e-07 2.67e-07   0.0
    ys (signed_shifter_0)             3.28e-09 3.83e-09 2.62e-07 2.69e-07   0.0
  stg_2__U (rotator_2_s01f5b)         2.14e-05 5.14e-06 2.92e-05 5.58e-05   6.8
    xs (signed_shifter_27)            1.55e-07 5.16e-08 7.77e-07 9.84e-07   0.1
    ys (signed_shifter_26)            1.31e-07 3.71e-08 7.71e-07 9.39e-07   0.1
  stg_6__U (rotator_6_s00200)         1.74e-05 4.23e-06 2.72e-05 4.89e-05   5.9
    xs (signed_shifter_19)            9.11e-08 4.29e-08 6.26e-07 7.60e-07   0.1
    ys (signed_shifter_18)            7.53e-08 3.47e-08 6.22e-07 7.32e-07   0.1
  stg_12__U (rotator_12_s00008)       1.39e-05 3.34e-06 2.71e-05 4.43e-05   5.4
    xs (signed_shifter_7)             1.06e-08 8.79e-09 3.81e-07 4.00e-07   0.0
    ys (signed_shifter_6)             1.55e-08 1.34e-08 3.84e-07 4.13e-07   0.1
  stg_3__U (rotator_3_s00feb)         2.09e-05 5.10e-06 2.91e-05 5.51e-05   6.7
    xs (signed_shifter_25)            1.36e-07 5.01e-08 7.40e-07 9.26e-07   0.1
    ys (signed_shifter_24)            1.19e-07 3.96e-08 7.35e-07 8.94e-07   0.1
  stg_7__U (rotator_7_s00100)         1.67e-05 4.04e-06 2.72e-05 4.79e-05   5.8
    xs (signed_shifter_17)            7.15e-08 3.66e-08 5.88e-07 6.96e-07   0.1
    ys (signed_shifter_16)            6.14e-08 3.11e-08 5.83e-07 6.75e-07   0.1
  stg_13__U (rotator_13_s00004)       1.38e-05 3.33e-06 2.72e-05 4.43e-05   5.4
    xs (signed_shifter_5)             6.75e-09 6.54e-09 3.41e-07 3.55e-07   0.0
    ys (signed_shifter_4)             8.80e-09 8.48e-09 3.42e-07 3.59e-07   0.0
1
